[{[{__name__ ALERTS} {alertgroupat 12:42} {alertname instant with auth token} {alertstate firing}] [{1 1600792079012}]}]
--- FAIL: TestAlertingRule_ToTimeSeries (0.00s)
    --- FAIL: TestAlertingRule_ToTimeSeries/instant_with_auth_token (0.00s)
        alerting_test.go:114: timeseries missmatch: expected label value "instant"; got "instant with auth token"
2020-09-22T16:27:59.284Z	info	app/vmalert/alerting.go:450	alert "no extra labels"(14695981039346656037) restored to state at 2020-09-23 00:00:00 +0800 CST
2020-09-22T16:27:59.284Z	info	app/vmalert/alerting.go:450	alert "metric labels"(9198600886176342054) restored to state at 2020-09-23 00:00:00 +0800 CST
2020-09-22T16:27:59.285Z	info	app/vmalert/alerting.go:450	alert "rule labels"(9198600886176342054) restored to state at 2020-09-23 00:00:00 +0800 CST
2020-09-22T16:27:59.285Z	info	app/vmalert/alerting.go:450	alert "multiple alerts"(3136127617819936703) restored to state at 2020-09-23 00:00:00 +0800 CST
2020-09-22T16:27:59.285Z	info	app/vmalert/alerting.go:450	alert "multiple alerts"(3135001717912837864) restored to state at 2020-09-23 00:00:00 +0800 CST
2020-09-22T16:27:59.286Z	info	app/vmalert/alerting.go:450	alert "multiple alerts"(3133875818005739025) restored to state at 2020-09-22 23:00:00 +0800 CST
2020-09-22T16:27:59.288Z	info	app/vmalert/group.go:225	group "groupTest" started; interval=1ms; concurrency=2
2020-09-22T16:27:59.329Z	info	app/vmalert/group.go:235	group "groupTest": received stop signal
2020-09-22T16:27:59.329Z	info	app/vmalert/manager.go:84	reading rules configuration file from "foo/bar"
2020-09-22T16:27:59.330Z	warn	app/vmalert/config/config.go:191	no groups found in foo/bar
2020-09-22T16:27:59.330Z	info	app/vmalert/manager.go:84	reading rules configuration file from "config/testdata/dir/rules0-good.rules"
2020-09-22T16:27:59.331Z	info	app/vmalert/manager.go:84	reading rules configuration file from "config/testdata/rules2-good.rules"
2020-09-22T16:27:59.331Z	info	app/vmalert/group.go:225	group "duplicatedGroupDiffFiles" started; interval=1ms; concurrency=1
2020-09-22T16:27:59.331Z	info	app/vmalert/manager.go:84	reading rules configuration file from "config/testdata/dir/rules1-good.rules"
2020-09-22T16:27:59.331Z	info	app/vmalert/manager.go:84	reading rules configuration file from "config/testdata/dir/rules0-good.rules"
2020-09-22T16:27:59.331Z	info	app/vmalert/manager.go:84	reading rules configuration file from "config/testdata/dir/rules0-bad.rules"
2020-09-22T16:27:59.331Z	info	app/vmalert/manager.go:84	reading rules configuration file from "config/testdata/rules2-good.rules"
2020-09-22T16:27:59.331Z	info	app/vmalert/manager.go:84	reading rules configuration file from "config/testdata/dir/rules1-bad.rules"
2020-09-22T16:27:59.331Z	info	app/vmalert/manager.go:84	reading rules configuration file from "config/testdata/rules1-good.rules"
2020-09-22T16:27:59.331Z	info	app/vmalert/manager.go:84	reading rules configuration file from "config/testdata/dir/rules0-bad.rules"
2020-09-22T16:27:59.331Z	info	app/vmalert/manager.go:84	reading rules configuration file from "config/testdata/rules0-good.rules"
2020-09-22T16:27:59.331Z	info	app/vmalert/manager.go:84	reading rules configuration file from "config/testdata/dir/rules1-bad.rules"
2020-09-22T16:27:59.331Z	info	app/vmalert/manager.go:84	reading rules configuration file from "config/testdata/dir/rules0-good.rules"
2020-09-22T16:27:59.331Z	info	app/vmalert/manager.go:84	reading rules configuration file from "config/testdata/rules2-good.rules"
2020-09-22T16:27:59.331Z	info	app/vmalert/manager.go:84	reading rules configuration file from "config/testdata/rules1-good.rules"
2020-09-22T16:27:59.331Z	info	app/vmalert/manager.go:84	reading rules configuration file from "config/testdata/rules2-good.rules"
2020-09-22T16:27:59.331Z	info	app/vmalert/manager.go:84	reading rules configuration file from "config/testdata/dir/rules0-bad.rules"
2020-09-22T16:27:59.332Z	info	app/vmalert/manager.go:84	reading rules configuration file from "config/testdata/dir/rules0-bad.rules"
2020-09-22T16:27:59.332Z	info	app/vmalert/manager.go:84	reading rules configuration file from "config/testdata/rules0-good.rules"
2020-09-22T16:27:59.332Z	info	app/vmalert/manager.go:84	reading rules configuration file from "config/testdata/dir/rules1-bad.rules"
2020-09-22T16:27:59.332Z	info	app/vmalert/manager.go:84	reading rules configuration file from "config/testdata/dir/rules0-good.rules"
2020-09-22T16:27:59.332Z	info	app/vmalert/manager.go:84	reading rules configuration file from "config/testdata/rules2-good.rules"
2020-09-22T16:27:59.332Z	info	app/vmalert/manager.go:84	reading rules configuration file from "config/testdata/rules2-good.rules"
2020-09-22T16:27:59.332Z	info	app/vmalert/manager.go:84	reading rules configuration file from "config/testdata/dir/rules0-bad.rules"
2020-09-22T16:27:59.332Z	info	app/vmalert/manager.go:84	reading rules configuration file from "config/testdata/rules0-good.rules"
2020-09-22T16:27:59.332Z	info	app/vmalert/manager.go:84	reading rules configuration file from "config/testdata/rules2-good.rules"
2020-09-22T16:27:59.332Z	info	app/vmalert/manager.go:84	reading rules configuration file from "config/testdata/dir/rules1-bad.rules"
2020-09-22T16:27:59.332Z	info	app/vmalert/manager.go:84	reading rules configuration file from "config/testdata/dir/rules0-good.rules"
2020-09-22T16:27:59.332Z	info	app/vmalert/manager.go:84	reading rules configuration file from "config/testdata/rules2-good.rules"
2020-09-22T16:27:59.332Z	info	app/vmalert/manager.go:84	reading rules configuration file from "config/testdata/dir/rules1-bad.rules"
2020-09-22T16:27:59.332Z	info	app/vmalert/manager.go:84	reading rules configuration file from "config/testdata/rules2-good.rules"
2020-09-22T16:27:59.332Z	info	app/vmalert/manager.go:84	reading rules configuration file from "config/testdata/rules1-good.rules"
2020-09-22T16:27:59.332Z	info	app/vmalert/manager.go:84	reading rules configuration file from "config/testdata/dir/rules1-bad.rules"
2020-09-22T16:27:59.332Z	info	app/vmalert/manager.go:84	reading rules configuration file from "config/testdata/rules0-good.rules"
2020-09-22T16:27:59.332Z	info	app/vmalert/manager.go:84	reading rules configuration file from "config/testdata/dir/rules0-good.rules"
2020-09-22T16:27:59.332Z	info	app/vmalert/manager.go:84	reading rules configuration file from "config/testdata/rules1-good.rules"
2020-09-22T16:27:59.332Z	info	app/vmalert/manager.go:84	reading rules configuration file from "config/testdata/dir/rules1-good.rules"
2020-09-22T16:27:59.332Z	info	app/vmalert/manager.go:84	reading rules configuration file from "config/testdata/dir/rules1-bad.rules"
2020-09-22T16:27:59.332Z	info	app/vmalert/manager.go:84	reading rules configuration file from "config/testdata/dir/rules0-good.rules"
2020-09-22T16:27:59.332Z	info	app/vmalert/manager.go:84	reading rules configuration file from "config/testdata/rules0-good.rules"
2020-09-22T16:27:59.332Z	info	app/vmalert/manager.go:84	reading rules configuration file from "config/testdata/dir/rules0-bad.rules"
2020-09-22T16:27:59.332Z	info	app/vmalert/manager.go:84	reading rules configuration file from "config/testdata/dir/rules1-good.rules"
2020-09-22T16:27:59.332Z	info	app/vmalert/manager.go:84	reading rules configuration file from "config/testdata/dir/rules0-good.rules"
2020-09-22T16:27:59.332Z	info	app/vmalert/manager.go:84	reading rules configuration file from "config/testdata/dir/rules1-bad.rules"
2020-09-22T16:27:59.332Z	info	app/vmalert/manager.go:84	reading rules configuration file from "config/testdata/dir/rules0-good.rules"
2020-09-22T16:27:59.332Z	info	app/vmalert/manager.go:84	reading rules configuration file from "config/testdata/rules0-good.rules"
2020-09-22T16:27:59.332Z	info	app/vmalert/manager.go:84	reading rules configuration file from "config/testdata/dir/rules0-good.rules"
2020-09-22T16:27:59.332Z	info	app/vmalert/manager.go:84	reading rules configuration file from "config/testdata/dir/rules0-bad.rules"
2020-09-22T16:27:59.332Z	info	app/vmalert/manager.go:84	reading rules configuration file from "config/testdata/rules2-good.rules"
2020-09-22T16:27:59.332Z	info	app/vmalert/manager.go:84	reading rules configuration file from "config/testdata/rules2-good.rules"
2020-09-22T16:27:59.332Z	info	app/vmalert/manager.go:84	reading rules configuration file from "config/testdata/rules1-good.rules"
2020-09-22T16:27:59.332Z	info	app/vmalert/manager.go:84	reading rules configuration file from "config/testdata/rules2-good.rules"
2020-09-22T16:27:59.332Z	info	app/vmalert/manager.go:84	reading rules configuration file from "config/testdata/dir/rules1-bad.rules"
2020-09-22T16:27:59.332Z	info	app/vmalert/manager.go:84	reading rules configuration file from "config/testdata/dir/rules0-good.rules"
2020-09-22T16:27:59.332Z	info	app/vmalert/manager.go:84	reading rules configuration file from "config/testdata/dir/rules0-bad.rules"
2020-09-22T16:27:59.332Z	info	app/vmalert/manager.go:84	reading rules configuration file from "config/testdata/rules1-good.rules"
2020-09-22T16:27:59.332Z	info	app/vmalert/manager.go:84	reading rules configuration file from "config/testdata/rules2-good.rules"
2020-09-22T16:27:59.332Z	info	app/vmalert/manager.go:84	reading rules configuration file from "config/testdata/rules1-good.rules"
2020-09-22T16:27:59.332Z	info	app/vmalert/manager.go:84	reading rules configuration file from "config/testdata/dir/rules1-good.rules"
2020-09-22T16:27:59.332Z	info	app/vmalert/manager.go:84	reading rules configuration file from "config/testdata/rules2-good.rules"
2020-09-22T16:27:59.332Z	info	app/vmalert/manager.go:84	reading rules configuration file from "config/testdata/rules2-good.rules"
2020-09-22T16:27:59.332Z	info	app/vmalert/manager.go:84	reading rules configuration file from "config/testdata/rules1-good.rules"
2020-09-22T16:27:59.332Z	info	app/vmalert/manager.go:84	reading rules configuration file from "config/testdata/rules2-good.rules"
2020-09-22T16:27:59.333Z	info	app/vmalert/manager.go:84	reading rules configuration file from "config/testdata/dir/rules1-bad.rules"
2020-09-22T16:27:59.332Z	info	app/vmalert/manager.go:84	reading rules configuration file from "config/testdata/rules2-good.rules"
2020-09-22T16:27:59.333Z	info	app/vmalert/manager.go:84	reading rules configuration file from "config/testdata/rules0-good.rules"
2020-09-22T16:27:59.333Z	info	app/vmalert/manager.go:84	reading rules configuration file from "config/testdata/rules2-good.rules"
2020-09-22T16:27:59.332Z	info	app/vmalert/manager.go:84	reading rules configuration file from "config/testdata/dir/rules1-bad.rules"
2020-09-22T16:27:59.332Z	info	app/vmalert/manager.go:84	reading rules configuration file from "config/testdata/dir/rules1-bad.rules"
2020-09-22T16:27:59.333Z	info	app/vmalert/manager.go:84	reading rules configuration file from "config/testdata/rules1-good.rules"
2020-09-22T16:27:59.333Z	info	app/vmalert/manager.go:84	reading rules configuration file from "config/testdata/rules0-good.rules"
2020-09-22T16:27:59.333Z	info	app/vmalert/manager.go:84	reading rules configuration file from "config/testdata/rules0-good.rules"
2020-09-22T16:27:59.333Z	info	app/vmalert/manager.go:84	reading rules configuration file from "config/testdata/dir/rules1-bad.rules"
2020-09-22T16:27:59.332Z	info	app/vmalert/manager.go:84	reading rules configuration file from "config/testdata/dir/rules0-bad.rules"
2020-09-22T16:27:59.333Z	info	app/vmalert/manager.go:84	reading rules configuration file from "config/testdata/dir/rules0-good.rules"
2020-09-22T16:27:59.333Z	info	app/vmalert/manager.go:84	reading rules configuration file from "config/testdata/dir/rules0-good.rules"
2020-09-22T16:27:59.332Z	info	app/vmalert/manager.go:84	reading rules configuration file from "config/testdata/dir/rules1-bad.rules"
2020-09-22T16:27:59.333Z	info	app/vmalert/manager.go:84	reading rules configuration file from "config/testdata/rules0-good.rules"
2020-09-22T16:27:59.333Z	info	app/vmalert/manager.go:84	reading rules configuration file from "config/testdata/rules1-good.rules"
2020-09-22T16:27:59.332Z	info	app/vmalert/manager.go:84	reading rules configuration file from "config/testdata/dir/rules1-good.rules"
2020-09-22T16:27:59.333Z	info	app/vmalert/manager.go:84	reading rules configuration file from "config/testdata/rules1-good.rules"
2020-09-22T16:27:59.332Z	info	app/vmalert/manager.go:84	reading rules configuration file from "config/testdata/rules0-good.rules"
2020-09-22T16:27:59.333Z	info	app/vmalert/manager.go:84	reading rules configuration file from "config/testdata/rules0-good.rules"
2020-09-22T16:27:59.333Z	info	app/vmalert/manager.go:84	reading rules configuration file from "config/testdata/rules0-good.rules"
2020-09-22T16:27:59.333Z	info	app/vmalert/manager.go:84	reading rules configuration file from "config/testdata/dir/rules1-good.rules"
2020-09-22T16:27:59.333Z	info	app/vmalert/manager.go:84	reading rules configuration file from "config/testdata/dir/rules1-bad.rules"
2020-09-22T16:27:59.333Z	info	app/vmalert/manager.go:84	reading rules configuration file from "config/testdata/dir/rules0-bad.rules"
2020-09-22T16:27:59.333Z	info	app/vmalert/manager.go:84	reading rules configuration file from "config/testdata/rules1-good.rules"
2020-09-22T16:27:59.333Z	info	app/vmalert/manager.go:84	reading rules configuration file from "config/testdata/dir/rules0-bad.rules"
2020-09-22T16:27:59.333Z	info	app/vmalert/manager.go:84	reading rules configuration file from "config/testdata/dir/rules1-bad.rules"
2020-09-22T16:27:59.333Z	info	app/vmalert/manager.go:84	reading rules configuration file from "config/testdata/dir/rules0-good.rules"
2020-09-22T16:27:59.333Z	info	app/vmalert/manager.go:84	reading rules configuration file from "config/testdata/rules2-good.rules"
2020-09-22T16:27:59.333Z	info	app/vmalert/manager.go:84	reading rules configuration file from "config/testdata/dir/rules0-bad.rules"
2020-09-22T16:27:59.333Z	info	app/vmalert/manager.go:84	reading rules configuration file from "config/testdata/dir/rules0-good.rules"
2020-09-22T16:27:59.333Z	info	app/vmalert/manager.go:84	reading rules configuration file from "config/testdata/dir/rules0-good.rules"
2020-09-22T16:27:59.333Z	info	app/vmalert/manager.go:84	reading rules configuration file from "config/testdata/rules2-good.rules"
2020-09-22T16:27:59.333Z	info	app/vmalert/manager.go:84	reading rules configuration file from "config/testdata/rules2-good.rules"
2020-09-22T16:27:59.333Z	info	app/vmalert/manager.go:84	reading rules configuration file from "config/testdata/dir/rules0-bad.rules"
2020-09-22T16:27:59.333Z	info	app/vmalert/manager.go:84	reading rules configuration file from "config/testdata/dir/rules1-good.rules"
2020-09-22T16:27:59.333Z	info	app/vmalert/manager.go:84	reading rules configuration file from "config/testdata/dir/rules0-bad.rules"
2020-09-22T16:27:59.333Z	info	app/vmalert/manager.go:84	reading rules configuration file from "config/testdata/rules1-good.rules"
2020-09-22T16:27:59.333Z	info	app/vmalert/manager.go:84	reading rules configuration file from "config/testdata/dir/rules0-good.rules"
2020-09-22T16:27:59.333Z	info	app/vmalert/manager.go:84	reading rules configuration file from "config/testdata/dir/rules0-good.rules"
2020-09-22T16:27:59.333Z	info	app/vmalert/manager.go:84	reading rules configuration file from "config/testdata/dir/rules1-good.rules"
2020-09-22T16:27:59.333Z	info	app/vmalert/manager.go:84	reading rules configuration file from "config/testdata/dir/rules0-bad.rules"
2020-09-22T16:27:59.333Z	info	app/vmalert/manager.go:84	reading rules configuration file from "config/testdata/dir/rules0-good.rules"
2020-09-22T16:27:59.333Z	info	app/vmalert/manager.go:84	reading rules configuration file from "config/testdata/dir/rules0-good.rules"
2020-09-22T16:27:59.333Z	info	app/vmalert/manager.go:84	reading rules configuration file from "config/testdata/rules1-good.rules"
2020-09-22T16:27:59.333Z	info	app/vmalert/manager.go:84	reading rules configuration file from "config/testdata/dir/rules1-good.rules"
2020-09-22T16:27:59.333Z	info	app/vmalert/manager.go:84	reading rules configuration file from "config/testdata/dir/rules0-bad.rules"
2020-09-22T16:27:59.333Z	info	app/vmalert/manager.go:84	reading rules configuration file from "config/testdata/rules2-good.rules"
2020-09-22T16:27:59.333Z	info	app/vmalert/manager.go:84	reading rules configuration file from "config/testdata/dir/rules0-good.rules"
2020-09-22T16:27:59.333Z	info	app/vmalert/manager.go:84	reading rules configuration file from "config/testdata/rules0-good.rules"
2020-09-22T16:27:59.333Z	info	app/vmalert/manager.go:84	reading rules configuration file from "config/testdata/dir/rules1-good.rules"
2020-09-22T16:27:59.333Z	info	app/vmalert/manager.go:84	reading rules configuration file from "config/testdata/dir/rules0-good.rules"
2020-09-22T16:27:59.333Z	info	app/vmalert/manager.go:84	reading rules configuration file from "config/testdata/rules1-good.rules"
2020-09-22T16:27:59.333Z	info	app/vmalert/manager.go:84	reading rules configuration file from "config/testdata/dir/rules1-bad.rules"
2020-09-22T16:27:59.333Z	info	app/vmalert/manager.go:84	reading rules configuration file from "config/testdata/rules0-good.rules"
2020-09-22T16:27:59.333Z	info	app/vmalert/manager.go:84	reading rules configuration file from "config/testdata/rules1-good.rules"
2020-09-22T16:27:59.333Z	info	app/vmalert/manager.go:84	reading rules configuration file from "config/testdata/rules0-good.rules"
2020-09-22T16:27:59.333Z	info	app/vmalert/manager.go:84	reading rules configuration file from "config/testdata/rules1-good.rules"
2020-09-22T16:27:59.333Z	info	app/vmalert/manager.go:84	reading rules configuration file from "config/testdata/dir/rules0-good.rules"
2020-09-22T16:27:59.333Z	info	app/vmalert/manager.go:84	reading rules configuration file from "config/testdata/rules1-good.rules"
2020-09-22T16:27:59.333Z	info	app/vmalert/manager.go:84	reading rules configuration file from "config/testdata/dir/rules1-good.rules"
2020-09-22T16:27:59.333Z	info	app/vmalert/manager.go:84	reading rules configuration file from "config/testdata/dir/rules1-bad.rules"
2020-09-22T16:27:59.333Z	info	app/vmalert/manager.go:84	reading rules configuration file from "config/testdata/dir/rules1-good.rules"
2020-09-22T16:27:59.333Z	info	app/vmalert/manager.go:84	reading rules configuration file from "config/testdata/rules2-good.rules"
2020-09-22T16:27:59.333Z	info	app/vmalert/manager.go:84	reading rules configuration file from "config/testdata/rules1-good.rules"
2020-09-22T16:27:59.333Z	info	app/vmalert/manager.go:84	reading rules configuration file from "config/testdata/dir/rules1-bad.rules"
2020-09-22T16:27:59.333Z	info	app/vmalert/manager.go:84	reading rules configuration file from "config/testdata/rules0-good.rules"
2020-09-22T16:27:59.333Z	info	app/vmalert/manager.go:84	reading rules configuration file from "config/testdata/dir/rules1-good.rules"
2020-09-22T16:27:59.333Z	info	app/vmalert/manager.go:84	reading rules configuration file from "config/testdata/dir/rules0-good.rules"
2020-09-22T16:27:59.333Z	info	app/vmalert/manager.go:84	reading rules configuration file from "config/testdata/rules1-good.rules"
2020-09-22T16:27:59.333Z	info	app/vmalert/manager.go:84	reading rules configuration file from "config/testdata/dir/rules0-bad.rules"
2020-09-22T16:27:59.333Z	info	app/vmalert/manager.go:84	reading rules configuration file from "config/testdata/rules2-good.rules"
2020-09-22T16:27:59.333Z	info	app/vmalert/manager.go:84	reading rules configuration file from "config/testdata/rules2-good.rules"
2020-09-22T16:27:59.333Z	info	app/vmalert/manager.go:84	reading rules configuration file from "config/testdata/dir/rules0-bad.rules"
2020-09-22T16:27:59.333Z	info	app/vmalert/manager.go:84	reading rules configuration file from "config/testdata/dir/rules1-bad.rules"
2020-09-22T16:27:59.333Z	info	app/vmalert/manager.go:84	reading rules configuration file from "config/testdata/rules0-good.rules"
2020-09-22T16:27:59.333Z	info	app/vmalert/manager.go:84	reading rules configuration file from "config/testdata/dir/rules1-good.rules"
2020-09-22T16:27:59.333Z	info	app/vmalert/manager.go:84	reading rules configuration file from "config/testdata/dir/rules1-bad.rules"
2020-09-22T16:27:59.333Z	info	app/vmalert/manager.go:84	reading rules configuration file from "config/testdata/dir/rules1-good.rules"
2020-09-22T16:27:59.333Z	info	app/vmalert/manager.go:84	reading rules configuration file from "config/testdata/dir/rules1-bad.rules"
2020-09-22T16:27:59.333Z	info	app/vmalert/manager.go:84	reading rules configuration file from "config/testdata/rules1-good.rules"
2020-09-22T16:27:59.333Z	info	app/vmalert/manager.go:84	reading rules configuration file from "config/testdata/dir/rules0-bad.rules"
2020-09-22T16:27:59.334Z	info	app/vmalert/manager.go:84	reading rules configuration file from "config/testdata/dir/rules1-good.rules"
2020-09-22T16:27:59.334Z	info	app/vmalert/manager.go:84	reading rules configuration file from "config/testdata/dir/rules1-good.rules"
2020-09-22T16:27:59.334Z	info	app/vmalert/manager.go:84	reading rules configuration file from "config/testdata/rules1-good.rules"
2020-09-22T16:27:59.333Z	info	app/vmalert/manager.go:84	reading rules configuration file from "config/testdata/dir/rules1-good.rules"
2020-09-22T16:27:59.333Z	info	app/vmalert/manager.go:84	reading rules configuration file from "config/testdata/dir/rules1-good.rules"
2020-09-22T16:27:59.333Z	info	app/vmalert/manager.go:84	reading rules configuration file from "config/testdata/dir/rules1-good.rules"
2020-09-22T16:27:59.334Z	info	app/vmalert/manager.go:84	reading rules configuration file from "config/testdata/dir/rules1-good.rules"
2020-09-22T16:27:59.334Z	info	app/vmalert/manager.go:84	reading rules configuration file from "config/testdata/dir/rules1-good.rules"
2020-09-22T16:27:59.334Z	info	app/vmalert/manager.go:84	reading rules configuration file from "config/testdata/dir/rules0-bad.rules"
2020-09-22T16:27:59.334Z	info	app/vmalert/manager.go:84	reading rules configuration file from "config/testdata/dir/rules1-bad.rules"
2020-09-22T16:27:59.334Z	info	app/vmalert/manager.go:84	reading rules configuration file from "config/testdata/dir/rules0-good.rules"
2020-09-22T16:27:59.334Z	info	app/vmalert/manager.go:84	reading rules configuration file from "config/testdata/dir/rules1-good.rules"
2020-09-22T16:27:59.333Z	info	app/vmalert/manager.go:84	reading rules configuration file from "config/testdata/rules1-good.rules"
2020-09-22T16:27:59.334Z	info	app/vmalert/manager.go:84	reading rules configuration file from "config/testdata/dir/rules0-good.rules"
2020-09-22T16:27:59.333Z	info	app/vmalert/manager.go:84	reading rules configuration file from "config/testdata/rules2-good.rules"
2020-09-22T16:27:59.334Z	info	app/vmalert/manager.go:84	reading rules configuration file from "config/testdata/dir/rules0-bad.rules"
2020-09-22T16:27:59.334Z	info	app/vmalert/manager.go:84	reading rules configuration file from "config/testdata/dir/rules1-bad.rules"
2020-09-22T16:27:59.334Z	info	app/vmalert/manager.go:84	reading rules configuration file from "config/testdata/dir/rules0-good.rules"
2020-09-22T16:27:59.333Z	info	app/vmalert/manager.go:84	reading rules configuration file from "config/testdata/dir/rules1-good.rules"
2020-09-22T16:27:59.334Z	info	app/vmalert/manager.go:84	reading rules configuration file from "config/testdata/dir/rules1-good.rules"
2020-09-22T16:27:59.334Z	info	app/vmalert/manager.go:84	reading rules configuration file from "config/testdata/dir/rules1-good.rules"
2020-09-22T16:27:59.333Z	info	app/vmalert/manager.go:84	reading rules configuration file from "config/testdata/dir/rules1-bad.rules"
2020-09-22T16:27:59.334Z	info	app/vmalert/manager.go:84	reading rules configuration file from "config/testdata/rules0-good.rules"
2020-09-22T16:27:59.334Z	info	app/vmalert/manager.go:84	reading rules configuration file from "config/testdata/rules1-good.rules"
2020-09-22T16:27:59.334Z	info	app/vmalert/manager.go:84	reading rules configuration file from "config/testdata/dir/rules0-bad.rules"
2020-09-22T16:27:59.334Z	info	app/vmalert/manager.go:84	reading rules configuration file from "config/testdata/dir/rules1-bad.rules"
2020-09-22T16:27:59.334Z	info	app/vmalert/manager.go:84	reading rules configuration file from "config/testdata/rules1-good.rules"
2020-09-22T16:27:59.334Z	info	app/vmalert/manager.go:84	reading rules configuration file from "config/testdata/rules0-good.rules"
2020-09-22T16:27:59.334Z	info	app/vmalert/manager.go:84	reading rules configuration file from "config/testdata/rules0-good.rules"
2020-09-22T16:27:59.334Z	info	app/vmalert/manager.go:84	reading rules configuration file from "config/testdata/rules2-good.rules"
2020-09-22T16:27:59.334Z	info	app/vmalert/manager.go:84	reading rules configuration file from "config/testdata/rules1-good.rules"
2020-09-22T16:27:59.334Z	info	app/vmalert/manager.go:84	reading rules configuration file from "config/testdata/rules1-good.rules"
2020-09-22T16:27:59.334Z	info	app/vmalert/manager.go:84	reading rules configuration file from "config/testdata/dir/rules1-good.rules"
2020-09-22T16:27:59.334Z	info	app/vmalert/manager.go:84	reading rules configuration file from "config/testdata/dir/rules1-bad.rules"
2020-09-22T16:27:59.334Z	info	app/vmalert/manager.go:84	reading rules configuration file from "config/testdata/rules0-good.rules"
2020-09-22T16:27:59.333Z	info	app/vmalert/manager.go:84	reading rules configuration file from "config/testdata/rules0-good.rules"
2020-09-22T16:27:59.334Z	info	app/vmalert/manager.go:84	reading rules configuration file from "config/testdata/dir/rules1-bad.rules"
2020-09-22T16:27:59.334Z	info	app/vmalert/manager.go:84	reading rules configuration file from "config/testdata/rules1-good.rules"
2020-09-22T16:27:59.334Z	info	app/vmalert/manager.go:84	reading rules configuration file from "config/testdata/dir/rules1-good.rules"
2020-09-22T16:27:59.334Z	info	app/vmalert/manager.go:84	reading rules configuration file from "config/testdata/dir/rules0-good.rules"
2020-09-22T16:27:59.334Z	info	app/vmalert/manager.go:84	reading rules configuration file from "config/testdata/dir/rules0-good.rules"
2020-09-22T16:27:59.334Z	info	app/vmalert/manager.go:84	reading rules configuration file from "config/testdata/dir/rules0-good.rules"
2020-09-22T16:27:59.334Z	info	app/vmalert/manager.go:84	reading rules configuration file from "config/testdata/rules0-good.rules"
2020-09-22T16:27:59.334Z	info	app/vmalert/manager.go:84	reading rules configuration file from "config/testdata/dir/rules1-good.rules"
2020-09-22T16:27:59.334Z	info	app/vmalert/manager.go:84	reading rules configuration file from "config/testdata/dir/rules1-good.rules"
2020-09-22T16:27:59.334Z	info	app/vmalert/manager.go:84	reading rules configuration file from "config/testdata/dir/rules0-good.rules"
2020-09-22T16:27:59.334Z	info	app/vmalert/manager.go:84	reading rules configuration file from "config/testdata/dir/rules0-bad.rules"
2020-09-22T16:27:59.333Z	info	app/vmalert/manager.go:84	reading rules configuration file from "config/testdata/dir/rules1-good.rules"
2020-09-22T16:27:59.334Z	info	app/vmalert/manager.go:84	reading rules configuration file from "config/testdata/dir/rules0-bad.rules"
2020-09-22T16:27:59.334Z	info	app/vmalert/manager.go:84	reading rules configuration file from "config/testdata/dir/rules1-bad.rules"
2020-09-22T16:27:59.334Z	info	app/vmalert/manager.go:84	reading rules configuration file from "config/testdata/dir/rules1-good.rules"
2020-09-22T16:27:59.334Z	info	app/vmalert/manager.go:84	reading rules configuration file from "config/testdata/dir/rules1-good.rules"
2020-09-22T16:27:59.334Z	info	app/vmalert/manager.go:84	reading rules configuration file from "config/testdata/dir/rules0-bad.rules"
2020-09-22T16:27:59.334Z	info	app/vmalert/manager.go:84	reading rules configuration file from "config/testdata/rules0-good.rules"
2020-09-22T16:27:59.334Z	info	app/vmalert/manager.go:84	reading rules configuration file from "config/testdata/dir/rules0-good.rules"
2020-09-22T16:27:59.334Z	info	app/vmalert/manager.go:84	reading rules configuration file from "config/testdata/dir/rules0-good.rules"
2020-09-22T16:27:59.334Z	info	app/vmalert/manager.go:84	reading rules configuration file from "config/testdata/rules2-good.rules"
2020-09-22T16:27:59.334Z	info	app/vmalert/manager.go:84	reading rules configuration file from "config/testdata/rules0-good.rules"
2020-09-22T16:27:59.334Z	info	app/vmalert/manager.go:84	reading rules configuration file from "config/testdata/rules0-good.rules"
2020-09-22T16:27:59.334Z	info	app/vmalert/manager.go:84	reading rules configuration file from "config/testdata/dir/rules1-bad.rules"
2020-09-22T16:27:59.334Z	info	app/vmalert/manager.go:84	reading rules configuration file from "config/testdata/rules2-good.rules"
2020-09-22T16:27:59.334Z	info	app/vmalert/manager.go:84	reading rules configuration file from "config/testdata/rules2-good.rules"
2020-09-22T16:27:59.334Z	info	app/vmalert/manager.go:84	reading rules configuration file from "config/testdata/dir/rules0-good.rules"
2020-09-22T16:27:59.334Z	info	app/vmalert/manager.go:84	reading rules configuration file from "config/testdata/dir/rules1-bad.rules"
2020-09-22T16:27:59.334Z	info	app/vmalert/manager.go:84	reading rules configuration file from "config/testdata/rules1-good.rules"
2020-09-22T16:27:59.334Z	info	app/vmalert/manager.go:84	reading rules configuration file from "config/testdata/dir/rules0-good.rules"
2020-09-22T16:27:59.334Z	info	app/vmalert/manager.go:84	reading rules configuration file from "config/testdata/dir/rules1-bad.rules"
2020-09-22T16:27:59.334Z	info	app/vmalert/manager.go:84	reading rules configuration file from "config/testdata/dir/rules1-bad.rules"
2020-09-22T16:27:59.334Z	info	app/vmalert/manager.go:84	reading rules configuration file from "config/testdata/dir/rules0-good.rules"
2020-09-22T16:27:59.334Z	info	app/vmalert/manager.go:84	reading rules configuration file from "config/testdata/dir/rules1-good.rules"
2020-09-22T16:27:59.334Z	info	app/vmalert/manager.go:84	reading rules configuration file from "config/testdata/dir/rules0-bad.rules"
2020-09-22T16:27:59.334Z	info	app/vmalert/manager.go:84	reading rules configuration file from "config/testdata/dir/rules1-bad.rules"
2020-09-22T16:27:59.334Z	info	app/vmalert/manager.go:84	reading rules configuration file from "config/testdata/rules0-good.rules"
2020-09-22T16:27:59.334Z	info	app/vmalert/manager.go:84	reading rules configuration file from "config/testdata/dir/rules1-bad.rules"
2020-09-22T16:27:59.334Z	info	app/vmalert/manager.go:84	reading rules configuration file from "config/testdata/dir/rules0-bad.rules"
2020-09-22T16:27:59.334Z	info	app/vmalert/manager.go:84	reading rules configuration file from "config/testdata/dir/rules0-bad.rules"
2020-09-22T16:27:59.334Z	info	app/vmalert/manager.go:84	reading rules configuration file from "config/testdata/dir/rules1-good.rules"
2020-09-22T16:27:59.334Z	info	app/vmalert/manager.go:84	reading rules configuration file from "config/testdata/rules0-good.rules"
2020-09-22T16:27:59.334Z	info	app/vmalert/manager.go:84	reading rules configuration file from "config/testdata/rules1-good.rules"
2020-09-22T16:27:59.334Z	info	app/vmalert/manager.go:84	reading rules configuration file from "config/testdata/rules1-good.rules"
2020-09-22T16:27:59.334Z	info	app/vmalert/manager.go:84	reading rules configuration file from "config/testdata/dir/rules0-good.rules"
2020-09-22T16:27:59.334Z	info	app/vmalert/manager.go:84	reading rules configuration file from "config/testdata/rules2-good.rules"
2020-09-22T16:27:59.334Z	info	app/vmalert/manager.go:84	reading rules configuration file from "config/testdata/rules2-good.rules"
2020-09-22T16:27:59.334Z	info	app/vmalert/manager.go:84	reading rules configuration file from "config/testdata/dir/rules1-good.rules"
2020-09-22T16:27:59.334Z	info	app/vmalert/manager.go:84	reading rules configuration file from "config/testdata/dir/rules0-bad.rules"
2020-09-22T16:27:59.334Z	info	app/vmalert/manager.go:84	reading rules configuration file from "config/testdata/rules0-good.rules"
2020-09-22T16:27:59.334Z	info	app/vmalert/manager.go:84	reading rules configuration file from "config/testdata/rules1-good.rules"
2020-09-22T16:27:59.333Z	info	app/vmalert/manager.go:84	reading rules configuration file from "config/testdata/rules0-good.rules"
2020-09-22T16:27:59.334Z	info	app/vmalert/manager.go:84	reading rules configuration file from "config/testdata/dir/rules1-good.rules"
2020-09-22T16:27:59.334Z	info	app/vmalert/manager.go:84	reading rules configuration file from "config/testdata/dir/rules0-good.rules"
2020-09-22T16:27:59.334Z	info	app/vmalert/manager.go:84	reading rules configuration file from "config/testdata/dir/rules1-bad.rules"
2020-09-22T16:27:59.334Z	info	app/vmalert/manager.go:84	reading rules configuration file from "config/testdata/rules1-good.rules"
2020-09-22T16:27:59.334Z	info	app/vmalert/manager.go:84	reading rules configuration file from "config/testdata/dir/rules0-bad.rules"
2020-09-22T16:27:59.334Z	info	app/vmalert/manager.go:84	reading rules configuration file from "config/testdata/dir/rules1-good.rules"
2020-09-22T16:27:59.334Z	info	app/vmalert/manager.go:84	reading rules configuration file from "config/testdata/rules1-good.rules"
2020-09-22T16:27:59.333Z	info	app/vmalert/manager.go:84	reading rules configuration file from "config/testdata/rules0-good.rules"
2020-09-22T16:27:59.334Z	info	app/vmalert/manager.go:84	reading rules configuration file from "config/testdata/rules2-good.rules"
2020-09-22T16:27:59.335Z	info	app/vmalert/manager.go:84	reading rules configuration file from "config/testdata/rules0-good.rules"
2020-09-22T16:27:59.335Z	info	app/vmalert/manager.go:84	reading rules configuration file from "config/testdata/rules0-good.rules"
2020-09-22T16:27:59.335Z	info	app/vmalert/manager.go:84	reading rules configuration file from "config/testdata/rules0-good.rules"
2020-09-22T16:27:59.335Z	info	app/vmalert/manager.go:84	reading rules configuration file from "config/testdata/dir/rules1-bad.rules"
2020-09-22T16:27:59.335Z	info	app/vmalert/manager.go:84	reading rules configuration file from "config/testdata/dir/rules0-bad.rules"
2020-09-22T16:27:59.335Z	info	app/vmalert/manager.go:84	reading rules configuration file from "config/testdata/rules2-good.rules"
2020-09-22T16:27:59.336Z	info	app/vmalert/manager.go:84	reading rules configuration file from "config/testdata/dir/rules1-good.rules"
2020-09-22T16:27:59.336Z	info	app/vmalert/manager.go:84	reading rules configuration file from "config/testdata/dir/rules1-good.rules"
2020-09-22T16:27:59.332Z	info	app/vmalert/manager.go:84	reading rules configuration file from "config/testdata/rules0-good.rules"
2020-09-22T16:27:59.337Z	info	app/vmalert/manager.go:84	reading rules configuration file from "config/testdata/rules1-good.rules"
2020-09-22T16:27:59.332Z	info	app/vmalert/manager.go:84	reading rules configuration file from "config/testdata/rules1-good.rules"
2020-09-22T16:27:59.337Z	info	app/vmalert/manager.go:84	reading rules configuration file from "config/testdata/dir/rules0-good.rules"
2020-09-22T16:27:59.334Z	info	app/vmalert/manager.go:84	reading rules configuration file from "config/testdata/rules2-good.rules"
2020-09-22T16:27:59.333Z	info	app/vmalert/manager.go:84	reading rules configuration file from "config/testdata/dir/rules0-bad.rules"
2020-09-22T16:27:59.340Z	info	app/vmalert/manager.go:84	reading rules configuration file from "config/testdata/dir/rules0-good.rules"
2020-09-22T16:27:59.337Z	info	app/vmalert/manager.go:84	reading rules configuration file from "config/testdata/dir/rules1-good.rules"
2020-09-22T16:27:59.333Z	info	app/vmalert/manager.go:84	reading rules configuration file from "config/testdata/dir/rules0-good.rules"
2020-09-22T16:27:59.332Z	info	app/vmalert/manager.go:84	reading rules configuration file from "config/testdata/rules2-good.rules"
2020-09-22T16:27:59.340Z	info	app/vmalert/manager.go:84	reading rules configuration file from "config/testdata/rules0-good.rules"
2020-09-22T16:27:59.332Z	info	app/vmalert/manager.go:84	reading rules configuration file from "config/testdata/dir/rules0-good.rules"
2020-09-22T16:27:59.334Z	info	app/vmalert/manager.go:84	reading rules configuration file from "config/testdata/rules1-good.rules"
2020-09-22T16:27:59.340Z	info	app/vmalert/manager.go:84	reading rules configuration file from "config/testdata/rules2-good.rules"
2020-09-22T16:27:59.335Z	info	app/vmalert/manager.go:84	reading rules configuration file from "config/testdata/dir/rules0-good.rules"
2020-09-22T16:27:59.340Z	info	app/vmalert/manager.go:84	reading rules configuration file from "config/testdata/dir/rules1-bad.rules"
2020-09-22T16:27:59.340Z	info	app/vmalert/manager.go:84	reading rules configuration file from "config/testdata/dir/rules1-bad.rules"
2020-09-22T16:27:59.336Z	info	app/vmalert/manager.go:84	reading rules configuration file from "config/testdata/dir/rules1-good.rules"
2020-09-22T16:27:59.334Z	info	app/vmalert/manager.go:84	reading rules configuration file from "config/testdata/dir/rules1-bad.rules"
2020-09-22T16:27:59.334Z	info	app/vmalert/manager.go:84	reading rules configuration file from "config/testdata/dir/rules0-bad.rules"
2020-09-22T16:27:59.334Z	info	app/vmalert/manager.go:84	reading rules configuration file from "config/testdata/rules1-good.rules"
2020-09-22T16:27:59.334Z	info	app/vmalert/manager.go:84	reading rules configuration file from "config/testdata/rules1-good.rules"
2020-09-22T16:27:59.334Z	info	app/vmalert/manager.go:84	reading rules configuration file from "config/testdata/dir/rules0-bad.rules"
2020-09-22T16:27:59.333Z	info	app/vmalert/manager.go:84	reading rules configuration file from "config/testdata/dir/rules0-good.rules"
2020-09-22T16:27:59.334Z	info	app/vmalert/manager.go:84	reading rules configuration file from "config/testdata/dir/rules1-bad.rules"
2020-09-22T16:27:59.334Z	info	app/vmalert/manager.go:84	reading rules configuration file from "config/testdata/dir/rules1-bad.rules"
2020-09-22T16:27:59.334Z	info	app/vmalert/manager.go:84	reading rules configuration file from "config/testdata/dir/rules1-good.rules"
2020-09-22T16:27:59.334Z	info	app/vmalert/manager.go:84	reading rules configuration file from "config/testdata/rules0-good.rules"
2020-09-22T16:27:59.334Z	info	app/vmalert/manager.go:84	reading rules configuration file from "config/testdata/rules1-good.rules"
2020-09-22T16:27:59.334Z	info	app/vmalert/manager.go:84	reading rules configuration file from "config/testdata/dir/rules1-bad.rules"
2020-09-22T16:27:59.334Z	info	app/vmalert/manager.go:84	reading rules configuration file from "config/testdata/rules0-good.rules"
2020-09-22T16:27:59.334Z	info	app/vmalert/manager.go:84	reading rules configuration file from "config/testdata/rules2-good.rules"
2020-09-22T16:27:59.333Z	info	app/vmalert/manager.go:84	reading rules configuration file from "config/testdata/dir/rules0-good.rules"
2020-09-22T16:27:59.334Z	info	app/vmalert/manager.go:84	reading rules configuration file from "config/testdata/dir/rules1-good.rules"
2020-09-22T16:27:59.334Z	info	app/vmalert/manager.go:84	reading rules configuration file from "config/testdata/dir/rules1-bad.rules"
2020-09-22T16:27:59.334Z	info	app/vmalert/manager.go:84	reading rules configuration file from "config/testdata/dir/rules1-bad.rules"
2020-09-22T16:27:59.334Z	info	app/vmalert/manager.go:84	reading rules configuration file from "config/testdata/rules1-good.rules"
2020-09-22T16:27:59.334Z	info	app/vmalert/manager.go:84	reading rules configuration file from "config/testdata/rules0-good.rules"
2020-09-22T16:27:59.334Z	info	app/vmalert/manager.go:84	reading rules configuration file from "config/testdata/dir/rules0-bad.rules"
2020-09-22T16:27:59.334Z	info	app/vmalert/manager.go:84	reading rules configuration file from "config/testdata/dir/rules0-bad.rules"
2020-09-22T16:27:59.334Z	info	app/vmalert/manager.go:84	reading rules configuration file from "config/testdata/rules2-good.rules"
2020-09-22T16:27:59.334Z	info	app/vmalert/manager.go:84	reading rules configuration file from "config/testdata/dir/rules1-good.rules"
2020-09-22T16:27:59.334Z	info	app/vmalert/manager.go:84	reading rules configuration file from "config/testdata/rules2-good.rules"
2020-09-22T16:27:59.334Z	info	app/vmalert/manager.go:84	reading rules configuration file from "config/testdata/rules2-good.rules"
2020-09-22T16:27:59.334Z	info	app/vmalert/manager.go:84	reading rules configuration file from "config/testdata/dir/rules0-good.rules"
2020-09-22T16:27:59.334Z	info	app/vmalert/manager.go:84	reading rules configuration file from "config/testdata/dir/rules0-good.rules"
2020-09-22T16:27:59.334Z	info	app/vmalert/manager.go:84	reading rules configuration file from "config/testdata/dir/rules1-bad.rules"
2020-09-22T16:27:59.334Z	info	app/vmalert/manager.go:84	reading rules configuration file from "config/testdata/dir/rules0-good.rules"
2020-09-22T16:27:59.334Z	info	app/vmalert/manager.go:84	reading rules configuration file from "config/testdata/rules0-good.rules"
2020-09-22T16:27:59.334Z	info	app/vmalert/manager.go:84	reading rules configuration file from "config/testdata/dir/rules0-bad.rules"
2020-09-22T16:27:59.334Z	info	app/vmalert/manager.go:84	reading rules configuration file from "config/testdata/rules0-good.rules"
2020-09-22T16:27:59.334Z	info	app/vmalert/manager.go:84	reading rules configuration file from "config/testdata/dir/rules0-bad.rules"
2020-09-22T16:27:59.334Z	info	app/vmalert/manager.go:84	reading rules configuration file from "config/testdata/rules2-good.rules"
2020-09-22T16:27:59.334Z	info	app/vmalert/manager.go:84	reading rules configuration file from "config/testdata/rules1-good.rules"
2020-09-22T16:27:59.333Z	info	app/vmalert/manager.go:84	reading rules configuration file from "config/testdata/dir/rules1-good.rules"
2020-09-22T16:27:59.334Z	info	app/vmalert/manager.go:84	reading rules configuration file from "config/testdata/rules1-good.rules"
2020-09-22T16:27:59.334Z	info	app/vmalert/manager.go:84	reading rules configuration file from "config/testdata/dir/rules0-bad.rules"
2020-09-22T16:27:59.334Z	info	app/vmalert/manager.go:84	reading rules configuration file from "config/testdata/dir/rules0-bad.rules"
2020-09-22T16:27:59.334Z	info	app/vmalert/manager.go:84	reading rules configuration file from "config/testdata/rules0-good.rules"
2020-09-22T16:27:59.334Z	info	app/vmalert/manager.go:84	reading rules configuration file from "config/testdata/rules2-good.rules"
2020-09-22T16:27:59.334Z	info	app/vmalert/manager.go:84	reading rules configuration file from "config/testdata/rules2-good.rules"
2020-09-22T16:27:59.333Z	info	app/vmalert/manager.go:84	reading rules configuration file from "config/testdata/rules1-good.rules"
2020-09-22T16:27:59.333Z	info	app/vmalert/manager.go:84	reading rules configuration file from "config/testdata/dir/rules1-bad.rules"
2020-09-22T16:27:59.333Z	info	app/vmalert/manager.go:84	reading rules configuration file from "config/testdata/rules0-good.rules"
2020-09-22T16:27:59.333Z	info	app/vmalert/manager.go:84	reading rules configuration file from "config/testdata/rules1-good.rules"
2020-09-22T16:27:59.333Z	info	app/vmalert/manager.go:84	reading rules configuration file from "config/testdata/rules0-good.rules"
2020-09-22T16:27:59.335Z	info	app/vmalert/manager.go:84	reading rules configuration file from "config/testdata/dir/rules0-bad.rules"
2020-09-22T16:27:59.335Z	info	app/vmalert/manager.go:84	reading rules configuration file from "config/testdata/rules2-good.rules"
2020-09-22T16:27:59.335Z	info	app/vmalert/manager.go:84	reading rules configuration file from "config/testdata/dir/rules1-bad.rules"
2020-09-22T16:27:59.335Z	info	app/vmalert/manager.go:84	reading rules configuration file from "config/testdata/dir/rules0-good.rules"
2020-09-22T16:27:59.335Z	info	app/vmalert/manager.go:84	reading rules configuration file from "config/testdata/dir/rules1-good.rules"
2020-09-22T16:27:59.335Z	info	app/vmalert/manager.go:84	reading rules configuration file from "config/testdata/dir/rules0-good.rules"
2020-09-22T16:27:59.335Z	info	app/vmalert/manager.go:84	reading rules configuration file from "config/testdata/dir/rules0-bad.rules"
2020-09-22T16:27:59.335Z	info	app/vmalert/manager.go:84	reading rules configuration file from "config/testdata/dir/rules1-bad.rules"
2020-09-22T16:27:59.335Z	info	app/vmalert/manager.go:84	reading rules configuration file from "config/testdata/dir/rules1-good.rules"
2020-09-22T16:27:59.335Z	info	app/vmalert/manager.go:84	reading rules configuration file from "config/testdata/dir/rules1-bad.rules"
2020-09-22T16:27:59.335Z	info	app/vmalert/manager.go:84	reading rules configuration file from "config/testdata/rules0-good.rules"
2020-09-22T16:27:59.335Z	info	app/vmalert/manager.go:84	reading rules configuration file from "config/testdata/dir/rules1-bad.rules"
2020-09-22T16:27:59.335Z	info	app/vmalert/manager.go:84	reading rules configuration file from "config/testdata/rules1-good.rules"
2020-09-22T16:27:59.335Z	info	app/vmalert/manager.go:84	reading rules configuration file from "config/testdata/rules2-good.rules"
2020-09-22T16:27:59.335Z	info	app/vmalert/manager.go:84	reading rules configuration file from "config/testdata/dir/rules0-bad.rules"
2020-09-22T16:27:59.335Z	info	app/vmalert/manager.go:84	reading rules configuration file from "config/testdata/dir/rules1-good.rules"
2020-09-22T16:27:59.335Z	info	app/vmalert/manager.go:84	reading rules configuration file from "config/testdata/dir/rules0-bad.rules"
2020-09-22T16:27:59.335Z	info	app/vmalert/manager.go:84	reading rules configuration file from "config/testdata/dir/rules0-good.rules"
2020-09-22T16:27:59.335Z	info	app/vmalert/manager.go:84	reading rules configuration file from "config/testdata/rules2-good.rules"
2020-09-22T16:27:59.334Z	info	app/vmalert/manager.go:84	reading rules configuration file from "config/testdata/dir/rules1-bad.rules"
2020-09-22T16:27:59.335Z	info	app/vmalert/manager.go:84	reading rules configuration file from "config/testdata/dir/rules1-bad.rules"
2020-09-22T16:27:59.335Z	info	app/vmalert/manager.go:84	reading rules configuration file from "config/testdata/dir/rules1-good.rules"
2020-09-22T16:27:59.335Z	info	app/vmalert/manager.go:84	reading rules configuration file from "config/testdata/dir/rules0-bad.rules"
2020-09-22T16:27:59.332Z	info	app/vmalert/manager.go:84	reading rules configuration file from "config/testdata/rules1-good.rules"
2020-09-22T16:27:59.336Z	info	app/vmalert/manager.go:84	reading rules configuration file from "config/testdata/rules2-good.rules"
2020-09-22T16:27:59.336Z	info	app/vmalert/manager.go:84	reading rules configuration file from "config/testdata/dir/rules1-bad.rules"
2020-09-22T16:27:59.336Z	info	app/vmalert/manager.go:84	reading rules configuration file from "config/testdata/dir/rules0-bad.rules"
2020-09-22T16:27:59.336Z	info	app/vmalert/manager.go:84	reading rules configuration file from "config/testdata/dir/rules1-good.rules"
2020-09-22T16:27:59.336Z	info	app/vmalert/manager.go:84	reading rules configuration file from "config/testdata/dir/rules0-bad.rules"
2020-09-22T16:27:59.336Z	info	app/vmalert/manager.go:84	reading rules configuration file from "config/testdata/rules1-good.rules"
2020-09-22T16:27:59.336Z	info	app/vmalert/manager.go:84	reading rules configuration file from "config/testdata/dir/rules1-bad.rules"
2020-09-22T16:27:59.336Z	info	app/vmalert/manager.go:84	reading rules configuration file from "config/testdata/rules0-good.rules"
2020-09-22T16:27:59.336Z	info	app/vmalert/manager.go:84	reading rules configuration file from "config/testdata/dir/rules0-good.rules"
2020-09-22T16:27:59.336Z	info	app/vmalert/manager.go:84	reading rules configuration file from "config/testdata/dir/rules0-bad.rules"
2020-09-22T16:27:59.336Z	info	app/vmalert/manager.go:84	reading rules configuration file from "config/testdata/rules1-good.rules"
2020-09-22T16:27:59.336Z	info	app/vmalert/manager.go:84	reading rules configuration file from "config/testdata/rules0-good.rules"
2020-09-22T16:27:59.336Z	info	app/vmalert/manager.go:84	reading rules configuration file from "config/testdata/dir/rules1-good.rules"
2020-09-22T16:27:59.336Z	info	app/vmalert/manager.go:84	reading rules configuration file from "config/testdata/dir/rules0-good.rules"
2020-09-22T16:27:59.336Z	info	app/vmalert/manager.go:84	reading rules configuration file from "config/testdata/dir/rules1-bad.rules"
2020-09-22T16:27:59.336Z	info	app/vmalert/manager.go:84	reading rules configuration file from "config/testdata/dir/rules0-good.rules"
2020-09-22T16:27:59.336Z	info	app/vmalert/manager.go:84	reading rules configuration file from "config/testdata/rules2-good.rules"
2020-09-22T16:27:59.336Z	info	app/vmalert/manager.go:84	reading rules configuration file from "config/testdata/rules0-good.rules"
2020-09-22T16:27:59.336Z	info	app/vmalert/manager.go:84	reading rules configuration file from "config/testdata/rules1-good.rules"
2020-09-22T16:27:59.336Z	info	app/vmalert/manager.go:84	reading rules configuration file from "config/testdata/dir/rules1-bad.rules"
2020-09-22T16:27:59.336Z	info	app/vmalert/manager.go:84	reading rules configuration file from "config/testdata/dir/rules1-bad.rules"
2020-09-22T16:27:59.336Z	info	app/vmalert/manager.go:84	reading rules configuration file from "config/testdata/rules1-good.rules"
2020-09-22T16:27:59.336Z	info	app/vmalert/manager.go:84	reading rules configuration file from "config/testdata/rules2-good.rules"
2020-09-22T16:27:59.336Z	info	app/vmalert/manager.go:84	reading rules configuration file from "config/testdata/dir/rules0-bad.rules"
2020-09-22T16:27:59.336Z	info	app/vmalert/manager.go:84	reading rules configuration file from "config/testdata/rules0-good.rules"
2020-09-22T16:27:59.336Z	info	app/vmalert/manager.go:84	reading rules configuration file from "config/testdata/rules1-good.rules"
2020-09-22T16:27:59.336Z	info	app/vmalert/manager.go:84	reading rules configuration file from "config/testdata/dir/rules1-good.rules"
2020-09-22T16:27:59.336Z	info	app/vmalert/manager.go:84	reading rules configuration file from "config/testdata/rules2-good.rules"
2020-09-22T16:27:59.336Z	info	app/vmalert/manager.go:84	reading rules configuration file from "config/testdata/rules2-good.rules"
2020-09-22T16:27:59.337Z	info	app/vmalert/manager.go:84	reading rules configuration file from "config/testdata/dir/rules0-bad.rules"
2020-09-22T16:27:59.337Z	info	app/vmalert/manager.go:84	reading rules configuration file from "config/testdata/dir/rules0-good.rules"
2020-09-22T16:27:59.337Z	info	app/vmalert/manager.go:84	reading rules configuration file from "config/testdata/rules2-good.rules"
2020-09-22T16:27:59.337Z	info	app/vmalert/manager.go:84	reading rules configuration file from "config/testdata/dir/rules1-bad.rules"
2020-09-22T16:27:59.337Z	info	app/vmalert/manager.go:84	reading rules configuration file from "config/testdata/rules0-good.rules"
2020-09-22T16:27:59.337Z	info	app/vmalert/manager.go:84	reading rules configuration file from "config/testdata/rules2-good.rules"
2020-09-22T16:27:59.337Z	info	app/vmalert/manager.go:84	reading rules configuration file from "config/testdata/dir/rules1-bad.rules"
2020-09-22T16:27:59.337Z	info	app/vmalert/manager.go:84	reading rules configuration file from "config/testdata/dir/rules0-bad.rules"
2020-09-22T16:27:59.337Z	info	app/vmalert/manager.go:84	reading rules configuration file from "config/testdata/dir/rules0-bad.rules"
2020-09-22T16:27:59.337Z	info	app/vmalert/manager.go:84	reading rules configuration file from "config/testdata/rules1-good.rules"
2020-09-22T16:27:59.337Z	info	app/vmalert/manager.go:84	reading rules configuration file from "config/testdata/rules2-good.rules"
2020-09-22T16:27:59.337Z	info	app/vmalert/manager.go:84	reading rules configuration file from "config/testdata/dir/rules0-bad.rules"
2020-09-22T16:27:59.332Z	info	app/vmalert/manager.go:84	reading rules configuration file from "config/testdata/dir/rules1-good.rules"
2020-09-22T16:27:59.337Z	info	app/vmalert/manager.go:84	reading rules configuration file from "config/testdata/dir/rules0-good.rules"
2020-09-22T16:27:59.337Z	info	app/vmalert/manager.go:84	reading rules configuration file from "config/testdata/dir/rules0-good.rules"
2020-09-22T16:27:59.337Z	info	app/vmalert/manager.go:84	reading rules configuration file from "config/testdata/rules0-good.rules"
2020-09-22T16:27:59.337Z	info	app/vmalert/manager.go:84	reading rules configuration file from "config/testdata/rules2-good.rules"
2020-09-22T16:27:59.333Z	info	app/vmalert/manager.go:84	reading rules configuration file from "config/testdata/rules2-good.rules"
2020-09-22T16:27:59.333Z	info	app/vmalert/manager.go:84	reading rules configuration file from "config/testdata/rules2-good.rules"
2020-09-22T16:27:59.333Z	info	app/vmalert/manager.go:84	reading rules configuration file from "config/testdata/dir/rules0-good.rules"
2020-09-22T16:27:59.333Z	info	app/vmalert/manager.go:84	reading rules configuration file from "config/testdata/rules1-good.rules"
2020-09-22T16:27:59.333Z	info	app/vmalert/manager.go:84	reading rules configuration file from "config/testdata/dir/rules1-bad.rules"
2020-09-22T16:27:59.333Z	info	app/vmalert/manager.go:84	reading rules configuration file from "config/testdata/rules0-good.rules"
2020-09-22T16:27:59.332Z	info	app/vmalert/manager.go:84	reading rules configuration file from "config/testdata/rules2-good.rules"
2020-09-22T16:27:59.338Z	info	app/vmalert/manager.go:84	reading rules configuration file from "config/testdata/dir/rules1-bad.rules"
2020-09-22T16:27:59.338Z	info	app/vmalert/manager.go:84	reading rules configuration file from "config/testdata/dir/rules1-bad.rules"
2020-09-22T16:27:59.338Z	info	app/vmalert/manager.go:84	reading rules configuration file from "config/testdata/dir/rules1-good.rules"
2020-09-22T16:27:59.339Z	info	app/vmalert/manager.go:84	reading rules configuration file from "config/testdata/rules2-good.rules"
2020-09-22T16:27:59.339Z	info	app/vmalert/manager.go:84	reading rules configuration file from "config/testdata/rules1-good.rules"
2020-09-22T16:27:59.339Z	info	app/vmalert/group.go:235	group "duplicatedGroupDiffFiles": received stop signal
2020-09-22T16:27:59.339Z	info	app/vmalert/manager.go:84	reading rules configuration file from "config/testdata/dir/rules1-good.rules"
2020-09-22T16:27:59.332Z	info	app/vmalert/manager.go:84	reading rules configuration file from "config/testdata/rules0-good.rules"
2020-09-22T16:27:59.339Z	info	app/vmalert/manager.go:84	reading rules configuration file from "config/testdata/dir/rules0-bad.rules"
2020-09-22T16:27:59.333Z	info	app/vmalert/manager.go:84	reading rules configuration file from "config/testdata/rules1-good.rules"
2020-09-22T16:27:59.333Z	info	app/vmalert/manager.go:84	reading rules configuration file from "config/testdata/dir/rules1-bad.rules"
2020-09-22T16:27:59.337Z	info	app/vmalert/manager.go:84	reading rules configuration file from "config/testdata/dir/rules0-good.rules"
2020-09-22T16:27:59.334Z	info	app/vmalert/manager.go:84	reading rules configuration file from "config/testdata/dir/rules1-bad.rules"
2020-09-22T16:27:59.339Z	info	app/vmalert/manager.go:84	reading rules configuration file from "config/testdata/rules1-good.rules"
2020-09-22T16:27:59.334Z	info	app/vmalert/manager.go:84	reading rules configuration file from "config/testdata/dir/rules1-bad.rules"
2020-09-22T16:27:59.334Z	info	app/vmalert/manager.go:84	reading rules configuration file from "config/testdata/rules0-good.rules"
2020-09-22T16:27:59.337Z	info	app/vmalert/manager.go:84	reading rules configuration file from "config/testdata/rules1-good.rules"
2020-09-22T16:27:59.340Z	info	app/vmalert/manager.go:84	reading rules configuration file from "config/testdata/rules2-good.rules"
2020-09-22T16:27:59.339Z	info	app/vmalert/manager.go:84	reading rules configuration file from "config/testdata/dir/rules0-bad.rules"
2020-09-22T16:27:59.340Z	info	app/vmalert/manager.go:84	reading rules configuration file from "config/testdata/rules0-good.rules"
2020-09-22T16:27:59.340Z	info	app/vmalert/manager.go:84	reading rules configuration file from "config/testdata/dir/rules0-bad.rules"
2020-09-22T16:27:59.340Z	info	app/vmalert/manager.go:84	reading rules configuration file from "config/testdata/dir/rules0-bad.rules"
2020-09-22T16:27:59.336Z	info	app/vmalert/manager.go:84	reading rules configuration file from "config/testdata/rules2-good.rules"
2020-09-22T16:27:59.340Z	info	app/vmalert/manager.go:84	reading rules configuration file from "config/testdata/dir/rules1-bad.rules"
2020-09-22T16:27:59.340Z	info	app/vmalert/manager.go:84	reading rules configuration file from "config/testdata/rules2-good.rules"
2020-09-22T16:27:59.334Z	info	app/vmalert/manager.go:84	reading rules configuration file from "config/testdata/dir/rules0-good.rules"
2020-09-22T16:27:59.341Z	info	app/vmalert/manager.go:84	reading rules configuration file from "config/testdata/rules2-good.rules"
2020-09-22T16:27:59.341Z	info	app/vmalert/manager.go:84	reading rules configuration file from "config/testdata/dir/rules0-good.rules"
2020-09-22T16:27:59.332Z	info	app/vmalert/manager.go:84	reading rules configuration file from "config/testdata/dir/rules1-good.rules"
2020-09-22T16:27:59.332Z	info	app/vmalert/manager.go:84	reading rules configuration file from "config/testdata/dir/rules1-bad.rules"
2020-09-22T16:27:59.332Z	info	app/vmalert/manager.go:84	reading rules configuration file from "config/testdata/rules2-good.rules"
2020-09-22T16:27:59.332Z	info	app/vmalert/manager.go:84	reading rules configuration file from "config/testdata/rules0-good.rules"
2020-09-22T16:27:59.341Z	info	app/vmalert/manager.go:84	reading rules configuration file from "config/testdata/dir/rules1-bad.rules"
2020-09-22T16:27:59.342Z	info	app/vmalert/manager.go:84	reading rules configuration file from "config/testdata/dir/rules0-bad.rules"
2020-09-22T16:27:59.336Z	info	app/vmalert/manager.go:84	reading rules configuration file from "config/testdata/dir/rules0-good.rules"
2020-09-22T16:27:59.332Z	info	app/vmalert/manager.go:84	reading rules configuration file from "config/testdata/dir/rules0-good.rules"
2020-09-22T16:27:59.332Z	info	app/vmalert/manager.go:84	reading rules configuration file from "config/testdata/dir/rules0-bad.rules"
2020-09-22T16:27:59.332Z	info	app/vmalert/manager.go:84	reading rules configuration file from "config/testdata/rules0-good.rules"
2020-09-22T16:27:59.342Z	info	app/vmalert/manager.go:84	reading rules configuration file from "config/testdata/rules0-good.rules"
2020-09-22T16:27:59.342Z	info	app/vmalert/manager.go:84	reading rules configuration file from "config/testdata/rules2-good.rules"
2020-09-22T16:27:59.342Z	info	app/vmalert/manager.go:84	reading rules configuration file from "config/testdata/rules2-good.rules"
2020-09-22T16:27:59.342Z	info	app/vmalert/manager.go:84	reading rules configuration file from "config/testdata/dir/rules0-good.rules"
2020-09-22T16:27:59.343Z	info	app/vmalert/manager.go:84	reading rules configuration file from "config/testdata/rules0-good.rules"
2020-09-22T16:27:59.343Z	info	app/vmalert/manager.go:84	reading rules configuration file from "config/testdata/dir/rules1-good.rules"
2020-09-22T16:27:59.343Z	info	app/vmalert/manager.go:84	reading rules configuration file from "config/testdata/rules1-good.rules"
2020-09-22T16:27:59.344Z	info	app/vmalert/manager.go:84	reading rules configuration file from "config/testdata/dir/rules0-bad.rules"
2020-09-22T16:27:59.337Z	info	app/vmalert/manager.go:84	reading rules configuration file from "config/testdata/dir/rules0-bad.rules"
2020-09-22T16:27:59.344Z	info	app/vmalert/manager.go:84	reading rules configuration file from "config/testdata/dir/rules1-bad.rules"
2020-09-22T16:27:59.344Z	info	app/vmalert/manager.go:84	reading rules configuration file from "config/testdata/dir/rules0-good.rules"
2020-09-22T16:27:59.344Z	info	app/vmalert/manager.go:84	reading rules configuration file from "config/testdata/rules1-good.rules"
2020-09-22T16:27:59.344Z	info	app/vmalert/manager.go:84	reading rules configuration file from "config/testdata/rules2-good.rules"
2020-09-22T16:27:59.334Z	info	app/vmalert/manager.go:84	reading rules configuration file from "config/testdata/rules2-good.rules"
2020-09-22T16:27:59.345Z	info	app/vmalert/manager.go:84	reading rules configuration file from "config/testdata/rules1-good.rules"
2020-09-22T16:27:59.345Z	info	app/vmalert/manager.go:84	reading rules configuration file from "config/testdata/dir/rules1-bad.rules"
2020-09-22T16:27:59.337Z	info	app/vmalert/manager.go:84	reading rules configuration file from "config/testdata/dir/rules0-bad.rules"
2020-09-22T16:27:59.346Z	info	app/vmalert/manager.go:84	reading rules configuration file from "config/testdata/rules1-good.rules"
2020-09-22T16:27:59.347Z	info	app/vmalert/manager.go:84	reading rules configuration file from "config/testdata/dir/rules0-good.rules"
2020-09-22T16:27:59.333Z	info	app/vmalert/manager.go:84	reading rules configuration file from "config/testdata/dir/rules1-bad.rules"
2020-09-22T16:27:59.348Z	info	app/vmalert/manager.go:84	reading rules configuration file from "config/testdata/rules1-good.rules"
2020-09-22T16:27:59.333Z	info	app/vmalert/manager.go:84	reading rules configuration file from "config/testdata/rules0-good.rules"
2020-09-22T16:27:59.338Z	info	app/vmalert/manager.go:84	reading rules configuration file from "config/testdata/dir/rules1-good.rules"
2020-09-22T16:27:59.348Z	info	app/vmalert/manager.go:84	reading rules configuration file from "config/testdata/rules0-good.rules"
2020-09-22T16:27:59.333Z	info	app/vmalert/manager.go:84	reading rules configuration file from "config/testdata/dir/rules0-good.rules"
2020-09-22T16:27:59.339Z	info	app/vmalert/manager.go:84	reading rules configuration file from "config/testdata/dir/rules1-bad.rules"
2020-09-22T16:27:59.349Z	info	app/vmalert/manager.go:84	reading rules configuration file from "config/testdata/dir/rules1-bad.rules"
2020-09-22T16:27:59.349Z	info	app/vmalert/manager.go:84	reading rules configuration file from "config/testdata/dir/rules1-bad.rules"
2020-09-22T16:27:59.349Z	info	app/vmalert/manager.go:84	reading rules configuration file from "config/testdata/dir/rules0-good.rules"
2020-09-22T16:27:59.339Z	info	app/vmalert/manager.go:84	reading rules configuration file from "config/testdata/dir/rules0-bad.rules"
2020-09-22T16:27:59.339Z	info	app/vmalert/manager.go:84	reading rules configuration file from "config/testdata/rules1-good.rules"
2020-09-22T16:27:59.339Z	info	app/vmalert/manager.go:84	reading rules configuration file from "config/testdata/rules1-good.rules"
2020-09-22T16:27:59.340Z	info	app/vmalert/manager.go:84	reading rules configuration file from "config/testdata/rules0-good.rules"
2020-09-22T16:27:59.332Z	info	app/vmalert/manager.go:84	reading rules configuration file from "config/testdata/rules1-good.rules"
2020-09-22T16:27:59.350Z	info	app/vmalert/manager.go:84	reading rules configuration file from "config/testdata/rules2-good.rules"
2020-09-22T16:27:59.337Z	info	app/vmalert/manager.go:84	reading rules configuration file from "config/testdata/dir/rules1-bad.rules"
2020-09-22T16:27:59.350Z	info	app/vmalert/manager.go:84	reading rules configuration file from "config/testdata/rules2-good.rules"
2020-09-22T16:27:59.350Z	info	app/vmalert/manager.go:84	reading rules configuration file from "config/testdata/dir/rules0-bad.rules"
2020-09-22T16:27:59.339Z	info	app/vmalert/manager.go:84	reading rules configuration file from "config/testdata/rules1-good.rules"
2020-09-22T16:27:59.351Z	info	app/vmalert/manager.go:84	reading rules configuration file from "config/testdata/dir/rules1-good.rules"
2020-09-22T16:27:59.340Z	info	app/vmalert/manager.go:84	reading rules configuration file from "config/testdata/rules1-good.rules"
2020-09-22T16:27:59.351Z	info	app/vmalert/manager.go:84	reading rules configuration file from "config/testdata/rules1-good.rules"
2020-09-22T16:27:59.340Z	info	app/vmalert/manager.go:84	reading rules configuration file from "config/testdata/dir/rules0-good.rules"
2020-09-22T16:27:59.339Z	info	app/vmalert/manager.go:84	reading rules configuration file from "config/testdata/rules0-good.rules"
2020-09-22T16:27:59.339Z	info	app/vmalert/manager.go:84	reading rules configuration file from "config/testdata/rules2-good.rules"
2020-09-22T16:27:59.351Z	info	app/vmalert/manager.go:84	reading rules configuration file from "config/testdata/dir/rules0-good.rules"
2020-09-22T16:27:59.333Z	info	app/vmalert/manager.go:84	reading rules configuration file from "config/testdata/dir/rules0-bad.rules"
2020-09-22T16:27:59.351Z	info	app/vmalert/manager.go:84	reading rules configuration file from "config/testdata/rules2-good.rules"
2020-09-22T16:27:59.351Z	info	app/vmalert/manager.go:84	reading rules configuration file from "config/testdata/dir/rules0-good.rules"
2020-09-22T16:27:59.340Z	info	app/vmalert/manager.go:84	reading rules configuration file from "config/testdata/rules0-good.rules"
2020-09-22T16:27:59.332Z	info	app/vmalert/manager.go:84	reading rules configuration file from "config/testdata/rules2-good.rules"
2020-09-22T16:27:59.352Z	info	app/vmalert/manager.go:84	reading rules configuration file from "config/testdata/dir/rules1-good.rules"
2020-09-22T16:27:59.352Z	info	app/vmalert/manager.go:84	reading rules configuration file from "config/testdata/dir/rules0-good.rules"
2020-09-22T16:27:59.353Z	info	app/vmalert/manager.go:84	reading rules configuration file from "config/testdata/rules1-good.rules"
2020-09-22T16:27:59.353Z	info	app/vmalert/manager.go:84	reading rules configuration file from "config/testdata/rules1-good.rules"
2020-09-22T16:27:59.353Z	info	app/vmalert/manager.go:84	reading rules configuration file from "config/testdata/rules0-good.rules"
2020-09-22T16:27:59.353Z	info	app/vmalert/manager.go:84	reading rules configuration file from "config/testdata/rules1-good.rules"
2020-09-22T16:27:59.338Z	info	app/vmalert/manager.go:84	reading rules configuration file from "config/testdata/dir/rules1-bad.rules"
2020-09-22T16:27:59.338Z	info	app/vmalert/manager.go:84	reading rules configuration file from "config/testdata/dir/rules0-good.rules"
2020-09-22T16:27:59.340Z	info	app/vmalert/manager.go:84	reading rules configuration file from "config/testdata/dir/rules0-good.rules"
2020-09-22T16:27:59.354Z	info	app/vmalert/manager.go:84	reading rules configuration file from "config/testdata/rules1-good.rules"
2020-09-22T16:27:59.354Z	info	app/vmalert/manager.go:84	reading rules configuration file from "config/testdata/dir/rules1-bad.rules"
2020-09-22T16:27:59.340Z	info	app/vmalert/manager.go:84	reading rules configuration file from "config/testdata/dir/rules1-bad.rules"
2020-09-22T16:27:59.340Z	info	app/vmalert/manager.go:84	reading rules configuration file from "config/testdata/rules1-good.rules"
2020-09-22T16:27:59.354Z	info	app/vmalert/manager.go:84	reading rules configuration file from "config/testdata/rules0-good.rules"
2020-09-22T16:27:59.355Z	info	app/vmalert/manager.go:84	reading rules configuration file from "config/testdata/rules0-good.rules"
2020-09-22T16:27:59.355Z	info	app/vmalert/manager.go:84	reading rules configuration file from "config/testdata/dir/rules1-bad.rules"
2020-09-22T16:27:59.340Z	info	app/vmalert/manager.go:84	reading rules configuration file from "config/testdata/dir/rules1-good.rules"
2020-09-22T16:27:59.334Z	info	app/vmalert/manager.go:84	reading rules configuration file from "config/testdata/dir/rules0-bad.rules"
2020-09-22T16:27:59.334Z	info	app/vmalert/manager.go:84	reading rules configuration file from "config/testdata/rules1-good.rules"
2020-09-22T16:27:59.333Z	info	app/vmalert/manager.go:84	reading rules configuration file from "config/testdata/dir/rules1-bad.rules"
2020-09-22T16:27:59.357Z	info	app/vmalert/manager.go:84	reading rules configuration file from "config/testdata/dir/rules1-good.rules"
2020-09-22T16:27:59.357Z	info	app/vmalert/manager.go:84	reading rules configuration file from "config/testdata/rules1-good.rules"
2020-09-22T16:27:59.357Z	info	app/vmalert/manager.go:84	reading rules configuration file from "config/testdata/dir/rules0-bad.rules"
2020-09-22T16:27:59.357Z	info	app/vmalert/manager.go:84	reading rules configuration file from "config/testdata/dir/rules1-good.rules"
2020-09-22T16:27:59.358Z	info	app/vmalert/manager.go:84	reading rules configuration file from "config/testdata/rules1-good.rules"
2020-09-22T16:27:59.358Z	info	app/vmalert/manager.go:84	reading rules configuration file from "config/testdata/dir/rules0-good.rules"
2020-09-22T16:27:59.358Z	info	app/vmalert/manager.go:84	reading rules configuration file from "config/testdata/rules1-good.rules"
2020-09-22T16:27:59.358Z	info	app/vmalert/manager.go:84	reading rules configuration file from "config/testdata/dir/rules1-bad.rules"
2020-09-22T16:27:59.358Z	info	app/vmalert/manager.go:84	reading rules configuration file from "config/testdata/dir/rules0-good.rules"
2020-09-22T16:27:59.347Z	info	app/vmalert/manager.go:84	reading rules configuration file from "config/testdata/dir/rules1-good.rules"
2020-09-22T16:27:59.343Z	info	app/vmalert/manager.go:84	reading rules configuration file from "config/testdata/dir/rules1-good.rules"
2020-09-22T16:27:59.345Z	info	app/vmalert/manager.go:84	reading rules configuration file from "config/testdata/dir/rules0-bad.rules"
2020-09-22T16:27:59.347Z	info	app/vmalert/manager.go:84	reading rules configuration file from "config/testdata/rules0-good.rules"
2020-09-22T16:27:59.360Z	info	app/vmalert/manager.go:84	reading rules configuration file from "config/testdata/dir/rules1-bad.rules"
2020-09-22T16:27:59.360Z	info	app/vmalert/manager.go:84	reading rules configuration file from "config/testdata/dir/rules0-good.rules"
2020-09-22T16:27:59.360Z	info	app/vmalert/manager.go:84	reading rules configuration file from "config/testdata/dir/rules0-good.rules"
2020-09-22T16:27:59.333Z	info	app/vmalert/manager.go:84	reading rules configuration file from "config/testdata/rules0-good.rules"
2020-09-22T16:27:59.360Z	info	app/vmalert/manager.go:84	reading rules configuration file from "config/testdata/rules2-good.rules"
2020-09-22T16:27:59.333Z	info	app/vmalert/manager.go:84	reading rules configuration file from "config/testdata/rules1-good.rules"
2020-09-22T16:27:59.361Z	info	app/vmalert/manager.go:84	reading rules configuration file from "config/testdata/dir/rules1-bad.rules"
2020-09-22T16:27:59.361Z	info	app/vmalert/manager.go:84	reading rules configuration file from "config/testdata/rules1-good.rules"
2020-09-22T16:27:59.340Z	info	app/vmalert/manager.go:84	reading rules configuration file from "config/testdata/dir/rules0-good.rules"
2020-09-22T16:27:59.337Z	info	app/vmalert/manager.go:84	reading rules configuration file from "config/testdata/rules0-good.rules"
2020-09-22T16:27:59.339Z	info	app/vmalert/manager.go:84	reading rules configuration file from "config/testdata/dir/rules0-good.rules"
2020-09-22T16:27:59.362Z	info	app/vmalert/manager.go:84	reading rules configuration file from "config/testdata/dir/rules1-good.rules"
2020-09-22T16:27:59.362Z	info	app/vmalert/manager.go:84	reading rules configuration file from "config/testdata/dir/rules0-bad.rules"
2020-09-22T16:27:59.338Z	info	app/vmalert/manager.go:84	reading rules configuration file from "config/testdata/rules1-good.rules"
2020-09-22T16:27:59.364Z	info	app/vmalert/manager.go:84	reading rules configuration file from "config/testdata/dir/rules1-bad.rules"
2020-09-22T16:27:59.364Z	info	app/vmalert/manager.go:84	reading rules configuration file from "config/testdata/rules0-good.rules"
2020-09-22T16:27:59.333Z	info	app/vmalert/manager.go:84	reading rules configuration file from "config/testdata/rules1-good.rules"
2020-09-22T16:27:59.365Z	info	app/vmalert/manager.go:84	reading rules configuration file from "config/testdata/rules1-good.rules"
2020-09-22T16:27:59.365Z	info	app/vmalert/manager.go:84	reading rules configuration file from "config/testdata/rules1-good.rules"
2020-09-22T16:27:59.365Z	info	app/vmalert/manager.go:84	reading rules configuration file from "config/testdata/dir/rules1-good.rules"
2020-09-22T16:27:59.365Z	info	app/vmalert/manager.go:84	reading rules configuration file from "config/testdata/rules2-good.rules"
2020-09-22T16:27:59.333Z	info	app/vmalert/manager.go:84	reading rules configuration file from "config/testdata/dir/rules1-bad.rules"
2020-09-22T16:27:59.365Z	info	app/vmalert/manager.go:84	reading rules configuration file from "config/testdata/dir/rules1-bad.rules"
2020-09-22T16:27:59.339Z	info	app/vmalert/manager.go:84	reading rules configuration file from "config/testdata/dir/rules0-good.rules"
2020-09-22T16:27:59.367Z	info	app/vmalert/manager.go:84	reading rules configuration file from "config/testdata/rules0-good.rules"
2020-09-22T16:27:59.367Z	info	app/vmalert/manager.go:84	reading rules configuration file from "config/testdata/dir/rules0-bad.rules"
2020-09-22T16:27:59.367Z	info	app/vmalert/manager.go:84	reading rules configuration file from "config/testdata/rules0-good.rules"
2020-09-22T16:27:59.368Z	info	app/vmalert/manager.go:84	reading rules configuration file from "config/testdata/rules2-good.rules"
2020-09-22T16:27:59.368Z	info	app/vmalert/manager.go:84	reading rules configuration file from "config/testdata/dir/rules0-good.rules"
2020-09-22T16:27:59.370Z	info	app/vmalert/manager.go:84	reading rules configuration file from "config/testdata/dir/rules1-bad.rules"
2020-09-22T16:27:59.371Z	info	app/vmalert/manager.go:84	reading rules configuration file from "config/testdata/rules1-good.rules"
2020-09-22T16:27:59.371Z	info	app/vmalert/manager.go:84	reading rules configuration file from "config/testdata/dir/rules1-good.rules"
2020-09-22T16:27:59.371Z	info	app/vmalert/manager.go:84	reading rules configuration file from "config/testdata/dir/rules0-good.rules"
2020-09-22T16:27:59.372Z	info	app/vmalert/manager.go:84	reading rules configuration file from "config/testdata/dir/rules1-bad.rules"
2020-09-22T16:27:59.373Z	info	app/vmalert/manager.go:84	reading rules configuration file from "config/testdata/dir/rules0-bad.rules"
2020-09-22T16:27:59.373Z	info	app/vmalert/manager.go:84	reading rules configuration file from "config/testdata/dir/rules1-bad.rules"
2020-09-22T16:27:59.373Z	info	app/vmalert/manager.go:84	reading rules configuration file from "config/testdata/dir/rules1-good.rules"
2020-09-22T16:27:59.373Z	info	app/vmalert/manager.go:84	reading rules configuration file from "config/testdata/rules1-good.rules"
2020-09-22T16:27:59.374Z	info	app/vmalert/manager.go:84	reading rules configuration file from "config/testdata/dir/rules0-good.rules"
2020-09-22T16:27:59.374Z	info	app/vmalert/manager.go:84	reading rules configuration file from "config/testdata/rules0-good.rules"
2020-09-22T16:27:59.374Z	info	app/vmalert/manager.go:84	reading rules configuration file from "config/testdata/dir/rules0-good.rules"
2020-09-22T16:27:59.374Z	info	app/vmalert/manager.go:84	reading rules configuration file from "config/testdata/rules1-good.rules"
2020-09-22T16:27:59.374Z	info	app/vmalert/manager.go:84	reading rules configuration file from "config/testdata/dir/rules1-good.rules"
2020-09-22T16:27:59.374Z	info	app/vmalert/manager.go:84	reading rules configuration file from "config/testdata/rules2-good.rules"
2020-09-22T16:27:59.375Z	info	app/vmalert/manager.go:84	reading rules configuration file from "config/testdata/rules2-good.rules"
2020-09-22T16:27:59.376Z	info	app/vmalert/manager.go:84	reading rules configuration file from "config/testdata/dir/rules1-good.rules"
2020-09-22T16:27:59.376Z	info	app/vmalert/manager.go:84	reading rules configuration file from "config/testdata/dir/rules1-good.rules"
2020-09-22T16:27:59.354Z	info	app/vmalert/manager.go:84	reading rules configuration file from "config/testdata/rules1-good.rules"
2020-09-22T16:27:59.376Z	info	app/vmalert/manager.go:84	reading rules configuration file from "config/testdata/rules2-good.rules"
2020-09-22T16:27:59.376Z	info	app/vmalert/manager.go:84	reading rules configuration file from "config/testdata/dir/rules0-good.rules"
2020-09-22T16:27:59.376Z	info	app/vmalert/manager.go:84	reading rules configuration file from "config/testdata/rules2-good.rules"
2020-09-22T16:27:59.376Z	info	app/vmalert/manager.go:84	reading rules configuration file from "config/testdata/rules2-good.rules"
2020-09-22T16:27:59.377Z	info	app/vmalert/manager.go:84	reading rules configuration file from "config/testdata/rules2-good.rules"
2020-09-22T16:27:59.377Z	info	app/vmalert/manager.go:84	reading rules configuration file from "config/testdata/rules0-good.rules"
2020-09-22T16:27:59.377Z	info	app/vmalert/manager.go:84	reading rules configuration file from "config/testdata/dir/rules1-good.rules"
2020-09-22T16:27:59.378Z	info	app/vmalert/manager.go:84	reading rules configuration file from "config/testdata/dir/rules0-bad.rules"
2020-09-22T16:27:59.378Z	info	app/vmalert/manager.go:84	reading rules configuration file from "config/testdata/rules1-good.rules"
2020-09-22T16:27:59.379Z	info	app/vmalert/manager.go:84	reading rules configuration file from "config/testdata/rules1-good.rules"
2020-09-22T16:27:59.379Z	info	app/vmalert/manager.go:84	reading rules configuration file from "config/testdata/rules1-good.rules"
2020-09-22T16:27:59.380Z	info	app/vmalert/manager.go:84	reading rules configuration file from "config/testdata/rules2-good.rules"
2020-09-22T16:27:59.380Z	info	app/vmalert/manager.go:84	reading rules configuration file from "config/testdata/dir/rules0-good.rules"
2020-09-22T16:27:59.380Z	info	app/vmalert/manager.go:84	reading rules configuration file from "config/testdata/rules0-good.rules"
2020-09-22T16:27:59.381Z	info	app/vmalert/manager.go:84	reading rules configuration file from "config/testdata/dir/rules1-good.rules"
2020-09-22T16:27:59.381Z	info	app/vmalert/manager.go:84	reading rules configuration file from "config/testdata/rules1-good.rules"
2020-09-22T16:27:59.381Z	info	app/vmalert/manager.go:84	reading rules configuration file from "config/testdata/dir/rules0-bad.rules"
2020-09-22T16:27:59.382Z	info	app/vmalert/manager.go:84	reading rules configuration file from "config/testdata/rules2-good.rules"
2020-09-22T16:27:59.382Z	info	app/vmalert/manager.go:84	reading rules configuration file from "config/testdata/dir/rules0-good.rules"
2020-09-22T16:27:59.384Z	info	app/vmalert/manager.go:84	reading rules configuration file from "config/testdata/dir/rules0-good.rules"
2020-09-22T16:27:59.384Z	info	app/vmalert/manager.go:84	reading rules configuration file from "config/testdata/dir/rules1-bad.rules"
2020-09-22T16:27:59.385Z	info	app/vmalert/manager.go:84	reading rules configuration file from "config/testdata/rules2-good.rules"
2020-09-22T16:27:59.385Z	info	app/vmalert/manager.go:84	reading rules configuration file from "config/testdata/dir/rules1-good.rules"
2020-09-22T16:27:59.386Z	info	app/vmalert/manager.go:84	reading rules configuration file from "config/testdata/rules2-good.rules"
2020-09-22T16:27:59.387Z	info	app/vmalert/manager.go:84	reading rules configuration file from "config/testdata/dir/rules1-bad.rules"
2020-09-22T16:27:59.388Z	info	app/vmalert/manager.go:84	reading rules configuration file from "config/testdata/rules2-good.rules"
2020-09-22T16:27:59.388Z	info	app/vmalert/manager.go:84	reading rules configuration file from "config/testdata/rules1-good.rules"
2020-09-22T16:27:59.389Z	info	app/vmalert/manager.go:84	reading rules configuration file from "config/testdata/dir/rules1-good.rules"
2020-09-22T16:27:59.389Z	info	app/vmalert/manager.go:84	reading rules configuration file from "config/testdata/rules0-good.rules"
2020-09-22T16:27:59.389Z	info	app/vmalert/manager.go:84	reading rules configuration file from "config/testdata/dir/rules1-good.rules"
2020-09-22T16:27:59.390Z	info	app/vmalert/manager.go:84	reading rules configuration file from "config/testdata/dir/rules1-bad.rules"
2020-09-22T16:27:59.390Z	info	app/vmalert/manager.go:84	reading rules configuration file from "config/testdata/rules2-good.rules"
2020-09-22T16:27:59.391Z	info	app/vmalert/manager.go:84	reading rules configuration file from "config/testdata/dir/rules0-bad.rules"
2020-09-22T16:27:59.392Z	info	app/vmalert/manager.go:84	reading rules configuration file from "config/testdata/dir/rules0-good.rules"
2020-09-22T16:27:59.392Z	info	app/vmalert/manager.go:84	reading rules configuration file from "config/testdata/dir/rules0-bad.rules"
2020-09-22T16:27:59.392Z	info	app/vmalert/manager.go:84	reading rules configuration file from "config/testdata/dir/rules0-bad.rules"
2020-09-22T16:27:59.392Z	info	app/vmalert/manager.go:84	reading rules configuration file from "config/testdata/dir/rules0-bad.rules"
2020-09-22T16:27:59.393Z	info	app/vmalert/manager.go:84	reading rules configuration file from "config/testdata/dir/rules1-bad.rules"
2020-09-22T16:27:59.393Z	info	app/vmalert/group.go:225	group "duplicatedGroupDiffFiles" started; interval=1ms; concurrency=1
2020-09-22T16:27:59.393Z	info	app/vmalert/manager.go:84	reading rules configuration file from "config/testdata/dir/rules1-good.rules"
2020-09-22T16:27:59.393Z	info	app/vmalert/manager.go:84	reading rules configuration file from "config/testdata/rules2-good.rules"
2020-09-22T16:27:59.394Z	info	app/vmalert/manager.go:84	reading rules configuration file from "config/testdata/rules2-good.rules"
2020-09-22T16:27:59.395Z	info	app/vmalert/manager.go:84	reading rules configuration file from "config/testdata/dir/rules0-good.rules"
2020-09-22T16:27:59.395Z	info	app/vmalert/manager.go:84	reading rules configuration file from "config/testdata/dir/rules0-bad.rules"
2020-09-22T16:27:59.395Z	info	app/vmalert/manager.go:84	reading rules configuration file from "config/testdata/dir/rules1-good.rules"
2020-09-22T16:27:59.396Z	info	app/vmalert/manager.go:84	reading rules configuration file from "config/testdata/rules0-good.rules"
2020-09-22T16:27:59.396Z	info	app/vmalert/manager.go:84	reading rules configuration file from "config/testdata/dir/rules0-good.rules"
2020-09-22T16:27:59.396Z	info	app/vmalert/manager.go:84	reading rules configuration file from "config/testdata/dir/rules1-good.rules"
2020-09-22T16:27:59.396Z	info	app/vmalert/manager.go:84	reading rules configuration file from "config/testdata/dir/rules0-good.rules"
2020-09-22T16:27:59.397Z	info	app/vmalert/manager.go:84	reading rules configuration file from "config/testdata/dir/rules1-bad.rules"
2020-09-22T16:27:59.397Z	info	app/vmalert/manager.go:84	reading rules configuration file from "config/testdata/rules1-good.rules"
2020-09-22T16:27:59.399Z	info	app/vmalert/manager.go:84	reading rules configuration file from "config/testdata/dir/rules0-bad.rules"
2020-09-22T16:27:59.400Z	info	app/vmalert/manager.go:84	reading rules configuration file from "config/testdata/rules0-good.rules"
2020-09-22T16:27:59.400Z	info	app/vmalert/manager.go:84	reading rules configuration file from "config/testdata/dir/rules1-good.rules"
2020-09-22T16:27:59.400Z	info	app/vmalert/manager.go:84	reading rules configuration file from "config/testdata/dir/rules0-good.rules"
2020-09-22T16:27:59.402Z	info	app/vmalert/manager.go:84	reading rules configuration file from "config/testdata/rules1-good.rules"
2020-09-22T16:27:59.402Z	info	app/vmalert/manager.go:84	reading rules configuration file from "config/testdata/rules2-good.rules"
2020-09-22T16:27:59.402Z	info	app/vmalert/manager.go:84	reading rules configuration file from "config/testdata/rules0-good.rules"
2020-09-22T16:27:59.402Z	info	app/vmalert/manager.go:84	reading rules configuration file from "config/testdata/dir/rules0-good.rules"
2020-09-22T16:27:59.403Z	info	app/vmalert/manager.go:84	reading rules configuration file from "config/testdata/rules2-good.rules"
2020-09-22T16:27:59.403Z	info	app/vmalert/manager.go:84	reading rules configuration file from "config/testdata/rules1-good.rules"
2020-09-22T16:27:59.403Z	info	app/vmalert/manager.go:84	reading rules configuration file from "config/testdata/dir/rules1-good.rules"
2020-09-22T16:27:59.404Z	info	app/vmalert/manager.go:84	reading rules configuration file from "config/testdata/rules2-good.rules"
2020-09-22T16:27:59.405Z	info	app/vmalert/manager.go:84	reading rules configuration file from "config/testdata/dir/rules0-bad.rules"
2020-09-22T16:27:59.405Z	info	app/vmalert/manager.go:84	reading rules configuration file from "config/testdata/dir/rules1-good.rules"
2020-09-22T16:27:59.405Z	info	app/vmalert/manager.go:84	reading rules configuration file from "config/testdata/dir/rules0-good.rules"
2020-09-22T16:27:59.406Z	info	app/vmalert/manager.go:84	reading rules configuration file from "config/testdata/rules1-good.rules"
2020-09-22T16:27:59.406Z	info	app/vmalert/manager.go:84	reading rules configuration file from "config/testdata/dir/rules1-bad.rules"
2020-09-22T16:27:59.408Z	info	app/vmalert/manager.go:84	reading rules configuration file from "config/testdata/dir/rules1-bad.rules"
2020-09-22T16:27:59.408Z	info	app/vmalert/manager.go:84	reading rules configuration file from "config/testdata/rules1-good.rules"
2020-09-22T16:27:59.409Z	info	app/vmalert/manager.go:84	reading rules configuration file from "config/testdata/rules0-good.rules"
2020-09-22T16:27:59.409Z	info	app/vmalert/manager.go:84	reading rules configuration file from "config/testdata/rules2-good.rules"
2020-09-22T16:27:59.409Z	info	app/vmalert/manager.go:84	reading rules configuration file from "config/testdata/dir/rules0-bad.rules"
2020-09-22T16:27:59.410Z	info	app/vmalert/manager.go:84	reading rules configuration file from "config/testdata/dir/rules0-good.rules"
2020-09-22T16:27:59.410Z	info	app/vmalert/manager.go:84	reading rules configuration file from "config/testdata/rules0-good.rules"
2020-09-22T16:27:59.410Z	info	app/vmalert/manager.go:84	reading rules configuration file from "config/testdata/dir/rules0-good.rules"
2020-09-22T16:27:59.411Z	info	app/vmalert/manager.go:84	reading rules configuration file from "config/testdata/rules2-good.rules"
2020-09-22T16:27:59.412Z	info	app/vmalert/manager.go:84	reading rules configuration file from "config/testdata/dir/rules1-good.rules"
2020-09-22T16:27:59.413Z	info	app/vmalert/manager.go:84	reading rules configuration file from "config/testdata/dir/rules1-good.rules"
2020-09-22T16:27:59.413Z	info	app/vmalert/manager.go:84	reading rules configuration file from "config/testdata/rules1-good.rules"
2020-09-22T16:27:59.414Z	info	app/vmalert/manager.go:84	reading rules configuration file from "config/testdata/dir/rules1-bad.rules"
2020-09-22T16:27:59.407Z	info	app/vmalert/manager.go:84	reading rules configuration file from "config/testdata/dir/rules0-bad.rules"
2020-09-22T16:27:59.414Z	info	app/vmalert/manager.go:84	reading rules configuration file from "config/testdata/rules0-good.rules"
2020-09-22T16:27:59.415Z	info	app/vmalert/manager.go:84	reading rules configuration file from "config/testdata/rules2-good.rules"
2020-09-22T16:27:59.415Z	info	app/vmalert/manager.go:84	reading rules configuration file from "config/testdata/dir/rules1-good.rules"
2020-09-22T16:27:59.415Z	info	app/vmalert/manager.go:84	reading rules configuration file from "config/testdata/dir/rules1-good.rules"
2020-09-22T16:27:59.416Z	info	app/vmalert/manager.go:84	reading rules configuration file from "config/testdata/dir/rules1-good.rules"
2020-09-22T16:27:59.416Z	info	app/vmalert/manager.go:84	reading rules configuration file from "config/testdata/dir/rules1-good.rules"
2020-09-22T16:27:59.417Z	info	app/vmalert/manager.go:84	reading rules configuration file from "config/testdata/dir/rules0-good.rules"
2020-09-22T16:27:59.417Z	info	app/vmalert/manager.go:84	reading rules configuration file from "config/testdata/dir/rules0-bad.rules"
2020-09-22T16:27:59.417Z	info	app/vmalert/manager.go:84	reading rules configuration file from "config/testdata/dir/rules0-good.rules"
2020-09-22T16:27:59.417Z	info	app/vmalert/manager.go:84	reading rules configuration file from "config/testdata/dir/rules1-good.rules"
2020-09-22T16:27:59.417Z	info	app/vmalert/manager.go:84	reading rules configuration file from "config/testdata/rules0-good.rules"
2020-09-22T16:27:59.418Z	info	app/vmalert/manager.go:84	reading rules configuration file from "config/testdata/dir/rules0-bad.rules"
2020-09-22T16:27:59.418Z	info	app/vmalert/manager.go:84	reading rules configuration file from "config/testdata/dir/rules1-bad.rules"
2020-09-22T16:27:59.418Z	info	app/vmalert/manager.go:84	reading rules configuration file from "config/testdata/rules2-good.rules"
2020-09-22T16:27:59.421Z	info	app/vmalert/manager.go:84	reading rules configuration file from "config/testdata/dir/rules1-good.rules"
2020-09-22T16:27:59.422Z	info	app/vmalert/manager.go:84	reading rules configuration file from "config/testdata/rules0-good.rules"
2020-09-22T16:27:59.422Z	info	app/vmalert/manager.go:84	reading rules configuration file from "config/testdata/dir/rules1-bad.rules"
2020-09-22T16:27:59.423Z	info	app/vmalert/manager.go:84	reading rules configuration file from "config/testdata/dir/rules1-bad.rules"
2020-09-22T16:27:59.423Z	info	app/vmalert/manager.go:84	reading rules configuration file from "config/testdata/rules1-good.rules"
2020-09-22T16:27:59.423Z	info	app/vmalert/manager.go:84	reading rules configuration file from "config/testdata/dir/rules1-good.rules"
2020-09-22T16:27:59.424Z	info	app/vmalert/manager.go:84	reading rules configuration file from "config/testdata/dir/rules0-good.rules"
2020-09-22T16:27:59.424Z	info	app/vmalert/manager.go:84	reading rules configuration file from "config/testdata/rules1-good.rules"
2020-09-22T16:27:59.425Z	info	app/vmalert/group.go:235	group "duplicatedGroupDiffFiles": received stop signal
2020-09-22T16:27:59.426Z	info	app/vmalert/manager.go:84	reading rules configuration file from "config/testdata/dir/rules0-good.rules"
2020-09-22T16:27:59.427Z	info	app/vmalert/manager.go:84	reading rules configuration file from "config/testdata/rules1-good.rules"
2020-09-22T16:27:59.427Z	info	app/vmalert/manager.go:84	reading rules configuration file from "config/testdata/rules2-good.rules"
2020-09-22T16:27:59.427Z	info	app/vmalert/group.go:225	group "groupTest" started; interval=1ms; concurrency=1
2020-09-22T16:27:59.427Z	info	app/vmalert/group.go:235	group "groupTest": received stop signal
2020-09-22T16:27:59.427Z	info	app/vmalert/manager.go:84	reading rules configuration file from "config/testdata/dir/rules1-good.rules"
2020-09-22T16:27:59.428Z	info	app/vmalert/group.go:225	group "TestGroup" started; interval=2s; concurrency=2
2020-09-22T16:27:59.428Z	info	app/vmalert/group.go:235	group "TestGroup": received stop signal
2020-09-22T16:27:59.428Z	info	app/vmalert/manager.go:84	reading rules configuration file from "config/testdata/rules1-good.rules"
2020-09-22T16:27:59.428Z	info	app/vmalert/group.go:225	group "duplicatedGroupDiffFiles" started; interval=1ms; concurrency=1
2020-09-22T16:27:59.428Z	info	app/vmalert/group.go:235	group "duplicatedGroupDiffFiles": received stop signal
2020-09-22T16:27:59.428Z	info	app/vmalert/manager.go:84	reading rules configuration file from "config/testdata/rules2-good.rules"
2020-09-22T16:27:59.429Z	info	app/vmalert/manager.go:84	reading rules configuration file from "config/testdata/rules1-good.rules"
2020-09-22T16:27:59.429Z	info	app/vmalert/manager.go:84	reading rules configuration file from "config/testdata/rules0-good.rules"
2020-09-22T16:27:59.430Z	info	app/vmalert/manager.go:84	reading rules configuration file from "config/testdata/rules1-good.rules"
2020-09-22T16:27:59.430Z	info	app/vmalert/manager.go:84	reading rules configuration file from "config/testdata/dir/rules0-good.rules"
2020-09-22T16:27:59.430Z	info	app/vmalert/manager.go:84	reading rules configuration file from "config/testdata/dir/rules1-good.rules"
2020-09-22T16:27:59.430Z	info	app/vmalert/manager.go:84	reading rules configuration file from "config/testdata/rules1-good.rules"
2020-09-22T16:27:59.431Z	info	app/vmalert/manager.go:84	reading rules configuration file from "config/testdata/dir/rules0-good.rules"
2020-09-22T16:27:59.431Z	info	app/vmalert/manager.go:84	reading rules configuration file from "config/testdata/dir/rules0-bad.rules"
2020-09-22T16:27:59.432Z	info	app/vmalert/manager.go:84	reading rules configuration file from "config/testdata/dir/rules1-good.rules"
2020-09-22T16:27:59.432Z	info	app/vmalert/manager.go:84	reading rules configuration file from "config/testdata/rules0-good.rules"
2020-09-22T16:27:59.433Z	info	app/vmalert/manager.go:84	reading rules configuration file from "config/testdata/dir/rules1-good.rules"
2020-09-22T16:27:59.433Z	info	app/vmalert/manager.go:84	reading rules configuration file from "config/testdata/rules0-good.rules"
2020-09-22T16:27:59.433Z	info	app/vmalert/manager.go:84	reading rules configuration file from "config/testdata/dir/rules0-bad.rules"
2020-09-22T16:27:59.433Z	info	app/vmalert/manager.go:84	reading rules configuration file from "config/testdata/dir/rules1-good.rules"
2020-09-22T16:27:59.434Z	info	app/vmalert/manager.go:84	reading rules configuration file from "config/testdata/rules1-good.rules"
2020-09-22T16:27:59.434Z	info	app/vmalert/group.go:225	group "duplicatedGroupDiffFiles" started; interval=1ms; concurrency=1
2020-09-22T16:27:59.434Z	info	app/vmalert/group.go:235	group "duplicatedGroupDiffFiles": received stop signal
2020-09-22T16:27:59.434Z	info	app/vmalert/manager.go:84	reading rules configuration file from "config/testdata/dir/rules1-good.rules"
2020-09-22T16:27:59.434Z	info	app/vmalert/manager.go:84	reading rules configuration file from "config/testdata/rules1-good.rules"
2020-09-22T16:27:59.434Z	info	app/vmalert/group.go:225	group "groupTest" started; interval=1ms; concurrency=1
2020-09-22T16:27:59.434Z	info	app/vmalert/group.go:235	group "groupTest": received stop signal
2020-09-22T16:27:59.434Z	info	app/vmalert/manager.go:84	reading rules configuration file from "config/testdata/dir/rules1-good.rules"
2020-09-22T16:27:59.435Z	info	app/vmalert/manager.go:84	reading rules configuration file from "config/testdata/dir/rules0-good.rules"
2020-09-22T16:27:59.435Z	info	app/vmalert/manager.go:84	reading rules configuration file from "config/testdata/dir/rules0-good.rules"
2020-09-22T16:27:59.436Z	info	app/vmalert/manager.go:84	reading rules configuration file from "config/testdata/dir/rules0-good.rules"
2020-09-22T16:27:59.435Z	info	app/vmalert/group.go:225	group "duplicatedGroupDiffFiles" started; interval=1ms; concurrency=1
2020-09-22T16:27:59.437Z	info	app/vmalert/manager.go:84	reading rules configuration file from "config/testdata/dir/rules0-good.rules"
2020-09-22T16:27:59.439Z	info	app/vmalert/group.go:235	group "duplicatedGroupDiffFiles": received stop signal
2020-09-22T16:27:59.437Z	info	app/vmalert/manager.go:84	reading rules configuration file from "config/testdata/rules2-good.rules"
2020-09-22T16:27:59.439Z	info	app/vmalert/group.go:225	group "duplicatedGroupDiffFiles" started; interval=1ms; concurrency=1
2020-09-22T16:27:59.439Z	info	app/vmalert/manager.go:84	reading rules configuration file from "config/testdata/rules0-good.rules"
2020-09-22T16:27:59.439Z	info	app/vmalert/group.go:235	group "duplicatedGroupDiffFiles": received stop signal
2020-09-22T16:27:59.439Z	info	app/vmalert/group.go:225	group "groupGorSingleAlert" started; interval=1ms; concurrency=1
2020-09-22T16:27:59.439Z	info	app/vmalert/group.go:235	group "groupGorSingleAlert": received stop signal
2020-09-22T16:27:59.439Z	info	app/vmalert/manager.go:84	reading rules configuration file from "config/testdata/rules0-good.rules"
2020-09-22T16:27:59.439Z	info	app/vmalert/manager.go:84	reading rules configuration file from "config/testdata/dir/rules1-good.rules"
2020-09-22T16:27:59.439Z	info	app/vmalert/manager.go:84	reading rules configuration file from "config/testdata/rules1-good.rules"
2020-09-22T16:27:59.440Z	info	app/vmalert/manager.go:84	reading rules configuration file from "config/testdata/dir/rules1-good.rules"
2020-09-22T16:27:59.439Z	info	app/vmalert/group.go:225	group "TestGroup" started; interval=1ms; concurrency=1
2020-09-22T16:27:59.440Z	info	app/vmalert/group.go:235	group "TestGroup": received stop signal
2020-09-22T16:27:59.440Z	info	app/vmalert/group.go:225	group "duplicatedGroupDiffFiles" started; interval=1ms; concurrency=1
2020-09-22T16:27:59.440Z	info	app/vmalert/group.go:235	group "duplicatedGroupDiffFiles": received stop signal
2020-09-22T16:27:59.440Z	info	app/vmalert/manager.go:84	reading rules configuration file from "config/testdata/dir/rules0-bad.rules"
2020-09-22T16:27:59.440Z	info	app/vmalert/group.go:225	group "groupGorSingleAlert" started; interval=1ms; concurrency=1
2020-09-22T16:27:59.440Z	info	app/vmalert/group.go:225	group "TestGroup" started; interval=1ms; concurrency=1
2020-09-22T16:27:59.440Z	info	app/vmalert/group.go:235	group "TestGroup": received stop signal
2020-09-22T16:27:59.440Z	info	app/vmalert/manager.go:84	reading rules configuration file from "config/testdata/rules0-good.rules"
2020-09-22T16:27:59.440Z	info	app/vmalert/group.go:235	group "groupGorSingleAlert": received stop signal
2020-09-22T16:27:59.440Z	info	app/vmalert/manager.go:84	reading rules configuration file from "config/testdata/dir/rules1-bad.rules"
2020-09-22T16:27:59.440Z	info	app/vmalert/manager.go:84	reading rules configuration file from "config/testdata/rules2-good.rules"
2020-09-22T16:27:59.440Z	info	app/vmalert/group.go:225	group "duplicatedGroupDiffFiles" started; interval=1ms; concurrency=1
2020-09-22T16:27:59.441Z	info	app/vmalert/group.go:235	group "duplicatedGroupDiffFiles": received stop signal
2020-09-22T16:27:59.441Z	info	app/vmalert/group.go:225	group "groupTest" started; interval=1ms; concurrency=1
2020-09-22T16:27:59.441Z	info	app/vmalert/manager.go:84	reading rules configuration file from "config/testdata/dir/rules1-bad.rules"
2020-09-22T16:27:59.441Z	info	app/vmalert/group.go:235	group "groupTest": received stop signal
2020-09-22T16:27:59.441Z	info	app/vmalert/manager.go:84	reading rules configuration file from "config/testdata/dir/rules1-good.rules"
2020-09-22T16:27:59.441Z	info	app/vmalert/manager.go:84	reading rules configuration file from "config/testdata/rules2-good.rules"
2020-09-22T16:27:59.441Z	info	app/vmalert/group.go:225	group "TestGroup" started; interval=2s; concurrency=2
2020-09-22T16:27:59.441Z	info	app/vmalert/group.go:235	group "TestGroup": received stop signal
2020-09-22T16:27:59.441Z	info	app/vmalert/group.go:225	group "duplicatedGroupDiffFiles" started; interval=1ms; concurrency=1
2020-09-22T16:27:59.441Z	info	app/vmalert/group.go:235	group "duplicatedGroupDiffFiles": received stop signal
2020-09-22T16:27:59.441Z	info	app/vmalert/manager.go:84	reading rules configuration file from "config/testdata/dir/rules0-good.rules"
2020-09-22T16:27:59.441Z	info	app/vmalert/manager.go:84	reading rules configuration file from "config/testdata/dir/rules0-bad.rules"
2020-09-22T16:27:59.441Z	info	app/vmalert/manager.go:84	reading rules configuration file from "config/testdata/dir/rules0-good.rules"
2020-09-22T16:27:59.441Z	info	app/vmalert/group.go:225	group "duplicatedGroupDiffFiles" started; interval=1ms; concurrency=1
2020-09-22T16:27:59.441Z	info	app/vmalert/group.go:235	group "duplicatedGroupDiffFiles": received stop signal
2020-09-22T16:27:59.442Z	info	app/vmalert/group.go:225	group "groupTest" started; interval=1ms; concurrency=1
2020-09-22T16:27:59.442Z	info	app/vmalert/group.go:235	group "groupTest": received stop signal
2020-09-22T16:27:59.442Z	info	app/vmalert/manager.go:84	reading rules configuration file from "config/testdata/rules1-good.rules"
2020-09-22T16:27:59.442Z	info	app/vmalert/manager.go:84	reading rules configuration file from "config/testdata/dir/rules1-bad.rules"
2020-09-22T16:27:59.442Z	info	app/vmalert/group.go:225	group "TestGroup" started; interval=2s; concurrency=2
2020-09-22T16:27:59.442Z	info	app/vmalert/group.go:235	group "TestGroup": received stop signal
2020-09-22T16:27:59.442Z	info	app/vmalert/group.go:225	group "groupTest" started; interval=1ms; concurrency=1
2020-09-22T16:27:59.442Z	info	app/vmalert/manager.go:84	reading rules configuration file from "config/testdata/rules2-good.rules"
2020-09-22T16:27:59.442Z	info	app/vmalert/group.go:235	group "groupTest": received stop signal
2020-09-22T16:27:59.442Z	info	app/vmalert/manager.go:84	reading rules configuration file from "config/testdata/dir/rules0-good.rules"
2020-09-22T16:27:59.442Z	info	app/vmalert/manager.go:84	reading rules configuration file from "config/testdata/rules0-good.rules"
2020-09-22T16:27:59.442Z	info	app/vmalert/group.go:225	group "duplicatedGroupDiffFiles" started; interval=1ms; concurrency=1
2020-09-22T16:27:59.442Z	info	app/vmalert/group.go:235	group "duplicatedGroupDiffFiles": received stop signal
2020-09-22T16:27:59.442Z	info	app/vmalert/group.go:225	group "groupGorSingleAlert" started; interval=1ms; concurrency=1
2020-09-22T16:27:59.442Z	info	app/vmalert/group.go:235	group "groupGorSingleAlert": received stop signal
2020-09-22T16:27:59.443Z	info	app/vmalert/manager.go:84	reading rules configuration file from "config/testdata/dir/rules0-bad.rules"
2020-09-22T16:27:59.443Z	info	app/vmalert/manager.go:84	reading rules configuration file from "config/testdata/rules1-good.rules"
2020-09-22T16:27:59.443Z	info	app/vmalert/manager.go:84	reading rules configuration file from "config/testdata/dir/rules1-bad.rules"
2020-09-22T16:27:59.442Z	info	app/vmalert/group.go:225	group "TestGroup" started; interval=1ms; concurrency=1
2020-09-22T16:27:59.443Z	info	app/vmalert/manager.go:84	reading rules configuration file from "config/testdata/dir/rules0-good.rules"
2020-09-22T16:27:59.443Z	info	app/vmalert/group.go:235	group "TestGroup": received stop signal
2020-09-22T16:27:59.443Z	info	app/vmalert/group.go:225	group "groupTest" started; interval=1ms; concurrency=1
2020-09-22T16:27:59.443Z	info	app/vmalert/group.go:235	group "groupTest": received stop signal
2020-09-22T16:27:59.443Z	info	app/vmalert/manager.go:84	reading rules configuration file from "config/testdata/dir/rules0-good.rules"
2020-09-22T16:27:59.443Z	info	app/vmalert/group.go:225	group "duplicatedGroupDiffFiles" started; interval=1ms; concurrency=1
2020-09-22T16:27:59.443Z	info	app/vmalert/manager.go:84	reading rules configuration file from "config/testdata/dir/rules0-bad.rules"
2020-09-22T16:27:59.443Z	info	app/vmalert/group.go:235	group "duplicatedGroupDiffFiles": received stop signal
2020-09-22T16:27:59.443Z	info	app/vmalert/manager.go:84	reading rules configuration file from "config/testdata/dir/rules0-bad.rules"
2020-09-22T16:27:59.443Z	info	app/vmalert/group.go:225	group "groupTest" started; interval=1ms; concurrency=1
2020-09-22T16:27:59.443Z	info	app/vmalert/group.go:235	group "groupTest": received stop signal
2020-09-22T16:27:59.443Z	info	app/vmalert/manager.go:84	reading rules configuration file from "config/testdata/dir/rules1-bad.rules"
2020-09-22T16:27:59.444Z	info	app/vmalert/group.go:225	group "duplicatedGroupDiffFiles" started; interval=1ms; concurrency=1
2020-09-22T16:27:59.444Z	info	app/vmalert/manager.go:84	reading rules configuration file from "config/testdata/rules1-good.rules"
2020-09-22T16:27:59.444Z	info	app/vmalert/group.go:235	group "duplicatedGroupDiffFiles": received stop signal
2020-09-22T16:27:59.444Z	info	app/vmalert/manager.go:84	reading rules configuration file from "config/testdata/dir/rules0-bad.rules"
2020-09-22T16:27:59.444Z	info	app/vmalert/group.go:225	group "groupTest" started; interval=1ms; concurrency=1
2020-09-22T16:27:59.444Z	info	app/vmalert/manager.go:84	reading rules configuration file from "config/testdata/dir/rules1-bad.rules"
2020-09-22T16:27:59.444Z	info	app/vmalert/group.go:235	group "groupTest": received stop signal
2020-09-22T16:27:59.444Z	info	app/vmalert/manager.go:84	reading rules configuration file from "config/testdata/dir/rules0-bad.rules"
2020-09-22T16:27:59.444Z	info	app/vmalert/manager.go:84	reading rules configuration file from "config/testdata/rules2-good.rules"
2020-09-22T16:27:59.444Z	info	app/vmalert/manager.go:84	reading rules configuration file from "config/testdata/dir/rules0-good.rules"
2020-09-22T16:27:59.444Z	info	app/vmalert/manager.go:84	reading rules configuration file from "config/testdata/rules2-good.rules"
2020-09-22T16:27:59.444Z	info	app/vmalert/group.go:225	group "duplicatedGroupDiffFiles" started; interval=1ms; concurrency=1
2020-09-22T16:27:59.445Z	info	app/vmalert/group.go:235	group "duplicatedGroupDiffFiles": received stop signal
2020-09-22T16:27:59.444Z	info	app/vmalert/manager.go:84	reading rules configuration file from "config/testdata/rules2-good.rules"
2020-09-22T16:27:59.445Z	info	app/vmalert/manager.go:84	reading rules configuration file from "config/testdata/rules0-good.rules"
2020-09-22T16:27:59.445Z	info	app/vmalert/manager.go:84	reading rules configuration file from "config/testdata/dir/rules1-good.rules"
2020-09-22T16:27:59.445Z	info	app/vmalert/group.go:225	group "groupTest" started; interval=1ms; concurrency=1
2020-09-22T16:27:59.445Z	info	app/vmalert/group.go:235	group "groupTest": received stop signal
2020-09-22T16:27:59.445Z	info	app/vmalert/group.go:225	group "duplicatedGroupDiffFiles" started; interval=1ms; concurrency=1
2020-09-22T16:27:59.445Z	info	app/vmalert/group.go:235	group "duplicatedGroupDiffFiles": received stop signal
2020-09-22T16:27:59.445Z	info	app/vmalert/manager.go:84	reading rules configuration file from "config/testdata/dir/rules0-good.rules"
2020-09-22T16:27:59.445Z	info	app/vmalert/manager.go:84	reading rules configuration file from "config/testdata/rules0-good.rules"
2020-09-22T16:27:59.445Z	info	app/vmalert/manager.go:84	reading rules configuration file from "config/testdata/rules1-good.rules"
2020-09-22T16:27:59.445Z	info	app/vmalert/manager.go:84	reading rules configuration file from "config/testdata/dir/rules0-bad.rules"
2020-09-22T16:27:59.445Z	info	app/vmalert/group.go:225	group "duplicatedGroupDiffFiles" started; interval=1ms; concurrency=1
2020-09-22T16:27:59.445Z	info	app/vmalert/group.go:235	group "duplicatedGroupDiffFiles": received stop signal
2020-09-22T16:27:59.445Z	info	app/vmalert/manager.go:84	reading rules configuration file from "config/testdata/rules1-good.rules"
2020-09-22T16:27:59.445Z	info	app/vmalert/manager.go:84	reading rules configuration file from "config/testdata/dir/rules0-bad.rules"
2020-09-22T16:27:59.445Z	info	app/vmalert/manager.go:84	reading rules configuration file from "config/testdata/dir/rules1-bad.rules"
2020-09-22T16:27:59.445Z	info	app/vmalert/manager.go:84	reading rules configuration file from "config/testdata/dir/rules1-good.rules"
2020-09-22T16:27:59.445Z	info	app/vmalert/group.go:225	group "duplicatedGroupDiffFiles" started; interval=1ms; concurrency=1
2020-09-22T16:27:59.445Z	info	app/vmalert/group.go:235	group "duplicatedGroupDiffFiles": received stop signal
2020-09-22T16:27:59.445Z	info	app/vmalert/manager.go:84	reading rules configuration file from "config/testdata/dir/rules0-good.rules"
2020-09-22T16:27:59.444Z	info	app/vmalert/manager.go:84	reading rules configuration file from "config/testdata/dir/rules0-good.rules"
2020-09-22T16:27:59.446Z	info	app/vmalert/manager.go:84	reading rules configuration file from "config/testdata/dir/rules0-bad.rules"
2020-09-22T16:27:59.447Z	info	app/vmalert/manager.go:84	reading rules configuration file from "config/testdata/dir/rules0-good.rules"
2020-09-22T16:27:59.446Z	info	app/vmalert/group.go:225	group "duplicatedGroupDiffFiles" started; interval=1ms; concurrency=1
2020-09-22T16:27:59.447Z	info	app/vmalert/manager.go:84	reading rules configuration file from "config/testdata/dir/rules1-bad.rules"
2020-09-22T16:27:59.447Z	info	app/vmalert/group.go:235	group "duplicatedGroupDiffFiles": received stop signal
2020-09-22T16:27:59.447Z	info	app/vmalert/manager.go:84	reading rules configuration file from "config/testdata/dir/rules0-good.rules"
2020-09-22T16:27:59.447Z	info	app/vmalert/manager.go:84	reading rules configuration file from "config/testdata/rules1-good.rules"
2020-09-22T16:27:59.447Z	info	app/vmalert/group.go:225	group "duplicatedGroupDiffFiles" started; interval=1ms; concurrency=1
2020-09-22T16:27:59.447Z	info	app/vmalert/group.go:235	group "duplicatedGroupDiffFiles": received stop signal
2020-09-22T16:27:59.447Z	info	app/vmalert/manager.go:84	reading rules configuration file from "config/testdata/dir/rules0-good.rules"
2020-09-22T16:27:59.447Z	info	app/vmalert/group.go:225	group "duplicatedGroupDiffFiles" started; interval=1ms; concurrency=1
2020-09-22T16:27:59.447Z	info	app/vmalert/group.go:235	group "duplicatedGroupDiffFiles": received stop signal
2020-09-22T16:27:59.447Z	info	app/vmalert/manager.go:84	reading rules configuration file from "config/testdata/dir/rules0-bad.rules"
2020-09-22T16:27:59.447Z	info	app/vmalert/manager.go:84	reading rules configuration file from "config/testdata/rules2-good.rules"
2020-09-22T16:27:59.447Z	info	app/vmalert/group.go:225	group "duplicatedGroupDiffFiles" started; interval=1ms; concurrency=1
2020-09-22T16:27:59.447Z	info	app/vmalert/group.go:235	group "duplicatedGroupDiffFiles": received stop signal
2020-09-22T16:27:59.447Z	info	app/vmalert/manager.go:84	reading rules configuration file from "config/testdata/dir/rules1-good.rules"
2020-09-22T16:27:59.447Z	info	app/vmalert/manager.go:84	reading rules configuration file from "config/testdata/rules1-good.rules"
2020-09-22T16:27:59.448Z	info	app/vmalert/manager.go:84	reading rules configuration file from "config/testdata/dir/rules0-bad.rules"
2020-09-22T16:27:59.448Z	info	app/vmalert/group.go:225	group "duplicatedGroupDiffFiles" started; interval=1ms; concurrency=1
2020-09-22T16:27:59.448Z	info	app/vmalert/group.go:235	group "duplicatedGroupDiffFiles": received stop signal
2020-09-22T16:27:59.448Z	info	app/vmalert/group.go:225	group "groupTest" started; interval=1ms; concurrency=1
2020-09-22T16:27:59.448Z	info	app/vmalert/manager.go:84	reading rules configuration file from "config/testdata/rules1-good.rules"
2020-09-22T16:27:59.448Z	info	app/vmalert/group.go:235	group "groupTest": received stop signal
2020-09-22T16:27:59.448Z	info	app/vmalert/manager.go:84	reading rules configuration file from "config/testdata/rules0-good.rules"
2020-09-22T16:27:59.448Z	info	app/vmalert/manager.go:84	reading rules configuration file from "config/testdata/dir/rules1-good.rules"
2020-09-22T16:27:59.448Z	info	app/vmalert/manager.go:84	reading rules configuration file from "config/testdata/rules2-good.rules"
2020-09-22T16:27:59.448Z	info	app/vmalert/manager.go:84	reading rules configuration file from "config/testdata/rules1-good.rules"
2020-09-22T16:27:59.448Z	info	app/vmalert/group.go:225	group "TestGroup" started; interval=2s; concurrency=2
2020-09-22T16:27:59.449Z	info	app/vmalert/group.go:235	group "TestGroup": received stop signal
2020-09-22T16:27:59.449Z	info	app/vmalert/manager.go:84	reading rules configuration file from "config/testdata/dir/rules0-good.rules"
2020-09-22T16:27:59.449Z	info	app/vmalert/group.go:225	group "duplicatedGroupDiffFiles" started; interval=1ms; concurrency=1
2020-09-22T16:27:59.449Z	info	app/vmalert/group.go:235	group "duplicatedGroupDiffFiles": received stop signal
2020-09-22T16:27:59.449Z	info	app/vmalert/manager.go:84	reading rules configuration file from "config/testdata/rules0-good.rules"
2020-09-22T16:27:59.449Z	info	app/vmalert/group.go:225	group "groupTest" started; interval=1ms; concurrency=1
2020-09-22T16:27:59.449Z	info	app/vmalert/manager.go:84	reading rules configuration file from "config/testdata/rules1-good.rules"
2020-09-22T16:27:59.449Z	info	app/vmalert/group.go:235	group "groupTest": received stop signal
2020-09-22T16:27:59.449Z	info	app/vmalert/manager.go:84	reading rules configuration file from "config/testdata/dir/rules0-bad.rules"
2020-09-22T16:27:59.449Z	info	app/vmalert/manager.go:84	reading rules configuration file from "config/testdata/rules0-good.rules"
2020-09-22T16:27:59.449Z	info	app/vmalert/group.go:225	group "duplicatedGroupDiffFiles" started; interval=1ms; concurrency=1
2020-09-22T16:27:59.449Z	info	app/vmalert/group.go:235	group "duplicatedGroupDiffFiles": received stop signal
2020-09-22T16:27:59.449Z	info	app/vmalert/manager.go:84	reading rules configuration file from "config/testdata/dir/rules0-bad.rules"
2020-09-22T16:27:59.449Z	info	app/vmalert/manager.go:84	reading rules configuration file from "config/testdata/dir/rules0-bad.rules"
2020-09-22T16:27:59.449Z	info	app/vmalert/manager.go:84	reading rules configuration file from "config/testdata/rules2-good.rules"
2020-09-22T16:27:59.449Z	info	app/vmalert/group.go:225	group "duplicatedGroupDiffFiles" started; interval=1ms; concurrency=1
2020-09-22T16:27:59.449Z	info	app/vmalert/group.go:235	group "duplicatedGroupDiffFiles": received stop signal
2020-09-22T16:27:59.449Z	info	app/vmalert/group.go:225	group "TestGroup" started; interval=2s; concurrency=2
2020-09-22T16:27:59.450Z	info	app/vmalert/group.go:235	group "TestGroup": received stop signal
2020-09-22T16:27:59.449Z	info	app/vmalert/manager.go:84	reading rules configuration file from "config/testdata/rules0-good.rules"
2020-09-22T16:27:59.450Z	info	app/vmalert/manager.go:84	reading rules configuration file from "config/testdata/rules1-good.rules"
2020-09-22T16:27:59.450Z	info	app/vmalert/group.go:225	group "groupTest" started; interval=1ms; concurrency=1
2020-09-22T16:27:59.450Z	info	app/vmalert/group.go:235	group "groupTest": received stop signal
2020-09-22T16:27:59.450Z	info	app/vmalert/manager.go:84	reading rules configuration file from "config/testdata/dir/rules1-bad.rules"
2020-09-22T16:27:59.450Z	info	app/vmalert/manager.go:84	reading rules configuration file from "config/testdata/dir/rules0-good.rules"
2020-09-22T16:27:59.450Z	info	app/vmalert/manager.go:84	reading rules configuration file from "config/testdata/dir/rules0-good.rules"
2020-09-22T16:27:59.450Z	info	app/vmalert/group.go:225	group "duplicatedGroupDiffFiles" started; interval=1ms; concurrency=1
2020-09-22T16:27:59.450Z	info	app/vmalert/group.go:235	group "duplicatedGroupDiffFiles": received stop signal
2020-09-22T16:27:59.450Z	info	app/vmalert/manager.go:84	reading rules configuration file from "config/testdata/dir/rules1-bad.rules"
2020-09-22T16:27:59.450Z	info	app/vmalert/manager.go:84	reading rules configuration file from "config/testdata/rules0-good.rules"
2020-09-22T16:27:59.450Z	info	app/vmalert/group.go:225	group "duplicatedGroupDiffFiles" started; interval=1ms; concurrency=1
2020-09-22T16:27:59.450Z	info	app/vmalert/group.go:235	group "duplicatedGroupDiffFiles": received stop signal
2020-09-22T16:27:59.451Z	info	app/vmalert/manager.go:84	reading rules configuration file from "config/testdata/dir/rules1-bad.rules"
2020-09-22T16:27:59.451Z	info	app/vmalert/group.go:225	group "duplicatedGroupDiffFiles" started; interval=1ms; concurrency=1
2020-09-22T16:27:59.451Z	info	app/vmalert/manager.go:84	reading rules configuration file from "config/testdata/rules1-good.rules"
2020-09-22T16:27:59.451Z	info	app/vmalert/group.go:235	group "duplicatedGroupDiffFiles": received stop signal
2020-09-22T16:27:59.451Z	info	app/vmalert/manager.go:84	reading rules configuration file from "config/testdata/dir/rules1-good.rules"
2020-09-22T16:27:59.451Z	info	app/vmalert/group.go:225	group "TestGroup" started; interval=2s; concurrency=2
2020-09-22T16:27:59.451Z	info	app/vmalert/group.go:235	group "TestGroup": received stop signal
2020-09-22T16:27:59.451Z	info	app/vmalert/manager.go:84	reading rules configuration file from "config/testdata/rules2-good.rules"
2020-09-22T16:27:59.451Z	info	app/vmalert/group.go:225	group "groupTest" started; interval=1ms; concurrency=1
2020-09-22T16:27:59.451Z	info	app/vmalert/group.go:235	group "groupTest": received stop signal
2020-09-22T16:27:59.451Z	info	app/vmalert/group.go:225	group "duplicatedGroupDiffFiles" started; interval=1ms; concurrency=1
2020-09-22T16:27:59.451Z	info	app/vmalert/group.go:235	group "duplicatedGroupDiffFiles": received stop signal
2020-09-22T16:27:59.451Z	info	app/vmalert/manager.go:84	reading rules configuration file from "config/testdata/dir/rules0-bad.rules"
2020-09-22T16:27:59.452Z	info	app/vmalert/manager.go:84	reading rules configuration file from "config/testdata/rules1-good.rules"
2020-09-22T16:27:59.452Z	info	app/vmalert/group.go:225	group "duplicatedGroupDiffFiles" started; interval=1ms; concurrency=1
2020-09-22T16:27:59.452Z	info	app/vmalert/group.go:235	group "duplicatedGroupDiffFiles": received stop signal
2020-09-22T16:27:59.452Z	info	app/vmalert/manager.go:84	reading rules configuration file from "config/testdata/rules2-good.rules"
2020-09-22T16:27:59.452Z	info	app/vmalert/group.go:225	group "duplicatedGroupDiffFiles" started; interval=1ms; concurrency=1
2020-09-22T16:27:59.452Z	info	app/vmalert/group.go:235	group "duplicatedGroupDiffFiles": received stop signal
2020-09-22T16:27:59.452Z	info	app/vmalert/group.go:225	group "duplicatedGroupDiffFiles" started; interval=1ms; concurrency=1
2020-09-22T16:27:59.452Z	info	app/vmalert/manager.go:84	reading rules configuration file from "config/testdata/dir/rules0-bad.rules"
2020-09-22T16:27:59.452Z	info	app/vmalert/group.go:235	group "duplicatedGroupDiffFiles": received stop signal
2020-09-22T16:27:59.452Z	info	app/vmalert/group.go:225	group "TestGroup" started; interval=2s; concurrency=2
2020-09-22T16:27:59.452Z	info	app/vmalert/group.go:235	group "TestGroup": received stop signal
2020-09-22T16:27:59.452Z	info	app/vmalert/manager.go:84	reading rules configuration file from "config/testdata/dir/rules0-bad.rules"
2020-09-22T16:27:59.452Z	info	app/vmalert/manager.go:84	reading rules configuration file from "config/testdata/dir/rules1-bad.rules"
2020-09-22T16:27:59.452Z	info	app/vmalert/manager.go:84	reading rules configuration file from "config/testdata/rules0-good.rules"
2020-09-22T16:27:59.452Z	info	app/vmalert/group.go:225	group "groupTest" started; interval=1ms; concurrency=1
2020-09-22T16:27:59.452Z	info	app/vmalert/manager.go:84	reading rules configuration file from "config/testdata/rules0-good.rules"
2020-09-22T16:27:59.452Z	info	app/vmalert/manager.go:84	reading rules configuration file from "config/testdata/dir/rules0-bad.rules"
2020-09-22T16:27:59.452Z	info	app/vmalert/manager.go:84	reading rules configuration file from "config/testdata/dir/rules1-bad.rules"
2020-09-22T16:27:59.452Z	info	app/vmalert/group.go:235	group "groupTest": received stop signal
2020-09-22T16:27:59.453Z	info	app/vmalert/manager.go:84	reading rules configuration file from "config/testdata/dir/rules0-bad.rules"
2020-09-22T16:27:59.453Z	info	app/vmalert/manager.go:84	reading rules configuration file from "config/testdata/dir/rules0-bad.rules"
2020-09-22T16:27:59.453Z	info	app/vmalert/manager.go:84	reading rules configuration file from "config/testdata/dir/rules1-bad.rules"
2020-09-22T16:27:59.453Z	info	app/vmalert/group.go:225	group "duplicatedGroupDiffFiles" started; interval=1ms; concurrency=1
2020-09-22T16:27:59.453Z	info	app/vmalert/group.go:235	group "duplicatedGroupDiffFiles": received stop signal
2020-09-22T16:27:59.453Z	info	app/vmalert/manager.go:84	reading rules configuration file from "config/testdata/dir/rules1-bad.rules"
2020-09-22T16:27:59.453Z	info	app/vmalert/group.go:225	group "groupGorSingleAlert" started; interval=1ms; concurrency=1
2020-09-22T16:27:59.453Z	info	app/vmalert/group.go:235	group "groupGorSingleAlert": received stop signal
2020-09-22T16:27:59.453Z	info	app/vmalert/group.go:225	group "TestGroup" started; interval=1ms; concurrency=1
2020-09-22T16:27:59.453Z	info	app/vmalert/group.go:235	group "TestGroup": received stop signal
2020-09-22T16:27:59.453Z	info	app/vmalert/manager.go:84	reading rules configuration file from "config/testdata/dir/rules0-bad.rules"
2020-09-22T16:27:59.453Z	info	app/vmalert/manager.go:84	reading rules configuration file from "config/testdata/rules2-good.rules"
2020-09-22T16:27:59.453Z	info	app/vmalert/manager.go:84	reading rules configuration file from "config/testdata/rules0-good.rules"
2020-09-22T16:27:59.453Z	info	app/vmalert/manager.go:84	reading rules configuration file from "config/testdata/dir/rules1-bad.rules"
2020-09-22T16:27:59.453Z	info	app/vmalert/group.go:225	group "TestGroup" started; interval=2s; concurrency=2
2020-09-22T16:27:59.453Z	info	app/vmalert/manager.go:84	reading rules configuration file from "config/testdata/rules1-good.rules"
2020-09-22T16:27:59.453Z	info	app/vmalert/group.go:235	group "TestGroup": received stop signal
2020-09-22T16:27:59.454Z	info	app/vmalert/group.go:225	group "duplicatedGroupDiffFiles" started; interval=1ms; concurrency=1
2020-09-22T16:27:59.454Z	info	app/vmalert/group.go:235	group "duplicatedGroupDiffFiles": received stop signal
2020-09-22T16:27:59.454Z	info	app/vmalert/manager.go:84	reading rules configuration file from "config/testdata/dir/rules1-good.rules"
2020-09-22T16:27:59.454Z	info	app/vmalert/manager.go:84	reading rules configuration file from "config/testdata/rules0-good.rules"
2020-09-22T16:27:59.454Z	info	app/vmalert/group.go:225	group "duplicatedGroupDiffFiles" started; interval=1ms; concurrency=1
2020-09-22T16:27:59.454Z	info	app/vmalert/manager.go:84	reading rules configuration file from "config/testdata/dir/rules1-good.rules"
2020-09-22T16:27:59.454Z	info	app/vmalert/group.go:235	group "duplicatedGroupDiffFiles": received stop signal
2020-09-22T16:27:59.454Z	info	app/vmalert/group.go:225	group "groupTest" started; interval=1ms; concurrency=1
2020-09-22T16:27:59.454Z	info	app/vmalert/group.go:235	group "groupTest": received stop signal
2020-09-22T16:27:59.454Z	info	app/vmalert/manager.go:84	reading rules configuration file from "config/testdata/dir/rules0-bad.rules"
2020-09-22T16:27:59.454Z	info	app/vmalert/manager.go:84	reading rules configuration file from "config/testdata/dir/rules1-bad.rules"
2020-09-22T16:27:59.454Z	info	app/vmalert/manager.go:84	reading rules configuration file from "config/testdata/rules0-good.rules"
2020-09-22T16:27:59.454Z	info	app/vmalert/manager.go:84	reading rules configuration file from "config/testdata/rules2-good.rules"
2020-09-22T16:27:59.454Z	info	app/vmalert/group.go:225	group "duplicatedGroupDiffFiles" started; interval=1ms; concurrency=1
2020-09-22T16:27:59.454Z	info	app/vmalert/group.go:235	group "duplicatedGroupDiffFiles": received stop signal
2020-09-22T16:27:59.454Z	info	app/vmalert/manager.go:84	reading rules configuration file from "config/testdata/rules1-good.rules"
2020-09-22T16:27:59.454Z	info	app/vmalert/group.go:225	group "groupTest" started; interval=1ms; concurrency=1
2020-09-22T16:27:59.454Z	info	app/vmalert/group.go:235	group "groupTest": received stop signal
2020-09-22T16:27:59.454Z	info	app/vmalert/group.go:225	group "duplicatedGroupDiffFiles" started; interval=1ms; concurrency=1
2020-09-22T16:27:59.454Z	info	app/vmalert/group.go:235	group "duplicatedGroupDiffFiles": received stop signal
2020-09-22T16:27:59.454Z	info	app/vmalert/manager.go:84	reading rules configuration file from "config/testdata/dir/rules1-bad.rules"
2020-09-22T16:27:59.455Z	info	app/vmalert/group.go:225	group "duplicatedGroupDiffFiles" started; interval=1ms; concurrency=1
2020-09-22T16:27:59.455Z	info	app/vmalert/group.go:235	group "duplicatedGroupDiffFiles": received stop signal
2020-09-22T16:27:59.455Z	info	app/vmalert/manager.go:84	reading rules configuration file from "config/testdata/rules1-good.rules"
2020-09-22T16:27:59.455Z	info	app/vmalert/manager.go:84	reading rules configuration file from "config/testdata/dir/rules0-good.rules"
2020-09-22T16:27:59.455Z	info	app/vmalert/manager.go:84	reading rules configuration file from "config/testdata/rules0-good.rules"
2020-09-22T16:27:59.455Z	info	app/vmalert/manager.go:84	reading rules configuration file from "config/testdata/dir/rules0-bad.rules"
2020-09-22T16:27:59.455Z	info	app/vmalert/group.go:225	group "TestGroup" started; interval=2s; concurrency=2
2020-09-22T16:27:59.455Z	info	app/vmalert/manager.go:84	reading rules configuration file from "config/testdata/dir/rules1-good.rules"
2020-09-22T16:27:59.455Z	info	app/vmalert/group.go:235	group "TestGroup": received stop signal
2020-09-22T16:27:59.455Z	info	app/vmalert/manager.go:84	reading rules configuration file from "config/testdata/dir/rules1-bad.rules"
2020-09-22T16:27:59.456Z	info	app/vmalert/group.go:225	group "duplicatedGroupDiffFiles" started; interval=1ms; concurrency=1
2020-09-22T16:27:59.456Z	info	app/vmalert/group.go:235	group "duplicatedGroupDiffFiles": received stop signal
2020-09-22T16:27:59.456Z	info	app/vmalert/manager.go:84	reading rules configuration file from "config/testdata/rules0-good.rules"
2020-09-22T16:27:59.455Z	info	app/vmalert/manager.go:84	reading rules configuration file from "config/testdata/dir/rules1-good.rules"
2020-09-22T16:27:59.456Z	info	app/vmalert/manager.go:84	reading rules configuration file from "config/testdata/rules0-good.rules"
2020-09-22T16:27:59.456Z	info	app/vmalert/manager.go:84	reading rules configuration file from "config/testdata/dir/rules0-good.rules"
2020-09-22T16:27:59.456Z	info	app/vmalert/manager.go:84	reading rules configuration file from "config/testdata/rules0-good.rules"
2020-09-22T16:27:59.456Z	info	app/vmalert/group.go:225	group "TestGroup" started; interval=2s; concurrency=2
2020-09-22T16:27:59.457Z	info	app/vmalert/group.go:235	group "TestGroup": received stop signal
2020-09-22T16:27:59.457Z	info	app/vmalert/manager.go:84	reading rules configuration file from "config/testdata/rules2-good.rules"
2020-09-22T16:27:59.457Z	info	app/vmalert/manager.go:84	reading rules configuration file from "config/testdata/rules2-good.rules"
2020-09-22T16:27:59.457Z	info	app/vmalert/manager.go:84	reading rules configuration file from "config/testdata/rules1-good.rules"
2020-09-22T16:27:59.457Z	info	app/vmalert/group.go:225	group "duplicatedGroupDiffFiles" started; interval=1ms; concurrency=1
2020-09-22T16:27:59.457Z	info	app/vmalert/manager.go:84	reading rules configuration file from "config/testdata/dir/rules1-bad.rules"
2020-09-22T16:27:59.457Z	info	app/vmalert/group.go:235	group "duplicatedGroupDiffFiles": received stop signal
2020-09-22T16:27:59.457Z	info	app/vmalert/manager.go:84	reading rules configuration file from "config/testdata/dir/rules0-bad.rules"
2020-09-22T16:27:59.457Z	info	app/vmalert/group.go:225	group "TestGroup" started; interval=2s; concurrency=2
2020-09-22T16:27:59.457Z	info	app/vmalert/group.go:235	group "TestGroup": received stop signal
2020-09-22T16:27:59.457Z	info	app/vmalert/group.go:225	group "duplicatedGroupDiffFiles" started; interval=1ms; concurrency=1
2020-09-22T16:27:59.457Z	info	app/vmalert/manager.go:84	reading rules configuration file from "config/testdata/dir/rules0-good.rules"
2020-09-22T16:27:59.457Z	info	app/vmalert/group.go:235	group "duplicatedGroupDiffFiles": received stop signal
2020-09-22T16:27:59.458Z	info	app/vmalert/group.go:225	group "groupGorSingleAlert" started; interval=1ms; concurrency=1
2020-09-22T16:27:59.458Z	info	app/vmalert/group.go:225	group "TestGroup" started; interval=1ms; concurrency=1
2020-09-22T16:27:59.458Z	info	app/vmalert/manager.go:84	reading rules configuration file from "config/testdata/dir/rules0-bad.rules"
2020-09-22T16:27:59.458Z	info	app/vmalert/manager.go:84	reading rules configuration file from "config/testdata/rules1-good.rules"
2020-09-22T16:27:59.458Z	info	app/vmalert/group.go:235	group "groupGorSingleAlert": received stop signal
2020-09-22T16:27:59.458Z	info	app/vmalert/manager.go:84	reading rules configuration file from "config/testdata/dir/rules0-bad.rules"
2020-09-22T16:27:59.458Z	info	app/vmalert/group.go:235	group "TestGroup": received stop signal
2020-09-22T16:27:59.458Z	info	app/vmalert/manager.go:84	reading rules configuration file from "config/testdata/rules0-good.rules"
2020-09-22T16:27:59.458Z	info	app/vmalert/group.go:225	group "duplicatedGroupDiffFiles" started; interval=1ms; concurrency=1
2020-09-22T16:27:59.458Z	info	app/vmalert/group.go:235	group "duplicatedGroupDiffFiles": received stop signal
2020-09-22T16:27:59.458Z	info	app/vmalert/group.go:225	group "duplicatedGroupDiffFiles" started; interval=1ms; concurrency=1
2020-09-22T16:27:59.458Z	info	app/vmalert/manager.go:84	reading rules configuration file from "config/testdata/dir/rules0-good.rules"
2020-09-22T16:27:59.459Z	info	app/vmalert/group.go:235	group "duplicatedGroupDiffFiles": received stop signal
2020-09-22T16:27:59.459Z	info	app/vmalert/group.go:225	group "duplicatedGroupDiffFiles" started; interval=1ms; concurrency=1
2020-09-22T16:27:59.459Z	info	app/vmalert/group.go:235	group "duplicatedGroupDiffFiles": received stop signal
2020-09-22T16:27:59.459Z	info	app/vmalert/manager.go:84	reading rules configuration file from "config/testdata/dir/rules1-good.rules"
2020-09-22T16:27:59.459Z	info	app/vmalert/manager.go:84	reading rules configuration file from "config/testdata/rules1-good.rules"
2020-09-22T16:27:59.459Z	info	app/vmalert/group.go:225	group "groupTest" started; interval=1ms; concurrency=1
2020-09-22T16:27:59.459Z	info	app/vmalert/manager.go:84	reading rules configuration file from "config/testdata/rules1-good.rules"
2020-09-22T16:27:59.459Z	info	app/vmalert/manager.go:84	reading rules configuration file from "config/testdata/dir/rules0-good.rules"
2020-09-22T16:27:59.459Z	info	app/vmalert/group.go:235	group "groupTest": received stop signal
2020-09-22T16:27:59.459Z	info	app/vmalert/manager.go:84	reading rules configuration file from "config/testdata/rules2-good.rules"
2020-09-22T16:27:59.459Z	info	app/vmalert/group.go:225	group "groupGorSingleAlert" started; interval=1ms; concurrency=1
2020-09-22T16:27:59.459Z	info	app/vmalert/group.go:225	group "TestGroup" started; interval=1ms; concurrency=1
2020-09-22T16:27:59.459Z	info	app/vmalert/group.go:235	group "groupGorSingleAlert": received stop signal
2020-09-22T16:27:59.459Z	info	app/vmalert/group.go:235	group "TestGroup": received stop signal
2020-09-22T16:27:59.460Z	info	app/vmalert/manager.go:84	reading rules configuration file from "config/testdata/rules0-good.rules"
2020-09-22T16:27:59.460Z	info	app/vmalert/group.go:225	group "duplicatedGroupDiffFiles" started; interval=1ms; concurrency=1
2020-09-22T16:27:59.460Z	info	app/vmalert/group.go:235	group "duplicatedGroupDiffFiles": received stop signal
2020-09-22T16:27:59.460Z	info	app/vmalert/manager.go:84	reading rules configuration file from "config/testdata/dir/rules1-bad.rules"
2020-09-22T16:27:59.460Z	info	app/vmalert/manager.go:84	reading rules configuration file from "config/testdata/dir/rules0-good.rules"
2020-09-22T16:27:59.460Z	info	app/vmalert/group.go:225	group "groupTest" started; interval=1ms; concurrency=1
2020-09-22T16:27:59.460Z	info	app/vmalert/group.go:235	group "groupTest": received stop signal
2020-09-22T16:27:59.460Z	info	app/vmalert/manager.go:84	reading rules configuration file from "config/testdata/dir/rules1-bad.rules"
2020-09-22T16:27:59.460Z	info	app/vmalert/group.go:225	group "duplicatedGroupDiffFiles" started; interval=1ms; concurrency=1
2020-09-22T16:27:59.460Z	info	app/vmalert/manager.go:84	reading rules configuration file from "config/testdata/dir/rules0-good.rules"
2020-09-22T16:27:59.460Z	info	app/vmalert/group.go:235	group "duplicatedGroupDiffFiles": received stop signal
2020-09-22T16:27:59.460Z	info	app/vmalert/manager.go:84	reading rules configuration file from "config/testdata/rules0-good.rules"
2020-09-22T16:27:59.460Z	info	app/vmalert/group.go:225	group "groupTest" started; interval=1ms; concurrency=1
2020-09-22T16:27:59.460Z	info	app/vmalert/manager.go:84	reading rules configuration file from "config/testdata/dir/rules0-bad.rules"
2020-09-22T16:27:59.460Z	info	app/vmalert/manager.go:84	reading rules configuration file from "config/testdata/dir/rules1-bad.rules"
2020-09-22T16:27:59.461Z	info	app/vmalert/group.go:235	group "groupTest": received stop signal
2020-09-22T16:27:59.461Z	info	app/vmalert/manager.go:84	reading rules configuration file from "config/testdata/dir/rules0-bad.rules"
2020-09-22T16:27:59.461Z	info	app/vmalert/group.go:225	group "duplicatedGroupDiffFiles" started; interval=1ms; concurrency=1
2020-09-22T16:27:59.461Z	info	app/vmalert/group.go:235	group "duplicatedGroupDiffFiles": received stop signal
2020-09-22T16:27:59.461Z	info	app/vmalert/manager.go:84	reading rules configuration file from "config/testdata/rules0-good.rules"
2020-09-22T16:27:59.461Z	info	app/vmalert/group.go:225	group "groupTest" started; interval=1ms; concurrency=1
2020-09-22T16:27:59.461Z	info	app/vmalert/group.go:235	group "groupTest": received stop signal
2020-09-22T16:27:59.461Z	info	app/vmalert/group.go:225	group "TestGroup" started; interval=1ms; concurrency=1
2020-09-22T16:27:59.461Z	info	app/vmalert/manager.go:84	reading rules configuration file from "config/testdata/rules0-good.rules"
2020-09-22T16:27:59.461Z	info	app/vmalert/group.go:235	group "TestGroup": received stop signal
2020-09-22T16:27:59.461Z	info	app/vmalert/group.go:225	group "groupGorSingleAlert" started; interval=1ms; concurrency=1
2020-09-22T16:27:59.462Z	info	app/vmalert/group.go:235	group "groupGorSingleAlert": received stop signal
2020-09-22T16:27:59.462Z	info	app/vmalert/manager.go:84	reading rules configuration file from "config/testdata/dir/rules1-bad.rules"
2020-09-22T16:27:59.462Z	info	app/vmalert/group.go:225	group "groupTest" started; interval=1ms; concurrency=1
2020-09-22T16:27:59.462Z	info	app/vmalert/group.go:235	group "groupTest": received stop signal
2020-09-22T16:27:59.462Z	info	app/vmalert/manager.go:84	reading rules configuration file from "config/testdata/dir/rules0-good.rules"
2020-09-22T16:27:59.462Z	info	app/vmalert/group.go:225	group "duplicatedGroupDiffFiles" started; interval=1ms; concurrency=1
2020-09-22T16:27:59.462Z	info	app/vmalert/group.go:235	group "duplicatedGroupDiffFiles": received stop signal
2020-09-22T16:27:59.462Z	info	app/vmalert/manager.go:84	reading rules configuration file from "config/testdata/dir/rules0-good.rules"
2020-09-22T16:27:59.462Z	info	app/vmalert/manager.go:84	reading rules configuration file from "config/testdata/dir/rules1-good.rules"
2020-09-22T16:27:59.462Z	info	app/vmalert/manager.go:84	reading rules configuration file from "config/testdata/dir/rules0-bad.rules"
2020-09-22T16:27:59.462Z	info	app/vmalert/manager.go:84	reading rules configuration file from "config/testdata/dir/rules1-good.rules"
2020-09-22T16:27:59.462Z	info	app/vmalert/group.go:225	group "groupGorSingleAlert" started; interval=1ms; concurrency=1
2020-09-22T16:27:59.462Z	info	app/vmalert/group.go:225	group "TestGroup" started; interval=1ms; concurrency=1
2020-09-22T16:27:59.462Z	info	app/vmalert/group.go:235	group "TestGroup": received stop signal
2020-09-22T16:27:59.462Z	info	app/vmalert/group.go:235	group "groupGorSingleAlert": received stop signal
2020-09-22T16:27:59.462Z	info	app/vmalert/group.go:225	group "groupTest" started; interval=1ms; concurrency=1
2020-09-22T16:27:59.462Z	info	app/vmalert/manager.go:84	reading rules configuration file from "config/testdata/dir/rules0-bad.rules"
2020-09-22T16:27:59.462Z	info	app/vmalert/group.go:235	group "groupTest": received stop signal
2020-09-22T16:27:59.462Z	info	app/vmalert/manager.go:84	reading rules configuration file from "config/testdata/rules0-good.rules"
2020-09-22T16:27:59.462Z	info	app/vmalert/group.go:225	group "duplicatedGroupDiffFiles" started; interval=1ms; concurrency=1
2020-09-22T16:27:59.462Z	info	app/vmalert/manager.go:84	reading rules configuration file from "config/testdata/dir/rules0-good.rules"
2020-09-22T16:27:59.462Z	info	app/vmalert/group.go:235	group "duplicatedGroupDiffFiles": received stop signal
2020-09-22T16:27:59.462Z	info	app/vmalert/manager.go:84	reading rules configuration file from "config/testdata/rules2-good.rules"
2020-09-22T16:27:59.462Z	info	app/vmalert/manager.go:84	reading rules configuration file from "config/testdata/dir/rules1-bad.rules"
2020-09-22T16:27:59.462Z	info	app/vmalert/manager.go:84	reading rules configuration file from "config/testdata/dir/rules0-good.rules"
2020-09-22T16:27:59.463Z	info	app/vmalert/manager.go:84	reading rules configuration file from "config/testdata/rules1-good.rules"
2020-09-22T16:27:59.463Z	info	app/vmalert/group.go:225	group "TestGroup" started; interval=1ms; concurrency=1
2020-09-22T16:27:59.463Z	info	app/vmalert/group.go:225	group "groupGorSingleAlert" started; interval=1ms; concurrency=1
2020-09-22T16:27:59.462Z	info	app/vmalert/manager.go:84	reading rules configuration file from "config/testdata/dir/rules0-bad.rules"
2020-09-22T16:27:59.462Z	info	app/vmalert/manager.go:84	reading rules configuration file from "config/testdata/dir/rules0-bad.rules"
2020-09-22T16:27:59.464Z	info	app/vmalert/group.go:235	group "groupGorSingleAlert": received stop signal
2020-09-22T16:27:59.464Z	info	app/vmalert/group.go:235	group "TestGroup": received stop signal
2020-09-22T16:27:59.464Z	info	app/vmalert/manager.go:84	reading rules configuration file from "config/testdata/dir/rules1-bad.rules"
2020-09-22T16:27:59.464Z	info	app/vmalert/group.go:225	group "TestGroup" started; interval=2s; concurrency=2
2020-09-22T16:27:59.464Z	info	app/vmalert/manager.go:84	reading rules configuration file from "config/testdata/dir/rules1-good.rules"
2020-09-22T16:27:59.464Z	info	app/vmalert/group.go:235	group "TestGroup": received stop signal
2020-09-22T16:27:59.464Z	info	app/vmalert/manager.go:84	reading rules configuration file from "config/testdata/rules1-good.rules"
2020-09-22T16:27:59.464Z	info	app/vmalert/manager.go:84	reading rules configuration file from "config/testdata/dir/rules1-good.rules"
2020-09-22T16:27:59.464Z	info	app/vmalert/manager.go:84	reading rules configuration file from "config/testdata/rules0-good.rules"
2020-09-22T16:27:59.464Z	info	app/vmalert/manager.go:84	reading rules configuration file from "config/testdata/dir/rules1-good.rules"
2020-09-22T16:27:59.464Z	info	app/vmalert/group.go:225	group "duplicatedGroupDiffFiles" started; interval=1ms; concurrency=1
2020-09-22T16:27:59.465Z	info	app/vmalert/manager.go:84	reading rules configuration file from "config/testdata/dir/rules0-bad.rules"
2020-09-22T16:27:59.465Z	info	app/vmalert/group.go:235	group "duplicatedGroupDiffFiles": received stop signal
2020-09-22T16:27:59.465Z	info	app/vmalert/manager.go:84	reading rules configuration file from "config/testdata/rules1-good.rules"
2020-09-22T16:27:59.465Z	info	app/vmalert/group.go:225	group "duplicatedGroupDiffFiles" started; interval=1ms; concurrency=1
2020-09-22T16:27:59.465Z	info	app/vmalert/group.go:235	group "duplicatedGroupDiffFiles": received stop signal
2020-09-22T16:27:59.465Z	info	app/vmalert/manager.go:84	reading rules configuration file from "config/testdata/rules1-good.rules"
2020-09-22T16:27:59.465Z	info	app/vmalert/manager.go:84	reading rules configuration file from "config/testdata/dir/rules1-bad.rules"
2020-09-22T16:27:59.465Z	info	app/vmalert/group.go:225	group "TestGroup" started; interval=2s; concurrency=2
2020-09-22T16:27:59.465Z	info	app/vmalert/manager.go:84	reading rules configuration file from "config/testdata/dir/rules1-good.rules"
2020-09-22T16:27:59.465Z	info	app/vmalert/group.go:235	group "TestGroup": received stop signal
2020-09-22T16:27:59.465Z	info	app/vmalert/manager.go:84	reading rules configuration file from "config/testdata/rules2-good.rules"
2020-09-22T16:27:59.465Z	info	app/vmalert/group.go:225	group "duplicatedGroupDiffFiles" started; interval=1ms; concurrency=1
2020-09-22T16:27:59.466Z	info	app/vmalert/manager.go:84	reading rules configuration file from "config/testdata/dir/rules1-good.rules"
2020-09-22T16:27:59.466Z	info	app/vmalert/group.go:235	group "duplicatedGroupDiffFiles": received stop signal
2020-09-22T16:27:59.466Z	info	app/vmalert/manager.go:84	reading rules configuration file from "config/testdata/rules0-good.rules"
2020-09-22T16:27:59.466Z	info	app/vmalert/group.go:225	group "groupTest" started; interval=1ms; concurrency=1
2020-09-22T16:27:59.466Z	info	app/vmalert/group.go:235	group "groupTest": received stop signal
2020-09-22T16:27:59.466Z	info	app/vmalert/manager.go:84	reading rules configuration file from "config/testdata/dir/rules0-bad.rules"
2020-09-22T16:27:59.466Z	info	app/vmalert/manager.go:84	reading rules configuration file from "config/testdata/dir/rules0-bad.rules"
2020-09-22T16:27:59.466Z	info	app/vmalert/group.go:225	group "duplicatedGroupDiffFiles" started; interval=1ms; concurrency=1
2020-09-22T16:27:59.466Z	info	app/vmalert/group.go:235	group "duplicatedGroupDiffFiles": received stop signal
2020-09-22T16:27:59.466Z	info	app/vmalert/manager.go:84	reading rules configuration file from "config/testdata/rules0-good.rules"
2020-09-22T16:27:59.466Z	info	app/vmalert/group.go:225	group "groupGorSingleAlert" started; interval=1ms; concurrency=1
2020-09-22T16:27:59.466Z	info	app/vmalert/group.go:225	group "TestGroup" started; interval=1ms; concurrency=1
2020-09-22T16:27:59.466Z	info	app/vmalert/manager.go:84	reading rules configuration file from "config/testdata/dir/rules0-good.rules"
2020-09-22T16:27:59.466Z	info	app/vmalert/group.go:235	group "TestGroup": received stop signal
2020-09-22T16:27:59.466Z	info	app/vmalert/group.go:235	group "groupGorSingleAlert": received stop signal
2020-09-22T16:27:59.467Z	info	app/vmalert/manager.go:84	reading rules configuration file from "config/testdata/dir/rules1-good.rules"
2020-09-22T16:27:59.467Z	info	app/vmalert/group.go:225	group "duplicatedGroupDiffFiles" started; interval=1ms; concurrency=1
2020-09-22T16:27:59.467Z	info	app/vmalert/group.go:235	group "duplicatedGroupDiffFiles": received stop signal
2020-09-22T16:27:59.467Z	info	app/vmalert/group.go:225	group "TestGroup" started; interval=2s; concurrency=2
2020-09-22T16:27:59.467Z	info	app/vmalert/group.go:235	group "TestGroup": received stop signal
2020-09-22T16:27:59.467Z	info	app/vmalert/manager.go:84	reading rules configuration file from "config/testdata/dir/rules0-bad.rules"
2020-09-22T16:27:59.467Z	info	app/vmalert/manager.go:84	reading rules configuration file from "config/testdata/dir/rules1-good.rules"
2020-09-22T16:27:59.467Z	info	app/vmalert/group.go:225	group "groupTest" started; interval=1ms; concurrency=1
2020-09-22T16:27:59.467Z	info	app/vmalert/manager.go:84	reading rules configuration file from "config/testdata/dir/rules1-bad.rules"
2020-09-22T16:27:59.467Z	info	app/vmalert/group.go:235	group "groupTest": received stop signal
2020-09-22T16:27:59.467Z	info	app/vmalert/group.go:225	group "duplicatedGroupDiffFiles" started; interval=1ms; concurrency=1
2020-09-22T16:27:59.467Z	info	app/vmalert/manager.go:84	reading rules configuration file from "config/testdata/dir/rules0-good.rules"
2020-09-22T16:27:59.467Z	info	app/vmalert/group.go:235	group "duplicatedGroupDiffFiles": received stop signal
2020-09-22T16:27:59.467Z	info	app/vmalert/group.go:225	group "duplicatedGroupDiffFiles" started; interval=1ms; concurrency=1
2020-09-22T16:27:59.467Z	info	app/vmalert/group.go:235	group "duplicatedGroupDiffFiles": received stop signal
2020-09-22T16:27:59.467Z	info	app/vmalert/manager.go:84	reading rules configuration file from "config/testdata/rules2-good.rules"
2020-09-22T16:27:59.467Z	info	app/vmalert/group.go:225	group "groupGorSingleAlert" started; interval=1ms; concurrency=1
2020-09-22T16:27:59.468Z	info	app/vmalert/group.go:235	group "groupGorSingleAlert": received stop signal
2020-09-22T16:27:59.467Z	info	app/vmalert/manager.go:84	reading rules configuration file from "config/testdata/rules0-good.rules"
2020-09-22T16:27:59.467Z	info	app/vmalert/group.go:225	group "TestGroup" started; interval=1ms; concurrency=1
2020-09-22T16:27:59.468Z	info	app/vmalert/manager.go:84	reading rules configuration file from "config/testdata/dir/rules1-bad.rules"
2020-09-22T16:27:59.468Z	info	app/vmalert/group.go:235	group "TestGroup": received stop signal
2020-09-22T16:27:59.468Z	info	app/vmalert/group.go:225	group "duplicatedGroupDiffFiles" started; interval=1ms; concurrency=1
2020-09-22T16:27:59.468Z	info	app/vmalert/manager.go:84	reading rules configuration file from "config/testdata/rules0-good.rules"
2020-09-22T16:27:59.468Z	info	app/vmalert/group.go:235	group "duplicatedGroupDiffFiles": received stop signal
2020-09-22T16:27:59.468Z	info	app/vmalert/group.go:225	group "duplicatedGroupDiffFiles" started; interval=1ms; concurrency=1
2020-09-22T16:27:59.468Z	info	app/vmalert/manager.go:84	reading rules configuration file from "config/testdata/rules0-good.rules"
2020-09-22T16:27:59.468Z	info	app/vmalert/manager.go:84	reading rules configuration file from "config/testdata/rules1-good.rules"
2020-09-22T16:27:59.468Z	info	app/vmalert/group.go:235	group "duplicatedGroupDiffFiles": received stop signal
2020-09-22T16:27:59.468Z	info	app/vmalert/manager.go:84	reading rules configuration file from "config/testdata/rules0-good.rules"
2020-09-22T16:27:59.468Z	info	app/vmalert/group.go:225	group "TestGroup" started; interval=1ms; concurrency=1
2020-09-22T16:27:59.468Z	info	app/vmalert/group.go:225	group "groupGorSingleAlert" started; interval=1ms; concurrency=1
2020-09-22T16:27:59.468Z	info	app/vmalert/manager.go:84	reading rules configuration file from "config/testdata/dir/rules0-good.rules"
2020-09-22T16:27:59.468Z	info	app/vmalert/group.go:235	group "groupGorSingleAlert": received stop signal
2020-09-22T16:27:59.469Z	info	app/vmalert/group.go:235	group "TestGroup": received stop signal
2020-09-22T16:27:59.469Z	info	app/vmalert/group.go:225	group "duplicatedGroupDiffFiles" started; interval=1ms; concurrency=1
2020-09-22T16:27:59.469Z	info	app/vmalert/group.go:235	group "duplicatedGroupDiffFiles": received stop signal
2020-09-22T16:27:59.469Z	info	app/vmalert/manager.go:84	reading rules configuration file from "config/testdata/rules2-good.rules"
2020-09-22T16:27:59.469Z	info	app/vmalert/manager.go:84	reading rules configuration file from "config/testdata/dir/rules1-bad.rules"
2020-09-22T16:27:59.469Z	info	app/vmalert/group.go:225	group "groupTest" started; interval=1ms; concurrency=1
2020-09-22T16:27:59.469Z	info	app/vmalert/group.go:235	group "groupTest": received stop signal
2020-09-22T16:27:59.469Z	info	app/vmalert/manager.go:84	reading rules configuration file from "config/testdata/dir/rules0-good.rules"
2020-09-22T16:27:59.469Z	info	app/vmalert/group.go:225	group "duplicatedGroupDiffFiles" started; interval=1ms; concurrency=1
2020-09-22T16:27:59.469Z	info	app/vmalert/group.go:235	group "duplicatedGroupDiffFiles": received stop signal
2020-09-22T16:27:59.469Z	info	app/vmalert/group.go:225	group "TestGroup" started; interval=2s; concurrency=2
2020-09-22T16:27:59.469Z	info	app/vmalert/manager.go:84	reading rules configuration file from "config/testdata/dir/rules1-good.rules"
2020-09-22T16:27:59.469Z	info	app/vmalert/group.go:235	group "TestGroup": received stop signal
2020-09-22T16:27:59.469Z	info	app/vmalert/manager.go:84	reading rules configuration file from "config/testdata/rules1-good.rules"
2020-09-22T16:27:59.470Z	info	app/vmalert/group.go:225	group "duplicatedGroupDiffFiles" started; interval=1ms; concurrency=1
2020-09-22T16:27:59.470Z	info	app/vmalert/group.go:235	group "duplicatedGroupDiffFiles": received stop signal
2020-09-22T16:27:59.470Z	info	app/vmalert/manager.go:84	reading rules configuration file from "config/testdata/dir/rules1-good.rules"
2020-09-22T16:27:59.470Z	info	app/vmalert/manager.go:84	reading rules configuration file from "config/testdata/rules2-good.rules"
2020-09-22T16:27:59.470Z	info	app/vmalert/manager.go:84	reading rules configuration file from "config/testdata/rules2-good.rules"
2020-09-22T16:27:59.470Z	info	app/vmalert/manager.go:84	reading rules configuration file from "config/testdata/rules0-good.rules"
2020-09-22T16:27:59.470Z	info	app/vmalert/manager.go:84	reading rules configuration file from "config/testdata/rules2-good.rules"
2020-09-22T16:27:59.470Z	info	app/vmalert/group.go:225	group "groupGorSingleAlert" started; interval=1ms; concurrency=1
2020-09-22T16:27:59.470Z	info	app/vmalert/group.go:235	group "groupGorSingleAlert": received stop signal
2020-09-22T16:27:59.470Z	info	app/vmalert/group.go:225	group "TestGroup" started; interval=1ms; concurrency=1
2020-09-22T16:27:59.471Z	info	app/vmalert/group.go:235	group "TestGroup": received stop signal
2020-09-22T16:27:59.471Z	info	app/vmalert/group.go:225	group "TestGroup" started; interval=2s; concurrency=2
2020-09-22T16:27:59.471Z	info	app/vmalert/manager.go:84	reading rules configuration file from "config/testdata/dir/rules0-bad.rules"
2020-09-22T16:27:59.471Z	info	app/vmalert/group.go:235	group "TestGroup": received stop signal
2020-09-22T16:27:59.471Z	info	app/vmalert/manager.go:84	reading rules configuration file from "config/testdata/rules0-good.rules"
2020-09-22T16:27:59.471Z	info	app/vmalert/group.go:225	group "groupTest" started; interval=1ms; concurrency=1
2020-09-22T16:27:59.471Z	info	app/vmalert/group.go:235	group "groupTest": received stop signal
2020-09-22T16:27:59.471Z	info	app/vmalert/manager.go:84	reading rules configuration file from "config/testdata/dir/rules1-good.rules"
2020-09-22T16:27:59.472Z	info	app/vmalert/group.go:225	group "duplicatedGroupDiffFiles" started; interval=1ms; concurrency=1
2020-09-22T16:27:59.472Z	info	app/vmalert/manager.go:84	reading rules configuration file from "config/testdata/dir/rules0-bad.rules"
2020-09-22T16:27:59.472Z	info	app/vmalert/group.go:235	group "duplicatedGroupDiffFiles": received stop signal
2020-09-22T16:27:59.472Z	info	app/vmalert/group.go:225	group "TestGroup" started; interval=2s; concurrency=2
2020-09-22T16:27:59.472Z	info	app/vmalert/manager.go:84	reading rules configuration file from "config/testdata/dir/rules1-bad.rules"
2020-09-22T16:27:59.472Z	info	app/vmalert/group.go:235	group "TestGroup": received stop signal
2020-09-22T16:27:59.472Z	info	app/vmalert/manager.go:84	reading rules configuration file from "config/testdata/rules1-good.rules"
2020-09-22T16:27:59.472Z	info	app/vmalert/manager.go:84	reading rules configuration file from "config/testdata/rules0-good.rules"
2020-09-22T16:27:59.472Z	info	app/vmalert/group.go:225	group "duplicatedGroupDiffFiles" started; interval=1ms; concurrency=1
2020-09-22T16:27:59.472Z	info	app/vmalert/group.go:235	group "duplicatedGroupDiffFiles": received stop signal
2020-09-22T16:27:59.472Z	info	app/vmalert/manager.go:84	reading rules configuration file from "config/testdata/rules0-good.rules"
2020-09-22T16:27:59.472Z	info	app/vmalert/group.go:225	group "duplicatedGroupDiffFiles" started; interval=1ms; concurrency=1
2020-09-22T16:27:59.473Z	info	app/vmalert/group.go:235	group "duplicatedGroupDiffFiles": received stop signal
2020-09-22T16:27:59.473Z	info	app/vmalert/group.go:225	group "groupGorSingleAlert" started; interval=1ms; concurrency=1
2020-09-22T16:27:59.473Z	info	app/vmalert/group.go:235	group "groupGorSingleAlert": received stop signal
2020-09-22T16:27:59.473Z	info	app/vmalert/manager.go:84	reading rules configuration file from "config/testdata/rules2-good.rules"
2020-09-22T16:27:59.473Z	info	app/vmalert/group.go:225	group "TestGroup" started; interval=1ms; concurrency=1
2020-09-22T16:27:59.473Z	info	app/vmalert/manager.go:84	reading rules configuration file from "config/testdata/dir/rules0-bad.rules"
2020-09-22T16:27:59.473Z	info	app/vmalert/manager.go:84	reading rules configuration file from "config/testdata/dir/rules1-good.rules"
2020-09-22T16:27:59.473Z	info	app/vmalert/group.go:235	group "TestGroup": received stop signal
2020-09-22T16:27:59.473Z	info	app/vmalert/group.go:225	group "duplicatedGroupDiffFiles" started; interval=1ms; concurrency=1
2020-09-22T16:27:59.473Z	info	app/vmalert/manager.go:84	reading rules configuration file from "config/testdata/dir/rules0-good.rules"
2020-09-22T16:27:59.473Z	info	app/vmalert/group.go:235	group "duplicatedGroupDiffFiles": received stop signal
2020-09-22T16:27:59.473Z	info	app/vmalert/group.go:225	group "TestGroup" started; interval=2s; concurrency=2
2020-09-22T16:27:59.473Z	info	app/vmalert/group.go:235	group "TestGroup": received stop signal
2020-09-22T16:27:59.473Z	info	app/vmalert/manager.go:84	reading rules configuration file from "config/testdata/dir/rules1-good.rules"
2020-09-22T16:27:59.473Z	info	app/vmalert/manager.go:84	reading rules configuration file from "config/testdata/dir/rules1-good.rules"
2020-09-22T16:27:59.473Z	info	app/vmalert/group.go:225	group "groupGorSingleAlert" started; interval=1ms; concurrency=1
2020-09-22T16:27:59.473Z	info	app/vmalert/group.go:225	group "TestGroup" started; interval=1ms; concurrency=1
2020-09-22T16:27:59.473Z	info	app/vmalert/group.go:235	group "groupGorSingleAlert": received stop signal
2020-09-22T16:27:59.473Z	info	app/vmalert/group.go:235	group "TestGroup": received stop signal
2020-09-22T16:27:59.474Z	info	app/vmalert/manager.go:84	reading rules configuration file from "config/testdata/rules2-good.rules"
2020-09-22T16:27:59.474Z	info	app/vmalert/group.go:225	group "TestGroup" started; interval=2s; concurrency=2
2020-09-22T16:27:59.474Z	info	app/vmalert/group.go:235	group "TestGroup": received stop signal
2020-09-22T16:27:59.474Z	info	app/vmalert/group.go:225	group "groupTest" started; interval=1ms; concurrency=1
2020-09-22T16:27:59.474Z	info	app/vmalert/group.go:235	group "groupTest": received stop signal
2020-09-22T16:27:59.474Z	info	app/vmalert/manager.go:84	reading rules configuration file from "config/testdata/dir/rules0-good.rules"
2020-09-22T16:27:59.474Z	info	app/vmalert/manager.go:84	reading rules configuration file from "config/testdata/dir/rules0-good.rules"
2020-09-22T16:27:59.474Z	info	app/vmalert/group.go:225	group "duplicatedGroupDiffFiles" started; interval=1ms; concurrency=1
2020-09-22T16:27:59.474Z	info	app/vmalert/manager.go:84	reading rules configuration file from "config/testdata/dir/rules1-good.rules"
2020-09-22T16:27:59.474Z	info	app/vmalert/group.go:235	group "duplicatedGroupDiffFiles": received stop signal
2020-09-22T16:27:59.474Z	info	app/vmalert/manager.go:84	reading rules configuration file from "config/testdata/dir/rules1-bad.rules"
2020-09-22T16:27:59.474Z	info	app/vmalert/manager.go:84	reading rules configuration file from "config/testdata/rules1-good.rules"
2020-09-22T16:27:59.474Z	info	app/vmalert/group.go:225	group "TestGroup" started; interval=2s; concurrency=2
2020-09-22T16:27:59.475Z	info	app/vmalert/group.go:235	group "TestGroup": received stop signal
2020-09-22T16:27:59.475Z	info	app/vmalert/manager.go:84	reading rules configuration file from "config/testdata/dir/rules0-good.rules"
2020-09-22T16:27:59.475Z	info	app/vmalert/group.go:225	group "groupGorSingleAlert" started; interval=1ms; concurrency=1
2020-09-22T16:27:59.475Z	info	app/vmalert/group.go:235	group "groupGorSingleAlert": received stop signal
2020-09-22T16:27:59.475Z	info	app/vmalert/group.go:225	group "TestGroup" started; interval=1ms; concurrency=1
2020-09-22T16:27:59.475Z	info	app/vmalert/manager.go:84	reading rules configuration file from "config/testdata/rules1-good.rules"
2020-09-22T16:27:59.475Z	info	app/vmalert/group.go:235	group "TestGroup": received stop signal
2020-09-22T16:27:59.475Z	info	app/vmalert/manager.go:84	reading rules configuration file from "config/testdata/dir/rules0-bad.rules"
2020-09-22T16:27:59.475Z	info	app/vmalert/group.go:225	group "TestGroup" started; interval=2s; concurrency=2
2020-09-22T16:27:59.475Z	info	app/vmalert/group.go:235	group "TestGroup": received stop signal
2020-09-22T16:27:59.475Z	info	app/vmalert/manager.go:84	reading rules configuration file from "config/testdata/rules0-good.rules"
2020-09-22T16:27:59.475Z	info	app/vmalert/manager.go:84	reading rules configuration file from "config/testdata/dir/rules0-bad.rules"
2020-09-22T16:27:59.475Z	info	app/vmalert/group.go:225	group "duplicatedGroupDiffFiles" started; interval=1ms; concurrency=1
2020-09-22T16:27:59.475Z	info	app/vmalert/group.go:235	group "duplicatedGroupDiffFiles": received stop signal
2020-09-22T16:27:59.476Z	info	app/vmalert/group.go:225	group "groupGorSingleAlert" started; interval=1ms; concurrency=1
2020-09-22T16:27:59.476Z	info	app/vmalert/manager.go:84	reading rules configuration file from "config/testdata/dir/rules1-bad.rules"
2020-09-22T16:27:59.476Z	info	app/vmalert/group.go:225	group "TestGroup" started; interval=1ms; concurrency=1
2020-09-22T16:27:59.476Z	info	app/vmalert/manager.go:84	reading rules configuration file from "config/testdata/dir/rules1-good.rules"
2020-09-22T16:27:59.476Z	info	app/vmalert/group.go:235	group "TestGroup": received stop signal
2020-09-22T16:27:59.476Z	info	app/vmalert/group.go:235	group "groupGorSingleAlert": received stop signal
2020-09-22T16:27:59.476Z	info	app/vmalert/group.go:225	group "duplicatedGroupDiffFiles" started; interval=1ms; concurrency=1
2020-09-22T16:27:59.476Z	info	app/vmalert/manager.go:84	reading rules configuration file from "config/testdata/dir/rules0-bad.rules"
2020-09-22T16:27:59.476Z	info	app/vmalert/group.go:235	group "duplicatedGroupDiffFiles": received stop signal
2020-09-22T16:27:59.476Z	info	app/vmalert/manager.go:84	reading rules configuration file from "config/testdata/rules2-good.rules"
2020-09-22T16:27:59.476Z	info	app/vmalert/group.go:225	group "duplicatedGroupDiffFiles" started; interval=1ms; concurrency=1
2020-09-22T16:27:59.476Z	info	app/vmalert/group.go:235	group "duplicatedGroupDiffFiles": received stop signal
2020-09-22T16:27:59.476Z	info	app/vmalert/group.go:225	group "TestGroup" started; interval=2s; concurrency=2
2020-09-22T16:27:59.476Z	info	app/vmalert/group.go:235	group "TestGroup": received stop signal
2020-09-22T16:27:59.476Z	info	app/vmalert/manager.go:84	reading rules configuration file from "config/testdata/dir/rules0-bad.rules"
2020-09-22T16:27:59.476Z	info	app/vmalert/manager.go:84	reading rules configuration file from "config/testdata/dir/rules1-good.rules"
2020-09-22T16:27:59.476Z	info	app/vmalert/group.go:225	group "duplicatedGroupDiffFiles" started; interval=1ms; concurrency=1
2020-09-22T16:27:59.476Z	info	app/vmalert/group.go:235	group "duplicatedGroupDiffFiles": received stop signal
2020-09-22T16:27:59.476Z	info	app/vmalert/manager.go:84	reading rules configuration file from "config/testdata/dir/rules1-bad.rules"
2020-09-22T16:27:59.476Z	info	app/vmalert/manager.go:84	reading rules configuration file from "config/testdata/rules1-good.rules"
2020-09-22T16:27:59.476Z	info	app/vmalert/manager.go:84	reading rules configuration file from "config/testdata/dir/rules0-good.rules"
2020-09-22T16:27:59.476Z	info	app/vmalert/group.go:225	group "TestGroup" started; interval=1ms; concurrency=1
2020-09-22T16:27:59.476Z	info	app/vmalert/group.go:225	group "groupGorSingleAlert" started; interval=1ms; concurrency=1
2020-09-22T16:27:59.476Z	info	app/vmalert/manager.go:84	reading rules configuration file from "config/testdata/rules1-good.rules"
2020-09-22T16:27:59.476Z	info	app/vmalert/group.go:235	group "groupGorSingleAlert": received stop signal
2020-09-22T16:27:59.476Z	info	app/vmalert/manager.go:84	reading rules configuration file from "config/testdata/dir/rules1-good.rules"
2020-09-22T16:27:59.477Z	info	app/vmalert/manager.go:84	reading rules configuration file from "config/testdata/rules0-good.rules"
2020-09-22T16:27:59.477Z	info	app/vmalert/group.go:235	group "TestGroup": received stop signal
2020-09-22T16:27:59.477Z	info	app/vmalert/group.go:225	group "TestGroup" started; interval=2s; concurrency=2
2020-09-22T16:27:59.477Z	info	app/vmalert/manager.go:84	reading rules configuration file from "config/testdata/rules0-good.rules"
2020-09-22T16:27:59.477Z	info	app/vmalert/group.go:235	group "TestGroup": received stop signal
2020-09-22T16:27:59.477Z	info	app/vmalert/group.go:225	group "groupTest" started; interval=1ms; concurrency=1
2020-09-22T16:27:59.477Z	info	app/vmalert/manager.go:84	reading rules configuration file from "config/testdata/dir/rules0-bad.rules"
2020-09-22T16:27:59.477Z	info	app/vmalert/group.go:235	group "groupTest": received stop signal
2020-09-22T16:27:59.477Z	info	app/vmalert/group.go:225	group "duplicatedGroupDiffFiles" started; interval=1ms; concurrency=1
2020-09-22T16:27:59.477Z	info	app/vmalert/manager.go:84	reading rules configuration file from "config/testdata/rules0-good.rules"
2020-09-22T16:27:59.477Z	info	app/vmalert/group.go:235	group "duplicatedGroupDiffFiles": received stop signal
2020-09-22T16:27:59.477Z	info	app/vmalert/manager.go:84	reading rules configuration file from "config/testdata/rules0-good.rules"
2020-09-22T16:27:59.478Z	info	app/vmalert/group.go:225	group "groupGorSingleAlert" started; interval=1ms; concurrency=1
2020-09-22T16:27:59.478Z	info	app/vmalert/group.go:225	group "TestGroup" started; interval=1ms; concurrency=1
2020-09-22T16:27:59.478Z	info	app/vmalert/manager.go:84	reading rules configuration file from "config/testdata/rules0-good.rules"
2020-09-22T16:27:59.478Z	info	app/vmalert/group.go:235	group "TestGroup": received stop signal
2020-09-22T16:27:59.478Z	info	app/vmalert/manager.go:84	reading rules configuration file from "config/testdata/rules1-good.rules"
2020-09-22T16:27:59.478Z	info	app/vmalert/group.go:235	group "groupGorSingleAlert": received stop signal
2020-09-22T16:27:59.478Z	info	app/vmalert/group.go:225	group "duplicatedGroupDiffFiles" started; interval=1ms; concurrency=1
2020-09-22T16:27:59.478Z	info	app/vmalert/group.go:235	group "duplicatedGroupDiffFiles": received stop signal
2020-09-22T16:27:59.478Z	info	app/vmalert/manager.go:84	reading rules configuration file from "config/testdata/dir/rules0-good.rules"
2020-09-22T16:27:59.478Z	info	app/vmalert/manager.go:84	reading rules configuration file from "config/testdata/dir/rules1-good.rules"
2020-09-22T16:27:59.478Z	info	app/vmalert/manager.go:84	reading rules configuration file from "config/testdata/rules1-good.rules"
2020-09-22T16:27:59.478Z	info	app/vmalert/group.go:225	group "groupGorSingleAlert" started; interval=1ms; concurrency=1
2020-09-22T16:27:59.478Z	info	app/vmalert/group.go:235	group "groupGorSingleAlert": received stop signal
2020-09-22T16:27:59.479Z	info	app/vmalert/group.go:225	group "TestGroup" started; interval=1ms; concurrency=1
2020-09-22T16:27:59.479Z	info	app/vmalert/group.go:235	group "TestGroup": received stop signal
2020-09-22T16:27:59.479Z	info	app/vmalert/manager.go:84	reading rules configuration file from "config/testdata/dir/rules0-bad.rules"
2020-09-22T16:27:59.479Z	info	app/vmalert/manager.go:84	reading rules configuration file from "config/testdata/rules2-good.rules"
2020-09-22T16:27:59.479Z	info	app/vmalert/manager.go:84	reading rules configuration file from "config/testdata/rules1-good.rules"
2020-09-22T16:27:59.479Z	info	app/vmalert/manager.go:84	reading rules configuration file from "config/testdata/dir/rules1-good.rules"
2020-09-22T16:27:59.479Z	info	app/vmalert/group.go:225	group "duplicatedGroupDiffFiles" started; interval=1ms; concurrency=1
2020-09-22T16:27:59.479Z	info	app/vmalert/manager.go:84	reading rules configuration file from "config/testdata/dir/rules0-good.rules"
2020-09-22T16:27:59.479Z	info	app/vmalert/group.go:235	group "duplicatedGroupDiffFiles": received stop signal
2020-09-22T16:27:59.479Z	info	app/vmalert/group.go:225	group "groupTest" started; interval=1ms; concurrency=1
2020-09-22T16:27:59.479Z	info	app/vmalert/group.go:235	group "groupTest": received stop signal
2020-09-22T16:27:59.479Z	info	app/vmalert/manager.go:84	reading rules configuration file from "config/testdata/dir/rules0-good.rules"
2020-09-22T16:27:59.480Z	info	app/vmalert/group.go:225	group "duplicatedGroupDiffFiles" started; interval=1ms; concurrency=1
2020-09-22T16:27:59.480Z	info	app/vmalert/manager.go:84	reading rules configuration file from "config/testdata/dir/rules1-bad.rules"
2020-09-22T16:27:59.480Z	info	app/vmalert/manager.go:84	reading rules configuration file from "config/testdata/dir/rules1-good.rules"
2020-09-22T16:27:59.480Z	info	app/vmalert/group.go:235	group "duplicatedGroupDiffFiles": received stop signal
2020-09-22T16:27:59.480Z	info	app/vmalert/manager.go:84	reading rules configuration file from "config/testdata/dir/rules0-bad.rules"
2020-09-22T16:27:59.480Z	info	app/vmalert/manager.go:84	reading rules configuration file from "config/testdata/dir/rules1-good.rules"
2020-09-22T16:27:59.480Z	info	app/vmalert/group.go:225	group "groupGorSingleAlert" started; interval=1ms; concurrency=1
2020-09-22T16:27:59.480Z	info	app/vmalert/group.go:235	group "groupGorSingleAlert": received stop signal
2020-09-22T16:27:59.480Z	info	app/vmalert/group.go:225	group "TestGroup" started; interval=1ms; concurrency=1
2020-09-22T16:27:59.480Z	info	app/vmalert/group.go:235	group "TestGroup": received stop signal
2020-09-22T16:27:59.481Z	info	app/vmalert/manager.go:84	reading rules configuration file from "config/testdata/dir/rules1-bad.rules"
2020-09-22T16:27:59.481Z	info	app/vmalert/group.go:225	group "TestGroup" started; interval=2s; concurrency=2
2020-09-22T16:27:59.481Z	info	app/vmalert/group.go:235	group "TestGroup": received stop signal
2020-09-22T16:27:59.481Z	info	app/vmalert/group.go:225	group "groupGorSingleAlert" started; interval=1ms; concurrency=1
2020-09-22T16:27:59.481Z	info	app/vmalert/group.go:225	group "TestGroup" started; interval=1ms; concurrency=1
2020-09-22T16:27:59.481Z	info	app/vmalert/group.go:235	group "groupGorSingleAlert": received stop signal
2020-09-22T16:27:59.481Z	info	app/vmalert/manager.go:84	reading rules configuration file from "config/testdata/dir/rules0-good.rules"
2020-09-22T16:27:59.481Z	info	app/vmalert/group.go:235	group "TestGroup": received stop signal
2020-09-22T16:27:59.481Z	info	app/vmalert/manager.go:84	reading rules configuration file from "config/testdata/rules1-good.rules"
2020-09-22T16:27:59.481Z	info	app/vmalert/group.go:225	group "groupTest" started; interval=1ms; concurrency=1
2020-09-22T16:27:59.481Z	info	app/vmalert/group.go:235	group "groupTest": received stop signal
2020-09-22T16:27:59.481Z	info	app/vmalert/manager.go:84	reading rules configuration file from "config/testdata/dir/rules1-good.rules"
2020-09-22T16:27:59.481Z	info	app/vmalert/group.go:225	group "duplicatedGroupDiffFiles" started; interval=1ms; concurrency=1
2020-09-22T16:27:59.481Z	info	app/vmalert/manager.go:84	reading rules configuration file from "config/testdata/dir/rules1-bad.rules"
2020-09-22T16:27:59.481Z	info	app/vmalert/group.go:235	group "duplicatedGroupDiffFiles": received stop signal
2020-09-22T16:27:59.482Z	info	app/vmalert/manager.go:84	reading rules configuration file from "config/testdata/rules2-good.rules"
2020-09-22T16:27:59.482Z	info	app/vmalert/manager.go:84	reading rules configuration file from "config/testdata/dir/rules0-good.rules"
2020-09-22T16:27:59.482Z	info	app/vmalert/group.go:225	group "TestGroup" started; interval=2s; concurrency=2
2020-09-22T16:27:59.482Z	info	app/vmalert/group.go:235	group "TestGroup": received stop signal
2020-09-22T16:27:59.482Z	info	app/vmalert/group.go:225	group "duplicatedGroupDiffFiles" started; interval=1ms; concurrency=1
2020-09-22T16:27:59.482Z	info	app/vmalert/manager.go:84	reading rules configuration file from "config/testdata/rules1-good.rules"
2020-09-22T16:27:59.482Z	info	app/vmalert/group.go:235	group "duplicatedGroupDiffFiles": received stop signal
2020-09-22T16:27:59.482Z	info	app/vmalert/manager.go:84	reading rules configuration file from "config/testdata/rules2-good.rules"
2020-09-22T16:27:59.482Z	info	app/vmalert/group.go:225	group "TestGroup" started; interval=2s; concurrency=2
2020-09-22T16:27:59.482Z	info	app/vmalert/group.go:235	group "TestGroup": received stop signal
2020-09-22T16:27:59.482Z	info	app/vmalert/group.go:225	group "groupTest" started; interval=1ms; concurrency=1
2020-09-22T16:27:59.482Z	info	app/vmalert/manager.go:84	reading rules configuration file from "config/testdata/dir/rules1-good.rules"
2020-09-22T16:27:59.482Z	info	app/vmalert/manager.go:84	reading rules configuration file from "config/testdata/rules0-good.rules"
2020-09-22T16:27:59.482Z	info	app/vmalert/manager.go:84	reading rules configuration file from "config/testdata/dir/rules0-bad.rules"
2020-09-22T16:27:59.482Z	info	app/vmalert/group.go:235	group "groupTest": received stop signal
2020-09-22T16:27:59.483Z	info	app/vmalert/group.go:225	group "TestGroup" started; interval=2s; concurrency=2
2020-09-22T16:27:59.483Z	info	app/vmalert/manager.go:84	reading rules configuration file from "config/testdata/rules1-good.rules"
2020-09-22T16:27:59.483Z	info	app/vmalert/group.go:235	group "TestGroup": received stop signal
2020-09-22T16:27:59.483Z	info	app/vmalert/manager.go:84	reading rules configuration file from "config/testdata/dir/rules1-bad.rules"
2020-09-22T16:27:59.483Z	info	app/vmalert/group.go:225	group "duplicatedGroupDiffFiles" started; interval=1ms; concurrency=1
2020-09-22T16:27:59.483Z	info	app/vmalert/group.go:235	group "duplicatedGroupDiffFiles": received stop signal
2020-09-22T16:27:59.483Z	info	app/vmalert/manager.go:84	reading rules configuration file from "config/testdata/dir/rules1-good.rules"
2020-09-22T16:27:59.483Z	info	app/vmalert/group.go:225	group "duplicatedGroupDiffFiles" started; interval=1ms; concurrency=1
2020-09-22T16:27:59.483Z	info	app/vmalert/group.go:235	group "duplicatedGroupDiffFiles": received stop signal
2020-09-22T16:27:59.483Z	info	app/vmalert/manager.go:84	reading rules configuration file from "config/testdata/dir/rules1-good.rules"
2020-09-22T16:27:59.483Z	info	app/vmalert/group.go:225	group "groupTest" started; interval=1ms; concurrency=1
2020-09-22T16:27:59.483Z	info	app/vmalert/group.go:235	group "groupTest": received stop signal
2020-09-22T16:27:59.483Z	info	app/vmalert/manager.go:84	reading rules configuration file from "config/testdata/rules1-good.rules"
2020-09-22T16:27:59.483Z	info	app/vmalert/manager.go:84	reading rules configuration file from "config/testdata/rules1-good.rules"
2020-09-22T16:27:59.483Z	info	app/vmalert/group.go:225	group "duplicatedGroupDiffFiles" started; interval=1ms; concurrency=1
2020-09-22T16:27:59.483Z	info	app/vmalert/group.go:235	group "duplicatedGroupDiffFiles": received stop signal
2020-09-22T16:27:59.483Z	info	app/vmalert/manager.go:84	reading rules configuration file from "config/testdata/rules2-good.rules"
2020-09-22T16:27:59.484Z	info	app/vmalert/group.go:225	group "duplicatedGroupDiffFiles" started; interval=1ms; concurrency=1
2020-09-22T16:27:59.484Z	info	app/vmalert/group.go:235	group "duplicatedGroupDiffFiles": received stop signal
2020-09-22T16:27:59.484Z	info	app/vmalert/manager.go:84	reading rules configuration file from "config/testdata/dir/rules1-good.rules"
2020-09-22T16:27:59.484Z	info	app/vmalert/manager.go:84	reading rules configuration file from "config/testdata/rules1-good.rules"
2020-09-22T16:27:59.484Z	info	app/vmalert/group.go:225	group "groupTest" started; interval=1ms; concurrency=1
2020-09-22T16:27:59.484Z	info	app/vmalert/group.go:235	group "groupTest": received stop signal
2020-09-22T16:27:59.484Z	info	app/vmalert/group.go:225	group "TestGroup" started; interval=2s; concurrency=2
2020-09-22T16:27:59.484Z	info	app/vmalert/manager.go:84	reading rules configuration file from "config/testdata/dir/rules0-bad.rules"
2020-09-22T16:27:59.484Z	info	app/vmalert/group.go:235	group "TestGroup": received stop signal
2020-09-22T16:27:59.484Z	info	app/vmalert/group.go:225	group "groupGorSingleAlert" started; interval=1ms; concurrency=1
2020-09-22T16:27:59.484Z	info	app/vmalert/manager.go:84	reading rules configuration file from "config/testdata/rules0-good.rules"
2020-09-22T16:27:59.484Z	info	app/vmalert/group.go:225	group "TestGroup" started; interval=1ms; concurrency=1
2020-09-22T16:27:59.484Z	info	app/vmalert/group.go:235	group "groupGorSingleAlert": received stop signal
2020-09-22T16:27:59.484Z	info	app/vmalert/group.go:235	group "TestGroup": received stop signal
2020-09-22T16:27:59.485Z	info	app/vmalert/manager.go:84	reading rules configuration file from "config/testdata/rules0-good.rules"
2020-09-22T16:27:59.485Z	info	app/vmalert/group.go:225	group "TestGroup" started; interval=2s; concurrency=2
2020-09-22T16:27:59.485Z	info	app/vmalert/group.go:235	group "TestGroup": received stop signal
2020-09-22T16:27:59.485Z	info	app/vmalert/manager.go:84	reading rules configuration file from "config/testdata/dir/rules0-good.rules"
2020-09-22T16:27:59.485Z	info	app/vmalert/manager.go:84	reading rules configuration file from "config/testdata/dir/rules0-bad.rules"
2020-09-22T16:27:59.485Z	info	app/vmalert/manager.go:84	reading rules configuration file from "config/testdata/rules1-good.rules"
2020-09-22T16:27:59.485Z	info	app/vmalert/group.go:225	group "groupTest" started; interval=1ms; concurrency=1
2020-09-22T16:27:59.485Z	info	app/vmalert/group.go:235	group "groupTest": received stop signal
2020-09-22T16:27:59.485Z	info	app/vmalert/group.go:225	group "duplicatedGroupDiffFiles" started; interval=1ms; concurrency=1
2020-09-22T16:27:59.485Z	info	app/vmalert/group.go:235	group "duplicatedGroupDiffFiles": received stop signal
2020-09-22T16:27:59.485Z	info	app/vmalert/manager.go:84	reading rules configuration file from "config/testdata/dir/rules1-good.rules"
2020-09-22T16:27:59.485Z	info	app/vmalert/group.go:225	group "duplicatedGroupDiffFiles" started; interval=1ms; concurrency=1
2020-09-22T16:27:59.485Z	info	app/vmalert/group.go:235	group "duplicatedGroupDiffFiles": received stop signal
2020-09-22T16:27:59.485Z	info	app/vmalert/manager.go:84	reading rules configuration file from "config/testdata/rules0-good.rules"
2020-09-22T16:27:59.485Z	info	app/vmalert/group.go:225	group "groupTest" started; interval=1ms; concurrency=1
2020-09-22T16:27:59.485Z	info	app/vmalert/group.go:235	group "groupTest": received stop signal
2020-09-22T16:27:59.485Z	info	app/vmalert/manager.go:84	reading rules configuration file from "config/testdata/rules0-good.rules"
2020-09-22T16:27:59.485Z	info	app/vmalert/group.go:225	group "duplicatedGroupDiffFiles" started; interval=1ms; concurrency=1
2020-09-22T16:27:59.485Z	info	app/vmalert/group.go:235	group "duplicatedGroupDiffFiles": received stop signal
2020-09-22T16:27:59.485Z	info	app/vmalert/manager.go:84	reading rules configuration file from "config/testdata/dir/rules0-good.rules"
2020-09-22T16:27:59.485Z	info	app/vmalert/manager.go:84	reading rules configuration file from "config/testdata/rules2-good.rules"
2020-09-22T16:27:59.485Z	info	app/vmalert/group.go:225	group "groupGorSingleAlert" started; interval=1ms; concurrency=1
2020-09-22T16:27:59.485Z	info	app/vmalert/group.go:225	group "TestGroup" started; interval=1ms; concurrency=1
2020-09-22T16:27:59.485Z	info	app/vmalert/manager.go:84	reading rules configuration file from "config/testdata/rules1-good.rules"
2020-09-22T16:27:59.486Z	info	app/vmalert/group.go:235	group "TestGroup": received stop signal
2020-09-22T16:27:59.486Z	info	app/vmalert/group.go:235	group "groupGorSingleAlert": received stop signal
2020-09-22T16:27:59.486Z	info	app/vmalert/group.go:225	group "TestGroup" started; interval=2s; concurrency=2
2020-09-22T16:27:59.486Z	info	app/vmalert/group.go:235	group "TestGroup": received stop signal
2020-09-22T16:27:59.486Z	info	app/vmalert/manager.go:84	reading rules configuration file from "config/testdata/dir/rules0-bad.rules"
2020-09-22T16:27:59.486Z	info	app/vmalert/manager.go:84	reading rules configuration file from "config/testdata/dir/rules0-good.rules"
2020-09-22T16:27:59.486Z	info	app/vmalert/group.go:225	group "duplicatedGroupDiffFiles" started; interval=1ms; concurrency=1
2020-09-22T16:27:59.486Z	info	app/vmalert/manager.go:84	reading rules configuration file from "config/testdata/rules2-good.rules"
2020-09-22T16:27:59.486Z	info	app/vmalert/manager.go:84	reading rules configuration file from "config/testdata/rules2-good.rules"
2020-09-22T16:27:59.486Z	info	app/vmalert/group.go:235	group "duplicatedGroupDiffFiles": received stop signal
2020-09-22T16:27:59.486Z	info	app/vmalert/group.go:225	group "TestGroup" started; interval=1ms; concurrency=1
2020-09-22T16:27:59.486Z	info	app/vmalert/group.go:235	group "TestGroup": received stop signal
2020-09-22T16:27:59.486Z	info	app/vmalert/group.go:225	group "groupGorSingleAlert" started; interval=1ms; concurrency=1
2020-09-22T16:27:59.486Z	info	app/vmalert/manager.go:84	reading rules configuration file from "config/testdata/dir/rules1-good.rules"
2020-09-22T16:27:59.486Z	info	app/vmalert/group.go:235	group "groupGorSingleAlert": received stop signal
2020-09-22T16:27:59.487Z	info	app/vmalert/manager.go:84	reading rules configuration file from "config/testdata/rules1-good.rules"
2020-09-22T16:27:59.487Z	info	app/vmalert/group.go:225	group "duplicatedGroupDiffFiles" started; interval=1ms; concurrency=1
2020-09-22T16:27:59.487Z	info	app/vmalert/group.go:235	group "duplicatedGroupDiffFiles": received stop signal
2020-09-22T16:27:59.487Z	info	app/vmalert/manager.go:84	reading rules configuration file from "config/testdata/rules2-good.rules"
2020-09-22T16:27:59.487Z	info	app/vmalert/group.go:225	group "TestGroup" started; interval=2s; concurrency=2
2020-09-22T16:27:59.487Z	info	app/vmalert/group.go:235	group "TestGroup": received stop signal
2020-09-22T16:27:59.488Z	info	app/vmalert/group.go:225	group "duplicatedGroupDiffFiles" started; interval=1ms; concurrency=1
2020-09-22T16:27:59.488Z	info	app/vmalert/manager.go:84	reading rules configuration file from "config/testdata/dir/rules1-good.rules"
2020-09-22T16:27:59.488Z	info	app/vmalert/group.go:235	group "duplicatedGroupDiffFiles": received stop signal
2020-09-22T16:27:59.488Z	info	app/vmalert/manager.go:84	reading rules configuration file from "config/testdata/dir/rules0-bad.rules"
2020-09-22T16:27:59.488Z	info	app/vmalert/group.go:225	group "groupTest" started; interval=1ms; concurrency=1
2020-09-22T16:27:59.488Z	info	app/vmalert/manager.go:84	reading rules configuration file from "config/testdata/dir/rules1-good.rules"
2020-09-22T16:27:59.488Z	info	app/vmalert/group.go:235	group "groupTest": received stop signal
2020-09-22T16:27:59.488Z	info	app/vmalert/manager.go:84	reading rules configuration file from "config/testdata/rules1-good.rules"
2020-09-22T16:27:59.488Z	info	app/vmalert/group.go:225	group "TestGroup" started; interval=2s; concurrency=2
2020-09-22T16:27:59.488Z	info	app/vmalert/manager.go:84	reading rules configuration file from "config/testdata/rules0-good.rules"
2020-09-22T16:27:59.488Z	info	app/vmalert/group.go:235	group "TestGroup": received stop signal
2020-09-22T16:27:59.488Z	info	app/vmalert/manager.go:84	reading rules configuration file from "config/testdata/dir/rules0-bad.rules"
2020-09-22T16:27:59.488Z	info	app/vmalert/group.go:225	group "groupTest" started; interval=1ms; concurrency=1
2020-09-22T16:27:59.488Z	info	app/vmalert/group.go:235	group "groupTest": received stop signal
2020-09-22T16:27:59.489Z	info	app/vmalert/manager.go:84	reading rules configuration file from "config/testdata/dir/rules0-good.rules"
2020-09-22T16:27:59.489Z	info	app/vmalert/group.go:225	group "duplicatedGroupDiffFiles" started; interval=1ms; concurrency=1
2020-09-22T16:27:59.489Z	info	app/vmalert/group.go:235	group "duplicatedGroupDiffFiles": received stop signal
2020-09-22T16:27:59.489Z	info	app/vmalert/group.go:225	group "TestGroup" started; interval=1ms; concurrency=1
2020-09-22T16:27:59.489Z	info	app/vmalert/manager.go:84	reading rules configuration file from "config/testdata/dir/rules1-good.rules"
2020-09-22T16:27:59.489Z	info	app/vmalert/group.go:225	group "groupGorSingleAlert" started; interval=1ms; concurrency=1
2020-09-22T16:27:59.489Z	info	app/vmalert/group.go:235	group "TestGroup": received stop signal
2020-09-22T16:27:59.490Z	info	app/vmalert/group.go:235	group "groupGorSingleAlert": received stop signal
2020-09-22T16:27:59.490Z	info	app/vmalert/manager.go:84	reading rules configuration file from "config/testdata/dir/rules1-good.rules"
2020-09-22T16:27:59.490Z	info	app/vmalert/manager.go:84	reading rules configuration file from "config/testdata/dir/rules1-good.rules"
2020-09-22T16:27:59.490Z	info	app/vmalert/manager.go:84	reading rules configuration file from "config/testdata/rules2-good.rules"
2020-09-22T16:27:59.490Z	info	app/vmalert/manager.go:84	reading rules configuration file from "config/testdata/dir/rules0-good.rules"
2020-09-22T16:27:59.490Z	info	app/vmalert/group.go:225	group "TestGroup" started; interval=2s; concurrency=2
2020-09-22T16:27:59.490Z	info	app/vmalert/group.go:235	group "TestGroup": received stop signal
2020-09-22T16:27:59.490Z	info	app/vmalert/group.go:225	group "groupGorSingleAlert" started; interval=1ms; concurrency=1
2020-09-22T16:27:59.490Z	info	app/vmalert/group.go:225	group "TestGroup" started; interval=1ms; concurrency=1
2020-09-22T16:27:59.490Z	info	app/vmalert/manager.go:84	reading rules configuration file from "config/testdata/rules0-good.rules"
2020-09-22T16:27:59.490Z	info	app/vmalert/group.go:235	group "TestGroup": received stop signal
2020-09-22T16:27:59.490Z	info	app/vmalert/group.go:235	group "groupGorSingleAlert": received stop signal
2020-09-22T16:27:59.490Z	info	app/vmalert/manager.go:84	reading rules configuration file from "config/testdata/dir/rules1-bad.rules"
2020-09-22T16:27:59.490Z	info	app/vmalert/manager.go:84	reading rules configuration file from "config/testdata/dir/rules0-bad.rules"
2020-09-22T16:27:59.490Z	info	app/vmalert/group.go:225	group "duplicatedGroupDiffFiles" started; interval=1ms; concurrency=1
2020-09-22T16:27:59.490Z	info	app/vmalert/manager.go:84	reading rules configuration file from "config/testdata/dir/rules0-bad.rules"
2020-09-22T16:27:59.490Z	info	app/vmalert/group.go:235	group "duplicatedGroupDiffFiles": received stop signal
2020-09-22T16:27:59.491Z	info	app/vmalert/manager.go:84	reading rules configuration file from "config/testdata/rules1-good.rules"
2020-09-22T16:27:59.491Z	info	app/vmalert/group.go:225	group "TestGroup" started; interval=2s; concurrency=2
2020-09-22T16:27:59.491Z	info	app/vmalert/group.go:235	group "TestGroup": received stop signal
2020-09-22T16:27:59.491Z	info	app/vmalert/manager.go:84	reading rules configuration file from "config/testdata/dir/rules1-bad.rules"
2020-09-22T16:27:59.491Z	info	app/vmalert/group.go:225	group "groupTest" started; interval=1ms; concurrency=1
2020-09-22T16:27:59.491Z	info	app/vmalert/group.go:235	group "groupTest": received stop signal
2020-09-22T16:27:59.491Z	info	app/vmalert/group.go:225	group "duplicatedGroupDiffFiles" started; interval=1ms; concurrency=1
2020-09-22T16:27:59.491Z	info	app/vmalert/group.go:235	group "duplicatedGroupDiffFiles": received stop signal
2020-09-22T16:27:59.491Z	info	app/vmalert/manager.go:84	reading rules configuration file from "config/testdata/dir/rules0-bad.rules"
2020-09-22T16:27:59.491Z	info	app/vmalert/manager.go:84	reading rules configuration file from "config/testdata/rules1-good.rules"
2020-09-22T16:27:59.492Z	info	app/vmalert/group.go:225	group "duplicatedGroupDiffFiles" started; interval=1ms; concurrency=1
2020-09-22T16:27:59.492Z	info	app/vmalert/group.go:235	group "duplicatedGroupDiffFiles": received stop signal
2020-09-22T16:27:59.492Z	info	app/vmalert/manager.go:84	reading rules configuration file from "config/testdata/rules0-good.rules"
2020-09-22T16:27:59.492Z	info	app/vmalert/manager.go:84	reading rules configuration file from "config/testdata/dir/rules1-good.rules"
2020-09-22T16:27:59.492Z	info	app/vmalert/manager.go:84	reading rules configuration file from "config/testdata/rules2-good.rules"
2020-09-22T16:27:59.492Z	info	app/vmalert/manager.go:84	reading rules configuration file from "config/testdata/dir/rules1-bad.rules"
2020-09-22T16:27:59.492Z	info	app/vmalert/manager.go:84	reading rules configuration file from "config/testdata/rules2-good.rules"
2020-09-22T16:27:59.492Z	info	app/vmalert/manager.go:84	reading rules configuration file from "config/testdata/rules0-good.rules"
2020-09-22T16:27:59.492Z	info	app/vmalert/manager.go:84	reading rules configuration file from "config/testdata/dir/rules0-good.rules"
2020-09-22T16:27:59.492Z	info	app/vmalert/group.go:225	group "TestGroup" started; interval=2s; concurrency=2
2020-09-22T16:27:59.492Z	info	app/vmalert/group.go:235	group "TestGroup": received stop signal
2020-09-22T16:27:59.492Z	info	app/vmalert/manager.go:84	reading rules configuration file from "config/testdata/dir/rules1-bad.rules"
2020-09-22T16:27:59.492Z	info	app/vmalert/group.go:225	group "duplicatedGroupDiffFiles" started; interval=1ms; concurrency=1
2020-09-22T16:27:59.492Z	info	app/vmalert/group.go:235	group "duplicatedGroupDiffFiles": received stop signal
2020-09-22T16:27:59.492Z	info	app/vmalert/manager.go:84	reading rules configuration file from "config/testdata/dir/rules1-bad.rules"
2020-09-22T16:27:59.492Z	info	app/vmalert/group.go:225	group "duplicatedGroupDiffFiles" started; interval=1ms; concurrency=1
2020-09-22T16:27:59.492Z	info	app/vmalert/manager.go:84	reading rules configuration file from "config/testdata/rules0-good.rules"
2020-09-22T16:27:59.492Z	info	app/vmalert/group.go:235	group "duplicatedGroupDiffFiles": received stop signal
2020-09-22T16:27:59.493Z	info	app/vmalert/manager.go:84	reading rules configuration file from "config/testdata/dir/rules0-bad.rules"
2020-09-22T16:27:59.493Z	info	app/vmalert/group.go:225	group "groupTest" started; interval=1ms; concurrency=1
2020-09-22T16:27:59.493Z	info	app/vmalert/group.go:235	group "groupTest": received stop signal
2020-09-22T16:27:59.493Z	info	app/vmalert/group.go:225	group "TestGroup" started; interval=1ms; concurrency=1
2020-09-22T16:27:59.493Z	info	app/vmalert/group.go:225	group "groupGorSingleAlert" started; interval=1ms; concurrency=1
2020-09-22T16:27:59.493Z	info	app/vmalert/group.go:235	group "groupGorSingleAlert": received stop signal
2020-09-22T16:27:59.493Z	info	app/vmalert/group.go:235	group "TestGroup": received stop signal
2020-09-22T16:27:59.493Z	info	app/vmalert/manager.go:84	reading rules configuration file from "config/testdata/dir/rules1-bad.rules"
2020-09-22T16:27:59.493Z	info	app/vmalert/group.go:225	group "duplicatedGroupDiffFiles" started; interval=1ms; concurrency=1
2020-09-22T16:27:59.493Z	info	app/vmalert/manager.go:84	reading rules configuration file from "config/testdata/dir/rules1-good.rules"
2020-09-22T16:27:59.493Z	info	app/vmalert/group.go:235	group "duplicatedGroupDiffFiles": received stop signal
2020-09-22T16:27:59.493Z	info	app/vmalert/group.go:225	group "groupGorSingleAlert" started; interval=1ms; concurrency=1
2020-09-22T16:27:59.493Z	info	app/vmalert/manager.go:84	reading rules configuration file from "config/testdata/dir/rules0-good.rules"
2020-09-22T16:27:59.493Z	info	app/vmalert/manager.go:84	reading rules configuration file from "config/testdata/dir/rules1-bad.rules"
2020-09-22T16:27:59.493Z	info	app/vmalert/group.go:235	group "groupGorSingleAlert": received stop signal
2020-09-22T16:27:59.493Z	info	app/vmalert/group.go:225	group "TestGroup" started; interval=1ms; concurrency=1
2020-09-22T16:27:59.493Z	info	app/vmalert/group.go:235	group "TestGroup": received stop signal
2020-09-22T16:27:59.494Z	info	app/vmalert/manager.go:84	reading rules configuration file from "config/testdata/dir/rules0-bad.rules"
2020-09-22T16:27:59.494Z	info	app/vmalert/manager.go:84	reading rules configuration file from "config/testdata/dir/rules0-good.rules"
2020-09-22T16:27:59.494Z	info	app/vmalert/manager.go:84	reading rules configuration file from "config/testdata/dir/rules0-good.rules"
2020-09-22T16:27:59.494Z	info	app/vmalert/manager.go:84	reading rules configuration file from "config/testdata/dir/rules1-good.rules"
2020-09-22T16:27:59.493Z	info	app/vmalert/group.go:225	group "TestGroup" started; interval=2s; concurrency=2
2020-09-22T16:27:59.494Z	info	app/vmalert/group.go:235	group "TestGroup": received stop signal
2020-09-22T16:27:59.495Z	info	app/vmalert/group.go:225	group "groupGorSingleAlert" started; interval=1ms; concurrency=1
2020-09-22T16:27:59.495Z	info	app/vmalert/group.go:235	group "groupGorSingleAlert": received stop signal
2020-09-22T16:27:59.495Z	info	app/vmalert/manager.go:84	reading rules configuration file from "config/testdata/dir/rules1-good.rules"
2020-09-22T16:27:59.495Z	info	app/vmalert/manager.go:84	reading rules configuration file from "config/testdata/dir/rules0-bad.rules"
2020-09-22T16:27:59.495Z	info	app/vmalert/group.go:225	group "TestGroup" started; interval=1ms; concurrency=1
2020-09-22T16:27:59.495Z	info	app/vmalert/group.go:235	group "TestGroup": received stop signal
2020-09-22T16:27:59.495Z	info	app/vmalert/manager.go:84	reading rules configuration file from "config/testdata/dir/rules1-bad.rules"
2020-09-22T16:27:59.495Z	info	app/vmalert/group.go:225	group "TestGroup" started; interval=2s; concurrency=2
2020-09-22T16:27:59.495Z	info	app/vmalert/manager.go:84	reading rules configuration file from "config/testdata/rules1-good.rules"
2020-09-22T16:27:59.495Z	info	app/vmalert/group.go:235	group "TestGroup": received stop signal
2020-09-22T16:27:59.495Z	info	app/vmalert/manager.go:84	reading rules configuration file from "config/testdata/rules1-good.rules"
2020-09-22T16:27:59.496Z	info	app/vmalert/manager.go:84	reading rules configuration file from "config/testdata/rules0-good.rules"
2020-09-22T16:27:59.496Z	info	app/vmalert/group.go:225	group "groupTest" started; interval=1ms; concurrency=1
2020-09-22T16:27:59.496Z	info	app/vmalert/group.go:235	group "groupTest": received stop signal
2020-09-22T16:27:59.496Z	info	app/vmalert/manager.go:84	reading rules configuration file from "config/testdata/rules0-good.rules"
2020-09-22T16:27:59.496Z	info	app/vmalert/manager.go:84	reading rules configuration file from "config/testdata/rules1-good.rules"
2020-09-22T16:27:59.496Z	info	app/vmalert/group.go:225	group "duplicatedGroupDiffFiles" started; interval=1ms; concurrency=1
2020-09-22T16:27:59.496Z	info	app/vmalert/group.go:235	group "duplicatedGroupDiffFiles": received stop signal
2020-09-22T16:27:59.496Z	info	app/vmalert/manager.go:84	reading rules configuration file from "config/testdata/rules1-good.rules"
2020-09-22T16:27:59.496Z	info	app/vmalert/group.go:225	group "groupTest" started; interval=1ms; concurrency=1
2020-09-22T16:27:59.496Z	info	app/vmalert/manager.go:84	reading rules configuration file from "config/testdata/rules1-good.rules"
2020-09-22T16:27:59.496Z	info	app/vmalert/group.go:235	group "groupTest": received stop signal
2020-09-22T16:27:59.496Z	info	app/vmalert/manager.go:84	reading rules configuration file from "config/testdata/dir/rules1-good.rules"
2020-09-22T16:27:59.496Z	info	app/vmalert/group.go:225	group "duplicatedGroupDiffFiles" started; interval=1ms; concurrency=1
2020-09-22T16:27:59.496Z	info	app/vmalert/group.go:235	group "duplicatedGroupDiffFiles": received stop signal
2020-09-22T16:27:59.497Z	info	app/vmalert/manager.go:84	reading rules configuration file from "config/testdata/dir/rules0-good.rules"
2020-09-22T16:27:59.497Z	info	app/vmalert/manager.go:84	reading rules configuration file from "config/testdata/dir/rules1-good.rules"
2020-09-22T16:27:59.497Z	info	app/vmalert/group.go:225	group "duplicatedGroupDiffFiles" started; interval=1ms; concurrency=1
2020-09-22T16:27:59.497Z	info	app/vmalert/manager.go:84	reading rules configuration file from "config/testdata/rules0-good.rules"
2020-09-22T16:27:59.497Z	info	app/vmalert/group.go:235	group "duplicatedGroupDiffFiles": received stop signal
2020-09-22T16:27:59.497Z	info	app/vmalert/manager.go:84	reading rules configuration file from "config/testdata/rules2-good.rules"
2020-09-22T16:27:59.497Z	info	app/vmalert/group.go:225	group "groupTest" started; interval=1ms; concurrency=1
2020-09-22T16:27:59.497Z	info	app/vmalert/group.go:235	group "groupTest": received stop signal
2020-09-22T16:27:59.497Z	info	app/vmalert/group.go:225	group "duplicatedGroupDiffFiles" started; interval=1ms; concurrency=1
2020-09-22T16:27:59.497Z	info	app/vmalert/group.go:235	group "duplicatedGroupDiffFiles": received stop signal
2020-09-22T16:27:59.497Z	info	app/vmalert/manager.go:84	reading rules configuration file from "config/testdata/dir/rules0-good.rules"
2020-09-22T16:27:59.497Z	info	app/vmalert/group.go:225	group "TestGroup" started; interval=1ms; concurrency=1
2020-09-22T16:27:59.497Z	info	app/vmalert/group.go:225	group "groupGorSingleAlert" started; interval=1ms; concurrency=1
2020-09-22T16:27:59.497Z	info	app/vmalert/manager.go:84	reading rules configuration file from "config/testdata/rules1-good.rules"
2020-09-22T16:27:59.497Z	info	app/vmalert/group.go:235	group "groupGorSingleAlert": received stop signal
2020-09-22T16:27:59.498Z	info	app/vmalert/group.go:235	group "TestGroup": received stop signal
2020-09-22T16:27:59.498Z	info	app/vmalert/group.go:225	group "TestGroup" started; interval=2s; concurrency=2
2020-09-22T16:27:59.498Z	info	app/vmalert/manager.go:84	reading rules configuration file from "config/testdata/dir/rules1-good.rules"
2020-09-22T16:27:59.498Z	info	app/vmalert/group.go:235	group "TestGroup": received stop signal
2020-09-22T16:27:59.498Z	info	app/vmalert/manager.go:84	reading rules configuration file from "config/testdata/dir/rules0-bad.rules"
2020-09-22T16:27:59.498Z	info	app/vmalert/group.go:225	group "duplicatedGroupDiffFiles" started; interval=1ms; concurrency=1
2020-09-22T16:27:59.498Z	info	app/vmalert/group.go:235	group "duplicatedGroupDiffFiles": received stop signal
2020-09-22T16:27:59.498Z	info	app/vmalert/manager.go:84	reading rules configuration file from "config/testdata/dir/rules0-good.rules"
2020-09-22T16:27:59.498Z	info	app/vmalert/group.go:225	group "groupGorSingleAlert" started; interval=1ms; concurrency=1
2020-09-22T16:27:59.498Z	info	app/vmalert/group.go:225	group "TestGroup" started; interval=1ms; concurrency=1
2020-09-22T16:27:59.498Z	info	app/vmalert/group.go:235	group "groupGorSingleAlert": received stop signal
2020-09-22T16:27:59.498Z	info	app/vmalert/group.go:235	group "TestGroup": received stop signal
2020-09-22T16:27:59.498Z	info	app/vmalert/group.go:225	group "duplicatedGroupDiffFiles" started; interval=1ms; concurrency=1
2020-09-22T16:27:59.498Z	info	app/vmalert/group.go:235	group "duplicatedGroupDiffFiles": received stop signal
2020-09-22T16:27:59.498Z	info	app/vmalert/manager.go:84	reading rules configuration file from "config/testdata/dir/rules1-good.rules"
2020-09-22T16:27:59.498Z	info	app/vmalert/group.go:225	group "duplicatedGroupDiffFiles" started; interval=1ms; concurrency=1
2020-09-22T16:27:59.498Z	info	app/vmalert/manager.go:84	reading rules configuration file from "config/testdata/rules2-good.rules"
2020-09-22T16:27:59.498Z	info	app/vmalert/group.go:235	group "duplicatedGroupDiffFiles": received stop signal
2020-09-22T16:27:59.498Z	info	app/vmalert/manager.go:84	reading rules configuration file from "config/testdata/rules1-good.rules"
2020-09-22T16:27:59.498Z	info	app/vmalert/group.go:225	group "TestGroup" started; interval=1ms; concurrency=1
2020-09-22T16:27:59.498Z	info	app/vmalert/group.go:225	group "groupGorSingleAlert" started; interval=1ms; concurrency=1
2020-09-22T16:27:59.498Z	info	app/vmalert/group.go:235	group "groupGorSingleAlert": received stop signal
2020-09-22T16:27:59.498Z	info	app/vmalert/group.go:235	group "TestGroup": received stop signal
2020-09-22T16:27:59.499Z	info	app/vmalert/group.go:225	group "groupTest" started; interval=1ms; concurrency=1
2020-09-22T16:27:59.499Z	info	app/vmalert/manager.go:84	reading rules configuration file from "config/testdata/dir/rules1-good.rules"
2020-09-22T16:27:59.499Z	info	app/vmalert/group.go:235	group "groupTest": received stop signal
2020-09-22T16:27:59.499Z	info	app/vmalert/manager.go:84	reading rules configuration file from "config/testdata/dir/rules0-bad.rules"
2020-09-22T16:27:59.499Z	info	app/vmalert/group.go:225	group "duplicatedGroupDiffFiles" started; interval=1ms; concurrency=1
2020-09-22T16:27:59.499Z	info	app/vmalert/group.go:235	group "duplicatedGroupDiffFiles": received stop signal
2020-09-22T16:27:59.499Z	info	app/vmalert/manager.go:84	reading rules configuration file from "config/testdata/rules1-good.rules"
2020-09-22T16:27:59.499Z	info	app/vmalert/group.go:225	group "TestGroup" started; interval=1ms; concurrency=1
2020-09-22T16:27:59.499Z	info	app/vmalert/manager.go:84	reading rules configuration file from "config/testdata/rules1-good.rules"
2020-09-22T16:27:59.499Z	info	app/vmalert/group.go:225	group "groupGorSingleAlert" started; interval=1ms; concurrency=1
2020-09-22T16:27:59.499Z	info	app/vmalert/group.go:235	group "groupGorSingleAlert": received stop signal
2020-09-22T16:27:59.499Z	info	app/vmalert/group.go:235	group "TestGroup": received stop signal
2020-09-22T16:27:59.500Z	info	app/vmalert/manager.go:84	reading rules configuration file from "config/testdata/dir/rules0-bad.rules"
2020-09-22T16:27:59.500Z	info	app/vmalert/group.go:225	group "duplicatedGroupDiffFiles" started; interval=1ms; concurrency=1
2020-09-22T16:27:59.500Z	info	app/vmalert/group.go:235	group "duplicatedGroupDiffFiles": received stop signal
2020-09-22T16:27:59.500Z	info	app/vmalert/manager.go:84	reading rules configuration file from "config/testdata/dir/rules0-bad.rules"
2020-09-22T16:27:59.500Z	info	app/vmalert/group.go:225	group "duplicatedGroupDiffFiles" started; interval=1ms; concurrency=1
2020-09-22T16:27:59.500Z	info	app/vmalert/group.go:235	group "duplicatedGroupDiffFiles": received stop signal
2020-09-22T16:27:59.500Z	info	app/vmalert/group.go:225	group "groupGorSingleAlert" started; interval=1ms; concurrency=1
2020-09-22T16:27:59.500Z	info	app/vmalert/manager.go:84	reading rules configuration file from "config/testdata/dir/rules0-good.rules"
2020-09-22T16:27:59.500Z	info	app/vmalert/manager.go:84	reading rules configuration file from "config/testdata/dir/rules1-bad.rules"
2020-09-22T16:27:59.500Z	info	app/vmalert/group.go:235	group "groupGorSingleAlert": received stop signal
2020-09-22T16:27:59.500Z	info	app/vmalert/group.go:225	group "TestGroup" started; interval=1ms; concurrency=1
2020-09-22T16:27:59.500Z	info	app/vmalert/manager.go:84	reading rules configuration file from "config/testdata/rules0-good.rules"
2020-09-22T16:27:59.500Z	info	app/vmalert/group.go:235	group "TestGroup": received stop signal
2020-09-22T16:27:59.500Z	info	app/vmalert/manager.go:84	reading rules configuration file from "config/testdata/dir/rules0-good.rules"
2020-09-22T16:27:59.500Z	info	app/vmalert/group.go:225	group "duplicatedGroupDiffFiles" started; interval=1ms; concurrency=1
2020-09-22T16:27:59.501Z	info	app/vmalert/group.go:235	group "duplicatedGroupDiffFiles": received stop signal
2020-09-22T16:27:59.501Z	info	app/vmalert/manager.go:84	reading rules configuration file from "config/testdata/rules1-good.rules"
2020-09-22T16:27:59.501Z	info	app/vmalert/group.go:225	group "groupTest" started; interval=1ms; concurrency=1
2020-09-22T16:27:59.501Z	info	app/vmalert/group.go:235	group "groupTest": received stop signal
2020-09-22T16:27:59.501Z	info	app/vmalert/group.go:225	group "groupGorSingleAlert" started; interval=1ms; concurrency=1
2020-09-22T16:27:59.501Z	info	app/vmalert/group.go:235	group "groupGorSingleAlert": received stop signal
2020-09-22T16:27:59.501Z	info	app/vmalert/group.go:225	group "TestGroup" started; interval=1ms; concurrency=1
2020-09-22T16:27:59.501Z	info	app/vmalert/group.go:235	group "TestGroup": received stop signal
2020-09-22T16:27:59.501Z	info	app/vmalert/manager.go:84	reading rules configuration file from "config/testdata/rules2-good.rules"
2020-09-22T16:27:59.501Z	info	app/vmalert/manager.go:84	reading rules configuration file from "config/testdata/dir/rules0-bad.rules"
2020-09-22T16:27:59.501Z	info	app/vmalert/manager.go:84	reading rules configuration file from "config/testdata/rules0-good.rules"
2020-09-22T16:27:59.501Z	info	app/vmalert/group.go:225	group "duplicatedGroupDiffFiles" started; interval=1ms; concurrency=1
2020-09-22T16:27:59.501Z	info	app/vmalert/group.go:235	group "duplicatedGroupDiffFiles": received stop signal
2020-09-22T16:27:59.501Z	info	app/vmalert/manager.go:84	reading rules configuration file from "config/testdata/dir/rules0-good.rules"
2020-09-22T16:27:59.501Z	info	app/vmalert/manager.go:84	reading rules configuration file from "config/testdata/rules1-good.rules"
2020-09-22T16:27:59.501Z	info	app/vmalert/group.go:225	group "TestGroup" started; interval=2s; concurrency=2
2020-09-22T16:27:59.501Z	info	app/vmalert/group.go:235	group "TestGroup": received stop signal
2020-09-22T16:27:59.501Z	info	app/vmalert/manager.go:84	reading rules configuration file from "config/testdata/rules1-good.rules"
2020-09-22T16:27:59.501Z	info	app/vmalert/group.go:225	group "groupTest" started; interval=1ms; concurrency=1
2020-09-22T16:27:59.501Z	info	app/vmalert/group.go:235	group "groupTest": received stop signal
2020-09-22T16:27:59.502Z	info	app/vmalert/manager.go:84	reading rules configuration file from "config/testdata/dir/rules1-good.rules"
2020-09-22T16:27:59.502Z	info	app/vmalert/group.go:225	group "duplicatedGroupDiffFiles" started; interval=1ms; concurrency=1
2020-09-22T16:27:59.502Z	info	app/vmalert/group.go:235	group "duplicatedGroupDiffFiles": received stop signal
2020-09-22T16:27:59.502Z	info	app/vmalert/manager.go:84	reading rules configuration file from "config/testdata/dir/rules0-bad.rules"
2020-09-22T16:27:59.502Z	info	app/vmalert/manager.go:84	reading rules configuration file from "config/testdata/dir/rules0-good.rules"
2020-09-22T16:27:59.502Z	info	app/vmalert/group.go:225	group "groupTest" started; interval=1ms; concurrency=1
2020-09-22T16:27:59.502Z	info	app/vmalert/group.go:235	group "groupTest": received stop signal
2020-09-22T16:27:59.502Z	info	app/vmalert/group.go:225	group "TestGroup" started; interval=1ms; concurrency=1
2020-09-22T16:27:59.503Z	info	app/vmalert/group.go:225	group "groupGorSingleAlert" started; interval=1ms; concurrency=1
2020-09-22T16:27:59.503Z	info	app/vmalert/group.go:235	group "groupGorSingleAlert": received stop signal
2020-09-22T16:27:59.503Z	info	app/vmalert/manager.go:84	reading rules configuration file from "config/testdata/rules2-good.rules"
2020-09-22T16:27:59.503Z	info	app/vmalert/group.go:235	group "TestGroup": received stop signal
2020-09-22T16:27:59.503Z	info	app/vmalert/group.go:225	group "TestGroup" started; interval=2s; concurrency=2
2020-09-22T16:27:59.503Z	info	app/vmalert/group.go:235	group "TestGroup": received stop signal
2020-09-22T16:27:59.503Z	info	app/vmalert/manager.go:84	reading rules configuration file from "config/testdata/dir/rules1-bad.rules"
2020-09-22T16:27:59.503Z	info	app/vmalert/manager.go:84	reading rules configuration file from "config/testdata/rules2-good.rules"
2020-09-22T16:27:59.503Z	info	app/vmalert/manager.go:84	reading rules configuration file from "config/testdata/rules1-good.rules"
2020-09-22T16:27:59.503Z	info	app/vmalert/group.go:225	group "groupTest" started; interval=1ms; concurrency=1
2020-09-22T16:27:59.503Z	info	app/vmalert/manager.go:84	reading rules configuration file from "config/testdata/rules1-good.rules"
2020-09-22T16:27:59.503Z	info	app/vmalert/group.go:235	group "groupTest": received stop signal
2020-09-22T16:27:59.503Z	info	app/vmalert/group.go:225	group "TestGroup" started; interval=1ms; concurrency=1
2020-09-22T16:27:59.503Z	info	app/vmalert/group.go:225	group "groupGorSingleAlert" started; interval=1ms; concurrency=1
2020-09-22T16:27:59.503Z	info	app/vmalert/group.go:235	group "groupGorSingleAlert": received stop signal
2020-09-22T16:27:59.503Z	info	app/vmalert/manager.go:84	reading rules configuration file from "config/testdata/dir/rules0-good.rules"
2020-09-22T16:27:59.503Z	info	app/vmalert/group.go:235	group "TestGroup": received stop signal
2020-09-22T16:27:59.503Z	info	app/vmalert/group.go:225	group "duplicatedGroupDiffFiles" started; interval=1ms; concurrency=1
2020-09-22T16:27:59.503Z	info	app/vmalert/group.go:235	group "duplicatedGroupDiffFiles": received stop signal
2020-09-22T16:27:59.503Z	info	app/vmalert/manager.go:84	reading rules configuration file from "config/testdata/rules1-good.rules"
2020-09-22T16:27:59.503Z	info	app/vmalert/manager.go:84	reading rules configuration file from "config/testdata/dir/rules1-good.rules"
2020-09-22T16:27:59.503Z	info	app/vmalert/group.go:225	group "groupTest" started; interval=1ms; concurrency=1
2020-09-22T16:27:59.503Z	info	app/vmalert/group.go:235	group "groupTest": received stop signal
2020-09-22T16:27:59.503Z	info	app/vmalert/manager.go:84	reading rules configuration file from "config/testdata/rules1-good.rules"
2020-09-22T16:27:59.504Z	info	app/vmalert/manager.go:84	reading rules configuration file from "config/testdata/rules1-good.rules"
2020-09-22T16:27:59.504Z	info	app/vmalert/manager.go:84	reading rules configuration file from "config/testdata/dir/rules0-bad.rules"
2020-09-22T16:27:59.504Z	info	app/vmalert/group.go:225	group "groupGorSingleAlert" started; interval=1ms; concurrency=1
2020-09-22T16:27:59.504Z	info	app/vmalert/group.go:225	group "TestGroup" started; interval=1ms; concurrency=1
2020-09-22T16:27:59.504Z	info	app/vmalert/group.go:235	group "groupGorSingleAlert": received stop signal
2020-09-22T16:27:59.504Z	info	app/vmalert/group.go:235	group "TestGroup": received stop signal
2020-09-22T16:27:59.505Z	info	app/vmalert/group.go:225	group "groupTest" started; interval=1ms; concurrency=1
2020-09-22T16:27:59.505Z	info	app/vmalert/manager.go:84	reading rules configuration file from "config/testdata/dir/rules0-good.rules"
2020-09-22T16:27:59.505Z	info	app/vmalert/manager.go:84	reading rules configuration file from "config/testdata/rules2-good.rules"
2020-09-22T16:27:59.505Z	info	app/vmalert/manager.go:84	reading rules configuration file from "config/testdata/dir/rules0-bad.rules"
2020-09-22T16:27:59.505Z	info	app/vmalert/group.go:235	group "groupTest": received stop signal
2020-09-22T16:27:59.505Z	info	app/vmalert/manager.go:84	reading rules configuration file from "config/testdata/dir/rules0-good.rules"
2020-09-22T16:27:59.505Z	info	app/vmalert/group.go:225	group "TestGroup" started; interval=2s; concurrency=2
2020-09-22T16:27:59.505Z	info	app/vmalert/group.go:235	group "TestGroup": received stop signal
2020-09-22T16:27:59.505Z	info	app/vmalert/manager.go:84	reading rules configuration file from "config/testdata/dir/rules0-good.rules"
2020-09-22T16:27:59.505Z	info	app/vmalert/group.go:225	group "duplicatedGroupDiffFiles" started; interval=1ms; concurrency=1
2020-09-22T16:27:59.505Z	info	app/vmalert/group.go:235	group "duplicatedGroupDiffFiles": received stop signal
2020-09-22T16:27:59.506Z	info	app/vmalert/manager.go:84	reading rules configuration file from "config/testdata/dir/rules1-bad.rules"
2020-09-22T16:27:59.506Z	info	app/vmalert/group.go:225	group "groupTest" started; interval=1ms; concurrency=1
2020-09-22T16:27:59.506Z	info	app/vmalert/group.go:235	group "groupTest": received stop signal
2020-09-22T16:27:59.506Z	info	app/vmalert/manager.go:84	reading rules configuration file from "config/testdata/dir/rules0-good.rules"
2020-09-22T16:27:59.506Z	info	app/vmalert/manager.go:84	reading rules configuration file from "config/testdata/dir/rules0-bad.rules"
2020-09-22T16:27:59.506Z	info	app/vmalert/group.go:225	group "duplicatedGroupDiffFiles" started; interval=1ms; concurrency=1
2020-09-22T16:27:59.506Z	info	app/vmalert/group.go:235	group "duplicatedGroupDiffFiles": received stop signal
2020-09-22T16:27:59.506Z	info	app/vmalert/group.go:225	group "duplicatedGroupDiffFiles" started; interval=1ms; concurrency=1
2020-09-22T16:27:59.506Z	info	app/vmalert/manager.go:84	reading rules configuration file from "config/testdata/dir/rules0-good.rules"
2020-09-22T16:27:59.506Z	info	app/vmalert/group.go:235	group "duplicatedGroupDiffFiles": received stop signal
2020-09-22T16:27:59.506Z	info	app/vmalert/manager.go:84	reading rules configuration file from "config/testdata/dir/rules1-good.rules"
2020-09-22T16:27:59.506Z	info	app/vmalert/group.go:225	group "groupGorSingleAlert" started; interval=1ms; concurrency=1
2020-09-22T16:27:59.506Z	info	app/vmalert/manager.go:84	reading rules configuration file from "config/testdata/dir/rules0-good.rules"
2020-09-22T16:27:59.506Z	info	app/vmalert/group.go:235	group "groupGorSingleAlert": received stop signal
2020-09-22T16:27:59.506Z	info	app/vmalert/group.go:225	group "TestGroup" started; interval=1ms; concurrency=1
2020-09-22T16:27:59.506Z	info	app/vmalert/group.go:235	group "TestGroup": received stop signal
2020-09-22T16:27:59.506Z	info	app/vmalert/group.go:225	group "duplicatedGroupDiffFiles" started; interval=1ms; concurrency=1
2020-09-22T16:27:59.506Z	info	app/vmalert/group.go:235	group "duplicatedGroupDiffFiles": received stop signal
2020-09-22T16:27:59.507Z	info	app/vmalert/group.go:225	group "groupTest" started; interval=1ms; concurrency=1
2020-09-22T16:27:59.506Z	info	app/vmalert/manager.go:84	reading rules configuration file from "config/testdata/rules2-good.rules"
2020-09-22T16:27:59.507Z	info	app/vmalert/group.go:235	group "groupTest": received stop signal
2020-09-22T16:27:59.507Z	info	app/vmalert/manager.go:84	reading rules configuration file from "config/testdata/rules2-good.rules"
2020-09-22T16:27:59.507Z	info	app/vmalert/group.go:225	group "duplicatedGroupDiffFiles" started; interval=1ms; concurrency=1
2020-09-22T16:27:59.507Z	info	app/vmalert/group.go:235	group "duplicatedGroupDiffFiles": received stop signal
2020-09-22T16:27:59.507Z	info	app/vmalert/group.go:225	group "groupTest" started; interval=1ms; concurrency=1
2020-09-22T16:27:59.507Z	info	app/vmalert/group.go:235	group "groupTest": received stop signal
2020-09-22T16:27:59.507Z	info	app/vmalert/manager.go:84	reading rules configuration file from "config/testdata/dir/rules0-bad.rules"
2020-09-22T16:27:59.507Z	info	app/vmalert/manager.go:84	reading rules configuration file from "config/testdata/dir/rules1-good.rules"
2020-09-22T16:27:59.507Z	info	app/vmalert/manager.go:84	reading rules configuration file from "config/testdata/rules0-good.rules"
2020-09-22T16:27:59.507Z	info	app/vmalert/group.go:225	group "duplicatedGroupDiffFiles" started; interval=1ms; concurrency=1
2020-09-22T16:27:59.507Z	info	app/vmalert/group.go:235	group "duplicatedGroupDiffFiles": received stop signal
2020-09-22T16:27:59.507Z	info	app/vmalert/manager.go:84	reading rules configuration file from "config/testdata/rules2-good.rules"
2020-09-22T16:27:59.507Z	info	app/vmalert/group.go:225	group "groupGorSingleAlert" started; interval=1ms; concurrency=1
2020-09-22T16:27:59.507Z	info	app/vmalert/group.go:225	group "TestGroup" started; interval=1ms; concurrency=1
2020-09-22T16:27:59.507Z	info	app/vmalert/group.go:235	group "TestGroup": received stop signal
2020-09-22T16:27:59.507Z	info	app/vmalert/group.go:235	group "groupGorSingleAlert": received stop signal
2020-09-22T16:27:59.507Z	info	app/vmalert/manager.go:84	reading rules configuration file from "config/testdata/rules2-good.rules"
2020-09-22T16:27:59.507Z	info	app/vmalert/group.go:225	group "duplicatedGroupDiffFiles" started; interval=1ms; concurrency=1
2020-09-22T16:27:59.507Z	info	app/vmalert/manager.go:84	reading rules configuration file from "config/testdata/dir/rules1-good.rules"
2020-09-22T16:27:59.508Z	info	app/vmalert/group.go:235	group "duplicatedGroupDiffFiles": received stop signal
2020-09-22T16:27:59.508Z	info	app/vmalert/manager.go:84	reading rules configuration file from "config/testdata/dir/rules1-bad.rules"
2020-09-22T16:27:59.508Z	info	app/vmalert/group.go:225	group "groupTest" started; interval=1ms; concurrency=1
2020-09-22T16:27:59.508Z	info	app/vmalert/group.go:235	group "groupTest": received stop signal
2020-09-22T16:27:59.508Z	info	app/vmalert/manager.go:84	reading rules configuration file from "config/testdata/dir/rules1-good.rules"
2020-09-22T16:27:59.508Z	info	app/vmalert/group.go:225	group "duplicatedGroupDiffFiles" started; interval=1ms; concurrency=1
2020-09-22T16:27:59.508Z	info	app/vmalert/manager.go:84	reading rules configuration file from "config/testdata/dir/rules1-good.rules"
2020-09-22T16:27:59.508Z	info	app/vmalert/group.go:235	group "duplicatedGroupDiffFiles": received stop signal
2020-09-22T16:27:59.508Z	info	app/vmalert/manager.go:84	reading rules configuration file from "config/testdata/dir/rules1-bad.rules"
2020-09-22T16:27:59.508Z	info	app/vmalert/group.go:225	group "groupGorSingleAlert" started; interval=1ms; concurrency=1
2020-09-22T16:27:59.509Z	info	app/vmalert/group.go:235	group "groupGorSingleAlert": received stop signal
2020-09-22T16:27:59.509Z	info	app/vmalert/group.go:225	group "TestGroup" started; interval=1ms; concurrency=1
2020-09-22T16:27:59.509Z	info	app/vmalert/group.go:235	group "TestGroup": received stop signal
2020-09-22T16:27:59.509Z	info	app/vmalert/manager.go:84	reading rules configuration file from "config/testdata/dir/rules0-good.rules"
2020-09-22T16:27:59.509Z	info	app/vmalert/group.go:225	group "TestGroup" started; interval=2s; concurrency=2
2020-09-22T16:27:59.509Z	info	app/vmalert/group.go:235	group "TestGroup": received stop signal
2020-09-22T16:27:59.509Z	info	app/vmalert/manager.go:84	reading rules configuration file from "config/testdata/dir/rules1-bad.rules"
2020-09-22T16:27:59.509Z	info	app/vmalert/manager.go:84	reading rules configuration file from "config/testdata/rules0-good.rules"
2020-09-22T16:27:59.509Z	info	app/vmalert/group.go:225	group "duplicatedGroupDiffFiles" started; interval=1ms; concurrency=1
2020-09-22T16:27:59.509Z	info	app/vmalert/group.go:235	group "duplicatedGroupDiffFiles": received stop signal
2020-09-22T16:27:59.509Z	info	app/vmalert/group.go:225	group "TestGroup" started; interval=2s; concurrency=2
2020-09-22T16:27:59.509Z	info	app/vmalert/manager.go:84	reading rules configuration file from "config/testdata/dir/rules0-good.rules"
2020-09-22T16:27:59.509Z	info	app/vmalert/manager.go:84	reading rules configuration file from "config/testdata/rules0-good.rules"
2020-09-22T16:27:59.509Z	info	app/vmalert/group.go:235	group "TestGroup": received stop signal
2020-09-22T16:27:59.510Z	info	app/vmalert/group.go:225	group "TestGroup" started; interval=1ms; concurrency=1
2020-09-22T16:27:59.510Z	info	app/vmalert/group.go:225	group "groupGorSingleAlert" started; interval=1ms; concurrency=1
2020-09-22T16:27:59.510Z	info	app/vmalert/manager.go:84	reading rules configuration file from "config/testdata/rules2-good.rules"
2020-09-22T16:27:59.510Z	info	app/vmalert/group.go:235	group "TestGroup": received stop signal
2020-09-22T16:27:59.510Z	info	app/vmalert/group.go:235	group "groupGorSingleAlert": received stop signal
2020-09-22T16:27:59.510Z	info	app/vmalert/manager.go:84	reading rules configuration file from "config/testdata/rules2-good.rules"
2020-09-22T16:27:59.510Z	info	app/vmalert/group.go:225	group "groupTest" started; interval=1ms; concurrency=1
2020-09-22T16:27:59.510Z	info	app/vmalert/group.go:235	group "groupTest": received stop signal
2020-09-22T16:27:59.510Z	info	app/vmalert/manager.go:84	reading rules configuration file from "config/testdata/dir/rules0-good.rules"
2020-09-22T16:27:59.510Z	info	app/vmalert/manager.go:84	reading rules configuration file from "config/testdata/rules1-good.rules"
2020-09-22T16:27:59.510Z	info	app/vmalert/manager.go:84	reading rules configuration file from "config/testdata/dir/rules1-good.rules"
2020-09-22T16:27:59.510Z	info	app/vmalert/manager.go:84	reading rules configuration file from "config/testdata/dir/rules1-good.rules"
2020-09-22T16:27:59.510Z	info	app/vmalert/group.go:225	group "duplicatedGroupDiffFiles" started; interval=1ms; concurrency=1
2020-09-22T16:27:59.510Z	info	app/vmalert/group.go:235	group "duplicatedGroupDiffFiles": received stop signal
2020-09-22T16:27:59.511Z	info	app/vmalert/group.go:225	group "groupTest" started; interval=1ms; concurrency=1
2020-09-22T16:27:59.511Z	info	app/vmalert/group.go:235	group "groupTest": received stop signal
2020-09-22T16:27:59.511Z	info	app/vmalert/manager.go:84	reading rules configuration file from "config/testdata/rules1-good.rules"
2020-09-22T16:27:59.511Z	info	app/vmalert/group.go:225	group "duplicatedGroupDiffFiles" started; interval=1ms; concurrency=1
2020-09-22T16:27:59.511Z	info	app/vmalert/group.go:235	group "duplicatedGroupDiffFiles": received stop signal
2020-09-22T16:27:59.511Z	info	app/vmalert/manager.go:84	reading rules configuration file from "config/testdata/dir/rules1-bad.rules"
2020-09-22T16:27:59.511Z	info	app/vmalert/manager.go:84	reading rules configuration file from "config/testdata/rules1-good.rules"
2020-09-22T16:27:59.511Z	info	app/vmalert/manager.go:84	reading rules configuration file from "config/testdata/dir/rules0-bad.rules"
2020-09-22T16:27:59.511Z	info	app/vmalert/group.go:225	group "groupTest" started; interval=1ms; concurrency=1
2020-09-22T16:27:59.511Z	info	app/vmalert/manager.go:84	reading rules configuration file from "config/testdata/rules2-good.rules"
2020-09-22T16:27:59.511Z	info	app/vmalert/group.go:235	group "groupTest": received stop signal
2020-09-22T16:27:59.511Z	info	app/vmalert/group.go:225	group "TestGroup" started; interval=2s; concurrency=2
2020-09-22T16:27:59.511Z	info	app/vmalert/manager.go:84	reading rules configuration file from "config/testdata/dir/rules1-bad.rules"
2020-09-22T16:27:59.511Z	info	app/vmalert/group.go:235	group "TestGroup": received stop signal
2020-09-22T16:27:59.511Z	info	app/vmalert/manager.go:84	reading rules configuration file from "config/testdata/rules1-good.rules"
2020-09-22T16:27:59.511Z	info	app/vmalert/group.go:225	group "groupTest" started; interval=1ms; concurrency=1
2020-09-22T16:27:59.511Z	info	app/vmalert/group.go:235	group "groupTest": received stop signal
2020-09-22T16:27:59.511Z	info	app/vmalert/manager.go:84	reading rules configuration file from "config/testdata/rules2-good.rules"
2020-09-22T16:27:59.512Z	info	app/vmalert/group.go:225	group "TestGroup" started; interval=2s; concurrency=2
2020-09-22T16:27:59.511Z	info	app/vmalert/manager.go:84	reading rules configuration file from "config/testdata/dir/rules1-good.rules"
2020-09-22T16:27:59.512Z	info	app/vmalert/group.go:235	group "TestGroup": received stop signal
2020-09-22T16:27:59.512Z	info	app/vmalert/manager.go:84	reading rules configuration file from "config/testdata/dir/rules0-bad.rules"
2020-09-22T16:27:59.512Z	info	app/vmalert/group.go:225	group "TestGroup" started; interval=1ms; concurrency=1
2020-09-22T16:27:59.512Z	info	app/vmalert/group.go:225	group "groupGorSingleAlert" started; interval=1ms; concurrency=1
2020-09-22T16:27:59.512Z	info	app/vmalert/group.go:235	group "groupGorSingleAlert": received stop signal
2020-09-22T16:27:59.512Z	info	app/vmalert/manager.go:84	reading rules configuration file from "config/testdata/dir/rules1-bad.rules"
2020-09-22T16:27:59.512Z	info	app/vmalert/group.go:235	group "TestGroup": received stop signal
2020-09-22T16:27:59.513Z	info	app/vmalert/manager.go:84	reading rules configuration file from "config/testdata/rules0-good.rules"
2020-09-22T16:27:59.513Z	info	app/vmalert/group.go:225	group "TestGroup" started; interval=2s; concurrency=2
2020-09-22T16:27:59.513Z	info	app/vmalert/group.go:235	group "TestGroup": received stop signal
2020-09-22T16:27:59.513Z	info	app/vmalert/manager.go:84	reading rules configuration file from "config/testdata/dir/rules1-bad.rules"
2020-09-22T16:27:59.513Z	info	app/vmalert/manager.go:84	reading rules configuration file from "config/testdata/rules1-good.rules"
2020-09-22T16:27:59.513Z	info	app/vmalert/group.go:225	group "groupTest" started; interval=1ms; concurrency=1
2020-09-22T16:27:59.513Z	info	app/vmalert/manager.go:84	reading rules configuration file from "config/testdata/rules1-good.rules"
2020-09-22T16:27:59.513Z	info	app/vmalert/manager.go:84	reading rules configuration file from "config/testdata/rules0-good.rules"
2020-09-22T16:27:59.513Z	info	app/vmalert/group.go:235	group "groupTest": received stop signal
2020-09-22T16:27:59.513Z	info	app/vmalert/manager.go:84	reading rules configuration file from "config/testdata/rules2-good.rules"
2020-09-22T16:27:59.513Z	info	app/vmalert/manager.go:84	reading rules configuration file from "config/testdata/rules2-good.rules"
2020-09-22T16:27:59.513Z	info	app/vmalert/group.go:225	group "TestGroup" started; interval=1ms; concurrency=1
2020-09-22T16:27:59.513Z	info	app/vmalert/group.go:225	group "groupGorSingleAlert" started; interval=1ms; concurrency=1
2020-09-22T16:27:59.513Z	info	app/vmalert/manager.go:84	reading rules configuration file from "config/testdata/rules2-good.rules"
2020-09-22T16:27:59.513Z	info	app/vmalert/group.go:235	group "groupGorSingleAlert": received stop signal
2020-09-22T16:27:59.513Z	info	app/vmalert/group.go:235	group "TestGroup": received stop signal
2020-09-22T16:27:59.514Z	info	app/vmalert/group.go:225	group "duplicatedGroupDiffFiles" started; interval=1ms; concurrency=1
2020-09-22T16:27:59.514Z	info	app/vmalert/group.go:235	group "duplicatedGroupDiffFiles": received stop signal
2020-09-22T16:27:59.514Z	info	app/vmalert/manager.go:84	reading rules configuration file from "config/testdata/rules2-good.rules"
2020-09-22T16:27:59.514Z	info	app/vmalert/group.go:225	group "TestGroup" started; interval=1ms; concurrency=1
2020-09-22T16:27:59.514Z	info	app/vmalert/group.go:225	group "groupGorSingleAlert" started; interval=1ms; concurrency=1
2020-09-22T16:27:59.514Z	info	app/vmalert/manager.go:84	reading rules configuration file from "config/testdata/dir/rules1-bad.rules"
2020-09-22T16:27:59.514Z	info	app/vmalert/group.go:235	group "groupGorSingleAlert": received stop signal
2020-09-22T16:27:59.514Z	info	app/vmalert/group.go:235	group "TestGroup": received stop signal
2020-09-22T16:27:59.515Z	info	app/vmalert/manager.go:84	reading rules configuration file from "config/testdata/rules1-good.rules"
2020-09-22T16:27:59.515Z	info	app/vmalert/group.go:225	group "duplicatedGroupDiffFiles" started; interval=1ms; concurrency=1
2020-09-22T16:27:59.515Z	info	app/vmalert/group.go:235	group "duplicatedGroupDiffFiles": received stop signal
2020-09-22T16:27:59.515Z	info	app/vmalert/manager.go:84	reading rules configuration file from "config/testdata/rules0-good.rules"
2020-09-22T16:27:59.515Z	info	app/vmalert/group.go:225	group "TestGroup" started; interval=2s; concurrency=2
2020-09-22T16:27:59.515Z	info	app/vmalert/group.go:235	group "TestGroup": received stop signal
2020-09-22T16:27:59.515Z	info	app/vmalert/manager.go:84	reading rules configuration file from "config/testdata/rules2-good.rules"
2020-09-22T16:27:59.515Z	info	app/vmalert/group.go:225	group "duplicatedGroupDiffFiles" started; interval=1ms; concurrency=1
2020-09-22T16:27:59.515Z	info	app/vmalert/group.go:235	group "duplicatedGroupDiffFiles": received stop signal
2020-09-22T16:27:59.515Z	info	app/vmalert/group.go:225	group "TestGroup" started; interval=2s; concurrency=2
2020-09-22T16:27:59.515Z	info	app/vmalert/group.go:235	group "TestGroup": received stop signal
2020-09-22T16:27:59.515Z	info	app/vmalert/manager.go:84	reading rules configuration file from "config/testdata/dir/rules1-bad.rules"
2020-09-22T16:27:59.515Z	info	app/vmalert/manager.go:84	reading rules configuration file from "config/testdata/dir/rules0-bad.rules"
2020-09-22T16:27:59.515Z	info	app/vmalert/group.go:225	group "groupTest" started; interval=1ms; concurrency=1
2020-09-22T16:27:59.515Z	info	app/vmalert/manager.go:84	reading rules configuration file from "config/testdata/dir/rules1-good.rules"
2020-09-22T16:27:59.515Z	info	app/vmalert/manager.go:84	reading rules configuration file from "config/testdata/rules2-good.rules"
2020-09-22T16:27:59.515Z	info	app/vmalert/group.go:235	group "groupTest": received stop signal
2020-09-22T16:27:59.515Z	info	app/vmalert/manager.go:84	reading rules configuration file from "config/testdata/rules2-good.rules"
2020-09-22T16:27:59.515Z	info	app/vmalert/group.go:225	group "duplicatedGroupDiffFiles" started; interval=1ms; concurrency=1
2020-09-22T16:27:59.516Z	info	app/vmalert/group.go:235	group "duplicatedGroupDiffFiles": received stop signal
2020-09-22T16:27:59.516Z	info	app/vmalert/group.go:225	group "TestGroup" started; interval=2s; concurrency=2
2020-09-22T16:27:59.516Z	info	app/vmalert/group.go:235	group "TestGroup": received stop signal
2020-09-22T16:27:59.516Z	info	app/vmalert/manager.go:84	reading rules configuration file from "config/testdata/dir/rules0-good.rules"
2020-09-22T16:27:59.516Z	info	app/vmalert/manager.go:84	reading rules configuration file from "config/testdata/rules2-good.rules"
2020-09-22T16:27:59.516Z	info	app/vmalert/manager.go:84	reading rules configuration file from "config/testdata/dir/rules0-bad.rules"
2020-09-22T16:27:59.516Z	info	app/vmalert/manager.go:84	reading rules configuration file from "config/testdata/rules1-good.rules"
2020-09-22T16:27:59.516Z	info	app/vmalert/group.go:225	group "duplicatedGroupDiffFiles" started; interval=1ms; concurrency=1
2020-09-22T16:27:59.516Z	info	app/vmalert/manager.go:84	reading rules configuration file from "config/testdata/dir/rules1-bad.rules"
2020-09-22T16:27:59.516Z	info	app/vmalert/group.go:235	group "duplicatedGroupDiffFiles": received stop signal
2020-09-22T16:27:59.516Z	info	app/vmalert/manager.go:84	reading rules configuration file from "config/testdata/rules0-good.rules"
2020-09-22T16:27:59.516Z	info	app/vmalert/manager.go:84	reading rules configuration file from "config/testdata/dir/rules0-bad.rules"
2020-09-22T16:27:59.516Z	info	app/vmalert/group.go:225	group "TestGroup" started; interval=2s; concurrency=2
2020-09-22T16:27:59.516Z	info	app/vmalert/manager.go:84	reading rules configuration file from "config/testdata/dir/rules0-good.rules"
2020-09-22T16:27:59.516Z	info	app/vmalert/manager.go:84	reading rules configuration file from "config/testdata/dir/rules1-bad.rules"
2020-09-22T16:27:59.517Z	info	app/vmalert/manager.go:84	reading rules configuration file from "config/testdata/rules2-good.rules"
2020-09-22T16:27:59.516Z	info	app/vmalert/manager.go:84	reading rules configuration file from "config/testdata/dir/rules1-bad.rules"
2020-09-22T16:27:59.517Z	info	app/vmalert/manager.go:84	reading rules configuration file from "config/testdata/rules2-good.rules"
2020-09-22T16:27:59.517Z	info	app/vmalert/group.go:235	group "TestGroup": received stop signal
2020-09-22T16:27:59.516Z	info	app/vmalert/manager.go:84	reading rules configuration file from "config/testdata/dir/rules1-bad.rules"
2020-09-22T16:27:59.518Z	info	app/vmalert/manager.go:84	reading rules configuration file from "config/testdata/dir/rules0-good.rules"
2020-09-22T16:27:59.518Z	info	app/vmalert/group.go:225	group "groupTest" started; interval=1ms; concurrency=1
2020-09-22T16:27:59.518Z	info	app/vmalert/group.go:235	group "groupTest": received stop signal
2020-09-22T16:27:59.518Z	info	app/vmalert/manager.go:84	reading rules configuration file from "config/testdata/rules0-good.rules"
2020-09-22T16:27:59.518Z	info	app/vmalert/manager.go:84	reading rules configuration file from "config/testdata/rules2-good.rules"
2020-09-22T16:27:59.518Z	info	app/vmalert/group.go:225	group "TestGroup" started; interval=2s; concurrency=2
2020-09-22T16:27:59.519Z	info	app/vmalert/group.go:235	group "TestGroup": received stop signal
2020-09-22T16:27:59.519Z	info	app/vmalert/group.go:225	group "duplicatedGroupDiffFiles" started; interval=1ms; concurrency=1
2020-09-22T16:27:59.519Z	info	app/vmalert/manager.go:84	reading rules configuration file from "config/testdata/rules1-good.rules"
2020-09-22T16:27:59.519Z	info	app/vmalert/group.go:235	group "duplicatedGroupDiffFiles": received stop signal
2020-09-22T16:27:59.519Z	info	app/vmalert/group.go:225	group "TestGroup" started; interval=2s; concurrency=2
2020-09-22T16:27:59.519Z	info	app/vmalert/group.go:235	group "TestGroup": received stop signal
2020-09-22T16:27:59.519Z	info	app/vmalert/manager.go:84	reading rules configuration file from "config/testdata/dir/rules0-bad.rules"
2020-09-22T16:27:59.519Z	info	app/vmalert/manager.go:84	reading rules configuration file from "config/testdata/dir/rules1-bad.rules"
2020-09-22T16:27:59.519Z	info	app/vmalert/group.go:225	group "groupGorSingleAlert" started; interval=1ms; concurrency=1
2020-09-22T16:27:59.519Z	info	app/vmalert/group.go:235	group "groupGorSingleAlert": received stop signal
2020-09-22T16:27:59.519Z	info	app/vmalert/manager.go:84	reading rules configuration file from "config/testdata/rules0-good.rules"
2020-09-22T16:27:59.519Z	info	app/vmalert/group.go:225	group "TestGroup" started; interval=1ms; concurrency=1
2020-09-22T16:27:59.519Z	info	app/vmalert/group.go:235	group "TestGroup": received stop signal
2020-09-22T16:27:59.519Z	info	app/vmalert/group.go:225	group "TestGroup" started; interval=2s; concurrency=2
2020-09-22T16:27:59.519Z	info	app/vmalert/manager.go:84	reading rules configuration file from "config/testdata/dir/rules1-good.rules"
2020-09-22T16:27:59.520Z	info	app/vmalert/manager.go:84	reading rules configuration file from "config/testdata/rules2-good.rules"
2020-09-22T16:27:59.520Z	info	app/vmalert/manager.go:84	reading rules configuration file from "config/testdata/dir/rules0-bad.rules"
2020-09-22T16:27:59.520Z	info	app/vmalert/manager.go:84	reading rules configuration file from "config/testdata/rules0-good.rules"
2020-09-22T16:27:59.519Z	info	app/vmalert/group.go:235	group "TestGroup": received stop signal
2020-09-22T16:27:59.520Z	info	app/vmalert/manager.go:84	reading rules configuration file from "config/testdata/rules0-good.rules"
2020-09-22T16:27:59.520Z	info	app/vmalert/manager.go:84	reading rules configuration file from "config/testdata/rules2-good.rules"
2020-09-22T16:27:59.520Z	info	app/vmalert/manager.go:84	reading rules configuration file from "config/testdata/dir/rules1-good.rules"
2020-09-22T16:27:59.520Z	info	app/vmalert/group.go:225	group "groupTest" started; interval=1ms; concurrency=1
2020-09-22T16:27:59.520Z	info	app/vmalert/manager.go:84	reading rules configuration file from "config/testdata/dir/rules1-bad.rules"
2020-09-22T16:27:59.520Z	info	app/vmalert/group.go:235	group "groupTest": received stop signal
2020-09-22T16:27:59.520Z	info	app/vmalert/group.go:225	group "duplicatedGroupDiffFiles" started; interval=1ms; concurrency=1
2020-09-22T16:27:59.520Z	info	app/vmalert/group.go:235	group "duplicatedGroupDiffFiles": received stop signal
2020-09-22T16:27:59.520Z	info	app/vmalert/manager.go:84	reading rules configuration file from "config/testdata/dir/rules1-good.rules"
2020-09-22T16:27:59.521Z	info	app/vmalert/manager.go:84	reading rules configuration file from "config/testdata/rules2-good.rules"
2020-09-22T16:27:59.521Z	info	app/vmalert/manager.go:84	reading rules configuration file from "config/testdata/dir/rules1-good.rules"
2020-09-22T16:27:59.521Z	info	app/vmalert/group.go:225	group "TestGroup" started; interval=1ms; concurrency=1
2020-09-22T16:27:59.521Z	info	app/vmalert/group.go:225	group "groupGorSingleAlert" started; interval=1ms; concurrency=1
2020-09-22T16:27:59.521Z	info	app/vmalert/group.go:235	group "groupGorSingleAlert": received stop signal
2020-09-22T16:27:59.521Z	info	app/vmalert/group.go:235	group "TestGroup": received stop signal
2020-09-22T16:27:59.521Z	info	app/vmalert/manager.go:84	reading rules configuration file from "config/testdata/rules0-good.rules"
2020-09-22T16:27:59.521Z	info	app/vmalert/manager.go:84	reading rules configuration file from "config/testdata/dir/rules0-bad.rules"
2020-09-22T16:27:59.521Z	info	app/vmalert/group.go:225	group "duplicatedGroupDiffFiles" started; interval=1ms; concurrency=1
2020-09-22T16:27:59.521Z	info	app/vmalert/group.go:235	group "duplicatedGroupDiffFiles": received stop signal
2020-09-22T16:27:59.522Z	info	app/vmalert/group.go:225	group "TestGroup" started; interval=2s; concurrency=2
2020-09-22T16:27:59.522Z	info	app/vmalert/manager.go:84	reading rules configuration file from "config/testdata/rules1-good.rules"
2020-09-22T16:27:59.522Z	info	app/vmalert/group.go:235	group "TestGroup": received stop signal
2020-09-22T16:27:59.522Z	info	app/vmalert/manager.go:84	reading rules configuration file from "config/testdata/dir/rules0-bad.rules"
2020-09-22T16:27:59.522Z	info	app/vmalert/manager.go:84	reading rules configuration file from "config/testdata/rules1-good.rules"
2020-09-22T16:27:59.522Z	info	app/vmalert/manager.go:84	reading rules configuration file from "config/testdata/dir/rules0-good.rules"
2020-09-22T16:27:59.522Z	info	app/vmalert/group.go:225	group "duplicatedGroupDiffFiles" started; interval=1ms; concurrency=1
2020-09-22T16:27:59.522Z	info	app/vmalert/manager.go:84	reading rules configuration file from "config/testdata/rules2-good.rules"
2020-09-22T16:27:59.522Z	info	app/vmalert/manager.go:84	reading rules configuration file from "config/testdata/dir/rules0-bad.rules"
2020-09-22T16:27:59.522Z	info	app/vmalert/group.go:235	group "duplicatedGroupDiffFiles": received stop signal
2020-09-22T16:27:59.523Z	info	app/vmalert/manager.go:84	reading rules configuration file from "config/testdata/dir/rules1-good.rules"
2020-09-22T16:27:59.523Z	info	app/vmalert/group.go:225	group "groupTest" started; interval=1ms; concurrency=1
2020-09-22T16:27:59.523Z	info	app/vmalert/manager.go:84	reading rules configuration file from "config/testdata/rules1-good.rules"
2020-09-22T16:27:59.523Z	info	app/vmalert/group.go:235	group "groupTest": received stop signal
2020-09-22T16:27:59.523Z	info	app/vmalert/manager.go:84	reading rules configuration file from "config/testdata/rules1-good.rules"
2020-09-22T16:27:59.523Z	info	app/vmalert/manager.go:84	reading rules configuration file from "config/testdata/dir/rules0-bad.rules"
2020-09-22T16:27:59.523Z	info	app/vmalert/group.go:225	group "duplicatedGroupDiffFiles" started; interval=1ms; concurrency=1
2020-09-22T16:27:59.523Z	info	app/vmalert/group.go:235	group "duplicatedGroupDiffFiles": received stop signal
2020-09-22T16:27:59.523Z	info	app/vmalert/manager.go:84	reading rules configuration file from "config/testdata/dir/rules0-bad.rules"
2020-09-22T16:27:59.523Z	info	app/vmalert/group.go:225	group "groupTest" started; interval=1ms; concurrency=1
2020-09-22T16:27:59.523Z	info	app/vmalert/group.go:235	group "groupTest": received stop signal
2020-09-22T16:27:59.523Z	info	app/vmalert/manager.go:84	reading rules configuration file from "config/testdata/rules1-good.rules"
2020-09-22T16:27:59.523Z	info	app/vmalert/group.go:225	group "TestGroup" started; interval=1ms; concurrency=1
2020-09-22T16:27:59.523Z	info	app/vmalert/manager.go:84	reading rules configuration file from "config/testdata/rules0-good.rules"
2020-09-22T16:27:59.523Z	info	app/vmalert/manager.go:84	reading rules configuration file from "config/testdata/dir/rules1-good.rules"
2020-09-22T16:27:59.524Z	info	app/vmalert/group.go:225	group "groupGorSingleAlert" started; interval=1ms; concurrency=1
2020-09-22T16:27:59.524Z	info	app/vmalert/group.go:235	group "groupGorSingleAlert": received stop signal
2020-09-22T16:27:59.524Z	info	app/vmalert/group.go:235	group "TestGroup": received stop signal
2020-09-22T16:27:59.524Z	info	app/vmalert/group.go:225	group "TestGroup" started; interval=2s; concurrency=2
2020-09-22T16:27:59.524Z	info	app/vmalert/group.go:235	group "TestGroup": received stop signal
2020-09-22T16:27:59.524Z	info	app/vmalert/manager.go:84	reading rules configuration file from "config/testdata/rules1-good.rules"
2020-09-22T16:27:59.524Z	info	app/vmalert/manager.go:84	reading rules configuration file from "config/testdata/dir/rules1-bad.rules"
2020-09-22T16:27:59.524Z	info	app/vmalert/group.go:225	group "groupGorSingleAlert" started; interval=1ms; concurrency=1
2020-09-22T16:27:59.524Z	info	app/vmalert/group.go:225	group "TestGroup" started; interval=1ms; concurrency=1
2020-09-22T16:27:59.525Z	info	app/vmalert/manager.go:84	reading rules configuration file from "config/testdata/dir/rules0-good.rules"
2020-09-22T16:27:59.525Z	info	app/vmalert/group.go:235	group "TestGroup": received stop signal
2020-09-22T16:27:59.525Z	info	app/vmalert/manager.go:84	reading rules configuration file from "config/testdata/dir/rules0-bad.rules"
2020-09-22T16:27:59.525Z	info	app/vmalert/group.go:235	group "groupGorSingleAlert": received stop signal
2020-09-22T16:27:59.525Z	info	app/vmalert/group.go:225	group "groupTest" started; interval=1ms; concurrency=1
2020-09-22T16:27:59.525Z	info	app/vmalert/group.go:235	group "groupTest": received stop signal
2020-09-22T16:27:59.525Z	info	app/vmalert/manager.go:84	reading rules configuration file from "config/testdata/rules0-good.rules"
2020-09-22T16:27:59.525Z	info	app/vmalert/group.go:225	group "duplicatedGroupDiffFiles" started; interval=1ms; concurrency=1
2020-09-22T16:27:59.525Z	info	app/vmalert/group.go:235	group "duplicatedGroupDiffFiles": received stop signal
2020-09-22T16:27:59.525Z	info	app/vmalert/manager.go:84	reading rules configuration file from "config/testdata/rules0-good.rules"
2020-09-22T16:27:59.525Z	info	app/vmalert/manager.go:84	reading rules configuration file from "config/testdata/dir/rules1-good.rules"
2020-09-22T16:27:59.525Z	info	app/vmalert/manager.go:84	reading rules configuration file from "config/testdata/rules1-good.rules"
2020-09-22T16:27:59.525Z	info	app/vmalert/manager.go:84	reading rules configuration file from "config/testdata/rules1-good.rules"
2020-09-22T16:27:59.525Z	info	app/vmalert/group.go:225	group "duplicatedGroupDiffFiles" started; interval=1ms; concurrency=1
2020-09-22T16:27:59.525Z	info	app/vmalert/group.go:235	group "duplicatedGroupDiffFiles": received stop signal
2020-09-22T16:27:59.525Z	info	app/vmalert/group.go:225	group "TestGroup" started; interval=2s; concurrency=2
2020-09-22T16:27:59.526Z	info	app/vmalert/group.go:235	group "TestGroup": received stop signal
2020-09-22T16:27:59.525Z	info	app/vmalert/manager.go:84	reading rules configuration file from "config/testdata/dir/rules1-good.rules"
2020-09-22T16:27:59.526Z	info	app/vmalert/group.go:225	group "groupTest" started; interval=1ms; concurrency=1
2020-09-22T16:27:59.526Z	info	app/vmalert/manager.go:84	reading rules configuration file from "config/testdata/dir/rules0-good.rules"
2020-09-22T16:27:59.526Z	info	app/vmalert/group.go:235	group "groupTest": received stop signal
2020-09-22T16:27:59.526Z	info	app/vmalert/group.go:225	group "duplicatedGroupDiffFiles" started; interval=1ms; concurrency=1
2020-09-22T16:27:59.526Z	info	app/vmalert/manager.go:84	reading rules configuration file from "config/testdata/dir/rules1-good.rules"
2020-09-22T16:27:59.526Z	info	app/vmalert/group.go:235	group "duplicatedGroupDiffFiles": received stop signal
2020-09-22T16:27:59.526Z	info	app/vmalert/manager.go:84	reading rules configuration file from "config/testdata/dir/rules0-good.rules"
2020-09-22T16:27:59.526Z	info	app/vmalert/group.go:225	group "TestGroup" started; interval=1ms; concurrency=1
2020-09-22T16:27:59.526Z	info	app/vmalert/group.go:225	group "groupGorSingleAlert" started; interval=1ms; concurrency=1
2020-09-22T16:27:59.526Z	info	app/vmalert/manager.go:84	reading rules configuration file from "config/testdata/dir/rules1-good.rules"
2020-09-22T16:27:59.526Z	info	app/vmalert/group.go:235	group "groupGorSingleAlert": received stop signal
2020-09-22T16:27:59.526Z	info	app/vmalert/group.go:235	group "TestGroup": received stop signal
2020-09-22T16:27:59.527Z	info	app/vmalert/manager.go:84	reading rules configuration file from "config/testdata/rules1-good.rules"
2020-09-22T16:27:59.527Z	info	app/vmalert/group.go:225	group "groupTest" started; interval=1ms; concurrency=1
2020-09-22T16:27:59.527Z	info	app/vmalert/group.go:235	group "groupTest": received stop signal
2020-09-22T16:27:59.527Z	info	app/vmalert/manager.go:84	reading rules configuration file from "config/testdata/rules1-good.rules"
2020-09-22T16:27:59.527Z	info	app/vmalert/group.go:225	group "TestGroup" started; interval=2s; concurrency=2
2020-09-22T16:27:59.527Z	info	app/vmalert/manager.go:84	reading rules configuration file from "config/testdata/dir/rules1-good.rules"
2020-09-22T16:27:59.527Z	info	app/vmalert/group.go:235	group "TestGroup": received stop signal
2020-09-22T16:27:59.527Z	info	app/vmalert/manager.go:84	reading rules configuration file from "config/testdata/dir/rules0-bad.rules"
2020-09-22T16:27:59.527Z	info	app/vmalert/group.go:225	group "duplicatedGroupDiffFiles" started; interval=1ms; concurrency=1
2020-09-22T16:27:59.527Z	info	app/vmalert/group.go:235	group "duplicatedGroupDiffFiles": received stop signal
2020-09-22T16:27:59.527Z	info	app/vmalert/manager.go:84	reading rules configuration file from "config/testdata/dir/rules1-bad.rules"
2020-09-22T16:27:59.527Z	info	app/vmalert/group.go:225	group "TestGroup" started; interval=1ms; concurrency=1
2020-09-22T16:27:59.527Z	info	app/vmalert/group.go:225	group "groupGorSingleAlert" started; interval=1ms; concurrency=1
2020-09-22T16:27:59.527Z	info	app/vmalert/group.go:235	group "groupGorSingleAlert": received stop signal
2020-09-22T16:27:59.527Z	info	app/vmalert/group.go:235	group "TestGroup": received stop signal
2020-09-22T16:27:59.527Z	info	app/vmalert/manager.go:84	reading rules configuration file from "config/testdata/rules2-good.rules"
2020-09-22T16:27:59.527Z	info	app/vmalert/group.go:225	group "groupTest" started; interval=1ms; concurrency=1
2020-09-22T16:27:59.527Z	info	app/vmalert/group.go:235	group "groupTest": received stop signal
2020-09-22T16:27:59.527Z	info	app/vmalert/group.go:225	group "duplicatedGroupDiffFiles" started; interval=1ms; concurrency=1
2020-09-22T16:27:59.527Z	info	app/vmalert/group.go:235	group "duplicatedGroupDiffFiles": received stop signal
2020-09-22T16:27:59.528Z	info	app/vmalert/manager.go:84	reading rules configuration file from "config/testdata/dir/rules0-bad.rules"
2020-09-22T16:27:59.527Z	info	app/vmalert/manager.go:84	reading rules configuration file from "config/testdata/dir/rules0-good.rules"
2020-09-22T16:27:59.528Z	info	app/vmalert/manager.go:84	reading rules configuration file from "config/testdata/dir/rules0-bad.rules"
2020-09-22T16:27:59.528Z	info	app/vmalert/manager.go:84	reading rules configuration file from "config/testdata/dir/rules1-bad.rules"
2020-09-22T16:27:59.528Z	info	app/vmalert/group.go:225	group "TestGroup" started; interval=2s; concurrency=2
2020-09-22T16:27:59.528Z	info	app/vmalert/group.go:235	group "TestGroup": received stop signal
2020-09-22T16:27:59.528Z	info	app/vmalert/group.go:225	group "duplicatedGroupDiffFiles" started; interval=1ms; concurrency=1
2020-09-22T16:27:59.528Z	info	app/vmalert/manager.go:84	reading rules configuration file from "config/testdata/dir/rules1-bad.rules"
2020-09-22T16:27:59.528Z	info	app/vmalert/manager.go:84	reading rules configuration file from "config/testdata/rules1-good.rules"
2020-09-22T16:27:59.528Z	info	app/vmalert/group.go:235	group "duplicatedGroupDiffFiles": received stop signal
2020-09-22T16:27:59.528Z	info	app/vmalert/manager.go:84	reading rules configuration file from "config/testdata/dir/rules1-good.rules"
2020-09-22T16:27:59.528Z	info	app/vmalert/group.go:225	group "TestGroup" started; interval=2s; concurrency=2
2020-09-22T16:27:59.528Z	info	app/vmalert/manager.go:84	reading rules configuration file from "config/testdata/rules2-good.rules"
2020-09-22T16:27:59.529Z	info	app/vmalert/group.go:235	group "TestGroup": received stop signal
2020-09-22T16:27:59.529Z	info	app/vmalert/manager.go:84	reading rules configuration file from "config/testdata/dir/rules0-bad.rules"
2020-09-22T16:27:59.529Z	info	app/vmalert/group.go:225	group "groupTest" started; interval=1ms; concurrency=1
2020-09-22T16:27:59.529Z	info	app/vmalert/group.go:235	group "groupTest": received stop signal
2020-09-22T16:27:59.529Z	info	app/vmalert/manager.go:84	reading rules configuration file from "config/testdata/dir/rules0-bad.rules"
2020-09-22T16:27:59.529Z	info	app/vmalert/manager.go:84	reading rules configuration file from "config/testdata/dir/rules1-good.rules"
2020-09-22T16:27:59.529Z	info	app/vmalert/manager.go:84	reading rules configuration file from "config/testdata/dir/rules1-bad.rules"
2020-09-22T16:27:59.529Z	info	app/vmalert/manager.go:84	reading rules configuration file from "config/testdata/rules1-good.rules"
2020-09-22T16:27:59.529Z	info	app/vmalert/group.go:225	group "TestGroup" started; interval=2s; concurrency=2
2020-09-22T16:27:59.530Z	info	app/vmalert/group.go:235	group "TestGroup": received stop signal
2020-09-22T16:27:59.530Z	info	app/vmalert/manager.go:84	reading rules configuration file from "config/testdata/dir/rules0-bad.rules"
2020-09-22T16:27:59.530Z	info	app/vmalert/group.go:225	group "groupTest" started; interval=1ms; concurrency=1
2020-09-22T16:27:59.530Z	info	app/vmalert/group.go:235	group "groupTest": received stop signal
2020-09-22T16:27:59.530Z	info	app/vmalert/manager.go:84	reading rules configuration file from "config/testdata/rules2-good.rules"
2020-09-22T16:27:59.530Z	info	app/vmalert/group.go:225	group "duplicatedGroupDiffFiles" started; interval=1ms; concurrency=1
2020-09-22T16:27:59.530Z	info	app/vmalert/group.go:235	group "duplicatedGroupDiffFiles": received stop signal
2020-09-22T16:27:59.530Z	info	app/vmalert/manager.go:84	reading rules configuration file from "config/testdata/rules2-good.rules"
2020-09-22T16:27:59.530Z	info	app/vmalert/manager.go:84	reading rules configuration file from "config/testdata/rules1-good.rules"
2020-09-22T16:27:59.530Z	info	app/vmalert/group.go:225	group "TestGroup" started; interval=1ms; concurrency=1
2020-09-22T16:27:59.530Z	info	app/vmalert/manager.go:84	reading rules configuration file from "config/testdata/rules2-good.rules"
2020-09-22T16:27:59.530Z	info	app/vmalert/group.go:225	group "groupGorSingleAlert" started; interval=1ms; concurrency=1
2020-09-22T16:27:59.530Z	info	app/vmalert/group.go:235	group "groupGorSingleAlert": received stop signal
2020-09-22T16:27:59.531Z	info	app/vmalert/group.go:235	group "TestGroup": received stop signal
2020-09-22T16:27:59.531Z	info	app/vmalert/manager.go:84	reading rules configuration file from "config/testdata/rules2-good.rules"
2020-09-22T16:27:59.531Z	info	app/vmalert/group.go:225	group "groupTest" started; interval=1ms; concurrency=1
2020-09-22T16:27:59.531Z	info	app/vmalert/group.go:235	group "groupTest": received stop signal
2020-09-22T16:27:59.531Z	info	app/vmalert/manager.go:84	reading rules configuration file from "config/testdata/rules1-good.rules"
2020-09-22T16:27:59.531Z	info	app/vmalert/manager.go:84	reading rules configuration file from "config/testdata/dir/rules0-bad.rules"
2020-09-22T16:27:59.531Z	info	app/vmalert/manager.go:84	reading rules configuration file from "config/testdata/dir/rules0-good.rules"
2020-09-22T16:27:59.531Z	info	app/vmalert/manager.go:84	reading rules configuration file from "config/testdata/rules1-good.rules"
2020-09-22T16:27:59.531Z	info	app/vmalert/group.go:225	group "duplicatedGroupDiffFiles" started; interval=1ms; concurrency=1
2020-09-22T16:27:59.531Z	info	app/vmalert/group.go:235	group "duplicatedGroupDiffFiles": received stop signal
2020-09-22T16:27:59.531Z	info	app/vmalert/manager.go:84	reading rules configuration file from "config/testdata/dir/rules1-bad.rules"
2020-09-22T16:27:59.531Z	info	app/vmalert/manager.go:84	reading rules configuration file from "config/testdata/dir/rules0-good.rules"
2020-09-22T16:27:59.531Z	info	app/vmalert/group.go:225	group "TestGroup" started; interval=1ms; concurrency=1
2020-09-22T16:27:59.531Z	info	app/vmalert/group.go:235	group "TestGroup": received stop signal
2020-09-22T16:27:59.531Z	info	app/vmalert/manager.go:84	reading rules configuration file from "config/testdata/rules2-good.rules"
2020-09-22T16:27:59.531Z	info	app/vmalert/group.go:225	group "groupGorSingleAlert" started; interval=1ms; concurrency=1
2020-09-22T16:27:59.532Z	info	app/vmalert/group.go:235	group "groupGorSingleAlert": received stop signal
2020-09-22T16:27:59.532Z	info	app/vmalert/group.go:225	group "TestGroup" started; interval=2s; concurrency=2
2020-09-22T16:27:59.532Z	info	app/vmalert/group.go:235	group "TestGroup": received stop signal
2020-09-22T16:27:59.532Z	info	app/vmalert/manager.go:84	reading rules configuration file from "config/testdata/rules0-good.rules"
2020-09-22T16:27:59.532Z	info	app/vmalert/manager.go:84	reading rules configuration file from "config/testdata/rules2-good.rules"
2020-09-22T16:27:59.532Z	info	app/vmalert/manager.go:84	reading rules configuration file from "config/testdata/rules0-good.rules"
2020-09-22T16:27:59.532Z	info	app/vmalert/group.go:225	group "groupGorSingleAlert" started; interval=1ms; concurrency=1
2020-09-22T16:27:59.532Z	info	app/vmalert/manager.go:84	reading rules configuration file from "config/testdata/dir/rules1-good.rules"
2020-09-22T16:27:59.532Z	info	app/vmalert/group.go:235	group "groupGorSingleAlert": received stop signal
2020-09-22T16:27:59.532Z	info	app/vmalert/group.go:225	group "TestGroup" started; interval=1ms; concurrency=1
2020-09-22T16:27:59.532Z	info	app/vmalert/group.go:235	group "TestGroup": received stop signal
2020-09-22T16:27:59.532Z	info	app/vmalert/manager.go:84	reading rules configuration file from "config/testdata/dir/rules1-bad.rules"
2020-09-22T16:27:59.532Z	info	app/vmalert/manager.go:84	reading rules configuration file from "config/testdata/rules0-good.rules"
2020-09-22T16:27:59.532Z	info	app/vmalert/manager.go:84	reading rules configuration file from "config/testdata/dir/rules0-good.rules"
2020-09-22T16:27:59.532Z	info	app/vmalert/group.go:225	group "TestGroup" started; interval=2s; concurrency=2
2020-09-22T16:27:59.532Z	info	app/vmalert/manager.go:84	reading rules configuration file from "config/testdata/rules0-good.rules"
2020-09-22T16:27:59.532Z	info	app/vmalert/group.go:235	group "TestGroup": received stop signal
2020-09-22T16:27:59.533Z	info	app/vmalert/group.go:225	group "groupGorSingleAlert" started; interval=1ms; concurrency=1
2020-09-22T16:27:59.533Z	info	app/vmalert/group.go:235	group "groupGorSingleAlert": received stop signal
2020-09-22T16:27:59.533Z	info	app/vmalert/group.go:225	group "TestGroup" started; interval=1ms; concurrency=1
2020-09-22T16:27:59.533Z	info	app/vmalert/group.go:235	group "TestGroup": received stop signal
2020-09-22T16:27:59.534Z	info	app/vmalert/manager.go:84	reading rules configuration file from "config/testdata/dir/rules1-bad.rules"
2020-09-22T16:27:59.534Z	info	app/vmalert/group.go:225	group "duplicatedGroupDiffFiles" started; interval=1ms; concurrency=1
2020-09-22T16:27:59.534Z	info	app/vmalert/group.go:235	group "duplicatedGroupDiffFiles": received stop signal
2020-09-22T16:27:59.534Z	info	app/vmalert/manager.go:84	reading rules configuration file from "config/testdata/dir/rules0-bad.rules"
2020-09-22T16:27:59.534Z	info	app/vmalert/group.go:225	group "duplicatedGroupDiffFiles" started; interval=1ms; concurrency=1
2020-09-22T16:27:59.534Z	info	app/vmalert/group.go:235	group "duplicatedGroupDiffFiles": received stop signal
2020-09-22T16:27:59.534Z	info	app/vmalert/manager.go:84	reading rules configuration file from "config/testdata/rules0-good.rules"
2020-09-22T16:27:59.534Z	info	app/vmalert/manager.go:84	reading rules configuration file from "config/testdata/rules1-good.rules"
2020-09-22T16:27:59.534Z	info	app/vmalert/manager.go:84	reading rules configuration file from "config/testdata/rules2-good.rules"
2020-09-22T16:27:59.533Z	info	app/vmalert/manager.go:84	reading rules configuration file from "config/testdata/dir/rules1-bad.rules"
2020-09-22T16:27:59.534Z	info	app/vmalert/group.go:225	group "TestGroup" started; interval=2s; concurrency=2
2020-09-22T16:27:59.534Z	info	app/vmalert/group.go:235	group "TestGroup": received stop signal
2020-09-22T16:27:59.534Z	info	app/vmalert/manager.go:84	reading rules configuration file from "config/testdata/rules2-good.rules"
2020-09-22T16:27:59.534Z	info	app/vmalert/group.go:225	group "groupGorSingleAlert" started; interval=1ms; concurrency=1
2020-09-22T16:27:59.534Z	info	app/vmalert/group.go:235	group "groupGorSingleAlert": received stop signal
2020-09-22T16:27:59.534Z	info	app/vmalert/group.go:225	group "TestGroup" started; interval=1ms; concurrency=1
2020-09-22T16:27:59.535Z	info	app/vmalert/manager.go:84	reading rules configuration file from "config/testdata/rules2-good.rules"
2020-09-22T16:27:59.535Z	info	app/vmalert/group.go:235	group "TestGroup": received stop signal
2020-09-22T16:27:59.535Z	info	app/vmalert/manager.go:84	reading rules configuration file from "config/testdata/dir/rules1-good.rules"
2020-09-22T16:27:59.535Z	info	app/vmalert/manager.go:84	reading rules configuration file from "config/testdata/dir/rules1-good.rules"
2020-09-22T16:27:59.535Z	info	app/vmalert/group.go:225	group "groupTest" started; interval=1ms; concurrency=1
2020-09-22T16:27:59.535Z	info	app/vmalert/group.go:235	group "groupTest": received stop signal
2020-09-22T16:27:59.535Z	info	app/vmalert/manager.go:84	reading rules configuration file from "config/testdata/dir/rules1-bad.rules"
2020-09-22T16:27:59.536Z	info	app/vmalert/manager.go:84	reading rules configuration file from "config/testdata/rules1-good.rules"
2020-09-22T16:27:59.536Z	info	app/vmalert/manager.go:84	reading rules configuration file from "config/testdata/rules2-good.rules"
2020-09-22T16:27:59.536Z	info	app/vmalert/group.go:225	group "duplicatedGroupDiffFiles" started; interval=1ms; concurrency=1
2020-09-22T16:27:59.536Z	info	app/vmalert/group.go:235	group "duplicatedGroupDiffFiles": received stop signal
2020-09-22T16:27:59.536Z	info	app/vmalert/group.go:225	group "groupTest" started; interval=1ms; concurrency=1
2020-09-22T16:27:59.536Z	info	app/vmalert/group.go:235	group "groupTest": received stop signal
2020-09-22T16:27:59.536Z	info	app/vmalert/manager.go:84	reading rules configuration file from "config/testdata/dir/rules1-good.rules"
2020-09-22T16:27:59.536Z	info	app/vmalert/manager.go:84	reading rules configuration file from "config/testdata/rules2-good.rules"
2020-09-22T16:27:59.536Z	info	app/vmalert/group.go:225	group "duplicatedGroupDiffFiles" started; interval=1ms; concurrency=1
2020-09-22T16:27:59.536Z	info	app/vmalert/manager.go:84	reading rules configuration file from "config/testdata/dir/rules0-bad.rules"
2020-09-22T16:27:59.536Z	info	app/vmalert/manager.go:84	reading rules configuration file from "config/testdata/dir/rules0-good.rules"
2020-09-22T16:27:59.536Z	info	app/vmalert/group.go:235	group "duplicatedGroupDiffFiles": received stop signal
2020-09-22T16:27:59.536Z	info	app/vmalert/group.go:225	group "groupTest" started; interval=1ms; concurrency=1
2020-09-22T16:27:59.536Z	info	app/vmalert/manager.go:84	reading rules configuration file from "config/testdata/rules0-good.rules"
2020-09-22T16:27:59.536Z	info	app/vmalert/group.go:235	group "groupTest": received stop signal
2020-09-22T16:27:59.536Z	info	app/vmalert/group.go:225	group "duplicatedGroupDiffFiles" started; interval=1ms; concurrency=1
2020-09-22T16:27:59.536Z	info	app/vmalert/manager.go:84	reading rules configuration file from "config/testdata/dir/rules1-bad.rules"
2020-09-22T16:27:59.537Z	info	app/vmalert/group.go:235	group "duplicatedGroupDiffFiles": received stop signal
2020-09-22T16:27:59.537Z	info	app/vmalert/group.go:225	group "duplicatedGroupDiffFiles" started; interval=1ms; concurrency=1
2020-09-22T16:27:59.537Z	info	app/vmalert/manager.go:84	reading rules configuration file from "config/testdata/rules0-good.rules"
2020-09-22T16:27:59.537Z	info	app/vmalert/group.go:235	group "duplicatedGroupDiffFiles": received stop signal
2020-09-22T16:27:59.537Z	info	app/vmalert/manager.go:84	reading rules configuration file from "config/testdata/dir/rules0-good.rules"
2020-09-22T16:27:59.537Z	info	app/vmalert/manager.go:84	reading rules configuration file from "config/testdata/rules1-good.rules"
2020-09-22T16:27:59.537Z	info	app/vmalert/group.go:225	group "groupTest" started; interval=1ms; concurrency=1
2020-09-22T16:27:59.537Z	info	app/vmalert/group.go:235	group "groupTest": received stop signal
2020-09-22T16:27:59.537Z	info	app/vmalert/manager.go:84	reading rules configuration file from "config/testdata/dir/rules0-good.rules"
2020-09-22T16:27:59.537Z	info	app/vmalert/group.go:225	group "TestGroup" started; interval=1ms; concurrency=1
2020-09-22T16:27:59.537Z	info	app/vmalert/group.go:225	group "groupGorSingleAlert" started; interval=1ms; concurrency=1
2020-09-22T16:27:59.537Z	info	app/vmalert/group.go:235	group "groupGorSingleAlert": received stop signal
2020-09-22T16:27:59.537Z	info	app/vmalert/group.go:235	group "TestGroup": received stop signal
2020-09-22T16:27:59.537Z	info	app/vmalert/manager.go:84	reading rules configuration file from "config/testdata/rules0-good.rules"
2020-09-22T16:27:59.538Z	info	app/vmalert/manager.go:84	reading rules configuration file from "config/testdata/dir/rules0-bad.rules"
2020-09-22T16:27:59.538Z	info	app/vmalert/manager.go:84	reading rules configuration file from "config/testdata/rules2-good.rules"
2020-09-22T16:27:59.538Z	info	app/vmalert/group.go:225	group "groupTest" started; interval=1ms; concurrency=1
2020-09-22T16:27:59.538Z	info	app/vmalert/group.go:235	group "groupTest": received stop signal
2020-09-22T16:27:59.538Z	info	app/vmalert/group.go:225	group "duplicatedGroupDiffFiles" started; interval=1ms; concurrency=1
2020-09-22T16:27:59.538Z	info	app/vmalert/manager.go:84	reading rules configuration file from "config/testdata/rules1-good.rules"
2020-09-22T16:27:59.538Z	info	app/vmalert/manager.go:84	reading rules configuration file from "config/testdata/rules1-good.rules"
2020-09-22T16:27:59.538Z	info	app/vmalert/group.go:235	group "duplicatedGroupDiffFiles": received stop signal
2020-09-22T16:27:59.538Z	info	app/vmalert/group.go:225	group "duplicatedGroupDiffFiles" started; interval=1ms; concurrency=1
2020-09-22T16:27:59.538Z	info	app/vmalert/group.go:235	group "duplicatedGroupDiffFiles": received stop signal
2020-09-22T16:27:59.538Z	info	app/vmalert/manager.go:84	reading rules configuration file from "config/testdata/dir/rules0-bad.rules"
2020-09-22T16:27:59.538Z	info	app/vmalert/group.go:225	group "TestGroup" started; interval=2s; concurrency=2
2020-09-22T16:27:59.539Z	info	app/vmalert/group.go:235	group "TestGroup": received stop signal
2020-09-22T16:27:59.539Z	info	app/vmalert/manager.go:84	reading rules configuration file from "config/testdata/dir/rules1-good.rules"
2020-09-22T16:27:59.539Z	info	app/vmalert/manager.go:84	reading rules configuration file from "config/testdata/rules1-good.rules"
2020-09-22T16:27:59.539Z	info	app/vmalert/group.go:225	group "duplicatedGroupDiffFiles" started; interval=1ms; concurrency=1
2020-09-22T16:27:59.539Z	info	app/vmalert/group.go:235	group "duplicatedGroupDiffFiles": received stop signal
2020-09-22T16:27:59.540Z	info	app/vmalert/group.go:225	group "TestGroup" started; interval=1ms; concurrency=1
2020-09-22T16:27:59.540Z	info	app/vmalert/group.go:225	group "groupGorSingleAlert" started; interval=1ms; concurrency=1
2020-09-22T16:27:59.540Z	info	app/vmalert/manager.go:84	reading rules configuration file from "config/testdata/rules1-good.rules"
2020-09-22T16:27:59.540Z	info	app/vmalert/group.go:235	group "groupGorSingleAlert": received stop signal
2020-09-22T16:27:59.540Z	info	app/vmalert/group.go:235	group "TestGroup": received stop signal
2020-09-22T16:27:59.540Z	info	app/vmalert/group.go:225	group "groupTest" started; interval=1ms; concurrency=1
2020-09-22T16:27:59.540Z	info	app/vmalert/manager.go:84	reading rules configuration file from "config/testdata/rules1-good.rules"
2020-09-22T16:27:59.540Z	info	app/vmalert/group.go:235	group "groupTest": received stop signal
2020-09-22T16:27:59.540Z	info	app/vmalert/manager.go:84	reading rules configuration file from "config/testdata/rules1-good.rules"
2020-09-22T16:27:59.540Z	info	app/vmalert/group.go:225	group "TestGroup" started; interval=2s; concurrency=2
2020-09-22T16:27:59.540Z	info	app/vmalert/manager.go:84	reading rules configuration file from "config/testdata/dir/rules1-good.rules"
2020-09-22T16:27:59.540Z	info	app/vmalert/group.go:235	group "TestGroup": received stop signal
2020-09-22T16:27:59.540Z	info	app/vmalert/manager.go:84	reading rules configuration file from "config/testdata/dir/rules1-good.rules"
2020-09-22T16:27:59.540Z	info	app/vmalert/manager.go:84	reading rules configuration file from "config/testdata/rules2-good.rules"
2020-09-22T16:27:59.540Z	info	app/vmalert/group.go:225	group "duplicatedGroupDiffFiles" started; interval=1ms; concurrency=1
2020-09-22T16:27:59.540Z	info	app/vmalert/manager.go:84	reading rules configuration file from "config/testdata/dir/rules0-good.rules"
2020-09-22T16:27:59.540Z	info	app/vmalert/manager.go:84	reading rules configuration file from "config/testdata/dir/rules0-good.rules"
2020-09-22T16:27:59.540Z	info	app/vmalert/group.go:235	group "duplicatedGroupDiffFiles": received stop signal
2020-09-22T16:27:59.541Z	info	app/vmalert/group.go:225	group "duplicatedGroupDiffFiles" started; interval=1ms; concurrency=1
2020-09-22T16:27:59.541Z	info	app/vmalert/group.go:235	group "duplicatedGroupDiffFiles": received stop signal
2020-09-22T16:27:59.541Z	info	app/vmalert/manager.go:84	reading rules configuration file from "config/testdata/rules1-good.rules"
2020-09-22T16:27:59.541Z	info	app/vmalert/manager.go:84	reading rules configuration file from "config/testdata/dir/rules1-good.rules"
2020-09-22T16:27:59.541Z	info	app/vmalert/group.go:225	group "duplicatedGroupDiffFiles" started; interval=1ms; concurrency=1
2020-09-22T16:27:59.541Z	info	app/vmalert/group.go:235	group "duplicatedGroupDiffFiles": received stop signal
2020-09-22T16:27:59.541Z	info	app/vmalert/group.go:225	group "TestGroup" started; interval=2s; concurrency=2
2020-09-22T16:27:59.541Z	info	app/vmalert/manager.go:84	reading rules configuration file from "config/testdata/rules2-good.rules"
2020-09-22T16:27:59.541Z	info	app/vmalert/group.go:235	group "TestGroup": received stop signal
2020-09-22T16:27:59.541Z	info	app/vmalert/manager.go:84	reading rules configuration file from "config/testdata/rules1-good.rules"
2020-09-22T16:27:59.541Z	info	app/vmalert/manager.go:84	reading rules configuration file from "config/testdata/dir/rules1-bad.rules"
2020-09-22T16:27:59.541Z	info	app/vmalert/group.go:225	group "duplicatedGroupDiffFiles" started; interval=1ms; concurrency=1
2020-09-22T16:27:59.541Z	info	app/vmalert/group.go:235	group "duplicatedGroupDiffFiles": received stop signal
2020-09-22T16:27:59.541Z	info	app/vmalert/group.go:225	group "groupTest" started; interval=1ms; concurrency=1
2020-09-22T16:27:59.541Z	info	app/vmalert/group.go:235	group "groupTest": received stop signal
2020-09-22T16:27:59.542Z	info	app/vmalert/manager.go:84	reading rules configuration file from "config/testdata/dir/rules1-bad.rules"
2020-09-22T16:27:59.542Z	info	app/vmalert/group.go:225	group "TestGroup" started; interval=2s; concurrency=2
2020-09-22T16:27:59.542Z	info	app/vmalert/group.go:235	group "TestGroup": received stop signal
2020-09-22T16:27:59.542Z	info	app/vmalert/manager.go:84	reading rules configuration file from "config/testdata/rules1-good.rules"
2020-09-22T16:27:59.542Z	info	app/vmalert/group.go:225	group "duplicatedGroupDiffFiles" started; interval=1ms; concurrency=1
2020-09-22T16:27:59.542Z	info	app/vmalert/manager.go:84	reading rules configuration file from "config/testdata/dir/rules0-bad.rules"
2020-09-22T16:27:59.542Z	info	app/vmalert/group.go:235	group "duplicatedGroupDiffFiles": received stop signal
2020-09-22T16:27:59.542Z	info	app/vmalert/group.go:225	group "groupTest" started; interval=1ms; concurrency=1
2020-09-22T16:27:59.542Z	info	app/vmalert/group.go:235	group "groupTest": received stop signal
2020-09-22T16:27:59.542Z	info	app/vmalert/manager.go:84	reading rules configuration file from "config/testdata/dir/rules1-bad.rules"
2020-09-22T16:27:59.542Z	info	app/vmalert/manager.go:84	reading rules configuration file from "config/testdata/dir/rules0-bad.rules"
2020-09-22T16:27:59.542Z	info	app/vmalert/group.go:225	group "duplicatedGroupDiffFiles" started; interval=1ms; concurrency=1
2020-09-22T16:27:59.542Z	info	app/vmalert/group.go:235	group "duplicatedGroupDiffFiles": received stop signal
2020-09-22T16:27:59.542Z	info	app/vmalert/manager.go:84	reading rules configuration file from "config/testdata/dir/rules0-good.rules"
2020-09-22T16:27:59.542Z	info	app/vmalert/group.go:225	group "TestGroup" started; interval=1ms; concurrency=1
2020-09-22T16:27:59.542Z	info	app/vmalert/group.go:225	group "groupGorSingleAlert" started; interval=1ms; concurrency=1
2020-09-22T16:27:59.543Z	info	app/vmalert/group.go:235	group "groupGorSingleAlert": received stop signal
2020-09-22T16:27:59.543Z	info	app/vmalert/manager.go:84	reading rules configuration file from "config/testdata/rules2-good.rules"
2020-09-22T16:27:59.543Z	info	app/vmalert/group.go:235	group "TestGroup": received stop signal
2020-09-22T16:27:59.543Z	info	app/vmalert/group.go:225	group "groupTest" started; interval=1ms; concurrency=1
2020-09-22T16:27:59.543Z	info	app/vmalert/manager.go:84	reading rules configuration file from "config/testdata/rules0-good.rules"
2020-09-22T16:27:59.543Z	info	app/vmalert/group.go:235	group "groupTest": received stop signal
2020-09-22T16:27:59.543Z	info	app/vmalert/group.go:225	group "TestGroup" started; interval=1ms; concurrency=1
2020-09-22T16:27:59.543Z	info	app/vmalert/manager.go:84	reading rules configuration file from "config/testdata/rules2-good.rules"
2020-09-22T16:27:59.543Z	info	app/vmalert/group.go:235	group "TestGroup": received stop signal
2020-09-22T16:27:59.543Z	info	app/vmalert/group.go:225	group "groupGorSingleAlert" started; interval=1ms; concurrency=1
2020-09-22T16:27:59.543Z	info	app/vmalert/group.go:235	group "groupGorSingleAlert": received stop signal
2020-09-22T16:27:59.543Z	info	app/vmalert/manager.go:84	reading rules configuration file from "config/testdata/dir/rules1-bad.rules"
2020-09-22T16:27:59.543Z	info	app/vmalert/manager.go:84	reading rules configuration file from "config/testdata/dir/rules0-bad.rules"
2020-09-22T16:27:59.543Z	info	app/vmalert/manager.go:84	reading rules configuration file from "config/testdata/rules1-good.rules"
2020-09-22T16:27:59.543Z	info	app/vmalert/group.go:225	group "TestGroup" started; interval=2s; concurrency=2
2020-09-22T16:27:59.543Z	info	app/vmalert/manager.go:84	reading rules configuration file from "config/testdata/rules1-good.rules"
2020-09-22T16:27:59.543Z	info	app/vmalert/manager.go:84	reading rules configuration file from "config/testdata/dir/rules1-good.rules"
2020-09-22T16:27:59.543Z	info	app/vmalert/group.go:235	group "TestGroup": received stop signal
2020-09-22T16:27:59.543Z	info	app/vmalert/manager.go:84	reading rules configuration file from "config/testdata/dir/rules0-bad.rules"
2020-09-22T16:27:59.543Z	info	app/vmalert/group.go:225	group "duplicatedGroupDiffFiles" started; interval=1ms; concurrency=1
2020-09-22T16:27:59.543Z	info	app/vmalert/group.go:235	group "duplicatedGroupDiffFiles": received stop signal
2020-09-22T16:27:59.543Z	info	app/vmalert/group.go:225	group "groupTest" started; interval=1ms; concurrency=1
2020-09-22T16:27:59.543Z	info	app/vmalert/group.go:235	group "groupTest": received stop signal
2020-09-22T16:27:59.544Z	info	app/vmalert/manager.go:84	reading rules configuration file from "config/testdata/dir/rules0-good.rules"
2020-09-22T16:27:59.544Z	info	app/vmalert/group.go:225	group "duplicatedGroupDiffFiles" started; interval=1ms; concurrency=1
2020-09-22T16:27:59.544Z	info	app/vmalert/group.go:235	group "duplicatedGroupDiffFiles": received stop signal
2020-09-22T16:27:59.544Z	info	app/vmalert/manager.go:84	reading rules configuration file from "config/testdata/dir/rules1-good.rules"
2020-09-22T16:27:59.544Z	info	app/vmalert/group.go:225	group "groupGorSingleAlert" started; interval=1ms; concurrency=1
2020-09-22T16:27:59.544Z	info	app/vmalert/group.go:235	group "groupGorSingleAlert": received stop signal
2020-09-22T16:27:59.544Z	info	app/vmalert/manager.go:84	reading rules configuration file from "config/testdata/rules0-good.rules"
2020-09-22T16:27:59.544Z	info	app/vmalert/group.go:225	group "TestGroup" started; interval=1ms; concurrency=1
2020-09-22T16:27:59.544Z	info	app/vmalert/manager.go:84	reading rules configuration file from "config/testdata/rules0-good.rules"
2020-09-22T16:27:59.544Z	info	app/vmalert/manager.go:84	reading rules configuration file from "config/testdata/rules1-good.rules"
2020-09-22T16:27:59.544Z	info	app/vmalert/group.go:235	group "TestGroup": received stop signal
2020-09-22T16:27:59.544Z	info	app/vmalert/manager.go:84	reading rules configuration file from "config/testdata/dir/rules1-good.rules"
2020-09-22T16:27:59.544Z	info	app/vmalert/group.go:225	group "groupTest" started; interval=1ms; concurrency=1
2020-09-22T16:27:59.544Z	info	app/vmalert/group.go:235	group "groupTest": received stop signal
2020-09-22T16:27:59.545Z	info	app/vmalert/group.go:225	group "duplicatedGroupDiffFiles" started; interval=1ms; concurrency=1
2020-09-22T16:27:59.545Z	info	app/vmalert/group.go:235	group "duplicatedGroupDiffFiles": received stop signal
2020-09-22T16:27:59.545Z	info	app/vmalert/manager.go:84	reading rules configuration file from "config/testdata/rules2-good.rules"
2020-09-22T16:27:59.545Z	info	app/vmalert/manager.go:84	reading rules configuration file from "config/testdata/rules1-good.rules"
2020-09-22T16:27:59.545Z	info	app/vmalert/group.go:225	group "TestGroup" started; interval=2s; concurrency=2
2020-09-22T16:27:59.545Z	info	app/vmalert/group.go:235	group "TestGroup": received stop signal
2020-09-22T16:27:59.545Z	info	app/vmalert/manager.go:84	reading rules configuration file from "config/testdata/dir/rules0-good.rules"
2020-09-22T16:27:59.545Z	info	app/vmalert/manager.go:84	reading rules configuration file from "config/testdata/dir/rules0-good.rules"
2020-09-22T16:27:59.545Z	info	app/vmalert/manager.go:84	reading rules configuration file from "config/testdata/dir/rules0-bad.rules"
2020-09-22T16:27:59.545Z	info	app/vmalert/group.go:225	group "groupTest" started; interval=1ms; concurrency=1
2020-09-22T16:27:59.545Z	info	app/vmalert/group.go:235	group "groupTest": received stop signal
2020-09-22T16:27:59.545Z	info	app/vmalert/manager.go:84	reading rules configuration file from "config/testdata/dir/rules1-good.rules"
2020-09-22T16:27:59.546Z	info	app/vmalert/group.go:225	group "duplicatedGroupDiffFiles" started; interval=1ms; concurrency=1
2020-09-22T16:27:59.546Z	info	app/vmalert/group.go:235	group "duplicatedGroupDiffFiles": received stop signal
2020-09-22T16:27:59.546Z	info	app/vmalert/manager.go:84	reading rules configuration file from "config/testdata/dir/rules1-good.rules"
2020-09-22T16:27:59.546Z	info	app/vmalert/group.go:225	group "TestGroup" started; interval=2s; concurrency=2
2020-09-22T16:27:59.546Z	info	app/vmalert/group.go:235	group "TestGroup": received stop signal
2020-09-22T16:27:59.546Z	info	app/vmalert/manager.go:84	reading rules configuration file from "config/testdata/rules2-good.rules"
2020-09-22T16:27:59.546Z	info	app/vmalert/manager.go:84	reading rules configuration file from "config/testdata/dir/rules1-good.rules"
2020-09-22T16:27:59.546Z	info	app/vmalert/group.go:225	group "duplicatedGroupDiffFiles" started; interval=1ms; concurrency=1
2020-09-22T16:27:59.546Z	info	app/vmalert/group.go:235	group "duplicatedGroupDiffFiles": received stop signal
2020-09-22T16:27:59.547Z	info	app/vmalert/manager.go:84	reading rules configuration file from "config/testdata/dir/rules0-good.rules"
2020-09-22T16:27:59.547Z	info	app/vmalert/manager.go:84	reading rules configuration file from "config/testdata/dir/rules1-bad.rules"
2020-09-22T16:27:59.547Z	info	app/vmalert/group.go:225	group "TestGroup" started; interval=2s; concurrency=2
2020-09-22T16:27:59.547Z	info	app/vmalert/group.go:235	group "TestGroup": received stop signal
2020-09-22T16:27:59.547Z	info	app/vmalert/manager.go:84	reading rules configuration file from "config/testdata/dir/rules1-bad.rules"
2020-09-22T16:27:59.547Z	info	app/vmalert/manager.go:84	reading rules configuration file from "config/testdata/rules0-good.rules"
2020-09-22T16:27:59.547Z	info	app/vmalert/manager.go:84	reading rules configuration file from "config/testdata/dir/rules0-bad.rules"
2020-09-22T16:27:59.547Z	info	app/vmalert/manager.go:84	reading rules configuration file from "config/testdata/dir/rules1-bad.rules"
2020-09-22T16:27:59.547Z	info	app/vmalert/group.go:225	group "duplicatedGroupDiffFiles" started; interval=1ms; concurrency=1
2020-09-22T16:27:59.547Z	info	app/vmalert/group.go:235	group "duplicatedGroupDiffFiles": received stop signal
2020-09-22T16:27:59.547Z	info	app/vmalert/manager.go:84	reading rules configuration file from "config/testdata/rules2-good.rules"
2020-09-22T16:27:59.547Z	info	app/vmalert/group.go:225	group "duplicatedGroupDiffFiles" started; interval=1ms; concurrency=1
2020-09-22T16:27:59.547Z	info	app/vmalert/group.go:235	group "duplicatedGroupDiffFiles": received stop signal
2020-09-22T16:27:59.548Z	info	app/vmalert/group.go:225	group "TestGroup" started; interval=2s; concurrency=2
2020-09-22T16:27:59.548Z	info	app/vmalert/manager.go:84	reading rules configuration file from "config/testdata/dir/rules1-bad.rules"
2020-09-22T16:27:59.548Z	info	app/vmalert/manager.go:84	reading rules configuration file from "config/testdata/dir/rules0-good.rules"
2020-09-22T16:27:59.548Z	info	app/vmalert/manager.go:84	reading rules configuration file from "config/testdata/rules2-good.rules"
2020-09-22T16:27:59.548Z	info	app/vmalert/group.go:235	group "TestGroup": received stop signal
2020-09-22T16:27:59.548Z	info	app/vmalert/group.go:225	group "groupGorSingleAlert" started; interval=1ms; concurrency=1
2020-09-22T16:27:59.548Z	info	app/vmalert/group.go:235	group "groupGorSingleAlert": received stop signal
2020-09-22T16:27:59.548Z	info	app/vmalert/group.go:225	group "TestGroup" started; interval=1ms; concurrency=1
2020-09-22T16:27:59.548Z	info	app/vmalert/manager.go:84	reading rules configuration file from "config/testdata/rules2-good.rules"
2020-09-22T16:27:59.548Z	info	app/vmalert/group.go:235	group "TestGroup": received stop signal
2020-09-22T16:27:59.548Z	info	app/vmalert/manager.go:84	reading rules configuration file from "config/testdata/rules0-good.rules"
2020-09-22T16:27:59.548Z	info	app/vmalert/manager.go:84	reading rules configuration file from "config/testdata/dir/rules0-bad.rules"
2020-09-22T16:27:59.548Z	info	app/vmalert/group.go:225	group "TestGroup" started; interval=2s; concurrency=2
2020-09-22T16:27:59.549Z	info	app/vmalert/group.go:235	group "TestGroup": received stop signal
2020-09-22T16:27:59.549Z	info	app/vmalert/group.go:225	group "duplicatedGroupDiffFiles" started; interval=1ms; concurrency=1
2020-09-22T16:27:59.549Z	info	app/vmalert/manager.go:84	reading rules configuration file from "config/testdata/dir/rules1-bad.rules"
2020-09-22T16:27:59.549Z	info	app/vmalert/group.go:235	group "duplicatedGroupDiffFiles": received stop signal
2020-09-22T16:27:59.549Z	info	app/vmalert/manager.go:84	reading rules configuration file from "config/testdata/dir/rules0-good.rules"
2020-09-22T16:27:59.549Z	info	app/vmalert/manager.go:84	reading rules configuration file from "config/testdata/dir/rules1-good.rules"
2020-09-22T16:27:59.549Z	info	app/vmalert/group.go:225	group "TestGroup" started; interval=1ms; concurrency=1
2020-09-22T16:27:59.549Z	info	app/vmalert/group.go:225	group "groupGorSingleAlert" started; interval=1ms; concurrency=1
2020-09-22T16:27:59.549Z	info	app/vmalert/group.go:235	group "groupGorSingleAlert": received stop signal
2020-09-22T16:27:59.549Z	info	app/vmalert/manager.go:84	reading rules configuration file from "config/testdata/dir/rules0-good.rules"
2020-09-22T16:27:59.549Z	info	app/vmalert/manager.go:84	reading rules configuration file from "config/testdata/dir/rules1-bad.rules"
2020-09-22T16:27:59.550Z	info	app/vmalert/group.go:235	group "TestGroup": received stop signal
2020-09-22T16:27:59.550Z	info	app/vmalert/manager.go:84	reading rules configuration file from "config/testdata/dir/rules1-bad.rules"
2020-09-22T16:27:59.550Z	info	app/vmalert/manager.go:84	reading rules configuration file from "config/testdata/dir/rules0-good.rules"
2020-09-22T16:27:59.550Z	info	app/vmalert/manager.go:84	reading rules configuration file from "config/testdata/rules2-good.rules"
2020-09-22T16:27:59.550Z	info	app/vmalert/group.go:225	group "duplicatedGroupDiffFiles" started; interval=1ms; concurrency=1
2020-09-22T16:27:59.550Z	info	app/vmalert/group.go:235	group "duplicatedGroupDiffFiles": received stop signal
2020-09-22T16:27:59.550Z	info	app/vmalert/group.go:225	group "groupGorSingleAlert" started; interval=1ms; concurrency=1
2020-09-22T16:27:59.550Z	info	app/vmalert/group.go:235	group "groupGorSingleAlert": received stop signal
2020-09-22T16:27:59.550Z	info	app/vmalert/group.go:225	group "TestGroup" started; interval=1ms; concurrency=1
2020-09-22T16:27:59.550Z	info	app/vmalert/group.go:235	group "TestGroup": received stop signal
2020-09-22T16:27:59.550Z	info	app/vmalert/manager.go:84	reading rules configuration file from "config/testdata/dir/rules1-good.rules"
2020-09-22T16:27:59.550Z	info	app/vmalert/group.go:225	group "duplicatedGroupDiffFiles" started; interval=1ms; concurrency=1
2020-09-22T16:27:59.550Z	info	app/vmalert/manager.go:84	reading rules configuration file from "config/testdata/dir/rules0-good.rules"
2020-09-22T16:27:59.550Z	info	app/vmalert/group.go:235	group "duplicatedGroupDiffFiles": received stop signal
2020-09-22T16:27:59.550Z	info	app/vmalert/manager.go:84	reading rules configuration file from "config/testdata/dir/rules1-good.rules"
2020-09-22T16:27:59.550Z	info	app/vmalert/manager.go:84	reading rules configuration file from "config/testdata/rules0-good.rules"
2020-09-22T16:27:59.550Z	info	app/vmalert/group.go:225	group "TestGroup" started; interval=2s; concurrency=2
2020-09-22T16:27:59.550Z	info	app/vmalert/group.go:235	group "TestGroup": received stop signal
2020-09-22T16:27:59.551Z	info	app/vmalert/group.go:225	group "groupGorSingleAlert" started; interval=1ms; concurrency=1
2020-09-22T16:27:59.551Z	info	app/vmalert/manager.go:84	reading rules configuration file from "config/testdata/rules0-good.rules"
2020-09-22T16:27:59.551Z	info	app/vmalert/group.go:225	group "TestGroup" started; interval=1ms; concurrency=1
2020-09-22T16:27:59.551Z	info	app/vmalert/group.go:235	group "TestGroup": received stop signal
2020-09-22T16:27:59.551Z	info	app/vmalert/manager.go:84	reading rules configuration file from "config/testdata/dir/rules1-bad.rules"
2020-09-22T16:27:59.551Z	info	app/vmalert/group.go:235	group "groupGorSingleAlert": received stop signal
2020-09-22T16:27:59.551Z	info	app/vmalert/manager.go:84	reading rules configuration file from "config/testdata/rules0-good.rules"
2020-09-22T16:27:59.551Z	info	app/vmalert/manager.go:84	reading rules configuration file from "config/testdata/rules1-good.rules"
2020-09-22T16:27:59.551Z	info	app/vmalert/group.go:225	group "groupTest" started; interval=1ms; concurrency=1
2020-09-22T16:27:59.551Z	info	app/vmalert/group.go:235	group "groupTest": received stop signal
2020-09-22T16:27:59.551Z	info	app/vmalert/group.go:225	group "TestGroup" started; interval=2s; concurrency=2
2020-09-22T16:27:59.551Z	info	app/vmalert/group.go:235	group "TestGroup": received stop signal
2020-09-22T16:27:59.551Z	info	app/vmalert/manager.go:84	reading rules configuration file from "config/testdata/rules2-good.rules"
2020-09-22T16:27:59.552Z	info	app/vmalert/manager.go:84	reading rules configuration file from "config/testdata/rules2-good.rules"
2020-09-22T16:27:59.552Z	info	app/vmalert/group.go:225	group "duplicatedGroupDiffFiles" started; interval=1ms; concurrency=1
2020-09-22T16:27:59.552Z	info	app/vmalert/manager.go:84	reading rules configuration file from "config/testdata/rules0-good.rules"
2020-09-22T16:27:59.552Z	info	app/vmalert/group.go:235	group "duplicatedGroupDiffFiles": received stop signal
2020-09-22T16:27:59.552Z	info	app/vmalert/manager.go:84	reading rules configuration file from "config/testdata/rules2-good.rules"
2020-09-22T16:27:59.552Z	info	app/vmalert/group.go:225	group "duplicatedGroupDiffFiles" started; interval=1ms; concurrency=1
2020-09-22T16:27:59.552Z	info	app/vmalert/group.go:235	group "duplicatedGroupDiffFiles": received stop signal
2020-09-22T16:27:59.552Z	info	app/vmalert/manager.go:84	reading rules configuration file from "config/testdata/rules1-good.rules"
2020-09-22T16:27:59.552Z	info	app/vmalert/group.go:225	group "TestGroup" started; interval=1ms; concurrency=1
2020-09-22T16:27:59.552Z	info	app/vmalert/group.go:225	group "groupGorSingleAlert" started; interval=1ms; concurrency=1
2020-09-22T16:27:59.552Z	info	app/vmalert/group.go:235	group "groupGorSingleAlert": received stop signal
2020-09-22T16:27:59.552Z	info	app/vmalert/group.go:235	group "TestGroup": received stop signal
2020-09-22T16:27:59.552Z	info	app/vmalert/group.go:225	group "TestGroup" started; interval=2s; concurrency=2
2020-09-22T16:27:59.553Z	info	app/vmalert/manager.go:84	reading rules configuration file from "config/testdata/rules1-good.rules"
2020-09-22T16:27:59.553Z	info	app/vmalert/group.go:235	group "TestGroup": received stop signal
2020-09-22T16:27:59.553Z	info	app/vmalert/manager.go:84	reading rules configuration file from "config/testdata/rules2-good.rules"
2020-09-22T16:27:59.553Z	info	app/vmalert/manager.go:84	reading rules configuration file from "config/testdata/rules0-good.rules"
2020-09-22T16:27:59.553Z	info	app/vmalert/manager.go:84	reading rules configuration file from "config/testdata/dir/rules1-bad.rules"
2020-09-22T16:27:59.553Z	info	app/vmalert/group.go:225	group "duplicatedGroupDiffFiles" started; interval=1ms; concurrency=1
2020-09-22T16:27:59.553Z	info	app/vmalert/group.go:235	group "duplicatedGroupDiffFiles": received stop signal
2020-09-22T16:27:59.553Z	info	app/vmalert/group.go:225	group "groupGorSingleAlert" started; interval=1ms; concurrency=1
2020-09-22T16:27:59.553Z	info	app/vmalert/manager.go:84	reading rules configuration file from "config/testdata/rules1-good.rules"
2020-09-22T16:27:59.553Z	info	app/vmalert/group.go:235	group "groupGorSingleAlert": received stop signal
2020-09-22T16:27:59.553Z	info	app/vmalert/group.go:225	group "TestGroup" started; interval=1ms; concurrency=1
2020-09-22T16:27:59.554Z	info	app/vmalert/group.go:235	group "TestGroup": received stop signal
2020-09-22T16:27:59.554Z	info	app/vmalert/group.go:225	group "groupTest" started; interval=1ms; concurrency=1
2020-09-22T16:27:59.554Z	info	app/vmalert/group.go:235	group "groupTest": received stop signal
2020-09-22T16:27:59.554Z	info	app/vmalert/manager.go:84	reading rules configuration file from "config/testdata/rules2-good.rules"
2020-09-22T16:27:59.554Z	info	app/vmalert/manager.go:84	reading rules configuration file from "config/testdata/dir/rules0-bad.rules"
2020-09-22T16:27:59.554Z	info	app/vmalert/group.go:225	group "TestGroup" started; interval=1ms; concurrency=1
2020-09-22T16:27:59.554Z	info	app/vmalert/manager.go:84	reading rules configuration file from "config/testdata/dir/rules0-bad.rules"
2020-09-22T16:27:59.554Z	info	app/vmalert/group.go:225	group "groupGorSingleAlert" started; interval=1ms; concurrency=1
2020-09-22T16:27:59.554Z	info	app/vmalert/manager.go:84	reading rules configuration file from "config/testdata/rules0-good.rules"
2020-09-22T16:27:59.554Z	info	app/vmalert/group.go:235	group "groupGorSingleAlert": received stop signal
2020-09-22T16:27:59.554Z	info	app/vmalert/group.go:235	group "TestGroup": received stop signal
2020-09-22T16:27:59.554Z	info	app/vmalert/group.go:225	group "TestGroup" started; interval=2s; concurrency=2
2020-09-22T16:27:59.554Z	info	app/vmalert/manager.go:84	reading rules configuration file from "config/testdata/rules0-good.rules"
2020-09-22T16:27:59.554Z	info	app/vmalert/group.go:235	group "TestGroup": received stop signal
2020-09-22T16:27:59.554Z	info	app/vmalert/manager.go:84	reading rules configuration file from "config/testdata/dir/rules0-good.rules"
2020-09-22T16:27:59.555Z	info	app/vmalert/manager.go:84	reading rules configuration file from "config/testdata/rules2-good.rules"
2020-09-22T16:27:59.554Z	info	app/vmalert/group.go:225	group "duplicatedGroupDiffFiles" started; interval=1ms; concurrency=1
2020-09-22T16:27:59.555Z	info	app/vmalert/manager.go:84	reading rules configuration file from "config/testdata/rules2-good.rules"
2020-09-22T16:27:59.555Z	info	app/vmalert/group.go:235	group "duplicatedGroupDiffFiles": received stop signal
2020-09-22T16:27:59.555Z	info	app/vmalert/manager.go:84	reading rules configuration file from "config/testdata/dir/rules0-bad.rules"
2020-09-22T16:27:59.555Z	info	app/vmalert/manager.go:84	reading rules configuration file from "config/testdata/dir/rules0-good.rules"
2020-09-22T16:27:59.555Z	info	app/vmalert/manager.go:84	reading rules configuration file from "config/testdata/rules2-good.rules"
2020-09-22T16:27:59.555Z	info	app/vmalert/group.go:225	group "duplicatedGroupDiffFiles" started; interval=1ms; concurrency=1
2020-09-22T16:27:59.555Z	info	app/vmalert/manager.go:84	reading rules configuration file from "config/testdata/rules1-good.rules"
2020-09-22T16:27:59.555Z	info	app/vmalert/group.go:235	group "duplicatedGroupDiffFiles": received stop signal
2020-09-22T16:27:59.556Z	info	app/vmalert/group.go:225	group "TestGroup" started; interval=2s; concurrency=2
2020-09-22T16:27:59.556Z	info	app/vmalert/manager.go:84	reading rules configuration file from "config/testdata/rules2-good.rules"
2020-09-22T16:27:59.556Z	info	app/vmalert/group.go:235	group "TestGroup": received stop signal
2020-09-22T16:27:59.556Z	info	app/vmalert/manager.go:84	reading rules configuration file from "config/testdata/dir/rules1-bad.rules"
2020-09-22T16:27:59.556Z	info	app/vmalert/group.go:225	group "groupTest" started; interval=1ms; concurrency=1
2020-09-22T16:27:59.556Z	info	app/vmalert/group.go:235	group "groupTest": received stop signal
2020-09-22T16:27:59.556Z	info	app/vmalert/manager.go:84	reading rules configuration file from "config/testdata/rules2-good.rules"
2020-09-22T16:27:59.556Z	info	app/vmalert/group.go:225	group "duplicatedGroupDiffFiles" started; interval=1ms; concurrency=1
2020-09-22T16:27:59.556Z	info	app/vmalert/group.go:235	group "duplicatedGroupDiffFiles": received stop signal
2020-09-22T16:27:59.556Z	info	app/vmalert/group.go:225	group "duplicatedGroupDiffFiles" started; interval=1ms; concurrency=1
2020-09-22T16:27:59.556Z	info	app/vmalert/manager.go:84	reading rules configuration file from "config/testdata/rules1-good.rules"
2020-09-22T16:27:59.557Z	info	app/vmalert/group.go:235	group "duplicatedGroupDiffFiles": received stop signal
2020-09-22T16:27:59.557Z	info	app/vmalert/manager.go:84	reading rules configuration file from "config/testdata/dir/rules0-bad.rules"
2020-09-22T16:27:59.557Z	info	app/vmalert/group.go:225	group "groupTest" started; interval=1ms; concurrency=1
2020-09-22T16:27:59.557Z	info	app/vmalert/manager.go:84	reading rules configuration file from "config/testdata/rules0-good.rules"
2020-09-22T16:27:59.557Z	info	app/vmalert/group.go:235	group "groupTest": received stop signal
2020-09-22T16:27:59.557Z	info	app/vmalert/group.go:225	group "duplicatedGroupDiffFiles" started; interval=1ms; concurrency=1
2020-09-22T16:27:59.557Z	info	app/vmalert/group.go:235	group "duplicatedGroupDiffFiles": received stop signal
2020-09-22T16:27:59.557Z	info	app/vmalert/manager.go:84	reading rules configuration file from "config/testdata/dir/rules1-bad.rules"
2020-09-22T16:27:59.557Z	info	app/vmalert/manager.go:84	reading rules configuration file from "config/testdata/dir/rules0-good.rules"
2020-09-22T16:27:59.557Z	info	app/vmalert/manager.go:84	reading rules configuration file from "config/testdata/dir/rules0-good.rules"
2020-09-22T16:27:59.557Z	info	app/vmalert/group.go:225	group "duplicatedGroupDiffFiles" started; interval=1ms; concurrency=1
2020-09-22T16:27:59.557Z	info	app/vmalert/group.go:235	group "duplicatedGroupDiffFiles": received stop signal
2020-09-22T16:27:59.557Z	info	app/vmalert/group.go:225	group "TestGroup" started; interval=1ms; concurrency=1
2020-09-22T16:27:59.557Z	info	app/vmalert/manager.go:84	reading rules configuration file from "config/testdata/dir/rules1-bad.rules"
2020-09-22T16:27:59.558Z	info	app/vmalert/group.go:225	group "groupGorSingleAlert" started; interval=1ms; concurrency=1
2020-09-22T16:27:59.558Z	info	app/vmalert/group.go:235	group "groupGorSingleAlert": received stop signal
2020-09-22T16:27:59.558Z	info	app/vmalert/group.go:235	group "TestGroup": received stop signal
2020-09-22T16:27:59.558Z	info	app/vmalert/group.go:225	group "duplicatedGroupDiffFiles" started; interval=1ms; concurrency=1
2020-09-22T16:27:59.558Z	info	app/vmalert/group.go:235	group "duplicatedGroupDiffFiles": received stop signal
2020-09-22T16:27:59.558Z	info	app/vmalert/group.go:225	group "groupGorSingleAlert" started; interval=1ms; concurrency=1
2020-09-22T16:27:59.558Z	info	app/vmalert/manager.go:84	reading rules configuration file from "config/testdata/rules2-good.rules"
2020-09-22T16:27:59.558Z	info	app/vmalert/group.go:235	group "groupGorSingleAlert": received stop signal
2020-09-22T16:27:59.558Z	info	app/vmalert/group.go:225	group "TestGroup" started; interval=1ms; concurrency=1
2020-09-22T16:27:59.558Z	info	app/vmalert/manager.go:84	reading rules configuration file from "config/testdata/dir/rules1-good.rules"
2020-09-22T16:27:59.558Z	info	app/vmalert/group.go:235	group "TestGroup": received stop signal
2020-09-22T16:27:59.558Z	info	app/vmalert/manager.go:84	reading rules configuration file from "config/testdata/dir/rules0-bad.rules"
2020-09-22T16:27:59.558Z	info	app/vmalert/manager.go:84	reading rules configuration file from "config/testdata/dir/rules1-bad.rules"
2020-09-22T16:27:59.558Z	info	app/vmalert/group.go:225	group "TestGroup" started; interval=2s; concurrency=2
2020-09-22T16:27:59.558Z	info	app/vmalert/group.go:235	group "TestGroup": received stop signal
2020-09-22T16:27:59.558Z	info	app/vmalert/manager.go:84	reading rules configuration file from "config/testdata/dir/rules1-good.rules"
2020-09-22T16:27:59.558Z	info	app/vmalert/manager.go:84	reading rules configuration file from "config/testdata/dir/rules1-good.rules"
2020-09-22T16:27:59.558Z	info	app/vmalert/group.go:225	group "duplicatedGroupDiffFiles" started; interval=1ms; concurrency=1
2020-09-22T16:27:59.558Z	info	app/vmalert/manager.go:84	reading rules configuration file from "config/testdata/dir/rules0-good.rules"
2020-09-22T16:27:59.558Z	info	app/vmalert/manager.go:84	reading rules configuration file from "config/testdata/dir/rules1-bad.rules"
2020-09-22T16:27:59.559Z	info	app/vmalert/group.go:235	group "duplicatedGroupDiffFiles": received stop signal
2020-09-22T16:27:59.559Z	info	app/vmalert/group.go:225	group "duplicatedGroupDiffFiles" started; interval=1ms; concurrency=1
2020-09-22T16:27:59.559Z	info	app/vmalert/group.go:235	group "duplicatedGroupDiffFiles": received stop signal
2020-09-22T16:27:59.559Z	info	app/vmalert/manager.go:84	reading rules configuration file from "config/testdata/dir/rules0-good.rules"
2020-09-22T16:27:59.559Z	info	app/vmalert/manager.go:84	reading rules configuration file from "config/testdata/rules0-good.rules"
2020-09-22T16:27:59.559Z	info	app/vmalert/manager.go:84	reading rules configuration file from "config/testdata/rules2-good.rules"
2020-09-22T16:27:59.559Z	info	app/vmalert/group.go:225	group "groupGorSingleAlert" started; interval=1ms; concurrency=1
2020-09-22T16:27:59.559Z	info	app/vmalert/group.go:235	group "groupGorSingleAlert": received stop signal
2020-09-22T16:27:59.559Z	info	app/vmalert/manager.go:84	reading rules configuration file from "config/testdata/dir/rules0-bad.rules"
2020-09-22T16:27:59.559Z	info	app/vmalert/group.go:225	group "TestGroup" started; interval=1ms; concurrency=1
2020-09-22T16:27:59.560Z	info	app/vmalert/group.go:235	group "TestGroup": received stop signal
2020-09-22T16:27:59.560Z	info	app/vmalert/group.go:225	group "TestGroup" started; interval=2s; concurrency=2
2020-09-22T16:27:59.560Z	info	app/vmalert/group.go:235	group "TestGroup": received stop signal
2020-09-22T16:27:59.560Z	info	app/vmalert/manager.go:84	reading rules configuration file from "config/testdata/rules0-good.rules"
2020-09-22T16:27:59.560Z	info	app/vmalert/manager.go:84	reading rules configuration file from "config/testdata/dir/rules0-good.rules"
2020-09-22T16:27:59.560Z	info	app/vmalert/group.go:225	group "duplicatedGroupDiffFiles" started; interval=1ms; concurrency=1
2020-09-22T16:27:59.560Z	info	app/vmalert/group.go:235	group "duplicatedGroupDiffFiles": received stop signal
2020-09-22T16:27:59.560Z	info	app/vmalert/manager.go:84	reading rules configuration file from "config/testdata/rules0-good.rules"
2020-09-22T16:27:59.560Z	info	app/vmalert/manager.go:84	reading rules configuration file from "config/testdata/rules0-good.rules"
2020-09-22T16:27:59.560Z	info	app/vmalert/manager.go:84	reading rules configuration file from "config/testdata/dir/rules1-good.rules"
2020-09-22T16:27:59.560Z	info	app/vmalert/manager.go:84	reading rules configuration file from "config/testdata/dir/rules1-good.rules"
2020-09-22T16:27:59.560Z	info	app/vmalert/group.go:225	group "groupTest" started; interval=1ms; concurrency=1
2020-09-22T16:27:59.560Z	info	app/vmalert/group.go:235	group "groupTest": received stop signal
2020-09-22T16:27:59.561Z	info	app/vmalert/group.go:225	group "duplicatedGroupDiffFiles" started; interval=1ms; concurrency=1
2020-09-22T16:27:59.561Z	info	app/vmalert/manager.go:84	reading rules configuration file from "config/testdata/rules2-good.rules"
2020-09-22T16:27:59.561Z	info	app/vmalert/manager.go:84	reading rules configuration file from "config/testdata/rules2-good.rules"
2020-09-22T16:27:59.561Z	info	app/vmalert/manager.go:84	reading rules configuration file from "config/testdata/rules2-good.rules"
2020-09-22T16:27:59.561Z	info	app/vmalert/group.go:235	group "duplicatedGroupDiffFiles": received stop signal
2020-09-22T16:27:59.561Z	info	app/vmalert/group.go:225	group "groupTest" started; interval=1ms; concurrency=1
2020-09-22T16:27:59.561Z	info	app/vmalert/manager.go:84	reading rules configuration file from "config/testdata/dir/rules0-good.rules"
2020-09-22T16:27:59.561Z	info	app/vmalert/group.go:235	group "groupTest": received stop signal
2020-09-22T16:27:59.562Z	info	app/vmalert/manager.go:84	reading rules configuration file from "config/testdata/rules0-good.rules"
2020-09-22T16:27:59.562Z	info	app/vmalert/group.go:225	group "TestGroup" started; interval=1ms; concurrency=1
2020-09-22T16:27:59.562Z	info	app/vmalert/group.go:225	group "groupGorSingleAlert" started; interval=1ms; concurrency=1
2020-09-22T16:27:59.562Z	info	app/vmalert/group.go:235	group "groupGorSingleAlert": received stop signal
2020-09-22T16:27:59.562Z	info	app/vmalert/group.go:235	group "TestGroup": received stop signal
2020-09-22T16:27:59.562Z	info	app/vmalert/group.go:225	group "duplicatedGroupDiffFiles" started; interval=1ms; concurrency=1
2020-09-22T16:27:59.562Z	info	app/vmalert/manager.go:84	reading rules configuration file from "config/testdata/dir/rules0-good.rules"
2020-09-22T16:27:59.562Z	info	app/vmalert/manager.go:84	reading rules configuration file from "config/testdata/dir/rules0-good.rules"
2020-09-22T16:27:59.562Z	info	app/vmalert/group.go:235	group "duplicatedGroupDiffFiles": received stop signal
2020-09-22T16:27:59.562Z	info	app/vmalert/group.go:225	group "duplicatedGroupDiffFiles" started; interval=1ms; concurrency=1
2020-09-22T16:27:59.562Z	info	app/vmalert/manager.go:84	reading rules configuration file from "config/testdata/rules1-good.rules"
2020-09-22T16:27:59.562Z	info	app/vmalert/group.go:235	group "duplicatedGroupDiffFiles": received stop signal
2020-09-22T16:27:59.562Z	info	app/vmalert/group.go:225	group "groupTest" started; interval=1ms; concurrency=1
2020-09-22T16:27:59.562Z	info	app/vmalert/manager.go:84	reading rules configuration file from "config/testdata/rules2-good.rules"
2020-09-22T16:27:59.562Z	info	app/vmalert/group.go:235	group "groupTest": received stop signal
2020-09-22T16:27:59.563Z	info	app/vmalert/group.go:225	group "duplicatedGroupDiffFiles" started; interval=1ms; concurrency=1
2020-09-22T16:27:59.563Z	info	app/vmalert/group.go:235	group "duplicatedGroupDiffFiles": received stop signal
2020-09-22T16:27:59.563Z	info	app/vmalert/manager.go:84	reading rules configuration file from "config/testdata/dir/rules1-good.rules"
2020-09-22T16:27:59.563Z	info	app/vmalert/group.go:225	group "TestGroup" started; interval=2s; concurrency=2
2020-09-22T16:27:59.563Z	info	app/vmalert/manager.go:84	reading rules configuration file from "config/testdata/rules1-good.rules"
2020-09-22T16:27:59.563Z	info	app/vmalert/group.go:235	group "TestGroup": received stop signal
2020-09-22T16:27:59.563Z	info	app/vmalert/group.go:225	group "duplicatedGroupDiffFiles" started; interval=1ms; concurrency=1
2020-09-22T16:27:59.563Z	info	app/vmalert/manager.go:84	reading rules configuration file from "config/testdata/dir/rules0-bad.rules"
2020-09-22T16:27:59.563Z	info	app/vmalert/group.go:235	group "duplicatedGroupDiffFiles": received stop signal
2020-09-22T16:27:59.563Z	info	app/vmalert/group.go:225	group "TestGroup" started; interval=1ms; concurrency=1
2020-09-22T16:27:59.563Z	info	app/vmalert/group.go:225	group "groupGorSingleAlert" started; interval=1ms; concurrency=1
2020-09-22T16:27:59.563Z	info	app/vmalert/manager.go:84	reading rules configuration file from "config/testdata/rules2-good.rules"
2020-09-22T16:27:59.563Z	info	app/vmalert/group.go:235	group "TestGroup": received stop signal
2020-09-22T16:27:59.564Z	info	app/vmalert/group.go:235	group "groupGorSingleAlert": received stop signal
2020-09-22T16:27:59.564Z	info	app/vmalert/group.go:225	group "TestGroup" started; interval=2s; concurrency=2
2020-09-22T16:27:59.564Z	info	app/vmalert/group.go:235	group "TestGroup": received stop signal
2020-09-22T16:27:59.564Z	info	app/vmalert/manager.go:84	reading rules configuration file from "config/testdata/dir/rules0-good.rules"
2020-09-22T16:27:59.564Z	info	app/vmalert/manager.go:84	reading rules configuration file from "config/testdata/dir/rules0-bad.rules"
2020-09-22T16:27:59.564Z	info	app/vmalert/group.go:225	group "duplicatedGroupDiffFiles" started; interval=1ms; concurrency=1
2020-09-22T16:27:59.564Z	info	app/vmalert/group.go:235	group "duplicatedGroupDiffFiles": received stop signal
2020-09-22T16:27:59.564Z	info	app/vmalert/manager.go:84	reading rules configuration file from "config/testdata/rules2-good.rules"
2020-09-22T16:27:59.564Z	info	app/vmalert/group.go:225	group "TestGroup" started; interval=2s; concurrency=2
2020-09-22T16:27:59.564Z	info	app/vmalert/group.go:235	group "TestGroup": received stop signal
2020-09-22T16:27:59.564Z	info	app/vmalert/group.go:225	group "duplicatedGroupDiffFiles" started; interval=1ms; concurrency=1
2020-09-22T16:27:59.564Z	info	app/vmalert/manager.go:84	reading rules configuration file from "config/testdata/rules1-good.rules"
2020-09-22T16:27:59.564Z	info	app/vmalert/group.go:235	group "duplicatedGroupDiffFiles": received stop signal
2020-09-22T16:27:59.564Z	info	app/vmalert/manager.go:84	reading rules configuration file from "config/testdata/rules0-good.rules"
2020-09-22T16:27:59.564Z	info	app/vmalert/group.go:225	group "TestGroup" started; interval=2s; concurrency=2
2020-09-22T16:27:59.564Z	info	app/vmalert/group.go:235	group "TestGroup": received stop signal
2020-09-22T16:27:59.565Z	info	app/vmalert/manager.go:84	reading rules configuration file from "config/testdata/dir/rules1-bad.rules"
2020-09-22T16:27:59.565Z	info	app/vmalert/manager.go:84	reading rules configuration file from "config/testdata/rules2-good.rules"
2020-09-22T16:27:59.565Z	info	app/vmalert/group.go:225	group "groupTest" started; interval=1ms; concurrency=1
2020-09-22T16:27:59.565Z	info	app/vmalert/manager.go:84	reading rules configuration file from "config/testdata/rules0-good.rules"
2020-09-22T16:27:59.565Z	info	app/vmalert/group.go:235	group "groupTest": received stop signal
2020-09-22T16:27:59.565Z	info	app/vmalert/manager.go:84	reading rules configuration file from "config/testdata/rules0-good.rules"
2020-09-22T16:27:59.565Z	info	app/vmalert/group.go:225	group "TestGroup" started; interval=1ms; concurrency=1
2020-09-22T16:27:59.565Z	info	app/vmalert/group.go:225	group "groupGorSingleAlert" started; interval=1ms; concurrency=1
2020-09-22T16:27:59.565Z	info	app/vmalert/manager.go:84	reading rules configuration file from "config/testdata/rules2-good.rules"
2020-09-22T16:27:59.565Z	info	app/vmalert/group.go:235	group "TestGroup": received stop signal
2020-09-22T16:27:59.566Z	info	app/vmalert/group.go:235	group "groupGorSingleAlert": received stop signal
2020-09-22T16:27:59.566Z	info	app/vmalert/group.go:225	group "duplicatedGroupDiffFiles" started; interval=1ms; concurrency=1
2020-09-22T16:27:59.566Z	info	app/vmalert/manager.go:84	reading rules configuration file from "config/testdata/dir/rules1-bad.rules"
2020-09-22T16:27:59.566Z	info	app/vmalert/group.go:235	group "duplicatedGroupDiffFiles": received stop signal
2020-09-22T16:27:59.566Z	info	app/vmalert/group.go:225	group "TestGroup" started; interval=2s; concurrency=2
2020-09-22T16:27:59.566Z	info	app/vmalert/group.go:235	group "TestGroup": received stop signal
2020-09-22T16:27:59.566Z	info	app/vmalert/manager.go:84	reading rules configuration file from "config/testdata/dir/rules1-good.rules"
2020-09-22T16:27:59.566Z	info	app/vmalert/group.go:225	group "groupTest" started; interval=1ms; concurrency=1
2020-09-22T16:27:59.566Z	info	app/vmalert/group.go:235	group "groupTest": received stop signal
2020-09-22T16:27:59.566Z	info	app/vmalert/group.go:225	group "duplicatedGroupDiffFiles" started; interval=1ms; concurrency=1
2020-09-22T16:27:59.566Z	info	app/vmalert/group.go:235	group "duplicatedGroupDiffFiles": received stop signal
2020-09-22T16:27:59.566Z	info	app/vmalert/manager.go:84	reading rules configuration file from "config/testdata/dir/rules0-bad.rules"
2020-09-22T16:27:59.566Z	info	app/vmalert/manager.go:84	reading rules configuration file from "config/testdata/rules1-good.rules"
2020-09-22T16:27:59.566Z	info	app/vmalert/manager.go:84	reading rules configuration file from "config/testdata/rules2-good.rules"
2020-09-22T16:27:59.566Z	info	app/vmalert/group.go:225	group "groupTest" started; interval=1ms; concurrency=1
2020-09-22T16:27:59.566Z	info	app/vmalert/group.go:235	group "groupTest": received stop signal
2020-09-22T16:27:59.566Z	info	app/vmalert/manager.go:84	reading rules configuration file from "config/testdata/rules0-good.rules"
2020-09-22T16:27:59.566Z	info	app/vmalert/group.go:225	group "duplicatedGroupDiffFiles" started; interval=1ms; concurrency=1
2020-09-22T16:27:59.566Z	info	app/vmalert/manager.go:84	reading rules configuration file from "config/testdata/rules1-good.rules"
2020-09-22T16:27:59.566Z	info	app/vmalert/group.go:235	group "duplicatedGroupDiffFiles": received stop signal
2020-09-22T16:27:59.566Z	info	app/vmalert/manager.go:84	reading rules configuration file from "config/testdata/dir/rules1-bad.rules"
2020-09-22T16:27:59.567Z	info	app/vmalert/group.go:225	group "groupTest" started; interval=1ms; concurrency=1
2020-09-22T16:27:59.567Z	info	app/vmalert/manager.go:84	reading rules configuration file from "config/testdata/dir/rules1-bad.rules"
2020-09-22T16:27:59.567Z	info	app/vmalert/manager.go:84	reading rules configuration file from "config/testdata/dir/rules0-bad.rules"
2020-09-22T16:27:59.567Z	info	app/vmalert/group.go:235	group "groupTest": received stop signal
2020-09-22T16:27:59.567Z	info	app/vmalert/manager.go:84	reading rules configuration file from "config/testdata/dir/rules0-bad.rules"
2020-09-22T16:27:59.567Z	info	app/vmalert/group.go:225	group "duplicatedGroupDiffFiles" started; interval=1ms; concurrency=1
2020-09-22T16:27:59.567Z	info	app/vmalert/manager.go:84	reading rules configuration file from "config/testdata/dir/rules1-bad.rules"
2020-09-22T16:27:59.567Z	info	app/vmalert/group.go:235	group "duplicatedGroupDiffFiles": received stop signal
2020-09-22T16:27:59.567Z	info	app/vmalert/group.go:225	group "groupGorSingleAlert" started; interval=1ms; concurrency=1
2020-09-22T16:27:59.567Z	info	app/vmalert/group.go:225	group "TestGroup" started; interval=1ms; concurrency=1
2020-09-22T16:27:59.567Z	info	app/vmalert/group.go:235	group "groupGorSingleAlert": received stop signal
2020-09-22T16:27:59.568Z	info	app/vmalert/group.go:235	group "TestGroup": received stop signal
2020-09-22T16:27:59.568Z	info	app/vmalert/group.go:225	group "groupTest" started; interval=1ms; concurrency=1
2020-09-22T16:27:59.568Z	info	app/vmalert/group.go:235	group "groupTest": received stop signal
2020-09-22T16:27:59.568Z	info	app/vmalert/manager.go:84	reading rules configuration file from "config/testdata/dir/rules1-good.rules"
2020-09-22T16:27:59.568Z	info	app/vmalert/manager.go:84	reading rules configuration file from "config/testdata/dir/rules0-good.rules"
2020-09-22T16:27:59.568Z	info	app/vmalert/manager.go:84	reading rules configuration file from "config/testdata/rules1-good.rules"
2020-09-22T16:27:59.568Z	info	app/vmalert/group.go:225	group "TestGroup" started; interval=2s; concurrency=2
2020-09-22T16:27:59.568Z	info	app/vmalert/group.go:235	group "TestGroup": received stop signal
2020-09-22T16:27:59.567Z	info	app/vmalert/manager.go:84	reading rules configuration file from "config/testdata/dir/rules0-bad.rules"
2020-09-22T16:27:59.568Z	info	app/vmalert/manager.go:84	reading rules configuration file from "config/testdata/rules2-good.rules"
2020-09-22T16:27:59.568Z	info	app/vmalert/group.go:225	group "TestGroup" started; interval=1ms; concurrency=1
2020-09-22T16:27:59.568Z	info	app/vmalert/group.go:225	group "groupGorSingleAlert" started; interval=1ms; concurrency=1
2020-09-22T16:27:59.568Z	info	app/vmalert/group.go:235	group "groupGorSingleAlert": received stop signal
2020-09-22T16:27:59.568Z	info	app/vmalert/manager.go:84	reading rules configuration file from "config/testdata/rules1-good.rules"
2020-09-22T16:27:59.568Z	info	app/vmalert/manager.go:84	reading rules configuration file from "config/testdata/rules2-good.rules"
2020-09-22T16:27:59.569Z	info	app/vmalert/group.go:235	group "TestGroup": received stop signal
2020-09-22T16:27:59.569Z	info	app/vmalert/manager.go:84	reading rules configuration file from "config/testdata/rules1-good.rules"
2020-09-22T16:27:59.569Z	info	app/vmalert/group.go:225	group "groupTest" started; interval=1ms; concurrency=1
2020-09-22T16:27:59.569Z	info	app/vmalert/manager.go:84	reading rules configuration file from "config/testdata/rules2-good.rules"
2020-09-22T16:27:59.569Z	info	app/vmalert/group.go:235	group "groupTest": received stop signal
2020-09-22T16:27:59.569Z	info	app/vmalert/manager.go:84	reading rules configuration file from "config/testdata/dir/rules0-good.rules"
2020-09-22T16:27:59.569Z	info	app/vmalert/manager.go:84	reading rules configuration file from "config/testdata/dir/rules0-good.rules"
2020-09-22T16:27:59.569Z	info	app/vmalert/manager.go:84	reading rules configuration file from "config/testdata/dir/rules0-bad.rules"
2020-09-22T16:27:59.569Z	info	app/vmalert/manager.go:84	reading rules configuration file from "config/testdata/dir/rules0-bad.rules"
2020-09-22T16:27:59.569Z	info	app/vmalert/manager.go:84	reading rules configuration file from "config/testdata/rules2-good.rules"
2020-09-22T16:27:59.569Z	info	app/vmalert/group.go:225	group "groupGorSingleAlert" started; interval=1ms; concurrency=1
2020-09-22T16:27:59.569Z	info	app/vmalert/group.go:225	group "TestGroup" started; interval=1ms; concurrency=1
2020-09-22T16:27:59.570Z	info	app/vmalert/group.go:235	group "groupGorSingleAlert": received stop signal
2020-09-22T16:27:59.570Z	info	app/vmalert/manager.go:84	reading rules configuration file from "config/testdata/dir/rules1-good.rules"
2020-09-22T16:27:59.570Z	info	app/vmalert/group.go:235	group "TestGroup": received stop signal
2020-09-22T16:27:59.570Z	info	app/vmalert/group.go:225	group "duplicatedGroupDiffFiles" started; interval=1ms; concurrency=1
2020-09-22T16:27:59.570Z	info	app/vmalert/manager.go:84	reading rules configuration file from "config/testdata/dir/rules0-bad.rules"
2020-09-22T16:27:59.570Z	info	app/vmalert/manager.go:84	reading rules configuration file from "config/testdata/rules2-good.rules"
2020-09-22T16:27:59.570Z	info	app/vmalert/group.go:235	group "duplicatedGroupDiffFiles": received stop signal
2020-09-22T16:27:59.571Z	info	app/vmalert/group.go:225	group "TestGroup" started; interval=2s; concurrency=2
2020-09-22T16:27:59.571Z	info	app/vmalert/manager.go:84	reading rules configuration file from "config/testdata/dir/rules1-bad.rules"
2020-09-22T16:27:59.571Z	info	app/vmalert/manager.go:84	reading rules configuration file from "config/testdata/dir/rules0-bad.rules"
2020-09-22T16:27:59.571Z	info	app/vmalert/group.go:235	group "TestGroup": received stop signal
2020-09-22T16:27:59.571Z	info	app/vmalert/group.go:225	group "duplicatedGroupDiffFiles" started; interval=1ms; concurrency=1
2020-09-22T16:27:59.571Z	info	app/vmalert/manager.go:84	reading rules configuration file from "config/testdata/rules1-good.rules"
2020-09-22T16:27:59.571Z	info	app/vmalert/manager.go:84	reading rules configuration file from "config/testdata/dir/rules1-good.rules"
2020-09-22T16:27:59.571Z	info	app/vmalert/group.go:235	group "duplicatedGroupDiffFiles": received stop signal
2020-09-22T16:27:59.571Z	info	app/vmalert/manager.go:84	reading rules configuration file from "config/testdata/rules1-good.rules"
2020-09-22T16:27:59.571Z	info	app/vmalert/group.go:225	group "groupTest" started; interval=1ms; concurrency=1
2020-09-22T16:27:59.571Z	info	app/vmalert/group.go:235	group "groupTest": received stop signal
2020-09-22T16:27:59.572Z	info	app/vmalert/group.go:225	group "groupGorSingleAlert" started; interval=1ms; concurrency=1
2020-09-22T16:27:59.572Z	info	app/vmalert/group.go:225	group "TestGroup" started; interval=1ms; concurrency=1
2020-09-22T16:27:59.572Z	info	app/vmalert/manager.go:84	reading rules configuration file from "config/testdata/rules2-good.rules"
2020-09-22T16:27:59.572Z	info	app/vmalert/group.go:235	group "TestGroup": received stop signal
2020-09-22T16:27:59.572Z	info	app/vmalert/group.go:235	group "groupGorSingleAlert": received stop signal
2020-09-22T16:27:59.572Z	info	app/vmalert/manager.go:84	reading rules configuration file from "config/testdata/dir/rules1-good.rules"
2020-09-22T16:27:59.572Z	info	app/vmalert/manager.go:84	reading rules configuration file from "config/testdata/rules0-good.rules"
2020-09-22T16:27:59.572Z	info	app/vmalert/group.go:225	group "groupTest" started; interval=1ms; concurrency=1
2020-09-22T16:27:59.572Z	info	app/vmalert/manager.go:84	reading rules configuration file from "config/testdata/dir/rules0-good.rules"
2020-09-22T16:27:59.572Z	info	app/vmalert/group.go:235	group "groupTest": received stop signal
2020-09-22T16:27:59.572Z	info	app/vmalert/manager.go:84	reading rules configuration file from "config/testdata/rules1-good.rules"
2020-09-22T16:27:59.572Z	info	app/vmalert/group.go:225	group "TestGroup" started; interval=2s; concurrency=2
2020-09-22T16:27:59.572Z	info	app/vmalert/group.go:235	group "TestGroup": received stop signal
2020-09-22T16:27:59.572Z	info	app/vmalert/manager.go:84	reading rules configuration file from "config/testdata/dir/rules1-bad.rules"
2020-09-22T16:27:59.572Z	info	app/vmalert/manager.go:84	reading rules configuration file from "config/testdata/dir/rules0-bad.rules"
2020-09-22T16:27:59.573Z	info	app/vmalert/group.go:225	group "TestGroup" started; interval=1ms; concurrency=1
2020-09-22T16:27:59.573Z	info	app/vmalert/manager.go:84	reading rules configuration file from "config/testdata/dir/rules0-good.rules"
2020-09-22T16:27:59.573Z	info	app/vmalert/group.go:225	group "groupGorSingleAlert" started; interval=1ms; concurrency=1
2020-09-22T16:27:59.573Z	info	app/vmalert/group.go:235	group "groupGorSingleAlert": received stop signal
2020-09-22T16:27:59.573Z	info	app/vmalert/group.go:235	group "TestGroup": received stop signal
2020-09-22T16:27:59.573Z	info	app/vmalert/group.go:225	group "duplicatedGroupDiffFiles" started; interval=1ms; concurrency=1
2020-09-22T16:27:59.573Z	info	app/vmalert/group.go:235	group "duplicatedGroupDiffFiles": received stop signal
2020-09-22T16:27:59.573Z	info	app/vmalert/manager.go:84	reading rules configuration file from "config/testdata/rules2-good.rules"
2020-09-22T16:27:59.573Z	info	app/vmalert/manager.go:84	reading rules configuration file from "config/testdata/dir/rules0-bad.rules"
2020-09-22T16:27:59.573Z	info	app/vmalert/manager.go:84	reading rules configuration file from "config/testdata/rules2-good.rules"
2020-09-22T16:27:59.573Z	info	app/vmalert/group.go:225	group "groupTest" started; interval=1ms; concurrency=1
2020-09-22T16:27:59.573Z	info	app/vmalert/group.go:235	group "groupTest": received stop signal
2020-09-22T16:27:59.573Z	info	app/vmalert/group.go:225	group "duplicatedGroupDiffFiles" started; interval=1ms; concurrency=1
2020-09-22T16:27:59.573Z	info	app/vmalert/manager.go:84	reading rules configuration file from "config/testdata/rules2-good.rules"
2020-09-22T16:27:59.573Z	info	app/vmalert/group.go:235	group "duplicatedGroupDiffFiles": received stop signal
2020-09-22T16:27:59.573Z	info	app/vmalert/group.go:225	group "groupTest" started; interval=1ms; concurrency=1
2020-09-22T16:27:59.573Z	info	app/vmalert/manager.go:84	reading rules configuration file from "config/testdata/rules0-good.rules"
2020-09-22T16:27:59.573Z	info	app/vmalert/group.go:235	group "groupTest": received stop signal
2020-09-22T16:27:59.573Z	info	app/vmalert/manager.go:84	reading rules configuration file from "config/testdata/rules2-good.rules"
2020-09-22T16:27:59.573Z	info	app/vmalert/manager.go:84	reading rules configuration file from "config/testdata/dir/rules0-good.rules"
2020-09-22T16:27:59.573Z	info	app/vmalert/group.go:225	group "TestGroup" started; interval=1ms; concurrency=1
2020-09-22T16:27:59.573Z	info	app/vmalert/group.go:225	group "groupGorSingleAlert" started; interval=1ms; concurrency=1
2020-09-22T16:27:59.573Z	info	app/vmalert/group.go:235	group "groupGorSingleAlert": received stop signal
2020-09-22T16:27:59.573Z	info	app/vmalert/group.go:235	group "TestGroup": received stop signal
2020-09-22T16:27:59.573Z	info	app/vmalert/manager.go:84	reading rules configuration file from "config/testdata/rules0-good.rules"
2020-09-22T16:27:59.574Z	info	app/vmalert/group.go:225	group "groupTest" started; interval=1ms; concurrency=1
2020-09-22T16:27:59.574Z	info	app/vmalert/group.go:235	group "groupTest": received stop signal
2020-09-22T16:27:59.574Z	info	app/vmalert/group.go:225	group "groupGorSingleAlert" started; interval=1ms; concurrency=1
2020-09-22T16:27:59.574Z	info	app/vmalert/group.go:225	group "TestGroup" started; interval=1ms; concurrency=1
2020-09-22T16:27:59.574Z	info	app/vmalert/manager.go:84	reading rules configuration file from "config/testdata/dir/rules0-good.rules"
2020-09-22T16:27:59.574Z	info	app/vmalert/group.go:235	group "groupGorSingleAlert": received stop signal
2020-09-22T16:27:59.574Z	info	app/vmalert/group.go:235	group "TestGroup": received stop signal
2020-09-22T16:27:59.574Z	info	app/vmalert/group.go:225	group "duplicatedGroupDiffFiles" started; interval=1ms; concurrency=1
2020-09-22T16:27:59.574Z	info	app/vmalert/group.go:235	group "duplicatedGroupDiffFiles": received stop signal
2020-09-22T16:27:59.574Z	info	app/vmalert/manager.go:84	reading rules configuration file from "config/testdata/rules0-good.rules"
2020-09-22T16:27:59.574Z	info	app/vmalert/group.go:225	group "TestGroup" started; interval=1ms; concurrency=1
2020-09-22T16:27:59.574Z	info	app/vmalert/manager.go:84	reading rules configuration file from "config/testdata/rules1-good.rules"
2020-09-22T16:27:59.574Z	info	app/vmalert/manager.go:84	reading rules configuration file from "config/testdata/dir/rules0-bad.rules"
2020-09-22T16:27:59.574Z	info	app/vmalert/group.go:235	group "TestGroup": received stop signal
2020-09-22T16:27:59.574Z	info	app/vmalert/group.go:225	group "groupGorSingleAlert" started; interval=1ms; concurrency=1
2020-09-22T16:27:59.574Z	info	app/vmalert/manager.go:84	reading rules configuration file from "config/testdata/dir/rules1-good.rules"
2020-09-22T16:27:59.574Z	info	app/vmalert/group.go:235	group "groupGorSingleAlert": received stop signal
2020-09-22T16:27:59.575Z	info	app/vmalert/group.go:225	group "TestGroup" started; interval=2s; concurrency=2
2020-09-22T16:27:59.575Z	info	app/vmalert/group.go:235	group "TestGroup": received stop signal
2020-09-22T16:27:59.575Z	info	app/vmalert/manager.go:84	reading rules configuration file from "config/testdata/dir/rules1-good.rules"
2020-09-22T16:27:59.575Z	info	app/vmalert/manager.go:84	reading rules configuration file from "config/testdata/dir/rules1-good.rules"
2020-09-22T16:27:59.575Z	info	app/vmalert/group.go:225	group "duplicatedGroupDiffFiles" started; interval=1ms; concurrency=1
2020-09-22T16:27:59.575Z	info	app/vmalert/group.go:235	group "duplicatedGroupDiffFiles": received stop signal
2020-09-22T16:27:59.575Z	info	app/vmalert/manager.go:84	reading rules configuration file from "config/testdata/rules2-good.rules"
2020-09-22T16:27:59.575Z	info	app/vmalert/group.go:225	group "TestGroup" started; interval=2s; concurrency=2
2020-09-22T16:27:59.575Z	info	app/vmalert/group.go:235	group "TestGroup": received stop signal
2020-09-22T16:27:59.575Z	info	app/vmalert/manager.go:84	reading rules configuration file from "config/testdata/dir/rules0-good.rules"
2020-09-22T16:27:59.576Z	info	app/vmalert/group.go:225	group "TestGroup" started; interval=1ms; concurrency=1
2020-09-22T16:27:59.575Z	info	app/vmalert/group.go:225	group "groupGorSingleAlert" started; interval=1ms; concurrency=1
2020-09-22T16:27:59.576Z	info	app/vmalert/group.go:235	group "TestGroup": received stop signal
2020-09-22T16:27:59.576Z	info	app/vmalert/group.go:235	group "groupGorSingleAlert": received stop signal
2020-09-22T16:27:59.576Z	info	app/vmalert/group.go:225	group "duplicatedGroupDiffFiles" started; interval=1ms; concurrency=1
2020-09-22T16:27:59.576Z	info	app/vmalert/group.go:235	group "duplicatedGroupDiffFiles": received stop signal
2020-09-22T16:27:59.576Z	info	app/vmalert/manager.go:84	reading rules configuration file from "config/testdata/rules2-good.rules"
2020-09-22T16:27:59.576Z	info	app/vmalert/group.go:225	group "groupTest" started; interval=1ms; concurrency=1
2020-09-22T16:27:59.576Z	info	app/vmalert/group.go:235	group "groupTest": received stop signal
2020-09-22T16:27:59.576Z	info	app/vmalert/manager.go:84	reading rules configuration file from "config/testdata/dir/rules1-bad.rules"
2020-09-22T16:27:59.576Z	info	app/vmalert/group.go:225	group "TestGroup" started; interval=1ms; concurrency=1
2020-09-22T16:27:59.576Z	info	app/vmalert/manager.go:84	reading rules configuration file from "config/testdata/dir/rules1-good.rules"
2020-09-22T16:27:59.576Z	info	app/vmalert/manager.go:84	reading rules configuration file from "config/testdata/dir/rules1-bad.rules"
2020-09-22T16:27:59.576Z	info	app/vmalert/group.go:225	group "groupGorSingleAlert" started; interval=1ms; concurrency=1
2020-09-22T16:27:59.576Z	info	app/vmalert/group.go:235	group "groupGorSingleAlert": received stop signal
2020-09-22T16:27:59.576Z	info	app/vmalert/group.go:235	group "TestGroup": received stop signal
2020-09-22T16:27:59.576Z	info	app/vmalert/manager.go:84	reading rules configuration file from "config/testdata/rules1-good.rules"
2020-09-22T16:27:59.576Z	info	app/vmalert/group.go:225	group "groupTest" started; interval=1ms; concurrency=1
2020-09-22T16:27:59.576Z	info	app/vmalert/manager.go:84	reading rules configuration file from "config/testdata/dir/rules1-bad.rules"
2020-09-22T16:27:59.576Z	info	app/vmalert/group.go:235	group "groupTest": received stop signal
2020-09-22T16:27:59.576Z	info	app/vmalert/manager.go:84	reading rules configuration file from "config/testdata/dir/rules0-bad.rules"
2020-09-22T16:27:59.576Z	info	app/vmalert/manager.go:84	reading rules configuration file from "config/testdata/rules0-good.rules"
2020-09-22T16:27:59.576Z	info	app/vmalert/group.go:225	group "duplicatedGroupDiffFiles" started; interval=1ms; concurrency=1
2020-09-22T16:27:59.577Z	info	app/vmalert/group.go:235	group "duplicatedGroupDiffFiles": received stop signal
2020-09-22T16:27:59.575Z	info	app/vmalert/manager.go:84	reading rules configuration file from "config/testdata/dir/rules0-bad.rules"
2020-09-22T16:27:59.577Z	info	app/vmalert/manager.go:84	reading rules configuration file from "config/testdata/dir/rules1-bad.rules"
2020-09-22T16:27:59.577Z	info	app/vmalert/manager.go:84	reading rules configuration file from "config/testdata/dir/rules1-bad.rules"
2020-09-22T16:27:59.577Z	info	app/vmalert/manager.go:84	reading rules configuration file from "config/testdata/rules0-good.rules"
2020-09-22T16:27:59.577Z	info	app/vmalert/group.go:225	group "TestGroup" started; interval=2s; concurrency=2
2020-09-22T16:27:59.577Z	info	app/vmalert/group.go:235	group "TestGroup": received stop signal
2020-09-22T16:27:59.578Z	info	app/vmalert/manager.go:84	reading rules configuration file from "config/testdata/rules1-good.rules"
2020-09-22T16:27:59.578Z	info	app/vmalert/manager.go:84	reading rules configuration file from "config/testdata/dir/rules0-bad.rules"
2020-09-22T16:27:59.578Z	info	app/vmalert/group.go:225	group "duplicatedGroupDiffFiles" started; interval=1ms; concurrency=1
2020-09-22T16:27:59.578Z	info	app/vmalert/group.go:235	group "duplicatedGroupDiffFiles": received stop signal
2020-09-22T16:27:59.578Z	info	app/vmalert/group.go:225	group "duplicatedGroupDiffFiles" started; interval=1ms; concurrency=1
2020-09-22T16:27:59.578Z	info	app/vmalert/manager.go:84	reading rules configuration file from "config/testdata/rules0-good.rules"
2020-09-22T16:27:59.578Z	info	app/vmalert/group.go:235	group "duplicatedGroupDiffFiles": received stop signal
2020-09-22T16:27:59.578Z	info	app/vmalert/manager.go:84	reading rules configuration file from "config/testdata/dir/rules1-good.rules"
2020-09-22T16:27:59.578Z	info	app/vmalert/manager.go:84	reading rules configuration file from "config/testdata/dir/rules1-good.rules"
2020-09-22T16:27:59.578Z	info	app/vmalert/group.go:225	group "TestGroup" started; interval=2s; concurrency=2
2020-09-22T16:27:59.578Z	info	app/vmalert/group.go:235	group "TestGroup": received stop signal
2020-09-22T16:27:59.578Z	info	app/vmalert/manager.go:84	reading rules configuration file from "config/testdata/rules1-good.rules"
2020-09-22T16:27:59.578Z	info	app/vmalert/manager.go:84	reading rules configuration file from "config/testdata/dir/rules0-bad.rules"
2020-09-22T16:27:59.578Z	info	app/vmalert/group.go:225	group "groupTest" started; interval=1ms; concurrency=1
2020-09-22T16:27:59.578Z	info	app/vmalert/group.go:235	group "groupTest": received stop signal
2020-09-22T16:27:59.579Z	info	app/vmalert/manager.go:84	reading rules configuration file from "config/testdata/rules2-good.rules"
2020-09-22T16:27:59.579Z	info	app/vmalert/group.go:225	group "TestGroup" started; interval=2s; concurrency=2
2020-09-22T16:27:59.579Z	info	app/vmalert/manager.go:84	reading rules configuration file from "config/testdata/dir/rules0-good.rules"
2020-09-22T16:27:59.579Z	info	app/vmalert/group.go:235	group "TestGroup": received stop signal
2020-09-22T16:27:59.579Z	info	app/vmalert/group.go:225	group "duplicatedGroupDiffFiles" started; interval=1ms; concurrency=1
2020-09-22T16:27:59.579Z	info	app/vmalert/manager.go:84	reading rules configuration file from "config/testdata/dir/rules1-good.rules"
2020-09-22T16:27:59.579Z	info	app/vmalert/group.go:235	group "duplicatedGroupDiffFiles": received stop signal
2020-09-22T16:27:59.579Z	info	app/vmalert/manager.go:84	reading rules configuration file from "config/testdata/rules1-good.rules"
2020-09-22T16:27:59.579Z	info	app/vmalert/manager.go:84	reading rules configuration file from "config/testdata/dir/rules0-good.rules"
2020-09-22T16:27:59.579Z	info	app/vmalert/manager.go:84	reading rules configuration file from "config/testdata/rules1-good.rules"
2020-09-22T16:27:59.579Z	info	app/vmalert/manager.go:84	reading rules configuration file from "config/testdata/rules1-good.rules"
2020-09-22T16:27:59.579Z	info	app/vmalert/group.go:225	group "groupGorSingleAlert" started; interval=1ms; concurrency=1
2020-09-22T16:27:59.579Z	info	app/vmalert/group.go:225	group "TestGroup" started; interval=1ms; concurrency=1
2020-09-22T16:27:59.579Z	info	app/vmalert/manager.go:84	reading rules configuration file from "config/testdata/dir/rules0-bad.rules"
2020-09-22T16:27:59.580Z	info	app/vmalert/group.go:235	group "groupGorSingleAlert": received stop signal
2020-09-22T16:27:59.580Z	info	app/vmalert/group.go:235	group "TestGroup": received stop signal
2020-09-22T16:27:59.580Z	info	app/vmalert/manager.go:84	reading rules configuration file from "config/testdata/dir/rules1-bad.rules"
2020-09-22T16:27:59.580Z	info	app/vmalert/group.go:225	group "duplicatedGroupDiffFiles" started; interval=1ms; concurrency=1
2020-09-22T16:27:59.580Z	info	app/vmalert/manager.go:84	reading rules configuration file from "config/testdata/dir/rules0-bad.rules"
2020-09-22T16:27:59.580Z	info	app/vmalert/manager.go:84	reading rules configuration file from "config/testdata/dir/rules0-good.rules"
2020-09-22T16:27:59.580Z	info	app/vmalert/group.go:235	group "duplicatedGroupDiffFiles": received stop signal
2020-09-22T16:27:59.580Z	info	app/vmalert/manager.go:84	reading rules configuration file from "config/testdata/dir/rules1-bad.rules"
2020-09-22T16:27:59.580Z	info	app/vmalert/group.go:225	group "duplicatedGroupDiffFiles" started; interval=1ms; concurrency=1
2020-09-22T16:27:59.580Z	info	app/vmalert/group.go:235	group "duplicatedGroupDiffFiles": received stop signal
2020-09-22T16:27:59.580Z	info	app/vmalert/manager.go:84	reading rules configuration file from "config/testdata/rules1-good.rules"
2020-09-22T16:27:59.580Z	info	app/vmalert/group.go:225	group "groupGorSingleAlert" started; interval=1ms; concurrency=1
2020-09-22T16:27:59.580Z	info	app/vmalert/group.go:235	group "groupGorSingleAlert": received stop signal
2020-09-22T16:27:59.580Z	info	app/vmalert/manager.go:84	reading rules configuration file from "config/testdata/dir/rules1-good.rules"
2020-09-22T16:27:59.580Z	info	app/vmalert/manager.go:84	reading rules configuration file from "config/testdata/rules2-good.rules"
2020-09-22T16:27:59.580Z	info	app/vmalert/group.go:225	group "TestGroup" started; interval=1ms; concurrency=1
2020-09-22T16:27:59.581Z	info	app/vmalert/group.go:235	group "TestGroup": received stop signal
2020-09-22T16:27:59.581Z	info	app/vmalert/manager.go:84	reading rules configuration file from "config/testdata/dir/rules1-bad.rules"
2020-09-22T16:27:59.581Z	info	app/vmalert/manager.go:84	reading rules configuration file from "config/testdata/rules0-good.rules"
2020-09-22T16:27:59.581Z	info	app/vmalert/manager.go:84	reading rules configuration file from "config/testdata/dir/rules1-good.rules"
2020-09-22T16:27:59.581Z	info	app/vmalert/group.go:225	group "duplicatedGroupDiffFiles" started; interval=1ms; concurrency=1
2020-09-22T16:27:59.581Z	info	app/vmalert/group.go:235	group "duplicatedGroupDiffFiles": received stop signal
2020-09-22T16:27:59.581Z	info	app/vmalert/manager.go:84	reading rules configuration file from "config/testdata/rules1-good.rules"
2020-09-22T16:27:59.581Z	info	app/vmalert/group.go:225	group "groupTest" started; interval=1ms; concurrency=1
2020-09-22T16:27:59.581Z	info	app/vmalert/group.go:235	group "groupTest": received stop signal
2020-09-22T16:27:59.581Z	info	app/vmalert/group.go:225	group "TestGroup" started; interval=1ms; concurrency=1
2020-09-22T16:27:59.581Z	info	app/vmalert/group.go:225	group "groupGorSingleAlert" started; interval=1ms; concurrency=1
2020-09-22T16:27:59.581Z	info	app/vmalert/manager.go:84	reading rules configuration file from "config/testdata/dir/rules1-good.rules"
2020-09-22T16:27:59.581Z	info	app/vmalert/group.go:235	group "groupGorSingleAlert": received stop signal
2020-09-22T16:27:59.581Z	info	app/vmalert/manager.go:84	reading rules configuration file from "config/testdata/dir/rules0-good.rules"
2020-09-22T16:27:59.581Z	info	app/vmalert/group.go:235	group "TestGroup": received stop signal
2020-09-22T16:27:59.582Z	info	app/vmalert/manager.go:84	reading rules configuration file from "config/testdata/rules2-good.rules"
2020-09-22T16:27:59.582Z	info	app/vmalert/group.go:225	group "duplicatedGroupDiffFiles" started; interval=1ms; concurrency=1
2020-09-22T16:27:59.582Z	info	app/vmalert/manager.go:84	reading rules configuration file from "config/testdata/rules2-good.rules"
2020-09-22T16:27:59.582Z	info	app/vmalert/group.go:235	group "duplicatedGroupDiffFiles": received stop signal
2020-09-22T16:27:59.582Z	info	app/vmalert/manager.go:84	reading rules configuration file from "config/testdata/dir/rules0-good.rules"
2020-09-22T16:27:59.582Z	info	app/vmalert/group.go:225	group "TestGroup" started; interval=2s; concurrency=2
2020-09-22T16:27:59.582Z	info	app/vmalert/group.go:235	group "TestGroup": received stop signal
2020-09-22T16:27:59.582Z	info	app/vmalert/manager.go:84	reading rules configuration file from "config/testdata/dir/rules0-good.rules"
2020-09-22T16:27:59.582Z	info	app/vmalert/manager.go:84	reading rules configuration file from "config/testdata/dir/rules1-bad.rules"
2020-09-22T16:27:59.582Z	info	app/vmalert/group.go:225	group "groupTest" started; interval=1ms; concurrency=1
2020-09-22T16:27:59.582Z	info	app/vmalert/group.go:235	group "groupTest": received stop signal
2020-09-22T16:27:59.582Z	info	app/vmalert/manager.go:84	reading rules configuration file from "config/testdata/dir/rules0-bad.rules"
2020-09-22T16:27:59.582Z	info	app/vmalert/manager.go:84	reading rules configuration file from "config/testdata/dir/rules1-bad.rules"
2020-09-22T16:27:59.582Z	info	app/vmalert/manager.go:84	reading rules configuration file from "config/testdata/dir/rules0-good.rules"
2020-09-22T16:27:59.582Z	info	app/vmalert/manager.go:84	reading rules configuration file from "config/testdata/rules0-good.rules"
2020-09-22T16:27:59.582Z	info	app/vmalert/group.go:225	group "duplicatedGroupDiffFiles" started; interval=1ms; concurrency=1
2020-09-22T16:27:59.582Z	info	app/vmalert/group.go:235	group "duplicatedGroupDiffFiles": received stop signal
2020-09-22T16:27:59.583Z	info	app/vmalert/group.go:225	group "groupTest" started; interval=1ms; concurrency=1
2020-09-22T16:27:59.583Z	info	app/vmalert/manager.go:84	reading rules configuration file from "config/testdata/dir/rules0-good.rules"
2020-09-22T16:27:59.583Z	info	app/vmalert/manager.go:84	reading rules configuration file from "config/testdata/dir/rules1-bad.rules"
2020-09-22T16:27:59.583Z	info	app/vmalert/group.go:235	group "groupTest": received stop signal
2020-09-22T16:27:59.583Z	info	app/vmalert/manager.go:84	reading rules configuration file from "config/testdata/rules1-good.rules"
2020-09-22T16:27:59.583Z	info	app/vmalert/group.go:225	group "duplicatedGroupDiffFiles" started; interval=1ms; concurrency=1
2020-09-22T16:27:59.583Z	info	app/vmalert/manager.go:84	reading rules configuration file from "config/testdata/dir/rules1-good.rules"
2020-09-22T16:27:59.583Z	info	app/vmalert/group.go:235	group "duplicatedGroupDiffFiles": received stop signal
2020-09-22T16:27:59.583Z	info	app/vmalert/group.go:225	group "groupTest" started; interval=1ms; concurrency=1
2020-09-22T16:27:59.583Z	info	app/vmalert/manager.go:84	reading rules configuration file from "config/testdata/rules0-good.rules"
2020-09-22T16:27:59.583Z	info	app/vmalert/group.go:235	group "groupTest": received stop signal
2020-09-22T16:27:59.583Z	info	app/vmalert/group.go:225	group "duplicatedGroupDiffFiles" started; interval=1ms; concurrency=1
2020-09-22T16:27:59.584Z	info	app/vmalert/manager.go:84	reading rules configuration file from "config/testdata/rules2-good.rules"
2020-09-22T16:27:59.584Z	info	app/vmalert/group.go:235	group "duplicatedGroupDiffFiles": received stop signal
2020-09-22T16:27:59.584Z	info	app/vmalert/group.go:225	group "groupGorSingleAlert" started; interval=1ms; concurrency=1
2020-09-22T16:27:59.584Z	info	app/vmalert/group.go:225	group "TestGroup" started; interval=1ms; concurrency=1
2020-09-22T16:27:59.584Z	info	app/vmalert/manager.go:84	reading rules configuration file from "config/testdata/dir/rules1-good.rules"
2020-09-22T16:27:59.584Z	info	app/vmalert/group.go:235	group "groupGorSingleAlert": received stop signal
2020-09-22T16:27:59.584Z	info	app/vmalert/manager.go:84	reading rules configuration file from "config/testdata/rules2-good.rules"
2020-09-22T16:27:59.584Z	info	app/vmalert/group.go:235	group "TestGroup": received stop signal
2020-09-22T16:27:59.584Z	info	app/vmalert/group.go:225	group "duplicatedGroupDiffFiles" started; interval=1ms; concurrency=1
2020-09-22T16:27:59.584Z	info	app/vmalert/manager.go:84	reading rules configuration file from "config/testdata/dir/rules0-bad.rules"
2020-09-22T16:27:59.584Z	info	app/vmalert/manager.go:84	reading rules configuration file from "config/testdata/dir/rules0-good.rules"
2020-09-22T16:27:59.584Z	info	app/vmalert/group.go:235	group "duplicatedGroupDiffFiles": received stop signal
2020-09-22T16:27:59.584Z	info	app/vmalert/group.go:225	group "groupGorSingleAlert" started; interval=1ms; concurrency=1
2020-09-22T16:27:59.584Z	info	app/vmalert/group.go:235	group "groupGorSingleAlert": received stop signal
2020-09-22T16:27:59.584Z	info	app/vmalert/group.go:225	group "TestGroup" started; interval=1ms; concurrency=1
2020-09-22T16:27:59.584Z	info	app/vmalert/group.go:235	group "TestGroup": received stop signal
2020-09-22T16:27:59.584Z	info	app/vmalert/manager.go:84	reading rules configuration file from "config/testdata/dir/rules1-good.rules"
2020-09-22T16:27:59.585Z	info	app/vmalert/manager.go:84	reading rules configuration file from "config/testdata/rules0-good.rules"
2020-09-22T16:27:59.585Z	info	app/vmalert/manager.go:84	reading rules configuration file from "config/testdata/dir/rules0-good.rules"
2020-09-22T16:27:59.585Z	info	app/vmalert/manager.go:84	reading rules configuration file from "config/testdata/rules2-good.rules"
2020-09-22T16:27:59.585Z	info	app/vmalert/group.go:225	group "duplicatedGroupDiffFiles" started; interval=1ms; concurrency=1
2020-09-22T16:27:59.585Z	info	app/vmalert/group.go:235	group "duplicatedGroupDiffFiles": received stop signal
2020-09-22T16:27:59.585Z	info	app/vmalert/group.go:225	group "groupGorSingleAlert" started; interval=1ms; concurrency=1
2020-09-22T16:27:59.585Z	info	app/vmalert/group.go:235	group "groupGorSingleAlert": received stop signal
2020-09-22T16:27:59.585Z	info	app/vmalert/manager.go:84	reading rules configuration file from "config/testdata/dir/rules1-good.rules"
2020-09-22T16:27:59.585Z	info	app/vmalert/manager.go:84	reading rules configuration file from "config/testdata/dir/rules1-good.rules"
2020-09-22T16:27:59.585Z	info	app/vmalert/group.go:225	group "TestGroup" started; interval=1ms; concurrency=1
2020-09-22T16:27:59.585Z	info	app/vmalert/group.go:235	group "TestGroup": received stop signal
2020-09-22T16:27:59.585Z	info	app/vmalert/manager.go:84	reading rules configuration file from "config/testdata/rules2-good.rules"
2020-09-22T16:27:59.585Z	info	app/vmalert/group.go:225	group "TestGroup" started; interval=2s; concurrency=2
2020-09-22T16:27:59.585Z	info	app/vmalert/group.go:235	group "TestGroup": received stop signal
2020-09-22T16:27:59.586Z	info	app/vmalert/group.go:225	group "duplicatedGroupDiffFiles" started; interval=1ms; concurrency=1
2020-09-22T16:27:59.586Z	info	app/vmalert/group.go:235	group "duplicatedGroupDiffFiles": received stop signal
2020-09-22T16:27:59.586Z	info	app/vmalert/manager.go:84	reading rules configuration file from "config/testdata/rules2-good.rules"
2020-09-22T16:27:59.586Z	info	app/vmalert/group.go:225	group "groupGorSingleAlert" started; interval=1ms; concurrency=1
2020-09-22T16:27:59.586Z	info	app/vmalert/manager.go:84	reading rules configuration file from "config/testdata/rules2-good.rules"
2020-09-22T16:27:59.586Z	info	app/vmalert/group.go:225	group "TestGroup" started; interval=1ms; concurrency=1
2020-09-22T16:27:59.586Z	info	app/vmalert/group.go:235	group "groupGorSingleAlert": received stop signal
2020-09-22T16:27:59.586Z	info	app/vmalert/manager.go:84	reading rules configuration file from "config/testdata/rules2-good.rules"
2020-09-22T16:27:59.586Z	info	app/vmalert/group.go:235	group "TestGroup": received stop signal
2020-09-22T16:27:59.586Z	info	app/vmalert/group.go:225	group "groupTest" started; interval=1ms; concurrency=1
2020-09-22T16:27:59.586Z	info	app/vmalert/group.go:235	group "groupTest": received stop signal
2020-09-22T16:27:59.586Z	info	app/vmalert/manager.go:84	reading rules configuration file from "config/testdata/rules0-good.rules"
2020-09-22T16:27:59.586Z	info	app/vmalert/manager.go:84	reading rules configuration file from "config/testdata/dir/rules1-bad.rules"
2020-09-22T16:27:59.586Z	info	app/vmalert/group.go:225	group "TestGroup" started; interval=1ms; concurrency=1
2020-09-22T16:27:59.586Z	info	app/vmalert/manager.go:84	reading rules configuration file from "config/testdata/rules1-good.rules"
2020-09-22T16:27:59.586Z	info	app/vmalert/group.go:225	group "groupGorSingleAlert" started; interval=1ms; concurrency=1
2020-09-22T16:27:59.586Z	info	app/vmalert/group.go:235	group "groupGorSingleAlert": received stop signal
2020-09-22T16:27:59.586Z	info	app/vmalert/group.go:235	group "TestGroup": received stop signal
2020-09-22T16:27:59.587Z	info	app/vmalert/group.go:225	group "TestGroup" started; interval=2s; concurrency=2
2020-09-22T16:27:59.587Z	info	app/vmalert/group.go:235	group "TestGroup": received stop signal
2020-09-22T16:27:59.587Z	info	app/vmalert/manager.go:84	reading rules configuration file from "config/testdata/rules2-good.rules"
2020-09-22T16:27:59.587Z	info	app/vmalert/group.go:225	group "TestGroup" started; interval=1ms; concurrency=1
2020-09-22T16:27:59.587Z	info	app/vmalert/group.go:225	group "groupGorSingleAlert" started; interval=1ms; concurrency=1
2020-09-22T16:27:59.587Z	info	app/vmalert/group.go:235	group "groupGorSingleAlert": received stop signal
2020-09-22T16:27:59.587Z	info	app/vmalert/manager.go:84	reading rules configuration file from "config/testdata/dir/rules1-good.rules"
2020-09-22T16:27:59.587Z	info	app/vmalert/group.go:235	group "TestGroup": received stop signal
2020-09-22T16:27:59.587Z	info	app/vmalert/manager.go:84	reading rules configuration file from "config/testdata/rules2-good.rules"
2020-09-22T16:27:59.587Z	info	app/vmalert/group.go:225	group "duplicatedGroupDiffFiles" started; interval=1ms; concurrency=1
2020-09-22T16:27:59.587Z	info	app/vmalert/group.go:235	group "duplicatedGroupDiffFiles": received stop signal
2020-09-22T16:27:59.587Z	info	app/vmalert/manager.go:84	reading rules configuration file from "config/testdata/dir/rules0-bad.rules"
2020-09-22T16:27:59.587Z	info	app/vmalert/group.go:225	group "duplicatedGroupDiffFiles" started; interval=1ms; concurrency=1
2020-09-22T16:27:59.588Z	info	app/vmalert/group.go:235	group "duplicatedGroupDiffFiles": received stop signal
2020-09-22T16:27:59.588Z	info	app/vmalert/group.go:225	group "groupGorSingleAlert" started; interval=1ms; concurrency=1
2020-09-22T16:27:59.588Z	info	app/vmalert/group.go:225	group "TestGroup" started; interval=1ms; concurrency=1
2020-09-22T16:27:59.588Z	info	app/vmalert/manager.go:84	reading rules configuration file from "config/testdata/rules1-good.rules"
2020-09-22T16:27:59.588Z	info	app/vmalert/group.go:235	group "groupGorSingleAlert": received stop signal
2020-09-22T16:27:59.588Z	info	app/vmalert/group.go:235	group "TestGroup": received stop signal
2020-09-22T16:27:59.588Z	info	app/vmalert/group.go:225	group "duplicatedGroupDiffFiles" started; interval=1ms; concurrency=1
2020-09-22T16:27:59.588Z	info	app/vmalert/manager.go:84	reading rules configuration file from "config/testdata/rules0-good.rules"
2020-09-22T16:27:59.588Z	info	app/vmalert/group.go:235	group "duplicatedGroupDiffFiles": received stop signal
2020-09-22T16:27:59.589Z	info	app/vmalert/manager.go:84	reading rules configuration file from "config/testdata/dir/rules1-good.rules"
2020-09-22T16:27:59.589Z	info	app/vmalert/group.go:225	group "TestGroup" started; interval=2s; concurrency=2
2020-09-22T16:27:59.589Z	info	app/vmalert/group.go:235	group "TestGroup": received stop signal
2020-09-22T16:27:59.589Z	info	app/vmalert/manager.go:84	reading rules configuration file from "config/testdata/dir/rules0-bad.rules"
2020-09-22T16:27:59.589Z	info	app/vmalert/manager.go:84	reading rules configuration file from "config/testdata/dir/rules1-good.rules"
2020-09-22T16:27:59.589Z	info	app/vmalert/group.go:225	group "groupGorSingleAlert" started; interval=1ms; concurrency=1
2020-09-22T16:27:59.589Z	info	app/vmalert/group.go:235	group "groupGorSingleAlert": received stop signal
2020-09-22T16:27:59.589Z	info	app/vmalert/group.go:225	group "TestGroup" started; interval=1ms; concurrency=1
2020-09-22T16:27:59.589Z	info	app/vmalert/group.go:235	group "TestGroup": received stop signal
2020-09-22T16:27:59.589Z	info	app/vmalert/manager.go:84	reading rules configuration file from "config/testdata/dir/rules1-good.rules"
2020-09-22T16:27:59.589Z	info	app/vmalert/group.go:225	group "TestGroup" started; interval=2s; concurrency=2
2020-09-22T16:27:59.589Z	info	app/vmalert/manager.go:84	reading rules configuration file from "config/testdata/dir/rules1-bad.rules"
2020-09-22T16:27:59.589Z	info	app/vmalert/group.go:235	group "TestGroup": received stop signal
2020-09-22T16:27:59.589Z	info	app/vmalert/manager.go:84	reading rules configuration file from "config/testdata/dir/rules1-good.rules"
2020-09-22T16:27:59.589Z	info	app/vmalert/group.go:225	group "duplicatedGroupDiffFiles" started; interval=1ms; concurrency=1
2020-09-22T16:27:59.589Z	info	app/vmalert/group.go:235	group "duplicatedGroupDiffFiles": received stop signal
2020-09-22T16:27:59.589Z	info	app/vmalert/manager.go:84	reading rules configuration file from "config/testdata/dir/rules0-good.rules"
2020-09-22T16:27:59.589Z	info	app/vmalert/group.go:225	group "TestGroup" started; interval=2s; concurrency=2
2020-09-22T16:27:59.589Z	info	app/vmalert/manager.go:84	reading rules configuration file from "config/testdata/rules0-good.rules"
2020-09-22T16:27:59.589Z	info	app/vmalert/group.go:235	group "TestGroup": received stop signal
2020-09-22T16:27:59.589Z	info	app/vmalert/manager.go:84	reading rules configuration file from "config/testdata/rules2-good.rules"
2020-09-22T16:27:59.589Z	info	app/vmalert/group.go:225	group "groupTest" started; interval=1ms; concurrency=1
2020-09-22T16:27:59.589Z	info	app/vmalert/group.go:235	group "groupTest": received stop signal
2020-09-22T16:27:59.589Z	info	app/vmalert/manager.go:84	reading rules configuration file from "config/testdata/rules2-good.rules"
2020-09-22T16:27:59.589Z	info	app/vmalert/group.go:225	group "duplicatedGroupDiffFiles" started; interval=1ms; concurrency=1
2020-09-22T16:27:59.589Z	info	app/vmalert/group.go:235	group "duplicatedGroupDiffFiles": received stop signal
2020-09-22T16:27:59.590Z	info	app/vmalert/group.go:225	group "groupGorSingleAlert" started; interval=1ms; concurrency=1
2020-09-22T16:27:59.590Z	info	app/vmalert/manager.go:84	reading rules configuration file from "config/testdata/rules1-good.rules"
2020-09-22T16:27:59.590Z	info	app/vmalert/group.go:225	group "TestGroup" started; interval=1ms; concurrency=1
2020-09-22T16:27:59.590Z	info	app/vmalert/manager.go:84	reading rules configuration file from "config/testdata/dir/rules0-bad.rules"
2020-09-22T16:27:59.590Z	info	app/vmalert/manager.go:84	reading rules configuration file from "config/testdata/dir/rules0-bad.rules"
2020-09-22T16:27:59.590Z	info	app/vmalert/group.go:235	group "groupGorSingleAlert": received stop signal
2020-09-22T16:27:59.590Z	info	app/vmalert/manager.go:84	reading rules configuration file from "config/testdata/dir/rules0-good.rules"
2020-09-22T16:27:59.590Z	info	app/vmalert/group.go:235	group "TestGroup": received stop signal
2020-09-22T16:27:59.590Z	info	app/vmalert/group.go:225	group "duplicatedGroupDiffFiles" started; interval=1ms; concurrency=1
2020-09-22T16:27:59.590Z	info	app/vmalert/manager.go:84	reading rules configuration file from "config/testdata/rules1-good.rules"
2020-09-22T16:27:59.590Z	info	app/vmalert/group.go:235	group "duplicatedGroupDiffFiles": received stop signal
2020-09-22T16:27:59.590Z	info	app/vmalert/manager.go:84	reading rules configuration file from "config/testdata/dir/rules1-good.rules"
2020-09-22T16:27:59.590Z	info	app/vmalert/manager.go:84	reading rules configuration file from "config/testdata/dir/rules0-good.rules"
2020-09-22T16:27:59.591Z	info	app/vmalert/group.go:225	group "duplicatedGroupDiffFiles" started; interval=1ms; concurrency=1
2020-09-22T16:27:59.591Z	info	app/vmalert/group.go:235	group "duplicatedGroupDiffFiles": received stop signal
2020-09-22T16:27:59.591Z	info	app/vmalert/manager.go:84	reading rules configuration file from "config/testdata/rules2-good.rules"
2020-09-22T16:27:59.591Z	info	app/vmalert/group.go:225	group "duplicatedGroupDiffFiles" started; interval=1ms; concurrency=1
2020-09-22T16:27:59.591Z	info	app/vmalert/group.go:235	group "duplicatedGroupDiffFiles": received stop signal
2020-09-22T16:27:59.591Z	info	app/vmalert/group.go:225	group "duplicatedGroupDiffFiles" started; interval=1ms; concurrency=1
2020-09-22T16:27:59.591Z	info	app/vmalert/manager.go:84	reading rules configuration file from "config/testdata/dir/rules0-bad.rules"
2020-09-22T16:27:59.591Z	info	app/vmalert/group.go:235	group "duplicatedGroupDiffFiles": received stop signal
2020-09-22T16:27:59.591Z	info	app/vmalert/manager.go:84	reading rules configuration file from "config/testdata/dir/rules1-bad.rules"
2020-09-22T16:27:59.591Z	info	app/vmalert/manager.go:84	reading rules configuration file from "config/testdata/dir/rules0-good.rules"
2020-09-22T16:27:59.591Z	info	app/vmalert/manager.go:84	reading rules configuration file from "config/testdata/dir/rules1-bad.rules"
2020-09-22T16:27:59.591Z	info	app/vmalert/manager.go:84	reading rules configuration file from "config/testdata/rules2-good.rules"
2020-09-22T16:27:59.591Z	info	app/vmalert/group.go:225	group "groupTest" started; interval=1ms; concurrency=1
2020-09-22T16:27:59.592Z	info	app/vmalert/group.go:235	group "groupTest": received stop signal
2020-09-22T16:27:59.592Z	info	app/vmalert/manager.go:84	reading rules configuration file from "config/testdata/dir/rules1-bad.rules"
2020-09-22T16:27:59.592Z	info	app/vmalert/group.go:225	group "duplicatedGroupDiffFiles" started; interval=1ms; concurrency=1
2020-09-22T16:27:59.592Z	info	app/vmalert/manager.go:84	reading rules configuration file from "config/testdata/dir/rules1-good.rules"
2020-09-22T16:27:59.592Z	info	app/vmalert/group.go:235	group "duplicatedGroupDiffFiles": received stop signal
2020-09-22T16:27:59.592Z	info	app/vmalert/manager.go:84	reading rules configuration file from "config/testdata/dir/rules0-bad.rules"
2020-09-22T16:27:59.592Z	info	app/vmalert/group.go:225	group "TestGroup" started; interval=2s; concurrency=2
2020-09-22T16:27:59.592Z	info	app/vmalert/group.go:235	group "TestGroup": received stop signal
2020-09-22T16:27:59.592Z	info	app/vmalert/manager.go:84	reading rules configuration file from "config/testdata/dir/rules1-bad.rules"
2020-09-22T16:27:59.592Z	info	app/vmalert/manager.go:84	reading rules configuration file from "config/testdata/dir/rules0-good.rules"
2020-09-22T16:27:59.592Z	info	app/vmalert/group.go:225	group "groupTest" started; interval=1ms; concurrency=1
2020-09-22T16:27:59.592Z	info	app/vmalert/manager.go:84	reading rules configuration file from "config/testdata/rules0-good.rules"
2020-09-22T16:27:59.592Z	info	app/vmalert/group.go:235	group "groupTest": received stop signal
2020-09-22T16:27:59.592Z	info	app/vmalert/manager.go:84	reading rules configuration file from "config/testdata/dir/rules1-bad.rules"
2020-09-22T16:27:59.592Z	info	app/vmalert/group.go:225	group "duplicatedGroupDiffFiles" started; interval=1ms; concurrency=1
2020-09-22T16:27:59.592Z	info	app/vmalert/manager.go:84	reading rules configuration file from "config/testdata/dir/rules0-good.rules"
2020-09-22T16:27:59.592Z	info	app/vmalert/group.go:235	group "duplicatedGroupDiffFiles": received stop signal
2020-09-22T16:27:59.593Z	info	app/vmalert/manager.go:84	reading rules configuration file from "config/testdata/dir/rules1-good.rules"
2020-09-22T16:27:59.593Z	info	app/vmalert/group.go:225	group "TestGroup" started; interval=1ms; concurrency=1
2020-09-22T16:27:59.593Z	info	app/vmalert/group.go:225	group "groupGorSingleAlert" started; interval=1ms; concurrency=1
2020-09-22T16:27:59.593Z	info	app/vmalert/group.go:235	group "TestGroup": received stop signal
2020-09-22T16:27:59.593Z	info	app/vmalert/group.go:235	group "groupGorSingleAlert": received stop signal
2020-09-22T16:27:59.593Z	info	app/vmalert/manager.go:84	reading rules configuration file from "config/testdata/rules1-good.rules"
2020-09-22T16:27:59.593Z	info	app/vmalert/group.go:225	group "duplicatedGroupDiffFiles" started; interval=1ms; concurrency=1
2020-09-22T16:27:59.593Z	info	app/vmalert/manager.go:84	reading rules configuration file from "config/testdata/rules2-good.rules"
2020-09-22T16:27:59.593Z	info	app/vmalert/group.go:235	group "duplicatedGroupDiffFiles": received stop signal
2020-09-22T16:27:59.593Z	info	app/vmalert/group.go:225	group "duplicatedGroupDiffFiles" started; interval=1ms; concurrency=1
2020-09-22T16:27:59.593Z	info	app/vmalert/manager.go:84	reading rules configuration file from "config/testdata/dir/rules1-good.rules"
2020-09-22T16:27:59.593Z	info	app/vmalert/group.go:235	group "duplicatedGroupDiffFiles": received stop signal
2020-09-22T16:27:59.593Z	info	app/vmalert/manager.go:84	reading rules configuration file from "config/testdata/dir/rules0-bad.rules"
2020-09-22T16:27:59.594Z	info	app/vmalert/manager.go:84	reading rules configuration file from "config/testdata/dir/rules0-bad.rules"
2020-09-22T16:27:59.594Z	info	app/vmalert/group.go:225	group "TestGroup" started; interval=2s; concurrency=2
2020-09-22T16:27:59.594Z	info	app/vmalert/manager.go:84	reading rules configuration file from "config/testdata/dir/rules0-good.rules"
2020-09-22T16:27:59.594Z	info	app/vmalert/group.go:235	group "TestGroup": received stop signal
2020-09-22T16:27:59.594Z	info	app/vmalert/group.go:225	group "groupTest" started; interval=1ms; concurrency=1
2020-09-22T16:27:59.594Z	info	app/vmalert/group.go:235	group "groupTest": received stop signal
2020-09-22T16:27:59.594Z	info	app/vmalert/manager.go:84	reading rules configuration file from "config/testdata/dir/rules1-good.rules"
2020-09-22T16:27:59.594Z	info	app/vmalert/manager.go:84	reading rules configuration file from "config/testdata/dir/rules0-bad.rules"
2020-09-22T16:27:59.594Z	info	app/vmalert/manager.go:84	reading rules configuration file from "config/testdata/dir/rules0-bad.rules"
2020-09-22T16:27:59.594Z	info	app/vmalert/manager.go:84	reading rules configuration file from "config/testdata/rules1-good.rules"
2020-09-22T16:27:59.594Z	info	app/vmalert/manager.go:84	reading rules configuration file from "config/testdata/rules2-good.rules"
2020-09-22T16:27:59.594Z	info	app/vmalert/manager.go:84	reading rules configuration file from "config/testdata/dir/rules0-good.rules"
2020-09-22T16:27:59.594Z	info	app/vmalert/group.go:225	group "duplicatedGroupDiffFiles" started; interval=1ms; concurrency=1
2020-09-22T16:27:59.595Z	info	app/vmalert/manager.go:84	reading rules configuration file from "config/testdata/dir/rules0-bad.rules"
2020-09-22T16:27:59.595Z	info	app/vmalert/manager.go:84	reading rules configuration file from "config/testdata/rules1-good.rules"
2020-09-22T16:27:59.595Z	info	app/vmalert/group.go:235	group "duplicatedGroupDiffFiles": received stop signal
2020-09-22T16:27:59.595Z	info	app/vmalert/group.go:225	group "groupGorSingleAlert" started; interval=1ms; concurrency=1
2020-09-22T16:27:59.595Z	info	app/vmalert/manager.go:84	reading rules configuration file from "config/testdata/dir/rules0-bad.rules"
2020-09-22T16:27:59.595Z	info	app/vmalert/group.go:235	group "groupGorSingleAlert": received stop signal
2020-09-22T16:27:59.595Z	info	app/vmalert/manager.go:84	reading rules configuration file from "config/testdata/dir/rules0-good.rules"
2020-09-22T16:27:59.595Z	info	app/vmalert/group.go:225	group "TestGroup" started; interval=1ms; concurrency=1
2020-09-22T16:27:59.595Z	info	app/vmalert/manager.go:84	reading rules configuration file from "config/testdata/dir/rules0-good.rules"
2020-09-22T16:27:59.595Z	info	app/vmalert/manager.go:84	reading rules configuration file from "config/testdata/rules2-good.rules"
2020-09-22T16:27:59.595Z	info	app/vmalert/manager.go:84	reading rules configuration file from "config/testdata/rules1-good.rules"
2020-09-22T16:27:59.595Z	info	app/vmalert/group.go:235	group "TestGroup": received stop signal
2020-09-22T16:27:59.595Z	info	app/vmalert/manager.go:84	reading rules configuration file from "config/testdata/dir/rules1-bad.rules"
2020-09-22T16:27:59.595Z	info	app/vmalert/group.go:225	group "duplicatedGroupDiffFiles" started; interval=1ms; concurrency=1
2020-09-22T16:27:59.595Z	info	app/vmalert/manager.go:84	reading rules configuration file from "config/testdata/dir/rules1-good.rules"
2020-09-22T16:27:59.595Z	info	app/vmalert/group.go:235	group "duplicatedGroupDiffFiles": received stop signal
2020-09-22T16:27:59.595Z	info	app/vmalert/group.go:225	group "groupGorSingleAlert" started; interval=1ms; concurrency=1
2020-09-22T16:27:59.595Z	info	app/vmalert/group.go:225	group "TestGroup" started; interval=1ms; concurrency=1
2020-09-22T16:27:59.595Z	info	app/vmalert/group.go:235	group "TestGroup": received stop signal
2020-09-22T16:27:59.595Z	info	app/vmalert/group.go:235	group "groupGorSingleAlert": received stop signal
2020-09-22T16:27:59.595Z	info	app/vmalert/manager.go:84	reading rules configuration file from "config/testdata/dir/rules1-bad.rules"
2020-09-22T16:27:59.596Z	info	app/vmalert/manager.go:84	reading rules configuration file from "config/testdata/dir/rules1-bad.rules"
2020-09-22T16:27:59.596Z	info	app/vmalert/manager.go:84	reading rules configuration file from "config/testdata/rules0-good.rules"
2020-09-22T16:27:59.596Z	info	app/vmalert/group.go:225	group "duplicatedGroupDiffFiles" started; interval=1ms; concurrency=1
2020-09-22T16:27:59.596Z	info	app/vmalert/group.go:235	group "duplicatedGroupDiffFiles": received stop signal
2020-09-22T16:27:59.596Z	info	app/vmalert/group.go:225	group "duplicatedGroupDiffFiles" started; interval=1ms; concurrency=1
2020-09-22T16:27:59.596Z	info	app/vmalert/group.go:235	group "duplicatedGroupDiffFiles": received stop signal
2020-09-22T16:27:59.596Z	info	app/vmalert/manager.go:84	reading rules configuration file from "config/testdata/rules1-good.rules"
2020-09-22T16:27:59.596Z	info	app/vmalert/group.go:225	group "groupTest" started; interval=1ms; concurrency=1
2020-09-22T16:27:59.596Z	info	app/vmalert/group.go:235	group "groupTest": received stop signal
2020-09-22T16:27:59.596Z	info	app/vmalert/manager.go:84	reading rules configuration file from "config/testdata/rules0-good.rules"
2020-09-22T16:27:59.596Z	info	app/vmalert/group.go:225	group "groupGorSingleAlert" started; interval=1ms; concurrency=1
2020-09-22T16:27:59.596Z	info	app/vmalert/manager.go:84	reading rules configuration file from "config/testdata/dir/rules0-good.rules"
2020-09-22T16:27:59.596Z	info	app/vmalert/group.go:235	group "groupGorSingleAlert": received stop signal
2020-09-22T16:27:59.596Z	info	app/vmalert/group.go:225	group "TestGroup" started; interval=1ms; concurrency=1
2020-09-22T16:27:59.596Z	info	app/vmalert/manager.go:84	reading rules configuration file from "config/testdata/dir/rules1-bad.rules"
2020-09-22T16:27:59.596Z	info	app/vmalert/group.go:235	group "TestGroup": received stop signal
2020-09-22T16:27:59.596Z	info	app/vmalert/group.go:225	group "duplicatedGroupDiffFiles" started; interval=1ms; concurrency=1
2020-09-22T16:27:59.596Z	info	app/vmalert/manager.go:84	reading rules configuration file from "config/testdata/dir/rules0-good.rules"
2020-09-22T16:27:59.596Z	info	app/vmalert/group.go:235	group "duplicatedGroupDiffFiles": received stop signal
2020-09-22T16:27:59.596Z	info	app/vmalert/manager.go:84	reading rules configuration file from "config/testdata/dir/rules0-bad.rules"
2020-09-22T16:27:59.596Z	info	app/vmalert/manager.go:84	reading rules configuration file from "config/testdata/dir/rules0-bad.rules"
2020-09-22T16:27:59.596Z	info	app/vmalert/manager.go:84	reading rules configuration file from "config/testdata/rules2-good.rules"
2020-09-22T16:27:59.597Z	info	app/vmalert/manager.go:84	reading rules configuration file from "config/testdata/rules2-good.rules"
2020-09-22T16:27:59.597Z	info	app/vmalert/group.go:225	group "duplicatedGroupDiffFiles" started; interval=1ms; concurrency=1
2020-09-22T16:27:59.597Z	info	app/vmalert/group.go:235	group "duplicatedGroupDiffFiles": received stop signal
2020-09-22T16:27:59.597Z	info	app/vmalert/manager.go:84	reading rules configuration file from "config/testdata/dir/rules1-good.rules"
2020-09-22T16:27:59.597Z	info	app/vmalert/manager.go:84	reading rules configuration file from "config/testdata/dir/rules1-good.rules"
2020-09-22T16:27:59.597Z	info	app/vmalert/manager.go:84	reading rules configuration file from "config/testdata/dir/rules0-bad.rules"
2020-09-22T16:27:59.598Z	info	app/vmalert/manager.go:84	reading rules configuration file from "config/testdata/rules2-good.rules"
2020-09-22T16:27:59.597Z	info	app/vmalert/group.go:225	group "TestGroup" started; interval=2s; concurrency=2
2020-09-22T16:27:59.598Z	info	app/vmalert/manager.go:84	reading rules configuration file from "config/testdata/dir/rules1-good.rules"
2020-09-22T16:27:59.598Z	info	app/vmalert/group.go:235	group "TestGroup": received stop signal
2020-09-22T16:27:59.597Z	info	app/vmalert/manager.go:84	reading rules configuration file from "config/testdata/rules0-good.rules"
2020-09-22T16:27:59.598Z	info	app/vmalert/group.go:225	group "groupTest" started; interval=1ms; concurrency=1
2020-09-22T16:27:59.598Z	info	app/vmalert/manager.go:84	reading rules configuration file from "config/testdata/rules2-good.rules"
2020-09-22T16:27:59.598Z	info	app/vmalert/group.go:235	group "groupTest": received stop signal
2020-09-22T16:27:59.598Z	info	app/vmalert/manager.go:84	reading rules configuration file from "config/testdata/dir/rules0-good.rules"
2020-09-22T16:27:59.598Z	info	app/vmalert/manager.go:84	reading rules configuration file from "config/testdata/rules2-good.rules"
2020-09-22T16:27:59.598Z	info	app/vmalert/group.go:225	group "duplicatedGroupDiffFiles" started; interval=1ms; concurrency=1
2020-09-22T16:27:59.598Z	info	app/vmalert/manager.go:84	reading rules configuration file from "config/testdata/dir/rules0-bad.rules"
2020-09-22T16:27:59.598Z	info	app/vmalert/group.go:235	group "duplicatedGroupDiffFiles": received stop signal
2020-09-22T16:27:59.598Z	info	app/vmalert/group.go:225	group "groupTest" started; interval=1ms; concurrency=1
2020-09-22T16:27:59.598Z	info	app/vmalert/manager.go:84	reading rules configuration file from "config/testdata/dir/rules1-good.rules"
2020-09-22T16:27:59.598Z	info	app/vmalert/group.go:235	group "groupTest": received stop signal
2020-09-22T16:27:59.598Z	info	app/vmalert/manager.go:84	reading rules configuration file from "config/testdata/rules0-good.rules"
2020-09-22T16:27:59.598Z	info	app/vmalert/manager.go:84	reading rules configuration file from "config/testdata/rules2-good.rules"
2020-09-22T16:27:59.598Z	info	app/vmalert/group.go:225	group "duplicatedGroupDiffFiles" started; interval=1ms; concurrency=1
2020-09-22T16:27:59.599Z	info	app/vmalert/manager.go:84	reading rules configuration file from "config/testdata/dir/rules1-bad.rules"
2020-09-22T16:27:59.599Z	info	app/vmalert/group.go:235	group "duplicatedGroupDiffFiles": received stop signal
2020-09-22T16:27:59.599Z	info	app/vmalert/group.go:225	group "groupTest" started; interval=1ms; concurrency=1
2020-09-22T16:27:59.599Z	info	app/vmalert/manager.go:84	reading rules configuration file from "config/testdata/rules1-good.rules"
2020-09-22T16:27:59.599Z	info	app/vmalert/group.go:235	group "groupTest": received stop signal
2020-09-22T16:27:59.599Z	info	app/vmalert/group.go:225	group "TestGroup" started; interval=1ms; concurrency=1
2020-09-22T16:27:59.599Z	info	app/vmalert/group.go:225	group "groupGorSingleAlert" started; interval=1ms; concurrency=1
2020-09-22T16:27:59.599Z	info	app/vmalert/manager.go:84	reading rules configuration file from "config/testdata/dir/rules1-bad.rules"
2020-09-22T16:27:59.599Z	info	app/vmalert/group.go:235	group "TestGroup": received stop signal
2020-09-22T16:27:59.600Z	info	app/vmalert/group.go:235	group "groupGorSingleAlert": received stop signal
2020-09-22T16:27:59.600Z	info	app/vmalert/group.go:225	group "groupTest" started; interval=1ms; concurrency=1
2020-09-22T16:27:59.600Z	info	app/vmalert/manager.go:84	reading rules configuration file from "config/testdata/rules0-good.rules"
2020-09-22T16:27:59.600Z	info	app/vmalert/group.go:235	group "groupTest": received stop signal
2020-09-22T16:27:59.600Z	info	app/vmalert/group.go:225	group "TestGroup" started; interval=2s; concurrency=2
2020-09-22T16:27:59.600Z	info	app/vmalert/manager.go:84	reading rules configuration file from "config/testdata/dir/rules1-good.rules"
2020-09-22T16:27:59.600Z	info	app/vmalert/group.go:235	group "TestGroup": received stop signal
2020-09-22T16:27:59.600Z	info	app/vmalert/manager.go:84	reading rules configuration file from "config/testdata/dir/rules1-good.rules"
2020-09-22T16:27:59.600Z	info	app/vmalert/group.go:225	group "duplicatedGroupDiffFiles" started; interval=1ms; concurrency=1
2020-09-22T16:27:59.600Z	info	app/vmalert/group.go:235	group "duplicatedGroupDiffFiles": received stop signal
2020-09-22T16:27:59.600Z	info	app/vmalert/manager.go:84	reading rules configuration file from "config/testdata/dir/rules0-bad.rules"
2020-09-22T16:27:59.600Z	info	app/vmalert/manager.go:84	reading rules configuration file from "config/testdata/rules1-good.rules"
2020-09-22T16:27:59.600Z	info	app/vmalert/group.go:225	group "groupTest" started; interval=1ms; concurrency=1
2020-09-22T16:27:59.600Z	info	app/vmalert/group.go:235	group "groupTest": received stop signal
2020-09-22T16:27:59.600Z	info	app/vmalert/group.go:225	group "duplicatedGroupDiffFiles" started; interval=1ms; concurrency=1
2020-09-22T16:27:59.600Z	info	app/vmalert/group.go:235	group "duplicatedGroupDiffFiles": received stop signal
2020-09-22T16:27:59.600Z	info	app/vmalert/manager.go:84	reading rules configuration file from "config/testdata/rules1-good.rules"
2020-09-22T16:27:59.601Z	info	app/vmalert/manager.go:84	reading rules configuration file from "config/testdata/rules0-good.rules"
2020-09-22T16:27:59.601Z	info	app/vmalert/manager.go:84	reading rules configuration file from "config/testdata/rules1-good.rules"
2020-09-22T16:27:59.601Z	info	app/vmalert/group.go:225	group "groupTest" started; interval=1ms; concurrency=1
2020-09-22T16:27:59.601Z	info	app/vmalert/group.go:235	group "groupTest": received stop signal
2020-09-22T16:27:59.601Z	info	app/vmalert/group.go:225	group "duplicatedGroupDiffFiles" started; interval=1ms; concurrency=1
2020-09-22T16:27:59.601Z	info	app/vmalert/manager.go:84	reading rules configuration file from "config/testdata/dir/rules1-bad.rules"
2020-09-22T16:27:59.601Z	info	app/vmalert/manager.go:84	reading rules configuration file from "config/testdata/dir/rules1-bad.rules"
2020-09-22T16:27:59.601Z	info	app/vmalert/group.go:235	group "duplicatedGroupDiffFiles": received stop signal
2020-09-22T16:27:59.601Z	info	app/vmalert/manager.go:84	reading rules configuration file from "config/testdata/dir/rules0-bad.rules"
2020-09-22T16:27:59.601Z	info	app/vmalert/group.go:225	group "groupTest" started; interval=1ms; concurrency=1
2020-09-22T16:27:59.601Z	info	app/vmalert/group.go:235	group "groupTest": received stop signal
2020-09-22T16:27:59.601Z	info	app/vmalert/group.go:225	group "duplicatedGroupDiffFiles" started; interval=1ms; concurrency=1
2020-09-22T16:27:59.601Z	info	app/vmalert/manager.go:84	reading rules configuration file from "config/testdata/dir/rules1-good.rules"
2020-09-22T16:27:59.601Z	info	app/vmalert/manager.go:84	reading rules configuration file from "config/testdata/rules0-good.rules"
2020-09-22T16:27:59.601Z	info	app/vmalert/group.go:235	group "duplicatedGroupDiffFiles": received stop signal
2020-09-22T16:27:59.602Z	info	app/vmalert/manager.go:84	reading rules configuration file from "config/testdata/dir/rules1-bad.rules"
2020-09-22T16:27:59.602Z	info	app/vmalert/group.go:225	group "TestGroup" started; interval=2s; concurrency=2
2020-09-22T16:27:59.602Z	info	app/vmalert/group.go:235	group "TestGroup": received stop signal
2020-09-22T16:27:59.602Z	info	app/vmalert/group.go:225	group "TestGroup" started; interval=1ms; concurrency=1
2020-09-22T16:27:59.602Z	info	app/vmalert/manager.go:84	reading rules configuration file from "config/testdata/rules1-good.rules"
2020-09-22T16:27:59.602Z	info	app/vmalert/group.go:225	group "groupGorSingleAlert" started; interval=1ms; concurrency=1
2020-09-22T16:27:59.602Z	info	app/vmalert/group.go:235	group "groupGorSingleAlert": received stop signal
2020-09-22T16:27:59.602Z	info	app/vmalert/group.go:235	group "TestGroup": received stop signal
2020-09-22T16:27:59.602Z	info	app/vmalert/manager.go:84	reading rules configuration file from "config/testdata/rules0-good.rules"
2020-09-22T16:27:59.602Z	info	app/vmalert/manager.go:84	reading rules configuration file from "config/testdata/dir/rules0-good.rules"
2020-09-22T16:27:59.602Z	info	app/vmalert/group.go:225	group "duplicatedGroupDiffFiles" started; interval=1ms; concurrency=1
2020-09-22T16:27:59.603Z	info	app/vmalert/group.go:235	group "duplicatedGroupDiffFiles": received stop signal
2020-09-22T16:27:59.603Z	info	app/vmalert/manager.go:84	reading rules configuration file from "config/testdata/rules2-good.rules"
2020-09-22T16:27:59.603Z	info	app/vmalert/group.go:225	group "TestGroup" started; interval=1ms; concurrency=1
2020-09-22T16:27:59.603Z	info	app/vmalert/manager.go:84	reading rules configuration file from "config/testdata/rules1-good.rules"
2020-09-22T16:27:59.603Z	info	app/vmalert/group.go:225	group "groupGorSingleAlert" started; interval=1ms; concurrency=1
2020-09-22T16:27:59.603Z	info	app/vmalert/group.go:235	group "groupGorSingleAlert": received stop signal
2020-09-22T16:27:59.603Z	info	app/vmalert/manager.go:84	reading rules configuration file from "config/testdata/rules0-good.rules"
2020-09-22T16:27:59.603Z	info	app/vmalert/group.go:235	group "TestGroup": received stop signal
2020-09-22T16:27:59.603Z	info	app/vmalert/group.go:225	group "groupTest" started; interval=1ms; concurrency=1
2020-09-22T16:27:59.603Z	info	app/vmalert/manager.go:84	reading rules configuration file from "config/testdata/rules1-good.rules"
2020-09-22T16:27:59.603Z	info	app/vmalert/group.go:235	group "groupTest": received stop signal
2020-09-22T16:27:59.603Z	info	app/vmalert/group.go:225	group "duplicatedGroupDiffFiles" started; interval=1ms; concurrency=1
2020-09-22T16:27:59.603Z	info	app/vmalert/group.go:235	group "duplicatedGroupDiffFiles": received stop signal
2020-09-22T16:27:59.603Z	info	app/vmalert/manager.go:84	reading rules configuration file from "config/testdata/dir/rules0-good.rules"
2020-09-22T16:27:59.603Z	info	app/vmalert/group.go:225	group "groupGorSingleAlert" started; interval=1ms; concurrency=1
2020-09-22T16:27:59.603Z	info	app/vmalert/manager.go:84	reading rules configuration file from "config/testdata/dir/rules0-good.rules"
2020-09-22T16:27:59.603Z	info	app/vmalert/group.go:225	group "TestGroup" started; interval=1ms; concurrency=1
2020-09-22T16:27:59.603Z	info	app/vmalert/group.go:235	group "TestGroup": received stop signal
2020-09-22T16:27:59.603Z	info	app/vmalert/manager.go:84	reading rules configuration file from "config/testdata/dir/rules1-bad.rules"
2020-09-22T16:27:59.603Z	info	app/vmalert/group.go:235	group "groupGorSingleAlert": received stop signal
2020-09-22T16:27:59.603Z	info	app/vmalert/manager.go:84	reading rules configuration file from "config/testdata/rules2-good.rules"
2020-09-22T16:27:59.603Z	info	app/vmalert/group.go:225	group "groupTest" started; interval=1ms; concurrency=1
2020-09-22T16:27:59.603Z	info	app/vmalert/manager.go:84	reading rules configuration file from "config/testdata/dir/rules1-bad.rules"
2020-09-22T16:27:59.604Z	info	app/vmalert/group.go:235	group "groupTest": received stop signal
2020-09-22T16:27:59.604Z	info	app/vmalert/group.go:225	group "duplicatedGroupDiffFiles" started; interval=1ms; concurrency=1
2020-09-22T16:27:59.604Z	info	app/vmalert/group.go:235	group "duplicatedGroupDiffFiles": received stop signal
2020-09-22T16:27:59.604Z	info	app/vmalert/manager.go:84	reading rules configuration file from "config/testdata/dir/rules0-good.rules"
2020-09-22T16:27:59.604Z	info	app/vmalert/manager.go:84	reading rules configuration file from "config/testdata/dir/rules0-good.rules"
2020-09-22T16:27:59.604Z	info	app/vmalert/group.go:225	group "duplicatedGroupDiffFiles" started; interval=1ms; concurrency=1
2020-09-22T16:27:59.604Z	info	app/vmalert/manager.go:84	reading rules configuration file from "config/testdata/dir/rules0-bad.rules"
2020-09-22T16:27:59.604Z	info	app/vmalert/group.go:235	group "duplicatedGroupDiffFiles": received stop signal
2020-09-22T16:27:59.604Z	info	app/vmalert/group.go:225	group "TestGroup" started; interval=2s; concurrency=2
2020-09-22T16:27:59.604Z	info	app/vmalert/group.go:235	group "TestGroup": received stop signal
2020-09-22T16:27:59.604Z	info	app/vmalert/manager.go:84	reading rules configuration file from "config/testdata/dir/rules1-good.rules"
2020-09-22T16:27:59.604Z	info	app/vmalert/group.go:225	group "duplicatedGroupDiffFiles" started; interval=1ms; concurrency=1
2020-09-22T16:27:59.604Z	info	app/vmalert/manager.go:84	reading rules configuration file from "config/testdata/rules0-good.rules"
2020-09-22T16:27:59.604Z	info	app/vmalert/group.go:235	group "duplicatedGroupDiffFiles": received stop signal
2020-09-22T16:27:59.604Z	info	app/vmalert/manager.go:84	reading rules configuration file from "config/testdata/rules2-good.rules"
2020-09-22T16:27:59.605Z	info	app/vmalert/group.go:225	group "groupTest" started; interval=1ms; concurrency=1
2020-09-22T16:27:59.605Z	info	app/vmalert/group.go:235	group "groupTest": received stop signal
2020-09-22T16:27:59.605Z	info	app/vmalert/manager.go:84	reading rules configuration file from "config/testdata/rules0-good.rules"
2020-09-22T16:27:59.605Z	info	app/vmalert/manager.go:84	reading rules configuration file from "config/testdata/dir/rules1-bad.rules"
2020-09-22T16:27:59.605Z	info	app/vmalert/manager.go:84	reading rules configuration file from "config/testdata/rules1-good.rules"
2020-09-22T16:27:59.605Z	info	app/vmalert/group.go:225	group "TestGroup" started; interval=2s; concurrency=2
2020-09-22T16:27:59.605Z	info	app/vmalert/manager.go:84	reading rules configuration file from "config/testdata/dir/rules1-good.rules"
2020-09-22T16:27:59.605Z	info	app/vmalert/group.go:235	group "TestGroup": received stop signal
2020-09-22T16:27:59.605Z	info	app/vmalert/manager.go:84	reading rules configuration file from "config/testdata/rules1-good.rules"
2020-09-22T16:27:59.605Z	info	app/vmalert/manager.go:84	reading rules configuration file from "config/testdata/rules2-good.rules"
2020-09-22T16:27:59.605Z	info	app/vmalert/manager.go:84	reading rules configuration file from "config/testdata/rules2-good.rules"
2020-09-22T16:27:59.605Z	info	app/vmalert/manager.go:84	reading rules configuration file from "config/testdata/rules0-good.rules"
2020-09-22T16:27:59.605Z	info	app/vmalert/manager.go:84	reading rules configuration file from "config/testdata/dir/rules0-bad.rules"
2020-09-22T16:27:59.605Z	info	app/vmalert/group.go:225	group "duplicatedGroupDiffFiles" started; interval=1ms; concurrency=1
2020-09-22T16:27:59.606Z	info	app/vmalert/group.go:235	group "duplicatedGroupDiffFiles": received stop signal
2020-09-22T16:27:59.606Z	info	app/vmalert/manager.go:84	reading rules configuration file from "config/testdata/dir/rules0-good.rules"
2020-09-22T16:27:59.606Z	info	app/vmalert/group.go:225	group "duplicatedGroupDiffFiles" started; interval=1ms; concurrency=1
2020-09-22T16:27:59.606Z	info	app/vmalert/group.go:235	group "duplicatedGroupDiffFiles": received stop signal
2020-09-22T16:27:59.606Z	info	app/vmalert/manager.go:84	reading rules configuration file from "config/testdata/dir/rules0-bad.rules"
2020-09-22T16:27:59.606Z	info	app/vmalert/group.go:225	group "TestGroup" started; interval=1ms; concurrency=1
2020-09-22T16:27:59.606Z	info	app/vmalert/group.go:225	group "groupGorSingleAlert" started; interval=1ms; concurrency=1
2020-09-22T16:27:59.606Z	info	app/vmalert/group.go:235	group "TestGroup": received stop signal
2020-09-22T16:27:59.606Z	info	app/vmalert/group.go:235	group "groupGorSingleAlert": received stop signal
2020-09-22T16:27:59.606Z	info	app/vmalert/manager.go:84	reading rules configuration file from "config/testdata/rules2-good.rules"
2020-09-22T16:27:59.607Z	info	app/vmalert/group.go:225	group "duplicatedGroupDiffFiles" started; interval=1ms; concurrency=1
2020-09-22T16:27:59.607Z	info	app/vmalert/manager.go:84	reading rules configuration file from "config/testdata/dir/rules1-bad.rules"
2020-09-22T16:27:59.607Z	info	app/vmalert/group.go:235	group "duplicatedGroupDiffFiles": received stop signal
2020-09-22T16:27:59.607Z	info	app/vmalert/group.go:225	group "groupTest" started; interval=1ms; concurrency=1
2020-09-22T16:27:59.607Z	info	app/vmalert/manager.go:84	reading rules configuration file from "config/testdata/rules2-good.rules"
2020-09-22T16:27:59.607Z	info	app/vmalert/group.go:235	group "groupTest": received stop signal
2020-09-22T16:27:59.607Z	info	app/vmalert/manager.go:84	reading rules configuration file from "config/testdata/dir/rules1-good.rules"
2020-09-22T16:27:59.607Z	info	app/vmalert/group.go:225	group "groupGorSingleAlert" started; interval=1ms; concurrency=1
2020-09-22T16:27:59.607Z	info	app/vmalert/manager.go:84	reading rules configuration file from "config/testdata/dir/rules1-good.rules"
2020-09-22T16:27:59.607Z	info	app/vmalert/group.go:225	group "TestGroup" started; interval=1ms; concurrency=1
2020-09-22T16:27:59.607Z	info	app/vmalert/group.go:235	group "groupGorSingleAlert": received stop signal
2020-09-22T16:27:59.607Z	info	app/vmalert/group.go:235	group "TestGroup": received stop signal
2020-09-22T16:27:59.607Z	info	app/vmalert/manager.go:84	reading rules configuration file from "config/testdata/rules0-good.rules"
2020-09-22T16:27:59.607Z	info	app/vmalert/group.go:225	group "groupTest" started; interval=1ms; concurrency=1
2020-09-22T16:27:59.607Z	info	app/vmalert/group.go:235	group "groupTest": received stop signal
2020-09-22T16:27:59.607Z	info	app/vmalert/group.go:225	group "TestGroup" started; interval=2s; concurrency=2
2020-09-22T16:27:59.607Z	info	app/vmalert/manager.go:84	reading rules configuration file from "config/testdata/dir/rules1-bad.rules"
2020-09-22T16:27:59.607Z	info	app/vmalert/group.go:235	group "TestGroup": received stop signal
2020-09-22T16:27:59.607Z	info	app/vmalert/group.go:225	group "duplicatedGroupDiffFiles" started; interval=1ms; concurrency=1
2020-09-22T16:27:59.607Z	info	app/vmalert/manager.go:84	reading rules configuration file from "config/testdata/dir/rules1-bad.rules"
2020-09-22T16:27:59.607Z	info	app/vmalert/manager.go:84	reading rules configuration file from "config/testdata/dir/rules0-good.rules"
2020-09-22T16:27:59.607Z	info	app/vmalert/group.go:235	group "duplicatedGroupDiffFiles": received stop signal
2020-09-22T16:27:59.608Z	info	app/vmalert/group.go:225	group "duplicatedGroupDiffFiles" started; interval=1ms; concurrency=1
2020-09-22T16:27:59.608Z	info	app/vmalert/manager.go:84	reading rules configuration file from "config/testdata/rules0-good.rules"
2020-09-22T16:27:59.608Z	info	app/vmalert/group.go:235	group "duplicatedGroupDiffFiles": received stop signal
2020-09-22T16:27:59.608Z	info	app/vmalert/group.go:225	group "TestGroup" started; interval=1ms; concurrency=1
2020-09-22T16:27:59.608Z	info	app/vmalert/manager.go:84	reading rules configuration file from "config/testdata/rules1-good.rules"
2020-09-22T16:27:59.608Z	info	app/vmalert/group.go:235	group "TestGroup": received stop signal
2020-09-22T16:27:59.608Z	info	app/vmalert/group.go:225	group "groupGorSingleAlert" started; interval=1ms; concurrency=1
2020-09-22T16:27:59.608Z	info	app/vmalert/group.go:235	group "groupGorSingleAlert": received stop signal
2020-09-22T16:27:59.608Z	info	app/vmalert/manager.go:84	reading rules configuration file from "config/testdata/dir/rules0-bad.rules"
2020-09-22T16:27:59.608Z	info	app/vmalert/group.go:225	group "duplicatedGroupDiffFiles" started; interval=1ms; concurrency=1
2020-09-22T16:27:59.609Z	info	app/vmalert/group.go:235	group "duplicatedGroupDiffFiles": received stop signal
2020-09-22T16:27:59.609Z	info	app/vmalert/manager.go:84	reading rules configuration file from "config/testdata/dir/rules1-good.rules"
2020-09-22T16:27:59.609Z	info	app/vmalert/group.go:225	group "duplicatedGroupDiffFiles" started; interval=1ms; concurrency=1
2020-09-22T16:27:59.609Z	info	app/vmalert/manager.go:84	reading rules configuration file from "config/testdata/dir/rules1-good.rules"
2020-09-22T16:27:59.609Z	info	app/vmalert/group.go:235	group "duplicatedGroupDiffFiles": received stop signal
2020-09-22T16:27:59.609Z	info	app/vmalert/manager.go:84	reading rules configuration file from "config/testdata/dir/rules0-bad.rules"
2020-09-22T16:27:59.609Z	info	app/vmalert/group.go:225	group "TestGroup" started; interval=1ms; concurrency=1
2020-09-22T16:27:59.609Z	info	app/vmalert/group.go:225	group "groupGorSingleAlert" started; interval=1ms; concurrency=1
2020-09-22T16:27:59.609Z	info	app/vmalert/manager.go:84	reading rules configuration file from "config/testdata/dir/rules0-good.rules"
2020-09-22T16:27:59.609Z	info	app/vmalert/group.go:235	group "groupGorSingleAlert": received stop signal
2020-09-22T16:27:59.609Z	info	app/vmalert/manager.go:84	reading rules configuration file from "config/testdata/dir/rules1-bad.rules"
2020-09-22T16:27:59.609Z	info	app/vmalert/group.go:235	group "TestGroup": received stop signal
2020-09-22T16:27:59.609Z	info	app/vmalert/manager.go:84	reading rules configuration file from "config/testdata/dir/rules0-bad.rules"
2020-09-22T16:27:59.609Z	info	app/vmalert/group.go:225	group "duplicatedGroupDiffFiles" started; interval=1ms; concurrency=1
2020-09-22T16:27:59.609Z	info	app/vmalert/manager.go:84	reading rules configuration file from "config/testdata/dir/rules1-bad.rules"
2020-09-22T16:27:59.609Z	info	app/vmalert/group.go:235	group "duplicatedGroupDiffFiles": received stop signal
2020-09-22T16:27:59.610Z	info	app/vmalert/manager.go:84	reading rules configuration file from "config/testdata/rules0-good.rules"
2020-09-22T16:27:59.610Z	info	app/vmalert/manager.go:84	reading rules configuration file from "config/testdata/dir/rules1-bad.rules"
2020-09-22T16:27:59.610Z	info	app/vmalert/manager.go:84	reading rules configuration file from "config/testdata/rules0-good.rules"
2020-09-22T16:27:59.610Z	info	app/vmalert/group.go:225	group "TestGroup" started; interval=2s; concurrency=2
2020-09-22T16:27:59.610Z	info	app/vmalert/group.go:235	group "TestGroup": received stop signal
2020-09-22T16:27:59.610Z	info	app/vmalert/group.go:225	group "duplicatedGroupDiffFiles" started; interval=1ms; concurrency=1
2020-09-22T16:27:59.610Z	info	app/vmalert/manager.go:84	reading rules configuration file from "config/testdata/dir/rules0-good.rules"
2020-09-22T16:27:59.610Z	info	app/vmalert/manager.go:84	reading rules configuration file from "config/testdata/dir/rules0-bad.rules"
2020-09-22T16:27:59.611Z	info	app/vmalert/group.go:235	group "duplicatedGroupDiffFiles": received stop signal
2020-09-22T16:27:59.611Z	info	app/vmalert/manager.go:84	reading rules configuration file from "config/testdata/dir/rules1-good.rules"
2020-09-22T16:27:59.611Z	info	app/vmalert/group.go:225	group "groupTest" started; interval=1ms; concurrency=1
2020-09-22T16:27:59.611Z	info	app/vmalert/group.go:235	group "groupTest": received stop signal
2020-09-22T16:27:59.611Z	info	app/vmalert/manager.go:84	reading rules configuration file from "config/testdata/rules0-good.rules"
2020-09-22T16:27:59.611Z	info	app/vmalert/manager.go:84	reading rules configuration file from "config/testdata/dir/rules0-bad.rules"
2020-09-22T16:27:59.611Z	info	app/vmalert/group.go:225	group "TestGroup" started; interval=1ms; concurrency=1
2020-09-22T16:27:59.611Z	info	app/vmalert/group.go:225	group "groupGorSingleAlert" started; interval=1ms; concurrency=1
2020-09-22T16:27:59.611Z	info	app/vmalert/group.go:235	group "TestGroup": received stop signal
2020-09-22T16:27:59.611Z	info	app/vmalert/group.go:235	group "groupGorSingleAlert": received stop signal
2020-09-22T16:27:59.611Z	info	app/vmalert/group.go:225	group "duplicatedGroupDiffFiles" started; interval=1ms; concurrency=1
2020-09-22T16:27:59.611Z	info	app/vmalert/group.go:235	group "duplicatedGroupDiffFiles": received stop signal
2020-09-22T16:27:59.611Z	info	app/vmalert/manager.go:84	reading rules configuration file from "config/testdata/rules1-good.rules"
2020-09-22T16:27:59.612Z	info	app/vmalert/manager.go:84	reading rules configuration file from "config/testdata/dir/rules0-bad.rules"
2020-09-22T16:27:59.612Z	info	app/vmalert/group.go:225	group "groupTest" started; interval=1ms; concurrency=1
2020-09-22T16:27:59.612Z	info	app/vmalert/group.go:235	group "groupTest": received stop signal
2020-09-22T16:27:59.612Z	info	app/vmalert/manager.go:84	reading rules configuration file from "config/testdata/rules2-good.rules"
2020-09-22T16:27:59.612Z	info	app/vmalert/group.go:225	group "groupGorSingleAlert" started; interval=1ms; concurrency=1
2020-09-22T16:27:59.612Z	info	app/vmalert/group.go:225	group "TestGroup" started; interval=1ms; concurrency=1
2020-09-22T16:27:59.612Z	info	app/vmalert/manager.go:84	reading rules configuration file from "config/testdata/dir/rules1-good.rules"
2020-09-22T16:27:59.612Z	info	app/vmalert/group.go:235	group "groupGorSingleAlert": received stop signal
2020-09-22T16:27:59.612Z	info	app/vmalert/manager.go:84	reading rules configuration file from "config/testdata/dir/rules1-good.rules"
2020-09-22T16:27:59.612Z	info	app/vmalert/group.go:235	group "TestGroup": received stop signal
2020-09-22T16:27:59.612Z	info	app/vmalert/group.go:225	group "groupTest" started; interval=1ms; concurrency=1
2020-09-22T16:27:59.612Z	info	app/vmalert/group.go:235	group "groupTest": received stop signal
2020-09-22T16:27:59.612Z	info	app/vmalert/manager.go:84	reading rules configuration file from "config/testdata/dir/rules1-good.rules"
2020-09-22T16:27:59.612Z	info	app/vmalert/manager.go:84	reading rules configuration file from "config/testdata/dir/rules0-bad.rules"
2020-09-22T16:27:59.612Z	info	app/vmalert/group.go:225	group "duplicatedGroupDiffFiles" started; interval=1ms; concurrency=1
2020-09-22T16:27:59.612Z	info	app/vmalert/manager.go:84	reading rules configuration file from "config/testdata/rules1-good.rules"
2020-09-22T16:27:59.612Z	info	app/vmalert/group.go:235	group "duplicatedGroupDiffFiles": received stop signal
2020-09-22T16:27:59.612Z	info	app/vmalert/group.go:225	group "groupGorSingleAlert" started; interval=1ms; concurrency=1
2020-09-22T16:27:59.612Z	info	app/vmalert/manager.go:84	reading rules configuration file from "config/testdata/rules1-good.rules"
2020-09-22T16:27:59.612Z	info	app/vmalert/manager.go:84	reading rules configuration file from "config/testdata/rules2-good.rules"
2020-09-22T16:27:59.612Z	info	app/vmalert/group.go:225	group "TestGroup" started; interval=1ms; concurrency=1
2020-09-22T16:27:59.612Z	info	app/vmalert/manager.go:84	reading rules configuration file from "config/testdata/dir/rules0-bad.rules"
2020-09-22T16:27:59.612Z	info	app/vmalert/group.go:235	group "groupGorSingleAlert": received stop signal
2020-09-22T16:27:59.612Z	info	app/vmalert/manager.go:84	reading rules configuration file from "config/testdata/dir/rules1-good.rules"
2020-09-22T16:27:59.612Z	info	app/vmalert/manager.go:84	reading rules configuration file from "config/testdata/rules2-good.rules"
2020-09-22T16:27:59.613Z	info	app/vmalert/group.go:235	group "TestGroup": received stop signal
2020-09-22T16:27:59.613Z	info	app/vmalert/manager.go:84	reading rules configuration file from "config/testdata/dir/rules0-good.rules"
2020-09-22T16:27:59.613Z	info	app/vmalert/manager.go:84	reading rules configuration file from "config/testdata/rules0-good.rules"
2020-09-22T16:27:59.613Z	info	app/vmalert/manager.go:84	reading rules configuration file from "config/testdata/rules0-good.rules"
2020-09-22T16:27:59.613Z	info	app/vmalert/group.go:225	group "duplicatedGroupDiffFiles" started; interval=1ms; concurrency=1
2020-09-22T16:27:59.613Z	info	app/vmalert/group.go:235	group "duplicatedGroupDiffFiles": received stop signal
2020-09-22T16:27:59.614Z	info	app/vmalert/manager.go:84	reading rules configuration file from "config/testdata/rules0-good.rules"
2020-09-22T16:27:59.614Z	info	app/vmalert/group.go:225	group "duplicatedGroupDiffFiles" started; interval=1ms; concurrency=1
2020-09-22T16:27:59.614Z	info	app/vmalert/group.go:235	group "duplicatedGroupDiffFiles": received stop signal
2020-09-22T16:27:59.614Z	info	app/vmalert/manager.go:84	reading rules configuration file from "config/testdata/rules2-good.rules"
2020-09-22T16:27:59.614Z	info	app/vmalert/group.go:225	group "groupTest" started; interval=1ms; concurrency=1
2020-09-22T16:27:59.614Z	info	app/vmalert/manager.go:84	reading rules configuration file from "config/testdata/rules2-good.rules"
2020-09-22T16:27:59.614Z	info	app/vmalert/group.go:235	group "groupTest": received stop signal
2020-09-22T16:27:59.614Z	info	app/vmalert/group.go:225	group "duplicatedGroupDiffFiles" started; interval=1ms; concurrency=1
2020-09-22T16:27:59.614Z	info	app/vmalert/group.go:235	group "duplicatedGroupDiffFiles": received stop signal
2020-09-22T16:27:59.614Z	info	app/vmalert/manager.go:84	reading rules configuration file from "config/testdata/dir/rules0-good.rules"
2020-09-22T16:27:59.614Z	info	app/vmalert/manager.go:84	reading rules configuration file from "config/testdata/dir/rules0-good.rules"
2020-09-22T16:27:59.614Z	info	app/vmalert/group.go:225	group "groupGorSingleAlert" started; interval=1ms; concurrency=1
2020-09-22T16:27:59.614Z	info	app/vmalert/group.go:225	group "TestGroup" started; interval=1ms; concurrency=1
2020-09-22T16:27:59.614Z	info	app/vmalert/group.go:235	group "TestGroup": received stop signal
2020-09-22T16:27:59.614Z	info	app/vmalert/group.go:235	group "groupGorSingleAlert": received stop signal
2020-09-22T16:27:59.614Z	info	app/vmalert/group.go:225	group "duplicatedGroupDiffFiles" started; interval=1ms; concurrency=1
2020-09-22T16:27:59.614Z	info	app/vmalert/group.go:235	group "duplicatedGroupDiffFiles": received stop signal
2020-09-22T16:27:59.614Z	info	app/vmalert/manager.go:84	reading rules configuration file from "config/testdata/dir/rules0-bad.rules"
2020-09-22T16:27:59.615Z	info	app/vmalert/group.go:225	group "duplicatedGroupDiffFiles" started; interval=1ms; concurrency=1
2020-09-22T16:27:59.615Z	info	app/vmalert/manager.go:84	reading rules configuration file from "config/testdata/rules2-good.rules"
2020-09-22T16:27:59.615Z	info	app/vmalert/manager.go:84	reading rules configuration file from "config/testdata/rules1-good.rules"
2020-09-22T16:27:59.615Z	info	app/vmalert/group.go:235	group "duplicatedGroupDiffFiles": received stop signal
2020-09-22T16:27:59.615Z	info	app/vmalert/manager.go:84	reading rules configuration file from "config/testdata/dir/rules1-good.rules"
2020-09-22T16:27:59.615Z	info	app/vmalert/group.go:225	group "TestGroup" started; interval=2s; concurrency=2
2020-09-22T16:27:59.615Z	info	app/vmalert/group.go:235	group "TestGroup": received stop signal
2020-09-22T16:27:59.615Z	info	app/vmalert/manager.go:84	reading rules configuration file from "config/testdata/rules2-good.rules"
2020-09-22T16:27:59.615Z	info	app/vmalert/group.go:225	group "groupTest" started; interval=1ms; concurrency=1
2020-09-22T16:27:59.615Z	info	app/vmalert/group.go:235	group "groupTest": received stop signal
2020-09-22T16:27:59.615Z	info	app/vmalert/group.go:225	group "duplicatedGroupDiffFiles" started; interval=1ms; concurrency=1
2020-09-22T16:27:59.615Z	info	app/vmalert/manager.go:84	reading rules configuration file from "config/testdata/rules0-good.rules"
2020-09-22T16:27:59.615Z	info	app/vmalert/group.go:235	group "duplicatedGroupDiffFiles": received stop signal
2020-09-22T16:27:59.616Z	info	app/vmalert/group.go:225	group "groupTest" started; interval=1ms; concurrency=1
2020-09-22T16:27:59.616Z	info	app/vmalert/group.go:235	group "groupTest": received stop signal
2020-09-22T16:27:59.616Z	info	app/vmalert/manager.go:84	reading rules configuration file from "config/testdata/rules0-good.rules"
2020-09-22T16:27:59.616Z	info	app/vmalert/group.go:225	group "TestGroup" started; interval=2s; concurrency=2
2020-09-22T16:27:59.616Z	info	app/vmalert/manager.go:84	reading rules configuration file from "config/testdata/dir/rules1-bad.rules"
2020-09-22T16:27:59.616Z	info	app/vmalert/group.go:235	group "TestGroup": received stop signal
2020-09-22T16:27:59.616Z	info	app/vmalert/manager.go:84	reading rules configuration file from "config/testdata/rules0-good.rules"
2020-09-22T16:27:59.616Z	info	app/vmalert/manager.go:84	reading rules configuration file from "config/testdata/rules1-good.rules"
2020-09-22T16:27:59.616Z	info	app/vmalert/manager.go:84	reading rules configuration file from "config/testdata/dir/rules1-bad.rules"
2020-09-22T16:27:59.616Z	info	app/vmalert/group.go:225	group "duplicatedGroupDiffFiles" started; interval=1ms; concurrency=1
2020-09-22T16:27:59.617Z	info	app/vmalert/group.go:235	group "duplicatedGroupDiffFiles": received stop signal
2020-09-22T16:27:59.617Z	info	app/vmalert/manager.go:84	reading rules configuration file from "config/testdata/rules0-good.rules"
2020-09-22T16:27:59.617Z	info	app/vmalert/group.go:225	group "groupTest" started; interval=1ms; concurrency=1
2020-09-22T16:27:59.617Z	info	app/vmalert/group.go:235	group "groupTest": received stop signal
2020-09-22T16:27:59.617Z	info	app/vmalert/manager.go:84	reading rules configuration file from "config/testdata/dir/rules1-bad.rules"
2020-09-22T16:27:59.617Z	info	app/vmalert/group.go:225	group "duplicatedGroupDiffFiles" started; interval=1ms; concurrency=1
2020-09-22T16:27:59.617Z	info	app/vmalert/group.go:235	group "duplicatedGroupDiffFiles": received stop signal
2020-09-22T16:27:59.617Z	info	app/vmalert/group.go:225	group "groupTest" started; interval=1ms; concurrency=1
2020-09-22T16:27:59.617Z	info	app/vmalert/manager.go:84	reading rules configuration file from "config/testdata/dir/rules1-good.rules"
2020-09-22T16:27:59.617Z	info	app/vmalert/group.go:235	group "groupTest": received stop signal
2020-09-22T16:27:59.617Z	info	app/vmalert/group.go:225	group "duplicatedGroupDiffFiles" started; interval=1ms; concurrency=1
2020-09-22T16:27:59.617Z	info	app/vmalert/group.go:235	group "duplicatedGroupDiffFiles": received stop signal
2020-09-22T16:27:59.617Z	info	app/vmalert/manager.go:84	reading rules configuration file from "config/testdata/rules0-good.rules"
2020-09-22T16:27:59.617Z	info	app/vmalert/group.go:225	group "TestGroup" started; interval=1ms; concurrency=1
2020-09-22T16:27:59.618Z	info	app/vmalert/manager.go:84	reading rules configuration file from "config/testdata/rules0-good.rules"
2020-09-22T16:27:59.618Z	info	app/vmalert/group.go:235	group "TestGroup": received stop signal
2020-09-22T16:27:59.618Z	info	app/vmalert/group.go:225	group "groupGorSingleAlert" started; interval=1ms; concurrency=1
2020-09-22T16:27:59.618Z	info	app/vmalert/group.go:235	group "groupGorSingleAlert": received stop signal
2020-09-22T16:27:59.618Z	info	app/vmalert/group.go:225	group "groupTest" started; interval=1ms; concurrency=1
2020-09-22T16:27:59.618Z	info	app/vmalert/group.go:235	group "groupTest": received stop signal
2020-09-22T16:27:59.618Z	info	app/vmalert/manager.go:84	reading rules configuration file from "config/testdata/dir/rules1-bad.rules"
2020-09-22T16:27:59.618Z	info	app/vmalert/manager.go:84	reading rules configuration file from "config/testdata/rules1-good.rules"
2020-09-22T16:27:59.618Z	info	app/vmalert/group.go:225	group "duplicatedGroupDiffFiles" started; interval=1ms; concurrency=1
2020-09-22T16:27:59.618Z	info	app/vmalert/group.go:235	group "duplicatedGroupDiffFiles": received stop signal
2020-09-22T16:27:59.618Z	info	app/vmalert/manager.go:84	reading rules configuration file from "config/testdata/dir/rules1-bad.rules"
2020-09-22T16:27:59.618Z	info	app/vmalert/group.go:225	group "duplicatedGroupDiffFiles" started; interval=1ms; concurrency=1
2020-09-22T16:27:59.618Z	info	app/vmalert/group.go:235	group "duplicatedGroupDiffFiles": received stop signal
2020-09-22T16:27:59.618Z	info	app/vmalert/manager.go:84	reading rules configuration file from "config/testdata/dir/rules0-good.rules"
2020-09-22T16:27:59.618Z	info	app/vmalert/manager.go:84	reading rules configuration file from "config/testdata/rules2-good.rules"
2020-09-22T16:27:59.618Z	info	app/vmalert/group.go:225	group "groupTest" started; interval=1ms; concurrency=1
2020-09-22T16:27:59.618Z	info	app/vmalert/manager.go:84	reading rules configuration file from "config/testdata/rules2-good.rules"
2020-09-22T16:27:59.618Z	info	app/vmalert/group.go:235	group "groupTest": received stop signal
2020-09-22T16:27:59.619Z	info	app/vmalert/manager.go:84	reading rules configuration file from "config/testdata/rules0-good.rules"
2020-09-22T16:27:59.619Z	info	app/vmalert/group.go:225	group "duplicatedGroupDiffFiles" started; interval=1ms; concurrency=1
2020-09-22T16:27:59.619Z	info	app/vmalert/manager.go:84	reading rules configuration file from "config/testdata/dir/rules1-bad.rules"
2020-09-22T16:27:59.619Z	info	app/vmalert/manager.go:84	reading rules configuration file from "config/testdata/dir/rules1-good.rules"
2020-09-22T16:27:59.619Z	info	app/vmalert/group.go:235	group "duplicatedGroupDiffFiles": received stop signal
2020-09-22T16:27:59.619Z	info	app/vmalert/group.go:225	group "duplicatedGroupDiffFiles" started; interval=1ms; concurrency=1
2020-09-22T16:27:59.619Z	info	app/vmalert/manager.go:84	reading rules configuration file from "config/testdata/dir/rules0-good.rules"
2020-09-22T16:27:59.619Z	info	app/vmalert/group.go:235	group "duplicatedGroupDiffFiles": received stop signal
2020-09-22T16:27:59.619Z	info	app/vmalert/group.go:225	group "groupTest" started; interval=1ms; concurrency=1
2020-09-22T16:27:59.620Z	info	app/vmalert/group.go:235	group "groupTest": received stop signal
2020-09-22T16:27:59.620Z	info	app/vmalert/manager.go:84	reading rules configuration file from "config/testdata/rules1-good.rules"
2020-09-22T16:27:59.620Z	info	app/vmalert/manager.go:84	reading rules configuration file from "config/testdata/rules1-good.rules"
2020-09-22T16:27:59.620Z	info	app/vmalert/group.go:225	group "TestGroup" started; interval=2s; concurrency=2
2020-09-22T16:27:59.620Z	info	app/vmalert/group.go:235	group "TestGroup": received stop signal
2020-09-22T16:27:59.620Z	info	app/vmalert/manager.go:84	reading rules configuration file from "config/testdata/dir/rules1-bad.rules"
2020-09-22T16:27:59.620Z	info	app/vmalert/manager.go:84	reading rules configuration file from "config/testdata/rules0-good.rules"
2020-09-22T16:27:59.620Z	info	app/vmalert/group.go:225	group "groupTest" started; interval=1ms; concurrency=1
2020-09-22T16:27:59.620Z	info	app/vmalert/manager.go:84	reading rules configuration file from "config/testdata/dir/rules1-bad.rules"
2020-09-22T16:27:59.620Z	info	app/vmalert/group.go:235	group "groupTest": received stop signal
2020-09-22T16:27:59.620Z	info	app/vmalert/group.go:225	group "TestGroup" started; interval=2s; concurrency=2
2020-09-22T16:27:59.620Z	info	app/vmalert/group.go:235	group "TestGroup": received stop signal
2020-09-22T16:27:59.620Z	info	app/vmalert/manager.go:84	reading rules configuration file from "config/testdata/dir/rules0-good.rules"
2020-09-22T16:27:59.620Z	info	app/vmalert/manager.go:84	reading rules configuration file from "config/testdata/dir/rules0-bad.rules"
2020-09-22T16:27:59.620Z	info	app/vmalert/group.go:225	group "groupGorSingleAlert" started; interval=1ms; concurrency=1
2020-09-22T16:27:59.620Z	info	app/vmalert/group.go:235	group "groupGorSingleAlert": received stop signal
2020-09-22T16:27:59.620Z	info	app/vmalert/group.go:225	group "TestGroup" started; interval=1ms; concurrency=1
2020-09-22T16:27:59.621Z	info	app/vmalert/group.go:235	group "TestGroup": received stop signal
2020-09-22T16:27:59.621Z	info	app/vmalert/manager.go:84	reading rules configuration file from "config/testdata/dir/rules1-good.rules"
2020-09-22T16:27:59.621Z	info	app/vmalert/group.go:225	group "groupTest" started; interval=1ms; concurrency=1
2020-09-22T16:27:59.621Z	info	app/vmalert/manager.go:84	reading rules configuration file from "config/testdata/rules0-good.rules"
2020-09-22T16:27:59.621Z	info	app/vmalert/manager.go:84	reading rules configuration file from "config/testdata/dir/rules1-bad.rules"
2020-09-22T16:27:59.621Z	info	app/vmalert/group.go:235	group "groupTest": received stop signal
2020-09-22T16:27:59.621Z	info	app/vmalert/manager.go:84	reading rules configuration file from "config/testdata/dir/rules0-good.rules"
2020-09-22T16:27:59.621Z	info	app/vmalert/group.go:225	group "TestGroup" started; interval=2s; concurrency=2
2020-09-22T16:27:59.621Z	info	app/vmalert/group.go:235	group "TestGroup": received stop signal
2020-09-22T16:27:59.621Z	info	app/vmalert/manager.go:84	reading rules configuration file from "config/testdata/dir/rules0-good.rules"
2020-09-22T16:27:59.621Z	info	app/vmalert/manager.go:84	reading rules configuration file from "config/testdata/dir/rules1-bad.rules"
2020-09-22T16:27:59.621Z	info	app/vmalert/manager.go:84	reading rules configuration file from "config/testdata/dir/rules1-bad.rules"
2020-09-22T16:27:59.621Z	info	app/vmalert/group.go:225	group "duplicatedGroupDiffFiles" started; interval=1ms; concurrency=1
2020-09-22T16:27:59.622Z	info	app/vmalert/group.go:235	group "duplicatedGroupDiffFiles": received stop signal
2020-09-22T16:27:59.621Z	info	app/vmalert/manager.go:84	reading rules configuration file from "config/testdata/dir/rules1-bad.rules"
2020-09-22T16:27:59.622Z	info	app/vmalert/manager.go:84	reading rules configuration file from "config/testdata/dir/rules1-bad.rules"
2020-09-22T16:27:59.621Z	info	app/vmalert/manager.go:84	reading rules configuration file from "config/testdata/dir/rules1-bad.rules"
2020-09-22T16:27:59.622Z	info	app/vmalert/group.go:225	group "duplicatedGroupDiffFiles" started; interval=1ms; concurrency=1
2020-09-22T16:27:59.622Z	info	app/vmalert/manager.go:84	reading rules configuration file from "config/testdata/rules2-good.rules"
2020-09-22T16:27:59.622Z	info	app/vmalert/group.go:235	group "duplicatedGroupDiffFiles": received stop signal
2020-09-22T16:27:59.622Z	info	app/vmalert/manager.go:84	reading rules configuration file from "config/testdata/dir/rules0-good.rules"
2020-09-22T16:27:59.621Z	info	app/vmalert/manager.go:84	reading rules configuration file from "config/testdata/rules2-good.rules"
2020-09-22T16:27:59.622Z	info	app/vmalert/manager.go:84	reading rules configuration file from "config/testdata/dir/rules0-good.rules"
2020-09-22T16:27:59.622Z	info	app/vmalert/manager.go:84	reading rules configuration file from "config/testdata/dir/rules1-bad.rules"
2020-09-22T16:27:59.622Z	info	app/vmalert/group.go:225	group "TestGroup" started; interval=2s; concurrency=2
2020-09-22T16:27:59.623Z	info	app/vmalert/group.go:235	group "TestGroup": received stop signal
2020-09-22T16:27:59.623Z	info	app/vmalert/group.go:225	group "duplicatedGroupDiffFiles" started; interval=1ms; concurrency=1
2020-09-22T16:27:59.623Z	info	app/vmalert/group.go:235	group "duplicatedGroupDiffFiles": received stop signal
2020-09-22T16:27:59.623Z	info	app/vmalert/manager.go:84	reading rules configuration file from "config/testdata/rules2-good.rules"
2020-09-22T16:27:59.623Z	info	app/vmalert/group.go:225	group "TestGroup" started; interval=2s; concurrency=2
2020-09-22T16:27:59.623Z	info	app/vmalert/group.go:235	group "TestGroup": received stop signal
2020-09-22T16:27:59.623Z	info	app/vmalert/manager.go:84	reading rules configuration file from "config/testdata/rules0-good.rules"
2020-09-22T16:27:59.624Z	info	app/vmalert/group.go:225	group "duplicatedGroupDiffFiles" started; interval=1ms; concurrency=1
2020-09-22T16:27:59.624Z	info	app/vmalert/group.go:235	group "duplicatedGroupDiffFiles": received stop signal
2020-09-22T16:27:59.624Z	info	app/vmalert/manager.go:84	reading rules configuration file from "config/testdata/dir/rules1-good.rules"
2020-09-22T16:27:59.624Z	info	app/vmalert/manager.go:84	reading rules configuration file from "config/testdata/dir/rules0-bad.rules"
2020-09-22T16:27:59.624Z	info	app/vmalert/manager.go:84	reading rules configuration file from "config/testdata/dir/rules1-bad.rules"
2020-09-22T16:27:59.624Z	info	app/vmalert/group.go:225	group "duplicatedGroupDiffFiles" started; interval=1ms; concurrency=1
2020-09-22T16:27:59.624Z	info	app/vmalert/group.go:235	group "duplicatedGroupDiffFiles": received stop signal
2020-09-22T16:27:59.624Z	info	app/vmalert/manager.go:84	reading rules configuration file from "config/testdata/dir/rules1-bad.rules"
2020-09-22T16:27:59.624Z	info	app/vmalert/group.go:225	group "TestGroup" started; interval=1ms; concurrency=1
2020-09-22T16:27:59.624Z	info	app/vmalert/manager.go:84	reading rules configuration file from "config/testdata/dir/rules0-bad.rules"
2020-09-22T16:27:59.623Z	info	app/vmalert/manager.go:84	reading rules configuration file from "config/testdata/dir/rules1-good.rules"
2020-09-22T16:27:59.625Z	info	app/vmalert/manager.go:84	reading rules configuration file from "config/testdata/rules0-good.rules"
2020-09-22T16:27:59.625Z	info	app/vmalert/manager.go:84	reading rules configuration file from "config/testdata/rules1-good.rules"
2020-09-22T16:27:59.624Z	info	app/vmalert/group.go:225	group "groupGorSingleAlert" started; interval=1ms; concurrency=1
2020-09-22T16:27:59.625Z	info	app/vmalert/group.go:235	group "groupGorSingleAlert": received stop signal
2020-09-22T16:27:59.625Z	info	app/vmalert/manager.go:84	reading rules configuration file from "config/testdata/rules1-good.rules"
2020-09-22T16:27:59.625Z	info	app/vmalert/group.go:235	group "TestGroup": received stop signal
2020-09-22T16:27:59.625Z	info	app/vmalert/manager.go:84	reading rules configuration file from "config/testdata/dir/rules1-good.rules"
2020-09-22T16:27:59.625Z	info	app/vmalert/manager.go:84	reading rules configuration file from "config/testdata/dir/rules0-good.rules"
2020-09-22T16:27:59.625Z	info	app/vmalert/manager.go:84	reading rules configuration file from "config/testdata/rules1-good.rules"
2020-09-22T16:27:59.625Z	info	app/vmalert/manager.go:84	reading rules configuration file from "config/testdata/dir/rules0-bad.rules"
2020-09-22T16:27:59.625Z	info	app/vmalert/group.go:225	group "TestGroup" started; interval=2s; concurrency=2
2020-09-22T16:27:59.626Z	info	app/vmalert/group.go:235	group "TestGroup": received stop signal
2020-09-22T16:27:59.626Z	info	app/vmalert/manager.go:84	reading rules configuration file from "config/testdata/rules2-good.rules"
2020-09-22T16:27:59.626Z	info	app/vmalert/group.go:225	group "TestGroup" started; interval=1ms; concurrency=1
2020-09-22T16:27:59.626Z	info	app/vmalert/group.go:225	group "groupGorSingleAlert" started; interval=1ms; concurrency=1
2020-09-22T16:27:59.626Z	info	app/vmalert/group.go:235	group "groupGorSingleAlert": received stop signal
2020-09-22T16:27:59.626Z	info	app/vmalert/group.go:235	group "TestGroup": received stop signal
2020-09-22T16:27:59.626Z	info	app/vmalert/manager.go:84	reading rules configuration file from "config/testdata/rules2-good.rules"
2020-09-22T16:27:59.626Z	info	app/vmalert/group.go:225	group "duplicatedGroupDiffFiles" started; interval=1ms; concurrency=1
2020-09-22T16:27:59.626Z	info	app/vmalert/group.go:235	group "duplicatedGroupDiffFiles": received stop signal
2020-09-22T16:27:59.626Z	info	app/vmalert/manager.go:84	reading rules configuration file from "config/testdata/dir/rules1-bad.rules"
2020-09-22T16:27:59.626Z	info	app/vmalert/manager.go:84	reading rules configuration file from "config/testdata/rules0-good.rules"
2020-09-22T16:27:59.626Z	info	app/vmalert/group.go:225	group "duplicatedGroupDiffFiles" started; interval=1ms; concurrency=1
2020-09-22T16:27:59.626Z	info	app/vmalert/group.go:235	group "duplicatedGroupDiffFiles": received stop signal
2020-09-22T16:27:59.626Z	info	app/vmalert/manager.go:84	reading rules configuration file from "config/testdata/rules1-good.rules"
2020-09-22T16:27:59.627Z	info	app/vmalert/group.go:225	group "duplicatedGroupDiffFiles" started; interval=1ms; concurrency=1
2020-09-22T16:27:59.627Z	info	app/vmalert/group.go:235	group "duplicatedGroupDiffFiles": received stop signal
2020-09-22T16:27:59.627Z	info	app/vmalert/manager.go:84	reading rules configuration file from "config/testdata/dir/rules0-good.rules"
2020-09-22T16:27:59.627Z	info	app/vmalert/manager.go:84	reading rules configuration file from "config/testdata/dir/rules0-good.rules"
2020-09-22T16:27:59.627Z	info	app/vmalert/manager.go:84	reading rules configuration file from "config/testdata/dir/rules0-bad.rules"
2020-09-22T16:27:59.627Z	info	app/vmalert/manager.go:84	reading rules configuration file from "config/testdata/rules1-good.rules"
2020-09-22T16:27:59.627Z	info	app/vmalert/manager.go:84	reading rules configuration file from "config/testdata/dir/rules1-good.rules"
2020-09-22T16:27:59.627Z	info	app/vmalert/manager.go:84	reading rules configuration file from "config/testdata/dir/rules1-bad.rules"
2020-09-22T16:27:59.627Z	info	app/vmalert/group.go:225	group "groupTest" started; interval=1ms; concurrency=1
2020-09-22T16:27:59.627Z	info	app/vmalert/group.go:235	group "groupTest": received stop signal
2020-09-22T16:27:59.627Z	info	app/vmalert/group.go:225	group "duplicatedGroupDiffFiles" started; interval=1ms; concurrency=1
2020-09-22T16:27:59.627Z	info	app/vmalert/manager.go:84	reading rules configuration file from "config/testdata/rules1-good.rules"
2020-09-22T16:27:59.627Z	info	app/vmalert/group.go:235	group "duplicatedGroupDiffFiles": received stop signal
2020-09-22T16:27:59.628Z	info	app/vmalert/manager.go:84	reading rules configuration file from "config/testdata/dir/rules1-bad.rules"
2020-09-22T16:27:59.628Z	info	app/vmalert/group.go:225	group "groupTest" started; interval=1ms; concurrency=1
2020-09-22T16:27:59.628Z	info	app/vmalert/group.go:235	group "groupTest": received stop signal
2020-09-22T16:27:59.628Z	info	app/vmalert/manager.go:84	reading rules configuration file from "config/testdata/dir/rules1-good.rules"
2020-09-22T16:27:59.628Z	info	app/vmalert/group.go:225	group "groupGorSingleAlert" started; interval=1ms; concurrency=1
2020-09-22T16:27:59.628Z	info	app/vmalert/manager.go:84	reading rules configuration file from "config/testdata/dir/rules1-good.rules"
2020-09-22T16:27:59.628Z	info	app/vmalert/group.go:225	group "TestGroup" started; interval=1ms; concurrency=1
2020-09-22T16:27:59.628Z	info	app/vmalert/manager.go:84	reading rules configuration file from "config/testdata/dir/rules0-good.rules"
2020-09-22T16:27:59.628Z	info	app/vmalert/group.go:235	group "TestGroup": received stop signal
2020-09-22T16:27:59.628Z	info	app/vmalert/group.go:235	group "groupGorSingleAlert": received stop signal
2020-09-22T16:27:59.628Z	info	app/vmalert/manager.go:84	reading rules configuration file from "config/testdata/dir/rules1-good.rules"
2020-09-22T16:27:59.628Z	info	app/vmalert/manager.go:84	reading rules configuration file from "config/testdata/rules2-good.rules"
2020-09-22T16:27:59.628Z	info	app/vmalert/group.go:225	group "groupTest" started; interval=1ms; concurrency=1
2020-09-22T16:27:59.628Z	info	app/vmalert/group.go:235	group "groupTest": received stop signal
2020-09-22T16:27:59.629Z	info	app/vmalert/manager.go:84	reading rules configuration file from "config/testdata/rules1-good.rules"
2020-09-22T16:27:59.629Z	info	app/vmalert/manager.go:84	reading rules configuration file from "config/testdata/dir/rules0-bad.rules"
2020-09-22T16:27:59.629Z	info	app/vmalert/group.go:225	group "TestGroup" started; interval=2s; concurrency=2
2020-09-22T16:27:59.629Z	info	app/vmalert/group.go:235	group "TestGroup": received stop signal
2020-09-22T16:27:59.629Z	info	app/vmalert/group.go:225	group "duplicatedGroupDiffFiles" started; interval=1ms; concurrency=1
2020-09-22T16:27:59.629Z	info	app/vmalert/manager.go:84	reading rules configuration file from "config/testdata/dir/rules1-bad.rules"
2020-09-22T16:27:59.629Z	info	app/vmalert/group.go:235	group "duplicatedGroupDiffFiles": received stop signal
2020-09-22T16:27:59.629Z	info	app/vmalert/manager.go:84	reading rules configuration file from "config/testdata/dir/rules0-bad.rules"
2020-09-22T16:27:59.629Z	info	app/vmalert/group.go:225	group "TestGroup" started; interval=2s; concurrency=2
2020-09-22T16:27:59.629Z	info	app/vmalert/group.go:235	group "TestGroup": received stop signal
2020-09-22T16:27:59.629Z	info	app/vmalert/manager.go:84	reading rules configuration file from "config/testdata/dir/rules0-bad.rules"
2020-09-22T16:27:59.629Z	info	app/vmalert/manager.go:84	reading rules configuration file from "config/testdata/rules2-good.rules"
2020-09-22T16:27:59.629Z	info	app/vmalert/manager.go:84	reading rules configuration file from "config/testdata/rules2-good.rules"
2020-09-22T16:27:59.629Z	info	app/vmalert/manager.go:84	reading rules configuration file from "config/testdata/dir/rules0-good.rules"
2020-09-22T16:27:59.629Z	info	app/vmalert/group.go:225	group "groupTest" started; interval=1ms; concurrency=1
2020-09-22T16:27:59.629Z	info	app/vmalert/group.go:235	group "groupTest": received stop signal
2020-09-22T16:27:59.629Z	info	app/vmalert/manager.go:84	reading rules configuration file from "config/testdata/dir/rules0-bad.rules"
2020-09-22T16:27:59.629Z	info	app/vmalert/group.go:225	group "groupGorSingleAlert" started; interval=1ms; concurrency=1
2020-09-22T16:27:59.629Z	info	app/vmalert/group.go:225	group "TestGroup" started; interval=1ms; concurrency=1
2020-09-22T16:27:59.629Z	info	app/vmalert/manager.go:84	reading rules configuration file from "config/testdata/rules1-good.rules"
2020-09-22T16:27:59.629Z	info	app/vmalert/group.go:235	group "groupGorSingleAlert": received stop signal
2020-09-22T16:27:59.630Z	info	app/vmalert/group.go:235	group "TestGroup": received stop signal
2020-09-22T16:27:59.630Z	info	app/vmalert/group.go:225	group "TestGroup" started; interval=2s; concurrency=2
2020-09-22T16:27:59.630Z	info	app/vmalert/group.go:235	group "TestGroup": received stop signal
2020-09-22T16:27:59.630Z	info	app/vmalert/manager.go:84	reading rules configuration file from "config/testdata/dir/rules1-bad.rules"
2020-09-22T16:27:59.630Z	info	app/vmalert/group.go:225	group "groupTest" started; interval=1ms; concurrency=1
2020-09-22T16:27:59.630Z	info	app/vmalert/group.go:235	group "groupTest": received stop signal
2020-09-22T16:27:59.630Z	info	app/vmalert/manager.go:84	reading rules configuration file from "config/testdata/dir/rules0-good.rules"
2020-09-22T16:27:59.630Z	info	app/vmalert/group.go:225	group "groupGorSingleAlert" started; interval=1ms; concurrency=1
2020-09-22T16:27:59.630Z	info	app/vmalert/manager.go:84	reading rules configuration file from "config/testdata/dir/rules0-bad.rules"
2020-09-22T16:27:59.630Z	info	app/vmalert/manager.go:84	reading rules configuration file from "config/testdata/rules2-good.rules"
2020-09-22T16:27:59.630Z	info	app/vmalert/group.go:225	group "TestGroup" started; interval=1ms; concurrency=1
2020-09-22T16:27:59.630Z	info	app/vmalert/manager.go:84	reading rules configuration file from "config/testdata/rules1-good.rules"
2020-09-22T16:27:59.630Z	info	app/vmalert/manager.go:84	reading rules configuration file from "config/testdata/rules0-good.rules"
2020-09-22T16:27:59.630Z	info	app/vmalert/manager.go:84	reading rules configuration file from "config/testdata/dir/rules0-bad.rules"
2020-09-22T16:27:59.630Z	info	app/vmalert/group.go:235	group "groupGorSingleAlert": received stop signal
2020-09-22T16:27:59.631Z	info	app/vmalert/group.go:235	group "TestGroup": received stop signal
2020-09-22T16:27:59.631Z	info	app/vmalert/group.go:225	group "duplicatedGroupDiffFiles" started; interval=1ms; concurrency=1
2020-09-22T16:27:59.631Z	info	app/vmalert/manager.go:84	reading rules configuration file from "config/testdata/dir/rules1-bad.rules"
2020-09-22T16:27:59.631Z	info	app/vmalert/group.go:235	group "duplicatedGroupDiffFiles": received stop signal
2020-09-22T16:27:59.631Z	info	app/vmalert/manager.go:84	reading rules configuration file from "config/testdata/dir/rules1-good.rules"
2020-09-22T16:27:59.631Z	info	app/vmalert/manager.go:84	reading rules configuration file from "config/testdata/dir/rules0-good.rules"
2020-09-22T16:27:59.631Z	info	app/vmalert/group.go:225	group "TestGroup" started; interval=2s; concurrency=2
2020-09-22T16:27:59.631Z	info	app/vmalert/group.go:235	group "TestGroup": received stop signal
2020-09-22T16:27:59.632Z	info	app/vmalert/manager.go:84	reading rules configuration file from "config/testdata/dir/rules1-good.rules"
2020-09-22T16:27:59.632Z	info	app/vmalert/manager.go:84	reading rules configuration file from "config/testdata/rules1-good.rules"
2020-09-22T16:27:59.632Z	info	app/vmalert/group.go:225	group "duplicatedGroupDiffFiles" started; interval=1ms; concurrency=1
2020-09-22T16:27:59.632Z	info	app/vmalert/manager.go:84	reading rules configuration file from "config/testdata/dir/rules1-good.rules"
2020-09-22T16:27:59.632Z	info	app/vmalert/group.go:235	group "duplicatedGroupDiffFiles": received stop signal
2020-09-22T16:27:59.632Z	info	app/vmalert/group.go:225	group "groupGorSingleAlert" started; interval=1ms; concurrency=1
2020-09-22T16:27:59.632Z	info	app/vmalert/group.go:225	group "TestGroup" started; interval=1ms; concurrency=1
2020-09-22T16:27:59.632Z	info	app/vmalert/manager.go:84	reading rules configuration file from "config/testdata/dir/rules0-bad.rules"
2020-09-22T16:27:59.632Z	info	app/vmalert/manager.go:84	reading rules configuration file from "config/testdata/dir/rules0-good.rules"
2020-09-22T16:27:59.632Z	info	app/vmalert/group.go:235	group "groupGorSingleAlert": received stop signal
2020-09-22T16:27:59.632Z	info	app/vmalert/group.go:235	group "TestGroup": received stop signal
2020-09-22T16:27:59.633Z	info	app/vmalert/group.go:225	group "TestGroup" started; interval=2s; concurrency=2
2020-09-22T16:27:59.633Z	info	app/vmalert/group.go:235	group "TestGroup": received stop signal
2020-09-22T16:27:59.633Z	info	app/vmalert/manager.go:84	reading rules configuration file from "config/testdata/dir/rules0-bad.rules"
2020-09-22T16:27:59.633Z	info	app/vmalert/manager.go:84	reading rules configuration file from "config/testdata/rules2-good.rules"
2020-09-22T16:27:59.633Z	info	app/vmalert/manager.go:84	reading rules configuration file from "config/testdata/rules2-good.rules"
2020-09-22T16:27:59.633Z	info	app/vmalert/group.go:225	group "groupTest" started; interval=1ms; concurrency=1
2020-09-22T16:27:59.633Z	info	app/vmalert/manager.go:84	reading rules configuration file from "config/testdata/dir/rules0-good.rules"
2020-09-22T16:27:59.633Z	info	app/vmalert/group.go:235	group "groupTest": received stop signal
2020-09-22T16:27:59.633Z	info	app/vmalert/manager.go:84	reading rules configuration file from "config/testdata/dir/rules1-bad.rules"
2020-09-22T16:27:59.633Z	info	app/vmalert/manager.go:84	reading rules configuration file from "config/testdata/rules1-good.rules"
2020-09-22T16:27:59.633Z	info	app/vmalert/group.go:225	group "TestGroup" started; interval=1ms; concurrency=1
2020-09-22T16:27:59.633Z	info	app/vmalert/group.go:225	group "groupGorSingleAlert" started; interval=1ms; concurrency=1
2020-09-22T16:27:59.633Z	info	app/vmalert/manager.go:84	reading rules configuration file from "config/testdata/rules2-good.rules"
2020-09-22T16:27:59.633Z	info	app/vmalert/group.go:235	group "groupGorSingleAlert": received stop signal
2020-09-22T16:27:59.633Z	info	app/vmalert/group.go:235	group "TestGroup": received stop signal
2020-09-22T16:27:59.633Z	info	app/vmalert/group.go:225	group "duplicatedGroupDiffFiles" started; interval=1ms; concurrency=1
2020-09-22T16:27:59.633Z	info	app/vmalert/manager.go:84	reading rules configuration file from "config/testdata/rules2-good.rules"
2020-09-22T16:27:59.633Z	info	app/vmalert/group.go:235	group "duplicatedGroupDiffFiles": received stop signal
2020-09-22T16:27:59.633Z	info	app/vmalert/group.go:225	group "TestGroup" started; interval=2s; concurrency=2
2020-09-22T16:27:59.634Z	info	app/vmalert/manager.go:84	reading rules configuration file from "config/testdata/dir/rules1-bad.rules"
2020-09-22T16:27:59.634Z	info	app/vmalert/manager.go:84	reading rules configuration file from "config/testdata/rules0-good.rules"
2020-09-22T16:27:59.634Z	info	app/vmalert/group.go:235	group "TestGroup": received stop signal
2020-09-22T16:27:59.634Z	info	app/vmalert/group.go:225	group "groupTest" started; interval=1ms; concurrency=1
2020-09-22T16:27:59.634Z	info	app/vmalert/manager.go:84	reading rules configuration file from "config/testdata/dir/rules1-good.rules"
2020-09-22T16:27:59.634Z	info	app/vmalert/manager.go:84	reading rules configuration file from "config/testdata/dir/rules1-bad.rules"
2020-09-22T16:27:59.634Z	info	app/vmalert/group.go:235	group "groupTest": received stop signal
2020-09-22T16:27:59.634Z	info	app/vmalert/manager.go:84	reading rules configuration file from "config/testdata/dir/rules0-bad.rules"
2020-09-22T16:27:59.634Z	info	app/vmalert/group.go:225	group "TestGroup" started; interval=2s; concurrency=2
2020-09-22T16:27:59.634Z	info	app/vmalert/group.go:235	group "TestGroup": received stop signal
2020-09-22T16:27:59.634Z	info	app/vmalert/group.go:225	group "duplicatedGroupDiffFiles" started; interval=1ms; concurrency=1
2020-09-22T16:27:59.634Z	info	app/vmalert/manager.go:84	reading rules configuration file from "config/testdata/rules0-good.rules"
2020-09-22T16:27:59.634Z	info	app/vmalert/group.go:235	group "duplicatedGroupDiffFiles": received stop signal
2020-09-22T16:27:59.634Z	info	app/vmalert/manager.go:84	reading rules configuration file from "config/testdata/rules0-good.rules"
2020-09-22T16:27:59.634Z	info	app/vmalert/group.go:225	group "TestGroup" started; interval=2s; concurrency=2
2020-09-22T16:27:59.634Z	info	app/vmalert/group.go:235	group "TestGroup": received stop signal
2020-09-22T16:27:59.635Z	info	app/vmalert/group.go:225	group "duplicatedGroupDiffFiles" started; interval=1ms; concurrency=1
2020-09-22T16:27:59.635Z	info	app/vmalert/manager.go:84	reading rules configuration file from "config/testdata/dir/rules1-good.rules"
2020-09-22T16:27:59.635Z	info	app/vmalert/manager.go:84	reading rules configuration file from "config/testdata/rules0-good.rules"
2020-09-22T16:27:59.635Z	info	app/vmalert/group.go:235	group "duplicatedGroupDiffFiles": received stop signal
2020-09-22T16:27:59.635Z	info	app/vmalert/group.go:225	group "TestGroup" started; interval=2s; concurrency=2
2020-09-22T16:27:59.635Z	info	app/vmalert/group.go:235	group "TestGroup": received stop signal
2020-09-22T16:27:59.635Z	info	app/vmalert/manager.go:84	reading rules configuration file from "config/testdata/dir/rules1-bad.rules"
2020-09-22T16:27:59.635Z	info	app/vmalert/group.go:225	group "duplicatedGroupDiffFiles" started; interval=1ms; concurrency=1
2020-09-22T16:27:59.635Z	info	app/vmalert/group.go:235	group "duplicatedGroupDiffFiles": received stop signal
2020-09-22T16:27:59.635Z	info	app/vmalert/group.go:225	group "groupTest" started; interval=1ms; concurrency=1
2020-09-22T16:27:59.635Z	info	app/vmalert/group.go:235	group "groupTest": received stop signal
2020-09-22T16:27:59.635Z	info	app/vmalert/manager.go:84	reading rules configuration file from "config/testdata/dir/rules0-bad.rules"
2020-09-22T16:27:59.635Z	info	app/vmalert/manager.go:84	reading rules configuration file from "config/testdata/dir/rules0-bad.rules"
2020-09-22T16:27:59.635Z	info	app/vmalert/group.go:225	group "TestGroup" started; interval=1ms; concurrency=1
2020-09-22T16:27:59.635Z	info	app/vmalert/group.go:225	group "groupGorSingleAlert" started; interval=1ms; concurrency=1
2020-09-22T16:27:59.635Z	info	app/vmalert/group.go:235	group "groupGorSingleAlert": received stop signal
2020-09-22T16:27:59.635Z	info	app/vmalert/group.go:235	group "TestGroup": received stop signal
2020-09-22T16:27:59.635Z	info	app/vmalert/group.go:225	group "duplicatedGroupDiffFiles" started; interval=1ms; concurrency=1
2020-09-22T16:27:59.635Z	info	app/vmalert/group.go:235	group "duplicatedGroupDiffFiles": received stop signal
2020-09-22T16:27:59.635Z	info	app/vmalert/manager.go:84	reading rules configuration file from "config/testdata/dir/rules0-good.rules"
2020-09-22T16:27:59.635Z	info	app/vmalert/group.go:225	group "groupGorSingleAlert" started; interval=1ms; concurrency=1
2020-09-22T16:27:59.635Z	info	app/vmalert/group.go:235	group "groupGorSingleAlert": received stop signal
2020-09-22T16:27:59.635Z	info	app/vmalert/manager.go:84	reading rules configuration file from "config/testdata/dir/rules1-good.rules"
2020-09-22T16:27:59.635Z	info	app/vmalert/manager.go:84	reading rules configuration file from "config/testdata/dir/rules0-good.rules"
2020-09-22T16:27:59.636Z	info	app/vmalert/manager.go:84	reading rules configuration file from "config/testdata/rules1-good.rules"
2020-09-22T16:27:59.635Z	info	app/vmalert/group.go:225	group "TestGroup" started; interval=1ms; concurrency=1
2020-09-22T16:27:59.636Z	info	app/vmalert/manager.go:84	reading rules configuration file from "config/testdata/dir/rules0-bad.rules"
2020-09-22T16:27:59.635Z	info	app/vmalert/manager.go:84	reading rules configuration file from "config/testdata/rules0-good.rules"
2020-09-22T16:27:59.636Z	info	app/vmalert/group.go:235	group "TestGroup": received stop signal
2020-09-22T16:27:59.636Z	info	app/vmalert/manager.go:84	reading rules configuration file from "config/testdata/dir/rules1-bad.rules"
2020-09-22T16:27:59.636Z	info	app/vmalert/group.go:225	group "duplicatedGroupDiffFiles" started; interval=1ms; concurrency=1
2020-09-22T16:27:59.636Z	info	app/vmalert/group.go:235	group "duplicatedGroupDiffFiles": received stop signal
2020-09-22T16:27:59.636Z	info	app/vmalert/manager.go:84	reading rules configuration file from "config/testdata/dir/rules1-good.rules"
2020-09-22T16:27:59.636Z	info	app/vmalert/manager.go:84	reading rules configuration file from "config/testdata/rules2-good.rules"
2020-09-22T16:27:59.636Z	info	app/vmalert/group.go:225	group "TestGroup" started; interval=2s; concurrency=2
2020-09-22T16:27:59.636Z	info	app/vmalert/group.go:235	group "TestGroup": received stop signal
2020-09-22T16:27:59.636Z	info	app/vmalert/manager.go:84	reading rules configuration file from "config/testdata/dir/rules0-good.rules"
2020-09-22T16:27:59.637Z	info	app/vmalert/group.go:225	group "groupTest" started; interval=1ms; concurrency=1
2020-09-22T16:27:59.637Z	info	app/vmalert/group.go:235	group "groupTest": received stop signal
2020-09-22T16:27:59.637Z	info	app/vmalert/manager.go:84	reading rules configuration file from "config/testdata/dir/rules0-good.rules"
2020-09-22T16:27:59.637Z	info	app/vmalert/group.go:225	group "groupGorSingleAlert" started; interval=1ms; concurrency=1
2020-09-22T16:27:59.637Z	info	app/vmalert/manager.go:84	reading rules configuration file from "config/testdata/rules1-good.rules"
2020-09-22T16:27:59.637Z	info	app/vmalert/group.go:235	group "groupGorSingleAlert": received stop signal
2020-09-22T16:27:59.637Z	info	app/vmalert/manager.go:84	reading rules configuration file from "config/testdata/rules2-good.rules"
2020-09-22T16:27:59.636Z	info	app/vmalert/manager.go:84	reading rules configuration file from "config/testdata/dir/rules0-bad.rules"
2020-09-22T16:27:59.637Z	info	app/vmalert/group.go:225	group "TestGroup" started; interval=1ms; concurrency=1
2020-09-22T16:27:59.637Z	info	app/vmalert/group.go:235	group "TestGroup": received stop signal
2020-09-22T16:27:59.637Z	info	app/vmalert/manager.go:84	reading rules configuration file from "config/testdata/dir/rules1-bad.rules"
2020-09-22T16:27:59.637Z	info	app/vmalert/group.go:225	group "duplicatedGroupDiffFiles" started; interval=1ms; concurrency=1
2020-09-22T16:27:59.637Z	info	app/vmalert/manager.go:84	reading rules configuration file from "config/testdata/rules2-good.rules"
2020-09-22T16:27:59.638Z	info	app/vmalert/group.go:235	group "duplicatedGroupDiffFiles": received stop signal
2020-09-22T16:27:59.638Z	info	app/vmalert/manager.go:84	reading rules configuration file from "config/testdata/dir/rules1-bad.rules"
2020-09-22T16:27:59.638Z	info	app/vmalert/manager.go:84	reading rules configuration file from "config/testdata/rules0-good.rules"
2020-09-22T16:27:59.638Z	info	app/vmalert/group.go:225	group "TestGroup" started; interval=2s; concurrency=2
2020-09-22T16:27:59.638Z	info	app/vmalert/group.go:235	group "TestGroup": received stop signal
2020-09-22T16:27:59.638Z	info	app/vmalert/manager.go:84	reading rules configuration file from "config/testdata/rules1-good.rules"
2020-09-22T16:27:59.638Z	info	app/vmalert/group.go:225	group "duplicatedGroupDiffFiles" started; interval=1ms; concurrency=1
2020-09-22T16:27:59.638Z	info	app/vmalert/manager.go:84	reading rules configuration file from "config/testdata/rules0-good.rules"
2020-09-22T16:27:59.638Z	info	app/vmalert/group.go:235	group "duplicatedGroupDiffFiles": received stop signal
2020-09-22T16:27:59.638Z	info	app/vmalert/manager.go:84	reading rules configuration file from "config/testdata/rules0-good.rules"
2020-09-22T16:27:59.638Z	info	app/vmalert/group.go:225	group "groupTest" started; interval=1ms; concurrency=1
2020-09-22T16:27:59.638Z	info	app/vmalert/manager.go:84	reading rules configuration file from "config/testdata/dir/rules1-bad.rules"
2020-09-22T16:27:59.638Z	info	app/vmalert/group.go:235	group "groupTest": received stop signal
2020-09-22T16:27:59.639Z	info	app/vmalert/manager.go:84	reading rules configuration file from "config/testdata/rules0-good.rules"
2020-09-22T16:27:59.639Z	info	app/vmalert/group.go:225	group "TestGroup" started; interval=2s; concurrency=2
2020-09-22T16:27:59.639Z	info	app/vmalert/group.go:235	group "TestGroup": received stop signal
2020-09-22T16:27:59.639Z	info	app/vmalert/manager.go:84	reading rules configuration file from "config/testdata/rules2-good.rules"
2020-09-22T16:27:59.639Z	info	app/vmalert/manager.go:84	reading rules configuration file from "config/testdata/rules1-good.rules"
2020-09-22T16:27:59.639Z	info	app/vmalert/group.go:225	group "groupGorSingleAlert" started; interval=1ms; concurrency=1
2020-09-22T16:27:59.639Z	info	app/vmalert/group.go:235	group "groupGorSingleAlert": received stop signal
2020-09-22T16:27:59.640Z	info	app/vmalert/group.go:225	group "TestGroup" started; interval=1ms; concurrency=1
2020-09-22T16:27:59.640Z	info	app/vmalert/manager.go:84	reading rules configuration file from "config/testdata/dir/rules0-bad.rules"
2020-09-22T16:27:59.640Z	info	app/vmalert/group.go:235	group "TestGroup": received stop signal
2020-09-22T16:27:59.640Z	info	app/vmalert/manager.go:84	reading rules configuration file from "config/testdata/rules1-good.rules"
2020-09-22T16:27:59.640Z	info	app/vmalert/group.go:225	group "groupTest" started; interval=1ms; concurrency=1
2020-09-22T16:27:59.640Z	info	app/vmalert/group.go:235	group "groupTest": received stop signal
2020-09-22T16:27:59.640Z	info	app/vmalert/group.go:225	group "groupGorSingleAlert" started; interval=1ms; concurrency=1
2020-09-22T16:27:59.640Z	info	app/vmalert/manager.go:84	reading rules configuration file from "config/testdata/rules2-good.rules"
2020-09-22T16:27:59.640Z	info	app/vmalert/group.go:225	group "TestGroup" started; interval=1ms; concurrency=1
2020-09-22T16:27:59.640Z	info	app/vmalert/group.go:235	group "groupGorSingleAlert": received stop signal
2020-09-22T16:27:59.640Z	info	app/vmalert/group.go:235	group "TestGroup": received stop signal
2020-09-22T16:27:59.640Z	info	app/vmalert/group.go:225	group "duplicatedGroupDiffFiles" started; interval=1ms; concurrency=1
2020-09-22T16:27:59.640Z	info	app/vmalert/manager.go:84	reading rules configuration file from "config/testdata/dir/rules1-good.rules"
2020-09-22T16:27:59.640Z	info	app/vmalert/group.go:235	group "duplicatedGroupDiffFiles": received stop signal
2020-09-22T16:27:59.640Z	info	app/vmalert/group.go:225	group "duplicatedGroupDiffFiles" started; interval=1ms; concurrency=1
2020-09-22T16:27:59.640Z	info	app/vmalert/manager.go:84	reading rules configuration file from "config/testdata/rules2-good.rules"
2020-09-22T16:27:59.640Z	info	app/vmalert/manager.go:84	reading rules configuration file from "config/testdata/dir/rules0-bad.rules"
2020-09-22T16:27:59.640Z	info	app/vmalert/group.go:235	group "duplicatedGroupDiffFiles": received stop signal
2020-09-22T16:27:59.640Z	info	app/vmalert/group.go:225	group "groupTest" started; interval=1ms; concurrency=1
2020-09-22T16:27:59.640Z	info	app/vmalert/manager.go:84	reading rules configuration file from "config/testdata/dir/rules0-bad.rules"
2020-09-22T16:27:59.640Z	info	app/vmalert/manager.go:84	reading rules configuration file from "config/testdata/dir/rules1-good.rules"
2020-09-22T16:27:59.640Z	info	app/vmalert/group.go:235	group "groupTest": received stop signal
2020-09-22T16:27:59.640Z	info	app/vmalert/manager.go:84	reading rules configuration file from "config/testdata/rules1-good.rules"
2020-09-22T16:27:59.640Z	info	app/vmalert/group.go:225	group "duplicatedGroupDiffFiles" started; interval=1ms; concurrency=1
2020-09-22T16:27:59.640Z	info	app/vmalert/group.go:235	group "duplicatedGroupDiffFiles": received stop signal
2020-09-22T16:27:59.641Z	info	app/vmalert/manager.go:84	reading rules configuration file from "config/testdata/dir/rules1-good.rules"
2020-09-22T16:27:59.641Z	info	app/vmalert/group.go:225	group "duplicatedGroupDiffFiles" started; interval=1ms; concurrency=1
2020-09-22T16:27:59.641Z	info	app/vmalert/manager.go:84	reading rules configuration file from "config/testdata/dir/rules1-bad.rules"
2020-09-22T16:27:59.641Z	info	app/vmalert/group.go:235	group "duplicatedGroupDiffFiles": received stop signal
2020-09-22T16:27:59.641Z	info	app/vmalert/group.go:225	group "TestGroup" started; interval=1ms; concurrency=1
2020-09-22T16:27:59.641Z	info	app/vmalert/group.go:225	group "groupGorSingleAlert" started; interval=1ms; concurrency=1
2020-09-22T16:27:59.641Z	info	app/vmalert/manager.go:84	reading rules configuration file from "config/testdata/dir/rules1-bad.rules"
2020-09-22T16:27:59.641Z	info	app/vmalert/group.go:235	group "groupGorSingleAlert": received stop signal
2020-09-22T16:27:59.641Z	info	app/vmalert/group.go:235	group "TestGroup": received stop signal
2020-09-22T16:27:59.642Z	info	app/vmalert/group.go:225	group "groupTest" started; interval=1ms; concurrency=1
2020-09-22T16:27:59.642Z	info	app/vmalert/group.go:235	group "groupTest": received stop signal
2020-09-22T16:27:59.642Z	info	app/vmalert/manager.go:84	reading rules configuration file from "config/testdata/rules1-good.rules"
2020-09-22T16:27:59.642Z	info	app/vmalert/manager.go:84	reading rules configuration file from "config/testdata/dir/rules1-bad.rules"
2020-09-22T16:27:59.642Z	info	app/vmalert/manager.go:84	reading rules configuration file from "config/testdata/dir/rules1-good.rules"
2020-09-22T16:27:59.642Z	info	app/vmalert/group.go:225	group "TestGroup" started; interval=2s; concurrency=2
2020-09-22T16:27:59.642Z	info	app/vmalert/manager.go:84	reading rules configuration file from "config/testdata/rules0-good.rules"
2020-09-22T16:27:59.642Z	info	app/vmalert/group.go:235	group "TestGroup": received stop signal
2020-09-22T16:27:59.642Z	info	app/vmalert/manager.go:84	reading rules configuration file from "config/testdata/dir/rules0-good.rules"
2020-09-22T16:27:59.642Z	info	app/vmalert/group.go:225	group "groupTest" started; interval=1ms; concurrency=1
2020-09-22T16:27:59.642Z	info	app/vmalert/group.go:235	group "groupTest": received stop signal
2020-09-22T16:27:59.642Z	info	app/vmalert/manager.go:84	reading rules configuration file from "config/testdata/dir/rules1-bad.rules"
2020-09-22T16:27:59.642Z	info	app/vmalert/group.go:225	group "duplicatedGroupDiffFiles" started; interval=1ms; concurrency=1
2020-09-22T16:27:59.642Z	info	app/vmalert/manager.go:84	reading rules configuration file from "config/testdata/rules1-good.rules"
2020-09-22T16:27:59.643Z	info	app/vmalert/manager.go:84	reading rules configuration file from "config/testdata/dir/rules0-bad.rules"
2020-09-22T16:27:59.643Z	info	app/vmalert/group.go:235	group "duplicatedGroupDiffFiles": received stop signal
2020-09-22T16:27:59.643Z	info	app/vmalert/group.go:225	group "duplicatedGroupDiffFiles" started; interval=1ms; concurrency=1
2020-09-22T16:27:59.643Z	info	app/vmalert/manager.go:84	reading rules configuration file from "config/testdata/dir/rules1-bad.rules"
2020-09-22T16:27:59.643Z	info	app/vmalert/group.go:235	group "duplicatedGroupDiffFiles": received stop signal
2020-09-22T16:27:59.643Z	info	app/vmalert/group.go:225	group "duplicatedGroupDiffFiles" started; interval=1ms; concurrency=1
2020-09-22T16:27:59.643Z	info	app/vmalert/manager.go:84	reading rules configuration file from "config/testdata/dir/rules1-bad.rules"
2020-09-22T16:27:59.643Z	info	app/vmalert/group.go:235	group "duplicatedGroupDiffFiles": received stop signal
2020-09-22T16:27:59.643Z	info	app/vmalert/manager.go:84	reading rules configuration file from "config/testdata/dir/rules1-good.rules"
2020-09-22T16:27:59.643Z	info	app/vmalert/manager.go:84	reading rules configuration file from "config/testdata/rules2-good.rules"
2020-09-22T16:27:59.643Z	info	app/vmalert/group.go:225	group "TestGroup" started; interval=1ms; concurrency=1
2020-09-22T16:27:59.643Z	info	app/vmalert/manager.go:84	reading rules configuration file from "config/testdata/dir/rules1-bad.rules"
2020-09-22T16:27:59.643Z	info	app/vmalert/group.go:235	group "TestGroup": received stop signal
2020-09-22T16:27:59.643Z	info	app/vmalert/group.go:225	group "groupGorSingleAlert" started; interval=1ms; concurrency=1
2020-09-22T16:27:59.643Z	info	app/vmalert/manager.go:84	reading rules configuration file from "config/testdata/dir/rules1-good.rules"
2020-09-22T16:27:59.643Z	info	app/vmalert/group.go:235	group "groupGorSingleAlert": received stop signal
2020-09-22T16:27:59.643Z	info	app/vmalert/group.go:225	group "duplicatedGroupDiffFiles" started; interval=1ms; concurrency=1
2020-09-22T16:27:59.643Z	info	app/vmalert/group.go:235	group "duplicatedGroupDiffFiles": received stop signal
2020-09-22T16:27:59.643Z	info	app/vmalert/manager.go:84	reading rules configuration file from "config/testdata/dir/rules0-bad.rules"
2020-09-22T16:27:59.643Z	info	app/vmalert/manager.go:84	reading rules configuration file from "config/testdata/rules0-good.rules"
2020-09-22T16:27:59.643Z	info	app/vmalert/manager.go:84	reading rules configuration file from "config/testdata/rules0-good.rules"
2020-09-22T16:27:59.644Z	info	app/vmalert/manager.go:84	reading rules configuration file from "config/testdata/rules2-good.rules"
2020-09-22T16:27:59.644Z	info	app/vmalert/group.go:225	group "groupTest" started; interval=1ms; concurrency=1
2020-09-22T16:27:59.644Z	info	app/vmalert/group.go:235	group "groupTest": received stop signal
2020-09-22T16:27:59.644Z	info	app/vmalert/manager.go:84	reading rules configuration file from "config/testdata/rules0-good.rules"
2020-09-22T16:27:59.644Z	info	app/vmalert/group.go:225	group "duplicatedGroupDiffFiles" started; interval=1ms; concurrency=1
2020-09-22T16:27:59.644Z	info	app/vmalert/group.go:235	group "duplicatedGroupDiffFiles": received stop signal
2020-09-22T16:27:59.644Z	info	app/vmalert/group.go:225	group "duplicatedGroupDiffFiles" started; interval=1ms; concurrency=1
2020-09-22T16:27:59.644Z	info	app/vmalert/manager.go:84	reading rules configuration file from "config/testdata/dir/rules0-good.rules"
2020-09-22T16:27:59.644Z	info	app/vmalert/group.go:235	group "duplicatedGroupDiffFiles": received stop signal
2020-09-22T16:27:59.645Z	info	app/vmalert/manager.go:84	reading rules configuration file from "config/testdata/rules1-good.rules"
2020-09-22T16:27:59.645Z	info	app/vmalert/group.go:225	group "groupTest" started; interval=1ms; concurrency=1
2020-09-22T16:27:59.645Z	info	app/vmalert/group.go:235	group "groupTest": received stop signal
2020-09-22T16:27:59.645Z	info	app/vmalert/manager.go:84	reading rules configuration file from "config/testdata/dir/rules0-bad.rules"
2020-09-22T16:27:59.645Z	info	app/vmalert/manager.go:84	reading rules configuration file from "config/testdata/dir/rules1-bad.rules"
2020-09-22T16:27:59.645Z	info	app/vmalert/manager.go:84	reading rules configuration file from "config/testdata/rules1-good.rules"
2020-09-22T16:27:59.645Z	info	app/vmalert/manager.go:84	reading rules configuration file from "config/testdata/dir/rules1-bad.rules"
2020-09-22T16:27:59.645Z	info	app/vmalert/manager.go:84	reading rules configuration file from "config/testdata/dir/rules0-bad.rules"
2020-09-22T16:27:59.645Z	info	app/vmalert/group.go:225	group "duplicatedGroupDiffFiles" started; interval=1ms; concurrency=1
2020-09-22T16:27:59.645Z	info	app/vmalert/group.go:235	group "duplicatedGroupDiffFiles": received stop signal
2020-09-22T16:27:59.645Z	info	app/vmalert/manager.go:84	reading rules configuration file from "config/testdata/rules1-good.rules"
2020-09-22T16:27:59.645Z	info	app/vmalert/manager.go:84	reading rules configuration file from "config/testdata/rules0-good.rules"
2020-09-22T16:27:59.645Z	info	app/vmalert/manager.go:84	reading rules configuration file from "config/testdata/dir/rules1-good.rules"
2020-09-22T16:27:59.645Z	info	app/vmalert/group.go:225	group "groupTest" started; interval=1ms; concurrency=1
2020-09-22T16:27:59.646Z	info	app/vmalert/group.go:235	group "groupTest": received stop signal
2020-09-22T16:27:59.646Z	info	app/vmalert/group.go:225	group "TestGroup" started; interval=2s; concurrency=2
2020-09-22T16:27:59.646Z	info	app/vmalert/manager.go:84	reading rules configuration file from "config/testdata/dir/rules0-good.rules"
2020-09-22T16:27:59.646Z	info	app/vmalert/group.go:235	group "TestGroup": received stop signal
2020-09-22T16:27:59.646Z	info	app/vmalert/manager.go:84	reading rules configuration file from "config/testdata/rules2-good.rules"
2020-09-22T16:27:59.646Z	info	app/vmalert/manager.go:84	reading rules configuration file from "config/testdata/dir/rules0-good.rules"
2020-09-22T16:27:59.646Z	info	app/vmalert/manager.go:84	reading rules configuration file from "config/testdata/rules2-good.rules"
2020-09-22T16:27:59.646Z	info	app/vmalert/group.go:225	group "groupTest" started; interval=1ms; concurrency=1
2020-09-22T16:27:59.646Z	info	app/vmalert/group.go:235	group "groupTest": received stop signal
2020-09-22T16:27:59.646Z	info	app/vmalert/group.go:225	group "duplicatedGroupDiffFiles" started; interval=1ms; concurrency=1
2020-09-22T16:27:59.646Z	info	app/vmalert/group.go:235	group "duplicatedGroupDiffFiles": received stop signal
2020-09-22T16:27:59.647Z	info	app/vmalert/manager.go:84	reading rules configuration file from "config/testdata/rules1-good.rules"
2020-09-22T16:27:59.647Z	info	app/vmalert/group.go:225	group "TestGroup" started; interval=2s; concurrency=2
2020-09-22T16:27:59.647Z	info	app/vmalert/manager.go:84	reading rules configuration file from "config/testdata/rules1-good.rules"
2020-09-22T16:27:59.647Z	info	app/vmalert/manager.go:84	reading rules configuration file from "config/testdata/dir/rules1-bad.rules"
2020-09-22T16:27:59.647Z	info	app/vmalert/manager.go:84	reading rules configuration file from "config/testdata/rules2-good.rules"
2020-09-22T16:27:59.647Z	info	app/vmalert/manager.go:84	reading rules configuration file from "config/testdata/rules0-good.rules"
2020-09-22T16:27:59.647Z	info	app/vmalert/manager.go:84	reading rules configuration file from "config/testdata/rules2-good.rules"
2020-09-22T16:27:59.647Z	info	app/vmalert/group.go:235	group "TestGroup": received stop signal
2020-09-22T16:27:59.647Z	info	app/vmalert/group.go:225	group "duplicatedGroupDiffFiles" started; interval=1ms; concurrency=1
2020-09-22T16:27:59.647Z	info	app/vmalert/group.go:235	group "duplicatedGroupDiffFiles": received stop signal
2020-09-22T16:27:59.647Z	info	app/vmalert/manager.go:84	reading rules configuration file from "config/testdata/dir/rules1-good.rules"
2020-09-22T16:27:59.647Z	info	app/vmalert/manager.go:84	reading rules configuration file from "config/testdata/dir/rules1-good.rules"
2020-09-22T16:27:59.647Z	info	app/vmalert/group.go:225	group "groupTest" started; interval=1ms; concurrency=1
2020-09-22T16:27:59.647Z	info	app/vmalert/group.go:235	group "groupTest": received stop signal
2020-09-22T16:27:59.647Z	info	app/vmalert/group.go:225	group "groupGorSingleAlert" started; interval=1ms; concurrency=1
2020-09-22T16:27:59.648Z	info	app/vmalert/group.go:235	group "groupGorSingleAlert": received stop signal
2020-09-22T16:27:59.648Z	info	app/vmalert/manager.go:84	reading rules configuration file from "config/testdata/dir/rules0-good.rules"
2020-09-22T16:27:59.648Z	info	app/vmalert/group.go:225	group "TestGroup" started; interval=1ms; concurrency=1
2020-09-22T16:27:59.648Z	info	app/vmalert/group.go:235	group "TestGroup": received stop signal
2020-09-22T16:27:59.648Z	info	app/vmalert/manager.go:84	reading rules configuration file from "config/testdata/dir/rules1-bad.rules"
2020-09-22T16:27:59.648Z	info	app/vmalert/manager.go:84	reading rules configuration file from "config/testdata/rules1-good.rules"
2020-09-22T16:27:59.648Z	info	app/vmalert/group.go:225	group "TestGroup" started; interval=2s; concurrency=2
2020-09-22T16:27:59.648Z	info	app/vmalert/group.go:235	group "TestGroup": received stop signal
2020-09-22T16:27:59.648Z	info	app/vmalert/group.go:225	group "duplicatedGroupDiffFiles" started; interval=1ms; concurrency=1
2020-09-22T16:27:59.648Z	info	app/vmalert/manager.go:84	reading rules configuration file from "config/testdata/dir/rules0-good.rules"
2020-09-22T16:27:59.648Z	info	app/vmalert/group.go:235	group "duplicatedGroupDiffFiles": received stop signal
2020-09-22T16:27:59.648Z	info	app/vmalert/group.go:225	group "groupGorSingleAlert" started; interval=1ms; concurrency=1
2020-09-22T16:27:59.648Z	info	app/vmalert/group.go:225	group "TestGroup" started; interval=1ms; concurrency=1
2020-09-22T16:27:59.648Z	info	app/vmalert/manager.go:84	reading rules configuration file from "config/testdata/dir/rules0-good.rules"
2020-09-22T16:27:59.648Z	info	app/vmalert/group.go:235	group "groupGorSingleAlert": received stop signal
2020-09-22T16:27:59.649Z	info	app/vmalert/group.go:235	group "TestGroup": received stop signal
2020-09-22T16:27:59.649Z	info	app/vmalert/manager.go:84	reading rules configuration file from "config/testdata/rules2-good.rules"
2020-09-22T16:27:59.649Z	info	app/vmalert/group.go:225	group "TestGroup" started; interval=2s; concurrency=2
2020-09-22T16:27:59.649Z	info	app/vmalert/manager.go:84	reading rules configuration file from "config/testdata/dir/rules0-bad.rules"
2020-09-22T16:27:59.649Z	info	app/vmalert/group.go:235	group "TestGroup": received stop signal
2020-09-22T16:27:59.649Z	info	app/vmalert/manager.go:84	reading rules configuration file from "config/testdata/rules1-good.rules"
2020-09-22T16:27:59.649Z	info	app/vmalert/group.go:225	group "groupTest" started; interval=1ms; concurrency=1
2020-09-22T16:27:59.649Z	info	app/vmalert/manager.go:84	reading rules configuration file from "config/testdata/dir/rules1-good.rules"
2020-09-22T16:27:59.649Z	info	app/vmalert/group.go:235	group "groupTest": received stop signal
2020-09-22T16:27:59.649Z	info	app/vmalert/group.go:225	group "TestGroup" started; interval=1ms; concurrency=1
2020-09-22T16:27:59.649Z	info	app/vmalert/group.go:235	group "TestGroup": received stop signal
2020-09-22T16:27:59.649Z	info	app/vmalert/group.go:225	group "groupGorSingleAlert" started; interval=1ms; concurrency=1
2020-09-22T16:27:59.649Z	info	app/vmalert/manager.go:84	reading rules configuration file from "config/testdata/dir/rules1-good.rules"
2020-09-22T16:27:59.650Z	info	app/vmalert/group.go:235	group "groupGorSingleAlert": received stop signal
2020-09-22T16:27:59.650Z	info	app/vmalert/manager.go:84	reading rules configuration file from "config/testdata/dir/rules0-good.rules"
2020-09-22T16:27:59.650Z	info	app/vmalert/group.go:225	group "TestGroup" started; interval=2s; concurrency=2
2020-09-22T16:27:59.650Z	info	app/vmalert/group.go:235	group "TestGroup": received stop signal
2020-09-22T16:27:59.650Z	info	app/vmalert/manager.go:84	reading rules configuration file from "config/testdata/dir/rules1-bad.rules"
2020-09-22T16:27:59.650Z	info	app/vmalert/manager.go:84	reading rules configuration file from "config/testdata/dir/rules1-bad.rules"
2020-09-22T16:27:59.650Z	info	app/vmalert/group.go:225	group "groupGorSingleAlert" started; interval=1ms; concurrency=1
2020-09-22T16:27:59.650Z	info	app/vmalert/group.go:225	group "TestGroup" started; interval=1ms; concurrency=1
2020-09-22T16:27:59.650Z	info	app/vmalert/group.go:235	group "TestGroup": received stop signal
2020-09-22T16:27:59.650Z	info	app/vmalert/group.go:235	group "groupGorSingleAlert": received stop signal
2020-09-22T16:27:59.650Z	info	app/vmalert/group.go:225	group "TestGroup" started; interval=2s; concurrency=2
2020-09-22T16:27:59.650Z	info	app/vmalert/group.go:235	group "TestGroup": received stop signal
2020-09-22T16:27:59.650Z	info	app/vmalert/manager.go:84	reading rules configuration file from "config/testdata/rules1-good.rules"
2020-09-22T16:27:59.650Z	info	app/vmalert/manager.go:84	reading rules configuration file from "config/testdata/rules1-good.rules"
2020-09-22T16:27:59.651Z	info	app/vmalert/manager.go:84	reading rules configuration file from "config/testdata/dir/rules0-bad.rules"
2020-09-22T16:27:59.651Z	info	app/vmalert/group.go:225	group "duplicatedGroupDiffFiles" started; interval=1ms; concurrency=1
2020-09-22T16:27:59.651Z	info	app/vmalert/manager.go:84	reading rules configuration file from "config/testdata/rules0-good.rules"
2020-09-22T16:27:59.651Z	info	app/vmalert/group.go:235	group "duplicatedGroupDiffFiles": received stop signal
2020-09-22T16:27:59.651Z	info	app/vmalert/group.go:225	group "groupGorSingleAlert" started; interval=1ms; concurrency=1
2020-09-22T16:27:59.651Z	info	app/vmalert/group.go:225	group "TestGroup" started; interval=1ms; concurrency=1
2020-09-22T16:27:59.651Z	info	app/vmalert/manager.go:84	reading rules configuration file from "config/testdata/rules0-good.rules"
2020-09-22T16:27:59.651Z	info	app/vmalert/group.go:235	group "TestGroup": received stop signal
2020-09-22T16:27:59.651Z	info	app/vmalert/group.go:235	group "groupGorSingleAlert": received stop signal
2020-09-22T16:27:59.651Z	info	app/vmalert/group.go:225	group "groupTest" started; interval=1ms; concurrency=1
2020-09-22T16:27:59.651Z	info	app/vmalert/manager.go:84	reading rules configuration file from "config/testdata/dir/rules0-good.rules"
2020-09-22T16:27:59.651Z	info	app/vmalert/group.go:235	group "groupTest": received stop signal
2020-09-22T16:27:59.651Z	info	app/vmalert/manager.go:84	reading rules configuration file from "config/testdata/rules0-good.rules"
2020-09-22T16:27:59.651Z	info	app/vmalert/group.go:225	group "duplicatedGroupDiffFiles" started; interval=1ms; concurrency=1
2020-09-22T16:27:59.651Z	info	app/vmalert/group.go:235	group "duplicatedGroupDiffFiles": received stop signal
2020-09-22T16:27:59.651Z	info	app/vmalert/group.go:225	group "TestGroup" started; interval=2s; concurrency=2
2020-09-22T16:27:59.651Z	info	app/vmalert/manager.go:84	reading rules configuration file from "config/testdata/dir/rules1-bad.rules"
2020-09-22T16:27:59.652Z	info	app/vmalert/group.go:235	group "TestGroup": received stop signal
2020-09-22T16:27:59.651Z	info	app/vmalert/manager.go:84	reading rules configuration file from "config/testdata/rules2-good.rules"
2020-09-22T16:27:59.652Z	info	app/vmalert/manager.go:84	reading rules configuration file from "config/testdata/rules1-good.rules"
2020-09-22T16:27:59.652Z	info	app/vmalert/manager.go:84	reading rules configuration file from "config/testdata/dir/rules1-bad.rules"
2020-09-22T16:27:59.652Z	info	app/vmalert/group.go:225	group "duplicatedGroupDiffFiles" started; interval=1ms; concurrency=1
2020-09-22T16:27:59.652Z	info	app/vmalert/group.go:235	group "duplicatedGroupDiffFiles": received stop signal
2020-09-22T16:27:59.652Z	info	app/vmalert/group.go:225	group "TestGroup" started; interval=2s; concurrency=2
2020-09-22T16:27:59.652Z	info	app/vmalert/manager.go:84	reading rules configuration file from "config/testdata/dir/rules0-bad.rules"
2020-09-22T16:27:59.652Z	info	app/vmalert/group.go:235	group "TestGroup": received stop signal
2020-09-22T16:27:59.652Z	info	app/vmalert/manager.go:84	reading rules configuration file from "config/testdata/dir/rules0-good.rules"
2020-09-22T16:27:59.652Z	info	app/vmalert/manager.go:84	reading rules configuration file from "config/testdata/dir/rules1-good.rules"
2020-09-22T16:27:59.652Z	info	app/vmalert/group.go:225	group "TestGroup" started; interval=1ms; concurrency=1
2020-09-22T16:27:59.652Z	info	app/vmalert/group.go:225	group "groupGorSingleAlert" started; interval=1ms; concurrency=1
2020-09-22T16:27:59.652Z	info	app/vmalert/group.go:235	group "groupGorSingleAlert": received stop signal
2020-09-22T16:27:59.652Z	info	app/vmalert/group.go:235	group "TestGroup": received stop signal
2020-09-22T16:27:59.652Z	info	app/vmalert/manager.go:84	reading rules configuration file from "config/testdata/dir/rules0-good.rules"
2020-09-22T16:27:59.652Z	info	app/vmalert/manager.go:84	reading rules configuration file from "config/testdata/rules1-good.rules"
2020-09-22T16:27:59.652Z	info	app/vmalert/group.go:225	group "duplicatedGroupDiffFiles" started; interval=1ms; concurrency=1
2020-09-22T16:27:59.652Z	info	app/vmalert/manager.go:84	reading rules configuration file from "config/testdata/dir/rules1-bad.rules"
2020-09-22T16:27:59.652Z	info	app/vmalert/group.go:235	group "duplicatedGroupDiffFiles": received stop signal
2020-09-22T16:27:59.652Z	info	app/vmalert/manager.go:84	reading rules configuration file from "config/testdata/dir/rules0-bad.rules"
2020-09-22T16:27:59.652Z	info	app/vmalert/group.go:225	group "groupTest" started; interval=1ms; concurrency=1
2020-09-22T16:27:59.652Z	info	app/vmalert/group.go:235	group "groupTest": received stop signal
2020-09-22T16:27:59.653Z	info	app/vmalert/group.go:225	group "TestGroup" started; interval=2s; concurrency=2
2020-09-22T16:27:59.653Z	info	app/vmalert/manager.go:84	reading rules configuration file from "config/testdata/rules0-good.rules"
2020-09-22T16:27:59.653Z	info	app/vmalert/manager.go:84	reading rules configuration file from "config/testdata/dir/rules0-good.rules"
2020-09-22T16:27:59.653Z	info	app/vmalert/group.go:235	group "TestGroup": received stop signal
2020-09-22T16:27:59.653Z	info	app/vmalert/group.go:225	group "groupGorSingleAlert" started; interval=1ms; concurrency=1
2020-09-22T16:27:59.653Z	info	app/vmalert/group.go:225	group "TestGroup" started; interval=1ms; concurrency=1
2020-09-22T16:27:59.653Z	info	app/vmalert/group.go:235	group "groupGorSingleAlert": received stop signal
2020-09-22T16:27:59.653Z	info	app/vmalert/manager.go:84	reading rules configuration file from "config/testdata/rules0-good.rules"
2020-09-22T16:27:59.653Z	info	app/vmalert/manager.go:84	reading rules configuration file from "config/testdata/dir/rules1-bad.rules"
2020-09-22T16:27:59.653Z	info	app/vmalert/manager.go:84	reading rules configuration file from "config/testdata/rules2-good.rules"
2020-09-22T16:27:59.653Z	info	app/vmalert/manager.go:84	reading rules configuration file from "config/testdata/rules2-good.rules"
2020-09-22T16:27:59.654Z	info	app/vmalert/group.go:235	group "TestGroup": received stop signal
2020-09-22T16:27:59.654Z	info	app/vmalert/manager.go:84	reading rules configuration file from "config/testdata/dir/rules1-bad.rules"
2020-09-22T16:27:59.654Z	info	app/vmalert/group.go:225	group "groupTest" started; interval=1ms; concurrency=1
2020-09-22T16:27:59.654Z	info	app/vmalert/manager.go:84	reading rules configuration file from "config/testdata/dir/rules1-good.rules"
2020-09-22T16:27:59.654Z	info	app/vmalert/group.go:235	group "groupTest": received stop signal
2020-09-22T16:27:59.654Z	info	app/vmalert/manager.go:84	reading rules configuration file from "config/testdata/dir/rules0-bad.rules"
2020-09-22T16:27:59.654Z	info	app/vmalert/group.go:225	group "duplicatedGroupDiffFiles" started; interval=1ms; concurrency=1
2020-09-22T16:27:59.654Z	info	app/vmalert/manager.go:84	reading rules configuration file from "config/testdata/dir/rules1-good.rules"
2020-09-22T16:27:59.654Z	info	app/vmalert/group.go:235	group "duplicatedGroupDiffFiles": received stop signal
2020-09-22T16:27:59.654Z	info	app/vmalert/manager.go:84	reading rules configuration file from "config/testdata/dir/rules0-good.rules"
2020-09-22T16:27:59.655Z	info	app/vmalert/manager.go:84	reading rules configuration file from "config/testdata/dir/rules0-good.rules"
2020-09-22T16:27:59.654Z	info	app/vmalert/group.go:225	group "groupTest" started; interval=1ms; concurrency=1
2020-09-22T16:27:59.655Z	info	app/vmalert/manager.go:84	reading rules configuration file from "config/testdata/rules0-good.rules"
2020-09-22T16:27:59.655Z	info	app/vmalert/group.go:235	group "groupTest": received stop signal
2020-09-22T16:27:59.655Z	info	app/vmalert/group.go:225	group "groupGorSingleAlert" started; interval=1ms; concurrency=1
2020-09-22T16:27:59.655Z	info	app/vmalert/manager.go:84	reading rules configuration file from "config/testdata/dir/rules0-good.rules"
2020-09-22T16:27:59.655Z	info	app/vmalert/group.go:225	group "TestGroup" started; interval=1ms; concurrency=1
2020-09-22T16:27:59.655Z	info	app/vmalert/manager.go:84	reading rules configuration file from "config/testdata/rules2-good.rules"
2020-09-22T16:27:59.655Z	info	app/vmalert/group.go:235	group "TestGroup": received stop signal
2020-09-22T16:27:59.655Z	info	app/vmalert/group.go:235	group "groupGorSingleAlert": received stop signal
2020-09-22T16:27:59.655Z	info	app/vmalert/manager.go:84	reading rules configuration file from "config/testdata/dir/rules0-good.rules"
2020-09-22T16:27:59.655Z	info	app/vmalert/group.go:225	group "TestGroup" started; interval=2s; concurrency=2
2020-09-22T16:27:59.656Z	info	app/vmalert/group.go:235	group "TestGroup": received stop signal
2020-09-22T16:27:59.656Z	info	app/vmalert/group.go:225	group "duplicatedGroupDiffFiles" started; interval=1ms; concurrency=1
2020-09-22T16:27:59.656Z	info	app/vmalert/manager.go:84	reading rules configuration file from "config/testdata/dir/rules0-good.rules"
2020-09-22T16:27:59.656Z	info	app/vmalert/manager.go:84	reading rules configuration file from "config/testdata/dir/rules1-good.rules"
2020-09-22T16:27:59.656Z	info	app/vmalert/group.go:235	group "duplicatedGroupDiffFiles": received stop signal
2020-09-22T16:27:59.656Z	info	app/vmalert/manager.go:84	reading rules configuration file from "config/testdata/dir/rules1-good.rules"
2020-09-22T16:27:59.656Z	info	app/vmalert/group.go:225	group "groupTest" started; interval=1ms; concurrency=1
2020-09-22T16:27:59.656Z	info	app/vmalert/group.go:235	group "groupTest": received stop signal
2020-09-22T16:27:59.656Z	info	app/vmalert/manager.go:84	reading rules configuration file from "config/testdata/rules1-good.rules"
2020-09-22T16:27:59.656Z	info	app/vmalert/manager.go:84	reading rules configuration file from "config/testdata/dir/rules1-good.rules"
2020-09-22T16:27:59.656Z	info	app/vmalert/group.go:225	group "duplicatedGroupDiffFiles" started; interval=1ms; concurrency=1
2020-09-22T16:27:59.656Z	info	app/vmalert/group.go:235	group "duplicatedGroupDiffFiles": received stop signal
2020-09-22T16:27:59.656Z	info	app/vmalert/group.go:225	group "groupTest" started; interval=1ms; concurrency=1
2020-09-22T16:27:59.656Z	info	app/vmalert/manager.go:84	reading rules configuration file from "config/testdata/rules0-good.rules"
2020-09-22T16:27:59.656Z	info	app/vmalert/group.go:235	group "groupTest": received stop signal
2020-09-22T16:27:59.656Z	info	app/vmalert/manager.go:84	reading rules configuration file from "config/testdata/dir/rules0-bad.rules"
2020-09-22T16:27:59.656Z	info	app/vmalert/manager.go:84	reading rules configuration file from "config/testdata/dir/rules0-bad.rules"
2020-09-22T16:27:59.656Z	info	app/vmalert/group.go:225	group "duplicatedGroupDiffFiles" started; interval=1ms; concurrency=1
2020-09-22T16:27:59.657Z	info	app/vmalert/group.go:235	group "duplicatedGroupDiffFiles": received stop signal
2020-09-22T16:27:59.657Z	info	app/vmalert/group.go:225	group "duplicatedGroupDiffFiles" started; interval=1ms; concurrency=1
2020-09-22T16:27:59.657Z	info	app/vmalert/manager.go:84	reading rules configuration file from "config/testdata/dir/rules1-good.rules"
2020-09-22T16:27:59.657Z	info	app/vmalert/group.go:235	group "duplicatedGroupDiffFiles": received stop signal
2020-09-22T16:27:59.657Z	info	app/vmalert/manager.go:84	reading rules configuration file from "config/testdata/rules2-good.rules"
2020-09-22T16:27:59.657Z	info	app/vmalert/manager.go:84	reading rules configuration file from "config/testdata/dir/rules1-good.rules"
2020-09-22T16:27:59.657Z	info	app/vmalert/group.go:225	group "groupTest" started; interval=1ms; concurrency=1
2020-09-22T16:27:59.657Z	info	app/vmalert/manager.go:84	reading rules configuration file from "config/testdata/dir/rules1-bad.rules"
2020-09-22T16:27:59.657Z	info	app/vmalert/group.go:235	group "groupTest": received stop signal
2020-09-22T16:27:59.657Z	info	app/vmalert/manager.go:84	reading rules configuration file from "config/testdata/rules2-good.rules"
2020-09-22T16:27:59.657Z	info	app/vmalert/group.go:225	group "TestGroup" started; interval=2s; concurrency=2
2020-09-22T16:27:59.657Z	info	app/vmalert/manager.go:84	reading rules configuration file from "config/testdata/rules1-good.rules"
2020-09-22T16:27:59.657Z	info	app/vmalert/group.go:235	group "TestGroup": received stop signal
2020-09-22T16:27:59.657Z	info	app/vmalert/group.go:225	group "duplicatedGroupDiffFiles" started; interval=1ms; concurrency=1
2020-09-22T16:27:59.657Z	info	app/vmalert/group.go:235	group "duplicatedGroupDiffFiles": received stop signal
2020-09-22T16:27:59.657Z	info	app/vmalert/manager.go:84	reading rules configuration file from "config/testdata/dir/rules0-good.rules"
2020-09-22T16:27:59.658Z	info	app/vmalert/manager.go:84	reading rules configuration file from "config/testdata/dir/rules0-bad.rules"
2020-09-22T16:27:59.658Z	info	app/vmalert/manager.go:84	reading rules configuration file from "config/testdata/rules0-good.rules"
2020-09-22T16:27:59.658Z	info	app/vmalert/manager.go:84	reading rules configuration file from "config/testdata/rules0-good.rules"
2020-09-22T16:27:59.658Z	info	app/vmalert/group.go:225	group "groupTest" started; interval=1ms; concurrency=1
2020-09-22T16:27:59.658Z	info	app/vmalert/group.go:235	group "groupTest": received stop signal
2020-09-22T16:27:59.658Z	info	app/vmalert/manager.go:84	reading rules configuration file from "config/testdata/dir/rules1-good.rules"
2020-09-22T16:27:59.658Z	info	app/vmalert/manager.go:84	reading rules configuration file from "config/testdata/dir/rules1-good.rules"
2020-09-22T16:27:59.658Z	info	app/vmalert/group.go:225	group "duplicatedGroupDiffFiles" started; interval=1ms; concurrency=1
2020-09-22T16:27:59.658Z	info	app/vmalert/group.go:235	group "duplicatedGroupDiffFiles": received stop signal
2020-09-22T16:27:59.658Z	info	app/vmalert/manager.go:84	reading rules configuration file from "config/testdata/dir/rules0-good.rules"
2020-09-22T16:27:59.658Z	info	app/vmalert/group.go:225	group "duplicatedGroupDiffFiles" started; interval=1ms; concurrency=1
2020-09-22T16:27:59.658Z	info	app/vmalert/manager.go:84	reading rules configuration file from "config/testdata/dir/rules1-bad.rules"
2020-09-22T16:27:59.659Z	info	app/vmalert/manager.go:84	reading rules configuration file from "config/testdata/dir/rules1-bad.rules"
2020-09-22T16:27:59.659Z	info	app/vmalert/group.go:235	group "duplicatedGroupDiffFiles": received stop signal
2020-09-22T16:27:59.659Z	info	app/vmalert/manager.go:84	reading rules configuration file from "config/testdata/dir/rules1-good.rules"
2020-09-22T16:27:59.659Z	info	app/vmalert/group.go:225	group "duplicatedGroupDiffFiles" started; interval=1ms; concurrency=1
2020-09-22T16:27:59.659Z	info	app/vmalert/group.go:235	group "duplicatedGroupDiffFiles": received stop signal
2020-09-22T16:27:59.659Z	info	app/vmalert/manager.go:84	reading rules configuration file from "config/testdata/dir/rules1-good.rules"
2020-09-22T16:27:59.659Z	info	app/vmalert/group.go:225	group "groupGorSingleAlert" started; interval=1ms; concurrency=1
2020-09-22T16:27:59.659Z	info	app/vmalert/group.go:235	group "groupGorSingleAlert": received stop signal
2020-09-22T16:27:59.659Z	info	app/vmalert/group.go:225	group "TestGroup" started; interval=1ms; concurrency=1
2020-09-22T16:27:59.659Z	info	app/vmalert/group.go:235	group "TestGroup": received stop signal
2020-09-22T16:27:59.659Z	info	app/vmalert/manager.go:84	reading rules configuration file from "config/testdata/rules2-good.rules"
2020-09-22T16:27:59.659Z	info	app/vmalert/manager.go:84	reading rules configuration file from "config/testdata/rules0-good.rules"
2020-09-22T16:27:59.660Z	info	app/vmalert/group.go:225	group "groupTest" started; interval=1ms; concurrency=1
2020-09-22T16:27:59.660Z	info	app/vmalert/group.go:235	group "groupTest": received stop signal
2020-09-22T16:27:59.660Z	info	app/vmalert/group.go:225	group "duplicatedGroupDiffFiles" started; interval=1ms; concurrency=1
2020-09-22T16:27:59.660Z	info	app/vmalert/manager.go:84	reading rules configuration file from "config/testdata/rules0-good.rules"
2020-09-22T16:27:59.660Z	info	app/vmalert/group.go:235	group "duplicatedGroupDiffFiles": received stop signal
2020-09-22T16:27:59.660Z	info	app/vmalert/group.go:225	group "TestGroup" started; interval=2s; concurrency=2
2020-09-22T16:27:59.660Z	info	app/vmalert/manager.go:84	reading rules configuration file from "config/testdata/dir/rules0-bad.rules"
2020-09-22T16:27:59.660Z	info	app/vmalert/group.go:235	group "TestGroup": received stop signal
2020-09-22T16:27:59.660Z	info	app/vmalert/manager.go:84	reading rules configuration file from "config/testdata/rules0-good.rules"
2020-09-22T16:27:59.660Z	info	app/vmalert/group.go:225	group "groupTest" started; interval=1ms; concurrency=1
2020-09-22T16:27:59.660Z	info	app/vmalert/group.go:235	group "groupTest": received stop signal
2020-09-22T16:27:59.660Z	info	app/vmalert/group.go:225	group "TestGroup" started; interval=1ms; concurrency=1
2020-09-22T16:27:59.660Z	info	app/vmalert/manager.go:84	reading rules configuration file from "config/testdata/rules1-good.rules"
2020-09-22T16:27:59.661Z	info	app/vmalert/group.go:225	group "groupGorSingleAlert" started; interval=1ms; concurrency=1
2020-09-22T16:27:59.661Z	info	app/vmalert/manager.go:84	reading rules configuration file from "config/testdata/dir/rules0-good.rules"
2020-09-22T16:27:59.661Z	info	app/vmalert/group.go:235	group "groupGorSingleAlert": received stop signal
2020-09-22T16:27:59.661Z	info	app/vmalert/group.go:235	group "TestGroup": received stop signal
2020-09-22T16:27:59.661Z	info	app/vmalert/manager.go:84	reading rules configuration file from "config/testdata/dir/rules0-bad.rules"
2020-09-22T16:27:59.661Z	info	app/vmalert/group.go:225	group "duplicatedGroupDiffFiles" started; interval=1ms; concurrency=1
2020-09-22T16:27:59.661Z	info	app/vmalert/group.go:235	group "duplicatedGroupDiffFiles": received stop signal
2020-09-22T16:27:59.661Z	info	app/vmalert/manager.go:84	reading rules configuration file from "config/testdata/rules2-good.rules"
2020-09-22T16:27:59.661Z	info	app/vmalert/group.go:225	group "TestGroup" started; interval=1ms; concurrency=1
2020-09-22T16:27:59.661Z	info	app/vmalert/group.go:225	group "groupGorSingleAlert" started; interval=1ms; concurrency=1
2020-09-22T16:27:59.661Z	info	app/vmalert/group.go:235	group "groupGorSingleAlert": received stop signal
2020-09-22T16:27:59.661Z	info	app/vmalert/group.go:235	group "TestGroup": received stop signal
2020-09-22T16:27:59.661Z	info	app/vmalert/manager.go:84	reading rules configuration file from "config/testdata/dir/rules0-good.rules"
2020-09-22T16:27:59.661Z	info	app/vmalert/group.go:225	group "TestGroup" started; interval=2s; concurrency=2
2020-09-22T16:27:59.661Z	info	app/vmalert/manager.go:84	reading rules configuration file from "config/testdata/dir/rules0-bad.rules"
2020-09-22T16:27:59.661Z	info	app/vmalert/manager.go:84	reading rules configuration file from "config/testdata/rules0-good.rules"
2020-09-22T16:27:59.661Z	info	app/vmalert/manager.go:84	reading rules configuration file from "config/testdata/rules0-good.rules"
2020-09-22T16:27:59.661Z	info	app/vmalert/manager.go:84	reading rules configuration file from "config/testdata/rules1-good.rules"
2020-09-22T16:27:59.662Z	info	app/vmalert/manager.go:84	reading rules configuration file from "config/testdata/rules0-good.rules"
2020-09-22T16:27:59.661Z	info	app/vmalert/group.go:235	group "TestGroup": received stop signal
2020-09-22T16:27:59.662Z	info	app/vmalert/group.go:225	group "duplicatedGroupDiffFiles" started; interval=1ms; concurrency=1
2020-09-22T16:27:59.662Z	info	app/vmalert/manager.go:84	reading rules configuration file from "config/testdata/rules2-good.rules"
2020-09-22T16:27:59.662Z	info	app/vmalert/manager.go:84	reading rules configuration file from "config/testdata/dir/rules1-good.rules"
2020-09-22T16:27:59.662Z	info	app/vmalert/manager.go:84	reading rules configuration file from "config/testdata/dir/rules1-bad.rules"
2020-09-22T16:27:59.662Z	info	app/vmalert/group.go:235	group "duplicatedGroupDiffFiles": received stop signal
2020-09-22T16:27:59.662Z	info	app/vmalert/manager.go:84	reading rules configuration file from "config/testdata/rules0-good.rules"
2020-09-22T16:27:59.662Z	info	app/vmalert/manager.go:84	reading rules configuration file from "config/testdata/dir/rules0-bad.rules"
2020-09-22T16:27:59.662Z	info	app/vmalert/group.go:225	group "duplicatedGroupDiffFiles" started; interval=1ms; concurrency=1
2020-09-22T16:27:59.662Z	info	app/vmalert/group.go:235	group "duplicatedGroupDiffFiles": received stop signal
2020-09-22T16:27:59.663Z	info	app/vmalert/group.go:225	group "TestGroup" started; interval=2s; concurrency=2
2020-09-22T16:27:59.663Z	info	app/vmalert/group.go:235	group "TestGroup": received stop signal
2020-09-22T16:27:59.663Z	info	app/vmalert/manager.go:84	reading rules configuration file from "config/testdata/rules1-good.rules"
2020-09-22T16:27:59.663Z	info	app/vmalert/manager.go:84	reading rules configuration file from "config/testdata/dir/rules1-good.rules"
2020-09-22T16:27:59.663Z	info	app/vmalert/group.go:225	group "groupGorSingleAlert" started; interval=1ms; concurrency=1
2020-09-22T16:27:59.663Z	info	app/vmalert/group.go:225	group "TestGroup" started; interval=1ms; concurrency=1
2020-09-22T16:27:59.663Z	info	app/vmalert/group.go:235	group "groupGorSingleAlert": received stop signal
2020-09-22T16:27:59.663Z	info	app/vmalert/group.go:235	group "TestGroup": received stop signal
2020-09-22T16:27:59.663Z	info	app/vmalert/manager.go:84	reading rules configuration file from "config/testdata/dir/rules1-good.rules"
2020-09-22T16:27:59.663Z	info	app/vmalert/group.go:225	group "TestGroup" started; interval=2s; concurrency=2
2020-09-22T16:27:59.663Z	info	app/vmalert/group.go:235	group "TestGroup": received stop signal
2020-09-22T16:27:59.663Z	info	app/vmalert/manager.go:84	reading rules configuration file from "config/testdata/rules1-good.rules"
2020-09-22T16:27:59.664Z	info	app/vmalert/group.go:225	group "duplicatedGroupDiffFiles" started; interval=1ms; concurrency=1
2020-09-22T16:27:59.664Z	info	app/vmalert/group.go:235	group "duplicatedGroupDiffFiles": received stop signal
2020-09-22T16:27:59.664Z	info	app/vmalert/manager.go:84	reading rules configuration file from "config/testdata/rules0-good.rules"
2020-09-22T16:27:59.664Z	info	app/vmalert/group.go:225	group "duplicatedGroupDiffFiles" started; interval=1ms; concurrency=1
2020-09-22T16:27:59.664Z	info	app/vmalert/group.go:235	group "duplicatedGroupDiffFiles": received stop signal
2020-09-22T16:27:59.664Z	info	app/vmalert/manager.go:84	reading rules configuration file from "config/testdata/dir/rules1-bad.rules"
2020-09-22T16:27:59.664Z	info	app/vmalert/manager.go:84	reading rules configuration file from "config/testdata/dir/rules0-bad.rules"
2020-09-22T16:27:59.664Z	info	app/vmalert/group.go:225	group "TestGroup" started; interval=1ms; concurrency=1
2020-09-22T16:27:59.664Z	info	app/vmalert/manager.go:84	reading rules configuration file from "config/testdata/rules2-good.rules"
2020-09-22T16:27:59.664Z	info	app/vmalert/group.go:235	group "TestGroup": received stop signal
2020-09-22T16:27:59.664Z	info	app/vmalert/manager.go:84	reading rules configuration file from "config/testdata/rules0-good.rules"
2020-09-22T16:27:59.664Z	info	app/vmalert/group.go:225	group "groupGorSingleAlert" started; interval=1ms; concurrency=1
2020-09-22T16:27:59.664Z	info	app/vmalert/manager.go:84	reading rules configuration file from "config/testdata/rules1-good.rules"
2020-09-22T16:27:59.664Z	info	app/vmalert/group.go:235	group "groupGorSingleAlert": received stop signal
2020-09-22T16:27:59.664Z	info	app/vmalert/manager.go:84	reading rules configuration file from "config/testdata/dir/rules1-bad.rules"
2020-09-22T16:27:59.664Z	info	app/vmalert/group.go:225	group "duplicatedGroupDiffFiles" started; interval=1ms; concurrency=1
2020-09-22T16:27:59.664Z	info	app/vmalert/group.go:235	group "duplicatedGroupDiffFiles": received stop signal
2020-09-22T16:27:59.665Z	info	app/vmalert/manager.go:84	reading rules configuration file from "config/testdata/dir/rules1-bad.rules"
2020-09-22T16:27:59.665Z	info	app/vmalert/group.go:225	group "TestGroup" started; interval=2s; concurrency=2
2020-09-22T16:27:59.665Z	info	app/vmalert/manager.go:84	reading rules configuration file from "config/testdata/dir/rules1-bad.rules"
2020-09-22T16:27:59.665Z	info	app/vmalert/group.go:235	group "TestGroup": received stop signal
2020-09-22T16:27:59.665Z	info	app/vmalert/group.go:225	group "duplicatedGroupDiffFiles" started; interval=1ms; concurrency=1
2020-09-22T16:27:59.665Z	info	app/vmalert/manager.go:84	reading rules configuration file from "config/testdata/dir/rules1-good.rules"
2020-09-22T16:27:59.665Z	info	app/vmalert/manager.go:84	reading rules configuration file from "config/testdata/dir/rules1-good.rules"
2020-09-22T16:27:59.665Z	info	app/vmalert/group.go:235	group "duplicatedGroupDiffFiles": received stop signal
2020-09-22T16:27:59.665Z	info	app/vmalert/manager.go:84	reading rules configuration file from "config/testdata/rules0-good.rules"
2020-09-22T16:27:59.665Z	info	app/vmalert/group.go:225	group "groupTest" started; interval=1ms; concurrency=1
2020-09-22T16:27:59.665Z	info	app/vmalert/group.go:235	group "groupTest": received stop signal
2020-09-22T16:27:59.666Z	info	app/vmalert/manager.go:84	reading rules configuration file from "config/testdata/rules0-good.rules"
2020-09-22T16:27:59.666Z	info	app/vmalert/manager.go:84	reading rules configuration file from "config/testdata/rules2-good.rules"
2020-09-22T16:27:59.666Z	info	app/vmalert/group.go:225	group "TestGroup" started; interval=2s; concurrency=2
2020-09-22T16:27:59.666Z	info	app/vmalert/group.go:235	group "TestGroup": received stop signal
2020-09-22T16:27:59.666Z	info	app/vmalert/group.go:225	group "groupGorSingleAlert" started; interval=1ms; concurrency=1
2020-09-22T16:27:59.666Z	info	app/vmalert/group.go:235	group "groupGorSingleAlert": received stop signal
2020-09-22T16:27:59.666Z	info	app/vmalert/group.go:225	group "TestGroup" started; interval=1ms; concurrency=1
2020-09-22T16:27:59.666Z	info	app/vmalert/group.go:235	group "TestGroup": received stop signal
2020-09-22T16:27:59.666Z	info	app/vmalert/manager.go:84	reading rules configuration file from "config/testdata/dir/rules0-bad.rules"
2020-09-22T16:27:59.666Z	info	app/vmalert/manager.go:84	reading rules configuration file from "config/testdata/dir/rules1-good.rules"
2020-09-22T16:27:59.666Z	info	app/vmalert/group.go:225	group "groupTest" started; interval=1ms; concurrency=1
2020-09-22T16:27:59.666Z	info	app/vmalert/group.go:235	group "groupTest": received stop signal
2020-09-22T16:27:59.666Z	info	app/vmalert/group.go:225	group "TestGroup" started; interval=1ms; concurrency=1
2020-09-22T16:27:59.666Z	info	app/vmalert/manager.go:84	reading rules configuration file from "config/testdata/dir/rules1-good.rules"
2020-09-22T16:27:59.666Z	info	app/vmalert/group.go:225	group "groupGorSingleAlert" started; interval=1ms; concurrency=1
2020-09-22T16:27:59.666Z	info	app/vmalert/group.go:235	group "groupGorSingleAlert": received stop signal
2020-09-22T16:27:59.666Z	info	app/vmalert/manager.go:84	reading rules configuration file from "config/testdata/rules0-good.rules"
2020-09-22T16:27:59.667Z	info	app/vmalert/group.go:235	group "TestGroup": received stop signal
2020-09-22T16:27:59.667Z	info	app/vmalert/manager.go:84	reading rules configuration file from "config/testdata/rules2-good.rules"
2020-09-22T16:27:59.667Z	info	app/vmalert/manager.go:84	reading rules configuration file from "config/testdata/dir/rules0-bad.rules"
2020-09-22T16:27:59.667Z	info	app/vmalert/group.go:225	group "TestGroup" started; interval=2s; concurrency=2
2020-09-22T16:27:59.667Z	info	app/vmalert/group.go:235	group "TestGroup": received stop signal
2020-09-22T16:27:59.667Z	info	app/vmalert/group.go:225	group "groupTest" started; interval=1ms; concurrency=1
2020-09-22T16:27:59.667Z	info	app/vmalert/manager.go:84	reading rules configuration file from "config/testdata/rules2-good.rules"
2020-09-22T16:27:59.667Z	info	app/vmalert/manager.go:84	reading rules configuration file from "config/testdata/rules1-good.rules"
2020-09-22T16:27:59.667Z	info	app/vmalert/manager.go:84	reading rules configuration file from "config/testdata/dir/rules0-bad.rules"
2020-09-22T16:27:59.667Z	info	app/vmalert/group.go:235	group "groupTest": received stop signal
2020-09-22T16:27:59.667Z	info	app/vmalert/manager.go:84	reading rules configuration file from "config/testdata/dir/rules1-good.rules"
2020-09-22T16:27:59.667Z	info	app/vmalert/manager.go:84	reading rules configuration file from "config/testdata/dir/rules0-good.rules"
2020-09-22T16:27:59.667Z	info	app/vmalert/group.go:225	group "TestGroup" started; interval=1ms; concurrency=1
2020-09-22T16:27:59.668Z	info	app/vmalert/group.go:225	group "groupGorSingleAlert" started; interval=1ms; concurrency=1
2020-09-22T16:27:59.668Z	info	app/vmalert/manager.go:84	reading rules configuration file from "config/testdata/rules0-good.rules"
2020-09-22T16:27:59.668Z	info	app/vmalert/group.go:235	group "groupGorSingleAlert": received stop signal
2020-09-22T16:27:59.668Z	info	app/vmalert/group.go:235	group "TestGroup": received stop signal
2020-09-22T16:27:59.668Z	info	app/vmalert/group.go:225	group "TestGroup" started; interval=2s; concurrency=2
2020-09-22T16:27:59.668Z	info	app/vmalert/group.go:235	group "TestGroup": received stop signal
2020-09-22T16:27:59.668Z	info	app/vmalert/manager.go:84	reading rules configuration file from "config/testdata/rules1-good.rules"
2020-09-22T16:27:59.668Z	info	app/vmalert/group.go:225	group "groupTest" started; interval=1ms; concurrency=1
2020-09-22T16:27:59.668Z	info	app/vmalert/group.go:235	group "groupTest": received stop signal
2020-09-22T16:27:59.668Z	info	app/vmalert/group.go:225	group "TestGroup" started; interval=2s; concurrency=2
2020-09-22T16:27:59.668Z	info	app/vmalert/group.go:235	group "TestGroup": received stop signal
2020-09-22T16:27:59.668Z	info	app/vmalert/manager.go:84	reading rules configuration file from "config/testdata/dir/rules0-bad.rules"
2020-09-22T16:27:59.668Z	info	app/vmalert/group.go:225	group "TestGroup" started; interval=1ms; concurrency=1
2020-09-22T16:27:59.668Z	info	app/vmalert/group.go:225	group "groupGorSingleAlert" started; interval=1ms; concurrency=1
2020-09-22T16:27:59.668Z	info	app/vmalert/group.go:235	group "groupGorSingleAlert": received stop signal
2020-09-22T16:27:59.668Z	info	app/vmalert/manager.go:84	reading rules configuration file from "config/testdata/rules0-good.rules"
2020-09-22T16:27:59.668Z	info	app/vmalert/manager.go:84	reading rules configuration file from "config/testdata/dir/rules0-good.rules"
2020-09-22T16:27:59.668Z	info	app/vmalert/manager.go:84	reading rules configuration file from "config/testdata/dir/rules0-bad.rules"
2020-09-22T16:27:59.668Z	info	app/vmalert/group.go:235	group "TestGroup": received stop signal
2020-09-22T16:27:59.668Z	info	app/vmalert/manager.go:84	reading rules configuration file from "config/testdata/rules0-good.rules"
2020-09-22T16:27:59.669Z	info	app/vmalert/manager.go:84	reading rules configuration file from "config/testdata/dir/rules1-good.rules"
2020-09-22T16:27:59.669Z	info	app/vmalert/group.go:225	group "duplicatedGroupDiffFiles" started; interval=1ms; concurrency=1
2020-09-22T16:27:59.669Z	info	app/vmalert/group.go:235	group "duplicatedGroupDiffFiles": received stop signal
2020-09-22T16:27:59.668Z	info	app/vmalert/manager.go:84	reading rules configuration file from "config/testdata/rules2-good.rules"
2020-09-22T16:27:59.669Z	info	app/vmalert/manager.go:84	reading rules configuration file from "config/testdata/dir/rules0-bad.rules"
2020-09-22T16:27:59.669Z	info	app/vmalert/group.go:225	group "TestGroup" started; interval=2s; concurrency=2
2020-09-22T16:27:59.669Z	info	app/vmalert/group.go:235	group "TestGroup": received stop signal
2020-09-22T16:27:59.669Z	info	app/vmalert/manager.go:84	reading rules configuration file from "config/testdata/dir/rules0-bad.rules"
2020-09-22T16:27:59.669Z	info	app/vmalert/manager.go:84	reading rules configuration file from "config/testdata/dir/rules0-bad.rules"
2020-09-22T16:27:59.669Z	info	app/vmalert/group.go:225	group "TestGroup" started; interval=1ms; concurrency=1
2020-09-22T16:27:59.669Z	info	app/vmalert/group.go:225	group "groupGorSingleAlert" started; interval=1ms; concurrency=1
2020-09-22T16:27:59.670Z	info	app/vmalert/group.go:235	group "groupGorSingleAlert": received stop signal
2020-09-22T16:27:59.670Z	info	app/vmalert/manager.go:84	reading rules configuration file from "config/testdata/dir/rules1-good.rules"
2020-09-22T16:27:59.670Z	info	app/vmalert/group.go:235	group "TestGroup": received stop signal
2020-09-22T16:27:59.670Z	info	app/vmalert/group.go:225	group "duplicatedGroupDiffFiles" started; interval=1ms; concurrency=1
2020-09-22T16:27:59.670Z	info	app/vmalert/manager.go:84	reading rules configuration file from "config/testdata/rules0-good.rules"
2020-09-22T16:27:59.670Z	info	app/vmalert/group.go:235	group "duplicatedGroupDiffFiles": received stop signal
2020-09-22T16:27:59.670Z	info	app/vmalert/group.go:225	group "groupTest" started; interval=1ms; concurrency=1
2020-09-22T16:27:59.670Z	info	app/vmalert/manager.go:84	reading rules configuration file from "config/testdata/dir/rules1-good.rules"
2020-09-22T16:27:59.670Z	info	app/vmalert/manager.go:84	reading rules configuration file from "config/testdata/dir/rules1-bad.rules"
2020-09-22T16:27:59.670Z	info	app/vmalert/manager.go:84	reading rules configuration file from "config/testdata/rules0-good.rules"
2020-09-22T16:27:59.670Z	info	app/vmalert/group.go:235	group "groupTest": received stop signal
2020-09-22T16:27:59.670Z	info	app/vmalert/manager.go:84	reading rules configuration file from "config/testdata/dir/rules0-good.rules"
2020-09-22T16:27:59.670Z	info	app/vmalert/manager.go:84	reading rules configuration file from "config/testdata/dir/rules0-good.rules"
2020-09-22T16:27:59.670Z	info	app/vmalert/manager.go:84	reading rules configuration file from "config/testdata/rules1-good.rules"
2020-09-22T16:27:59.670Z	info	app/vmalert/group.go:225	group "TestGroup" started; interval=2s; concurrency=2
2020-09-22T16:27:59.670Z	info	app/vmalert/manager.go:84	reading rules configuration file from "config/testdata/dir/rules0-good.rules"
2020-09-22T16:27:59.670Z	info	app/vmalert/group.go:235	group "TestGroup": received stop signal
2020-09-22T16:27:59.671Z	info	app/vmalert/manager.go:84	reading rules configuration file from "config/testdata/dir/rules1-good.rules"
2020-09-22T16:27:59.670Z	info	app/vmalert/manager.go:84	reading rules configuration file from "config/testdata/dir/rules1-bad.rules"
2020-09-22T16:27:59.671Z	info	app/vmalert/manager.go:84	reading rules configuration file from "config/testdata/dir/rules1-bad.rules"
2020-09-22T16:27:59.671Z	info	app/vmalert/group.go:225	group "duplicatedGroupDiffFiles" started; interval=1ms; concurrency=1
2020-09-22T16:27:59.671Z	info	app/vmalert/group.go:235	group "duplicatedGroupDiffFiles": received stop signal
2020-09-22T16:27:59.671Z	info	app/vmalert/group.go:225	group "TestGroup" started; interval=1ms; concurrency=1
2020-09-22T16:27:59.671Z	info	app/vmalert/manager.go:84	reading rules configuration file from "config/testdata/dir/rules0-good.rules"
2020-09-22T16:27:59.672Z	info	app/vmalert/manager.go:84	reading rules configuration file from "config/testdata/dir/rules0-bad.rules"
2020-09-22T16:27:59.671Z	info	app/vmalert/group.go:225	group "groupGorSingleAlert" started; interval=1ms; concurrency=1
2020-09-22T16:27:59.672Z	info	app/vmalert/group.go:235	group "groupGorSingleAlert": received stop signal
2020-09-22T16:27:59.672Z	info	app/vmalert/group.go:235	group "TestGroup": received stop signal
2020-09-22T16:27:59.672Z	info	app/vmalert/manager.go:84	reading rules configuration file from "config/testdata/dir/rules1-bad.rules"
2020-09-22T16:27:59.672Z	info	app/vmalert/group.go:225	group "TestGroup" started; interval=2s; concurrency=2
2020-09-22T16:27:59.672Z	info	app/vmalert/group.go:235	group "TestGroup": received stop signal
2020-09-22T16:27:59.672Z	info	app/vmalert/manager.go:84	reading rules configuration file from "config/testdata/dir/rules1-bad.rules"
2020-09-22T16:27:59.672Z	info	app/vmalert/manager.go:84	reading rules configuration file from "config/testdata/dir/rules0-good.rules"
2020-09-22T16:27:59.672Z	info	app/vmalert/group.go:225	group "duplicatedGroupDiffFiles" started; interval=1ms; concurrency=1
2020-09-22T16:27:59.672Z	info	app/vmalert/group.go:235	group "duplicatedGroupDiffFiles": received stop signal
2020-09-22T16:27:59.673Z	info	app/vmalert/manager.go:84	reading rules configuration file from "config/testdata/dir/rules0-bad.rules"
2020-09-22T16:27:59.673Z	info	app/vmalert/group.go:225	group "duplicatedGroupDiffFiles" started; interval=1ms; concurrency=1
2020-09-22T16:27:59.673Z	info	app/vmalert/group.go:235	group "duplicatedGroupDiffFiles": received stop signal
2020-09-22T16:27:59.673Z	info	app/vmalert/manager.go:84	reading rules configuration file from "config/testdata/dir/rules1-good.rules"
2020-09-22T16:27:59.673Z	info	app/vmalert/group.go:225	group "duplicatedGroupDiffFiles" started; interval=1ms; concurrency=1
2020-09-22T16:27:59.673Z	info	app/vmalert/group.go:235	group "duplicatedGroupDiffFiles": received stop signal
2020-09-22T16:27:59.673Z	info	app/vmalert/manager.go:84	reading rules configuration file from "config/testdata/dir/rules1-bad.rules"
2020-09-22T16:27:59.673Z	info	app/vmalert/manager.go:84	reading rules configuration file from "config/testdata/dir/rules1-bad.rules"
2020-09-22T16:27:59.673Z	info	app/vmalert/group.go:225	group "TestGroup" started; interval=2s; concurrency=2
2020-09-22T16:27:59.673Z	info	app/vmalert/manager.go:84	reading rules configuration file from "config/testdata/rules1-good.rules"
2020-09-22T16:27:59.673Z	info	app/vmalert/group.go:235	group "TestGroup": received stop signal
2020-09-22T16:27:59.673Z	info	app/vmalert/manager.go:84	reading rules configuration file from "config/testdata/dir/rules1-good.rules"
2020-09-22T16:27:59.673Z	info	app/vmalert/group.go:225	group "duplicatedGroupDiffFiles" started; interval=1ms; concurrency=1
2020-09-22T16:27:59.673Z	info	app/vmalert/group.go:235	group "duplicatedGroupDiffFiles": received stop signal
2020-09-22T16:27:59.673Z	info	app/vmalert/manager.go:84	reading rules configuration file from "config/testdata/dir/rules0-good.rules"
2020-09-22T16:27:59.673Z	info	app/vmalert/manager.go:84	reading rules configuration file from "config/testdata/rules0-good.rules"
2020-09-22T16:27:59.673Z	info	app/vmalert/group.go:225	group "TestGroup" started; interval=2s; concurrency=2
2020-09-22T16:27:59.673Z	info	app/vmalert/group.go:235	group "TestGroup": received stop signal
2020-09-22T16:27:59.674Z	info	app/vmalert/manager.go:84	reading rules configuration file from "config/testdata/dir/rules0-good.rules"
2020-09-22T16:27:59.674Z	info	app/vmalert/manager.go:84	reading rules configuration file from "config/testdata/rules1-good.rules"
2020-09-22T16:27:59.674Z	info	app/vmalert/manager.go:84	reading rules configuration file from "config/testdata/dir/rules1-good.rules"
2020-09-22T16:27:59.674Z	info	app/vmalert/group.go:225	group "duplicatedGroupDiffFiles" started; interval=1ms; concurrency=1
2020-09-22T16:27:59.674Z	info	app/vmalert/manager.go:84	reading rules configuration file from "config/testdata/rules0-good.rules"
2020-09-22T16:27:59.674Z	info	app/vmalert/group.go:235	group "duplicatedGroupDiffFiles": received stop signal
2020-09-22T16:27:59.674Z	info	app/vmalert/group.go:225	group "groupGorSingleAlert" started; interval=1ms; concurrency=1
2020-09-22T16:27:59.674Z	info	app/vmalert/group.go:225	group "TestGroup" started; interval=1ms; concurrency=1
2020-09-22T16:27:59.674Z	info	app/vmalert/manager.go:84	reading rules configuration file from "config/testdata/dir/rules1-good.rules"
2020-09-22T16:27:59.674Z	info	app/vmalert/manager.go:84	reading rules configuration file from "config/testdata/rules0-good.rules"
2020-09-22T16:27:59.674Z	info	app/vmalert/group.go:235	group "TestGroup": received stop signal
2020-09-22T16:27:59.675Z	info	app/vmalert/group.go:235	group "groupGorSingleAlert": received stop signal
2020-09-22T16:27:59.675Z	info	app/vmalert/group.go:225	group "duplicatedGroupDiffFiles" started; interval=1ms; concurrency=1
2020-09-22T16:27:59.675Z	info	app/vmalert/manager.go:84	reading rules configuration file from "config/testdata/dir/rules1-bad.rules"
2020-09-22T16:27:59.675Z	info	app/vmalert/group.go:235	group "duplicatedGroupDiffFiles": received stop signal
2020-09-22T16:27:59.675Z	info	app/vmalert/group.go:225	group "groupGorSingleAlert" started; interval=1ms; concurrency=1
2020-09-22T16:27:59.675Z	info	app/vmalert/manager.go:84	reading rules configuration file from "config/testdata/dir/rules0-good.rules"
2020-09-22T16:27:59.675Z	info	app/vmalert/group.go:225	group "TestGroup" started; interval=1ms; concurrency=1
2020-09-22T16:27:59.675Z	info	app/vmalert/manager.go:84	reading rules configuration file from "config/testdata/dir/rules1-bad.rules"
2020-09-22T16:27:59.675Z	info	app/vmalert/group.go:235	group "groupGorSingleAlert": received stop signal
2020-09-22T16:27:59.675Z	info	app/vmalert/group.go:235	group "TestGroup": received stop signal
2020-09-22T16:27:59.675Z	info	app/vmalert/group.go:225	group "duplicatedGroupDiffFiles" started; interval=1ms; concurrency=1
2020-09-22T16:27:59.675Z	info	app/vmalert/group.go:235	group "duplicatedGroupDiffFiles": received stop signal
2020-09-22T16:27:59.675Z	info	app/vmalert/manager.go:84	reading rules configuration file from "config/testdata/rules2-good.rules"
2020-09-22T16:27:59.675Z	info	app/vmalert/group.go:225	group "duplicatedGroupDiffFiles" started; interval=1ms; concurrency=1
2020-09-22T16:27:59.675Z	info	app/vmalert/group.go:235	group "duplicatedGroupDiffFiles": received stop signal
2020-09-22T16:27:59.675Z	info	app/vmalert/manager.go:84	reading rules configuration file from "config/testdata/dir/rules1-good.rules"
2020-09-22T16:27:59.675Z	info	app/vmalert/manager.go:84	reading rules configuration file from "config/testdata/dir/rules0-bad.rules"
2020-09-22T16:27:59.675Z	info	app/vmalert/manager.go:84	reading rules configuration file from "config/testdata/dir/rules0-bad.rules"
2020-09-22T16:27:59.675Z	info	app/vmalert/manager.go:84	reading rules configuration file from "config/testdata/rules2-good.rules"
2020-09-22T16:27:59.675Z	info	app/vmalert/group.go:225	group "TestGroup" started; interval=1ms; concurrency=1
2020-09-22T16:27:59.675Z	info	app/vmalert/group.go:225	group "groupGorSingleAlert" started; interval=1ms; concurrency=1
2020-09-22T16:27:59.676Z	info	app/vmalert/group.go:235	group "groupGorSingleAlert": received stop signal
2020-09-22T16:27:59.676Z	info	app/vmalert/group.go:235	group "TestGroup": received stop signal
2020-09-22T16:27:59.676Z	info	app/vmalert/manager.go:84	reading rules configuration file from "config/testdata/rules2-good.rules"
2020-09-22T16:27:59.676Z	info	app/vmalert/manager.go:84	reading rules configuration file from "config/testdata/dir/rules1-good.rules"
2020-09-22T16:27:59.676Z	info	app/vmalert/group.go:225	group "TestGroup" started; interval=2s; concurrency=2
2020-09-22T16:27:59.676Z	info	app/vmalert/group.go:235	group "TestGroup": received stop signal
2020-09-22T16:27:59.676Z	info	app/vmalert/group.go:225	group "groupGorSingleAlert" started; interval=1ms; concurrency=1
2020-09-22T16:27:59.676Z	info	app/vmalert/manager.go:84	reading rules configuration file from "config/testdata/dir/rules1-good.rules"
2020-09-22T16:27:59.676Z	info	app/vmalert/group.go:235	group "groupGorSingleAlert": received stop signal
2020-09-22T16:27:59.676Z	info	app/vmalert/manager.go:84	reading rules configuration file from "config/testdata/rules0-good.rules"
2020-09-22T16:27:59.676Z	info	app/vmalert/group.go:225	group "TestGroup" started; interval=1ms; concurrency=1
2020-09-22T16:27:59.676Z	info	app/vmalert/group.go:235	group "TestGroup": received stop signal
2020-09-22T16:27:59.676Z	info	app/vmalert/manager.go:84	reading rules configuration file from "config/testdata/dir/rules0-good.rules"
2020-09-22T16:27:59.676Z	info	app/vmalert/group.go:225	group "groupTest" started; interval=1ms; concurrency=1
2020-09-22T16:27:59.676Z	info	app/vmalert/group.go:235	group "groupTest": received stop signal
2020-09-22T16:27:59.676Z	info	app/vmalert/manager.go:84	reading rules configuration file from "config/testdata/dir/rules1-bad.rules"
2020-09-22T16:27:59.677Z	info	app/vmalert/group.go:225	group "duplicatedGroupDiffFiles" started; interval=1ms; concurrency=1
2020-09-22T16:27:59.677Z	info	app/vmalert/manager.go:84	reading rules configuration file from "config/testdata/dir/rules1-bad.rules"
2020-09-22T16:27:59.677Z	info	app/vmalert/group.go:235	group "duplicatedGroupDiffFiles": received stop signal
2020-09-22T16:27:59.677Z	info	app/vmalert/manager.go:84	reading rules configuration file from "config/testdata/dir/rules1-good.rules"
2020-09-22T16:27:59.677Z	info	app/vmalert/manager.go:84	reading rules configuration file from "config/testdata/rules2-good.rules"
2020-09-22T16:27:59.677Z	info	app/vmalert/manager.go:84	reading rules configuration file from "config/testdata/dir/rules0-good.rules"
2020-09-22T16:27:59.677Z	info	app/vmalert/group.go:225	group "TestGroup" started; interval=2s; concurrency=2
2020-09-22T16:27:59.677Z	info	app/vmalert/group.go:235	group "TestGroup": received stop signal
2020-09-22T16:27:59.677Z	info	app/vmalert/group.go:225	group "groupTest" started; interval=1ms; concurrency=1
2020-09-22T16:27:59.677Z	info	app/vmalert/manager.go:84	reading rules configuration file from "config/testdata/rules0-good.rules"
2020-09-22T16:27:59.677Z	info	app/vmalert/group.go:235	group "groupTest": received stop signal
2020-09-22T16:27:59.677Z	info	app/vmalert/manager.go:84	reading rules configuration file from "config/testdata/rules2-good.rules"
2020-09-22T16:27:59.677Z	info	app/vmalert/group.go:225	group "duplicatedGroupDiffFiles" started; interval=1ms; concurrency=1
2020-09-22T16:27:59.677Z	info	app/vmalert/group.go:235	group "duplicatedGroupDiffFiles": received stop signal
2020-09-22T16:27:59.677Z	info	app/vmalert/group.go:225	group "duplicatedGroupDiffFiles" started; interval=1ms; concurrency=1
2020-09-22T16:27:59.677Z	info	app/vmalert/manager.go:84	reading rules configuration file from "config/testdata/rules2-good.rules"
2020-09-22T16:27:59.677Z	info	app/vmalert/group.go:235	group "duplicatedGroupDiffFiles": received stop signal
2020-09-22T16:27:59.677Z	info	app/vmalert/manager.go:84	reading rules configuration file from "config/testdata/dir/rules0-bad.rules"
2020-09-22T16:27:59.677Z	info	app/vmalert/group.go:225	group "TestGroup" started; interval=2s; concurrency=2
2020-09-22T16:27:59.677Z	info	app/vmalert/manager.go:84	reading rules configuration file from "config/testdata/rules0-good.rules"
2020-09-22T16:27:59.677Z	info	app/vmalert/manager.go:84	reading rules configuration file from "config/testdata/rules2-good.rules"
2020-09-22T16:27:59.677Z	info	app/vmalert/manager.go:84	reading rules configuration file from "config/testdata/dir/rules1-bad.rules"
2020-09-22T16:27:59.677Z	info	app/vmalert/group.go:235	group "TestGroup": received stop signal
2020-09-22T16:27:59.678Z	info	app/vmalert/group.go:225	group "groupTest" started; interval=1ms; concurrency=1
2020-09-22T16:27:59.678Z	info	app/vmalert/group.go:235	group "groupTest": received stop signal
2020-09-22T16:27:59.678Z	info	app/vmalert/manager.go:84	reading rules configuration file from "config/testdata/rules1-good.rules"
2020-09-22T16:27:59.678Z	info	app/vmalert/manager.go:84	reading rules configuration file from "config/testdata/dir/rules0-bad.rules"
2020-09-22T16:27:59.678Z	info	app/vmalert/group.go:225	group "TestGroup" started; interval=1ms; concurrency=1
2020-09-22T16:27:59.678Z	info	app/vmalert/group.go:225	group "groupGorSingleAlert" started; interval=1ms; concurrency=1
2020-09-22T16:27:59.678Z	info	app/vmalert/group.go:235	group "groupGorSingleAlert": received stop signal
2020-09-22T16:27:59.678Z	info	app/vmalert/manager.go:84	reading rules configuration file from "config/testdata/rules1-good.rules"
2020-09-22T16:27:59.678Z	info	app/vmalert/group.go:235	group "TestGroup": received stop signal
2020-09-22T16:27:59.678Z	info	app/vmalert/manager.go:84	reading rules configuration file from "config/testdata/rules0-good.rules"
2020-09-22T16:27:59.678Z	info	app/vmalert/group.go:225	group "duplicatedGroupDiffFiles" started; interval=1ms; concurrency=1
2020-09-22T16:27:59.679Z	info	app/vmalert/group.go:235	group "duplicatedGroupDiffFiles": received stop signal
2020-09-22T16:27:59.679Z	info	app/vmalert/manager.go:84	reading rules configuration file from "config/testdata/dir/rules0-bad.rules"
2020-09-22T16:27:59.679Z	info	app/vmalert/manager.go:84	reading rules configuration file from "config/testdata/rules2-good.rules"
2020-09-22T16:27:59.679Z	info	app/vmalert/group.go:225	group "groupTest" started; interval=1ms; concurrency=1
2020-09-22T16:27:59.679Z	info	app/vmalert/manager.go:84	reading rules configuration file from "config/testdata/rules1-good.rules"
2020-09-22T16:27:59.679Z	info	app/vmalert/group.go:235	group "groupTest": received stop signal
2020-09-22T16:27:59.679Z	info	app/vmalert/manager.go:84	reading rules configuration file from "config/testdata/dir/rules0-bad.rules"
2020-09-22T16:27:59.679Z	info	app/vmalert/group.go:225	group "TestGroup" started; interval=1ms; concurrency=1
2020-09-22T16:27:59.679Z	info	app/vmalert/manager.go:84	reading rules configuration file from "config/testdata/dir/rules0-bad.rules"
2020-09-22T16:27:59.679Z	info	app/vmalert/manager.go:84	reading rules configuration file from "config/testdata/rules0-good.rules"
2020-09-22T16:27:59.679Z	info	app/vmalert/group.go:225	group "groupGorSingleAlert" started; interval=1ms; concurrency=1
2020-09-22T16:27:59.680Z	info	app/vmalert/group.go:235	group "groupGorSingleAlert": received stop signal
2020-09-22T16:27:59.680Z	info	app/vmalert/group.go:235	group "TestGroup": received stop signal
2020-09-22T16:27:59.680Z	info	app/vmalert/group.go:225	group "groupTest" started; interval=1ms; concurrency=1
2020-09-22T16:27:59.680Z	info	app/vmalert/group.go:235	group "groupTest": received stop signal
2020-09-22T16:27:59.680Z	info	app/vmalert/manager.go:84	reading rules configuration file from "config/testdata/rules2-good.rules"
2020-09-22T16:27:59.680Z	info	app/vmalert/manager.go:84	reading rules configuration file from "config/testdata/dir/rules0-bad.rules"
2020-09-22T16:27:59.680Z	info	app/vmalert/manager.go:84	reading rules configuration file from "config/testdata/dir/rules0-bad.rules"
2020-09-22T16:27:59.680Z	info	app/vmalert/manager.go:84	reading rules configuration file from "config/testdata/dir/rules0-good.rules"
2020-09-22T16:27:59.680Z	info	app/vmalert/group.go:225	group "TestGroup" started; interval=2s; concurrency=2
2020-09-22T16:27:59.680Z	info	app/vmalert/group.go:235	group "TestGroup": received stop signal
2020-09-22T16:27:59.680Z	info	app/vmalert/manager.go:84	reading rules configuration file from "config/testdata/dir/rules0-good.rules"
2020-09-22T16:27:59.680Z	info	app/vmalert/group.go:225	group "groupTest" started; interval=1ms; concurrency=1
2020-09-22T16:27:59.680Z	info	app/vmalert/manager.go:84	reading rules configuration file from "config/testdata/dir/rules1-bad.rules"
2020-09-22T16:27:59.680Z	info	app/vmalert/manager.go:84	reading rules configuration file from "config/testdata/dir/rules0-good.rules"
2020-09-22T16:27:59.680Z	info	app/vmalert/group.go:235	group "groupTest": received stop signal
2020-09-22T16:27:59.681Z	info	app/vmalert/group.go:225	group "duplicatedGroupDiffFiles" started; interval=1ms; concurrency=1
2020-09-22T16:27:59.681Z	info	app/vmalert/manager.go:84	reading rules configuration file from "config/testdata/rules1-good.rules"
2020-09-22T16:27:59.681Z	info	app/vmalert/group.go:235	group "duplicatedGroupDiffFiles": received stop signal
2020-09-22T16:27:59.681Z	info	app/vmalert/manager.go:84	reading rules configuration file from "config/testdata/rules1-good.rules"
2020-09-22T16:27:59.681Z	info	app/vmalert/manager.go:84	reading rules configuration file from "config/testdata/rules2-good.rules"
2020-09-22T16:27:59.681Z	info	app/vmalert/group.go:225	group "duplicatedGroupDiffFiles" started; interval=1ms; concurrency=1
2020-09-22T16:27:59.681Z	info	app/vmalert/manager.go:84	reading rules configuration file from "config/testdata/dir/rules1-bad.rules"
2020-09-22T16:27:59.681Z	info	app/vmalert/group.go:235	group "duplicatedGroupDiffFiles": received stop signal
2020-09-22T16:27:59.681Z	info	app/vmalert/manager.go:84	reading rules configuration file from "config/testdata/rules2-good.rules"
2020-09-22T16:27:59.682Z	info	app/vmalert/group.go:225	group "TestGroup" started; interval=2s; concurrency=2
2020-09-22T16:27:59.682Z	info	app/vmalert/group.go:235	group "TestGroup": received stop signal
2020-09-22T16:27:59.682Z	info	app/vmalert/manager.go:84	reading rules configuration file from "config/testdata/dir/rules1-good.rules"
2020-09-22T16:27:59.682Z	info	app/vmalert/manager.go:84	reading rules configuration file from "config/testdata/rules1-good.rules"
2020-09-22T16:27:59.682Z	info	app/vmalert/group.go:225	group "groupTest" started; interval=1ms; concurrency=1
2020-09-22T16:27:59.682Z	info	app/vmalert/manager.go:84	reading rules configuration file from "config/testdata/dir/rules1-good.rules"
2020-09-22T16:27:59.682Z	info	app/vmalert/group.go:235	group "groupTest": received stop signal
2020-09-22T16:27:59.682Z	info	app/vmalert/group.go:225	group "groupGorSingleAlert" started; interval=1ms; concurrency=1
2020-09-22T16:27:59.682Z	info	app/vmalert/group.go:235	group "groupGorSingleAlert": received stop signal
2020-09-22T16:27:59.682Z	info	app/vmalert/group.go:225	group "TestGroup" started; interval=1ms; concurrency=1
2020-09-22T16:27:59.682Z	info	app/vmalert/group.go:235	group "TestGroup": received stop signal
2020-09-22T16:27:59.682Z	info	app/vmalert/manager.go:84	reading rules configuration file from "config/testdata/dir/rules1-bad.rules"
2020-09-22T16:27:59.682Z	info	app/vmalert/manager.go:84	reading rules configuration file from "config/testdata/rules0-good.rules"
2020-09-22T16:27:59.682Z	info	app/vmalert/group.go:225	group "groupTest" started; interval=1ms; concurrency=1
2020-09-22T16:27:59.682Z	info	app/vmalert/group.go:235	group "groupTest": received stop signal
2020-09-22T16:27:59.683Z	info	app/vmalert/manager.go:84	reading rules configuration file from "config/testdata/rules0-good.rules"
2020-09-22T16:27:59.683Z	info	app/vmalert/group.go:225	group "duplicatedGroupDiffFiles" started; interval=1ms; concurrency=1
2020-09-22T16:27:59.683Z	info	app/vmalert/group.go:235	group "duplicatedGroupDiffFiles": received stop signal
2020-09-22T16:27:59.683Z	info	app/vmalert/manager.go:84	reading rules configuration file from "config/testdata/rules2-good.rules"
2020-09-22T16:27:59.683Z	info	app/vmalert/manager.go:84	reading rules configuration file from "config/testdata/rules1-good.rules"
2020-09-22T16:27:59.683Z	info	app/vmalert/manager.go:84	reading rules configuration file from "config/testdata/rules2-good.rules"
2020-09-22T16:27:59.683Z	info	app/vmalert/group.go:225	group "duplicatedGroupDiffFiles" started; interval=1ms; concurrency=1
2020-09-22T16:27:59.683Z	info	app/vmalert/group.go:235	group "duplicatedGroupDiffFiles": received stop signal
2020-09-22T16:27:59.683Z	info	app/vmalert/group.go:225	group "TestGroup" started; interval=2s; concurrency=2
2020-09-22T16:27:59.684Z	info	app/vmalert/manager.go:84	reading rules configuration file from "config/testdata/dir/rules0-good.rules"
2020-09-22T16:27:59.684Z	info	app/vmalert/manager.go:84	reading rules configuration file from "config/testdata/dir/rules1-bad.rules"
2020-09-22T16:27:59.684Z	info	app/vmalert/group.go:235	group "TestGroup": received stop signal
2020-09-22T16:27:59.684Z	info	app/vmalert/manager.go:84	reading rules configuration file from "config/testdata/dir/rules1-bad.rules"
2020-09-22T16:27:59.684Z	info	app/vmalert/group.go:225	group "duplicatedGroupDiffFiles" started; interval=1ms; concurrency=1
2020-09-22T16:27:59.684Z	info	app/vmalert/group.go:235	group "duplicatedGroupDiffFiles": received stop signal
2020-09-22T16:27:59.684Z	info	app/vmalert/manager.go:84	reading rules configuration file from "config/testdata/dir/rules0-good.rules"
2020-09-22T16:27:59.684Z	info	app/vmalert/group.go:225	group "TestGroup" started; interval=2s; concurrency=2
2020-09-22T16:27:59.684Z	info	app/vmalert/group.go:235	group "TestGroup": received stop signal
2020-09-22T16:27:59.684Z	info	app/vmalert/manager.go:84	reading rules configuration file from "config/testdata/rules1-good.rules"
2020-09-22T16:27:59.684Z	info	app/vmalert/manager.go:84	reading rules configuration file from "config/testdata/rules1-good.rules"
2020-09-22T16:27:59.684Z	info	app/vmalert/group.go:225	group "groupTest" started; interval=1ms; concurrency=1
2020-09-22T16:27:59.684Z	info	app/vmalert/group.go:235	group "groupTest": received stop signal
2020-09-22T16:27:59.684Z	info	app/vmalert/manager.go:84	reading rules configuration file from "config/testdata/rules0-good.rules"
2020-09-22T16:27:59.685Z	info	app/vmalert/manager.go:84	reading rules configuration file from "config/testdata/dir/rules1-good.rules"
2020-09-22T16:27:59.685Z	info	app/vmalert/manager.go:84	reading rules configuration file from "config/testdata/dir/rules0-good.rules"
2020-09-22T16:27:59.685Z	info	app/vmalert/group.go:225	group "TestGroup" started; interval=2s; concurrency=2
2020-09-22T16:27:59.685Z	info	app/vmalert/group.go:235	group "TestGroup": received stop signal
2020-09-22T16:27:59.685Z	info	app/vmalert/group.go:225	group "duplicatedGroupDiffFiles" started; interval=1ms; concurrency=1
2020-09-22T16:27:59.685Z	info	app/vmalert/manager.go:84	reading rules configuration file from "config/testdata/dir/rules0-bad.rules"
2020-09-22T16:27:59.685Z	info	app/vmalert/group.go:235	group "duplicatedGroupDiffFiles": received stop signal
2020-09-22T16:27:59.685Z	info	app/vmalert/manager.go:84	reading rules configuration file from "config/testdata/rules2-good.rules"
2020-09-22T16:27:59.685Z	info	app/vmalert/group.go:225	group "groupTest" started; interval=1ms; concurrency=1
2020-09-22T16:27:59.685Z	info	app/vmalert/group.go:235	group "groupTest": received stop signal
2020-09-22T16:27:59.685Z	info	app/vmalert/manager.go:84	reading rules configuration file from "config/testdata/rules0-good.rules"
2020-09-22T16:27:59.685Z	info	app/vmalert/group.go:225	group "duplicatedGroupDiffFiles" started; interval=1ms; concurrency=1
2020-09-22T16:27:59.685Z	info	app/vmalert/group.go:235	group "duplicatedGroupDiffFiles": received stop signal
2020-09-22T16:27:59.686Z	info	app/vmalert/manager.go:84	reading rules configuration file from "config/testdata/rules2-good.rules"
2020-09-22T16:27:59.686Z	info	app/vmalert/manager.go:84	reading rules configuration file from "config/testdata/dir/rules0-good.rules"
2020-09-22T16:27:59.686Z	info	app/vmalert/group.go:225	group "TestGroup" started; interval=2s; concurrency=2
2020-09-22T16:27:59.686Z	info	app/vmalert/manager.go:84	reading rules configuration file from "config/testdata/rules0-good.rules"
2020-09-22T16:27:59.686Z	info	app/vmalert/group.go:235	group "TestGroup": received stop signal
2020-09-22T16:27:59.686Z	info	app/vmalert/manager.go:84	reading rules configuration file from "config/testdata/rules0-good.rules"
2020-09-22T16:27:59.686Z	info	app/vmalert/manager.go:84	reading rules configuration file from "config/testdata/dir/rules1-bad.rules"
2020-09-22T16:27:59.686Z	info	app/vmalert/group.go:225	group "duplicatedGroupDiffFiles" started; interval=1ms; concurrency=1
2020-09-22T16:27:59.686Z	info	app/vmalert/group.go:235	group "duplicatedGroupDiffFiles": received stop signal
2020-09-22T16:27:59.686Z	info	app/vmalert/group.go:225	group "groupGorSingleAlert" started; interval=1ms; concurrency=1
2020-09-22T16:27:59.686Z	info	app/vmalert/group.go:225	group "TestGroup" started; interval=1ms; concurrency=1
2020-09-22T16:27:59.686Z	info	app/vmalert/group.go:235	group "groupGorSingleAlert": received stop signal
2020-09-22T16:27:59.686Z	info	app/vmalert/manager.go:84	reading rules configuration file from "config/testdata/rules0-good.rules"
2020-09-22T16:27:59.686Z	info	app/vmalert/group.go:235	group "TestGroup": received stop signal
2020-09-22T16:27:59.686Z	info	app/vmalert/group.go:225	group "duplicatedGroupDiffFiles" started; interval=1ms; concurrency=1
2020-09-22T16:27:59.686Z	info	app/vmalert/group.go:235	group "duplicatedGroupDiffFiles": received stop signal
2020-09-22T16:27:59.687Z	info	app/vmalert/manager.go:84	reading rules configuration file from "config/testdata/dir/rules0-bad.rules"
2020-09-22T16:27:59.687Z	info	app/vmalert/group.go:225	group "duplicatedGroupDiffFiles" started; interval=1ms; concurrency=1
2020-09-22T16:27:59.687Z	info	app/vmalert/manager.go:84	reading rules configuration file from "config/testdata/rules2-good.rules"
2020-09-22T16:27:59.687Z	info	app/vmalert/manager.go:84	reading rules configuration file from "config/testdata/dir/rules0-bad.rules"
2020-09-22T16:27:59.687Z	info	app/vmalert/group.go:235	group "duplicatedGroupDiffFiles": received stop signal
2020-09-22T16:27:59.687Z	info	app/vmalert/manager.go:84	reading rules configuration file from "config/testdata/rules1-good.rules"
2020-09-22T16:27:59.687Z	info	app/vmalert/group.go:225	group "groupTest" started; interval=1ms; concurrency=1
2020-09-22T16:27:59.687Z	info	app/vmalert/group.go:235	group "groupTest": received stop signal
2020-09-22T16:27:59.687Z	info	app/vmalert/group.go:225	group "TestGroup" started; interval=2s; concurrency=2
2020-09-22T16:27:59.687Z	info	app/vmalert/group.go:235	group "TestGroup": received stop signal
2020-09-22T16:27:59.687Z	info	app/vmalert/manager.go:84	reading rules configuration file from "config/testdata/dir/rules0-bad.rules"
2020-09-22T16:27:59.687Z	info	app/vmalert/group.go:225	group "duplicatedGroupDiffFiles" started; interval=1ms; concurrency=1
2020-09-22T16:27:59.687Z	info	app/vmalert/manager.go:84	reading rules configuration file from "config/testdata/rules2-good.rules"
2020-09-22T16:27:59.687Z	info	app/vmalert/group.go:235	group "duplicatedGroupDiffFiles": received stop signal
2020-09-22T16:27:59.688Z	info	app/vmalert/group.go:225	group "groupGorSingleAlert" started; interval=1ms; concurrency=1
2020-09-22T16:27:59.688Z	info	app/vmalert/group.go:235	group "groupGorSingleAlert": received stop signal
2020-09-22T16:27:59.688Z	info	app/vmalert/manager.go:84	reading rules configuration file from "config/testdata/dir/rules0-bad.rules"
2020-09-22T16:27:59.688Z	info	app/vmalert/manager.go:84	reading rules configuration file from "config/testdata/dir/rules1-bad.rules"
2020-09-22T16:27:59.688Z	info	app/vmalert/group.go:225	group "TestGroup" started; interval=1ms; concurrency=1
2020-09-22T16:27:59.688Z	info	app/vmalert/group.go:235	group "TestGroup": received stop signal
2020-09-22T16:27:59.688Z	info	app/vmalert/manager.go:84	reading rules configuration file from "config/testdata/dir/rules1-bad.rules"
2020-09-22T16:27:59.688Z	info	app/vmalert/manager.go:84	reading rules configuration file from "config/testdata/dir/rules1-bad.rules"
2020-09-22T16:27:59.689Z	info	app/vmalert/group.go:225	group "TestGroup" started; interval=2s; concurrency=2
2020-09-22T16:27:59.689Z	info	app/vmalert/manager.go:84	reading rules configuration file from "config/testdata/dir/rules1-bad.rules"
2020-09-22T16:27:59.689Z	info	app/vmalert/group.go:235	group "TestGroup": received stop signal
2020-09-22T16:27:59.689Z	info	app/vmalert/manager.go:84	reading rules configuration file from "config/testdata/dir/rules0-good.rules"
2020-09-22T16:27:59.689Z	info	app/vmalert/manager.go:84	reading rules configuration file from "config/testdata/dir/rules0-bad.rules"
2020-09-22T16:27:59.689Z	info	app/vmalert/group.go:225	group "duplicatedGroupDiffFiles" started; interval=1ms; concurrency=1
2020-09-22T16:27:59.689Z	info	app/vmalert/manager.go:84	reading rules configuration file from "config/testdata/dir/rules0-good.rules"
2020-09-22T16:27:59.689Z	info	app/vmalert/group.go:235	group "duplicatedGroupDiffFiles": received stop signal
2020-09-22T16:27:59.689Z	info	app/vmalert/group.go:225	group "groupGorSingleAlert" started; interval=1ms; concurrency=1
2020-09-22T16:27:59.689Z	info	app/vmalert/group.go:225	group "TestGroup" started; interval=1ms; concurrency=1
2020-09-22T16:27:59.689Z	info	app/vmalert/group.go:235	group "groupGorSingleAlert": received stop signal
2020-09-22T16:27:59.689Z	info	app/vmalert/manager.go:84	reading rules configuration file from "config/testdata/dir/rules0-bad.rules"
2020-09-22T16:27:59.690Z	info	app/vmalert/group.go:235	group "TestGroup": received stop signal
2020-09-22T16:27:59.690Z	info	app/vmalert/manager.go:84	reading rules configuration file from "config/testdata/rules1-good.rules"
2020-09-22T16:27:59.690Z	info	app/vmalert/group.go:225	group "TestGroup" started; interval=2s; concurrency=2
2020-09-22T16:27:59.690Z	info	app/vmalert/manager.go:84	reading rules configuration file from "config/testdata/rules0-good.rules"
2020-09-22T16:27:59.690Z	info	app/vmalert/group.go:235	group "TestGroup": received stop signal
2020-09-22T16:27:59.690Z	info	app/vmalert/manager.go:84	reading rules configuration file from "config/testdata/dir/rules1-good.rules"
2020-09-22T16:27:59.690Z	info	app/vmalert/group.go:225	group "groupTest" started; interval=1ms; concurrency=1
2020-09-22T16:27:59.690Z	info	app/vmalert/manager.go:84	reading rules configuration file from "config/testdata/rules0-good.rules"
2020-09-22T16:27:59.690Z	info	app/vmalert/manager.go:84	reading rules configuration file from "config/testdata/rules2-good.rules"
2020-09-22T16:27:59.690Z	info	app/vmalert/group.go:235	group "groupTest": received stop signal
2020-09-22T16:27:59.690Z	info	app/vmalert/manager.go:84	reading rules configuration file from "config/testdata/rules0-good.rules"
2020-09-22T16:27:59.690Z	info	app/vmalert/manager.go:84	reading rules configuration file from "config/testdata/dir/rules0-good.rules"
2020-09-22T16:27:59.690Z	info	app/vmalert/manager.go:84	reading rules configuration file from "config/testdata/rules1-good.rules"
2020-09-22T16:27:59.690Z	info	app/vmalert/manager.go:84	reading rules configuration file from "config/testdata/dir/rules0-bad.rules"
2020-09-22T16:27:59.691Z	info	app/vmalert/manager.go:84	reading rules configuration file from "config/testdata/dir/rules1-good.rules"
2020-09-22T16:27:59.691Z	info	app/vmalert/group.go:225	group "duplicatedGroupDiffFiles" started; interval=1ms; concurrency=1
2020-09-22T16:27:59.691Z	info	app/vmalert/group.go:235	group "duplicatedGroupDiffFiles": received stop signal
2020-09-22T16:27:59.691Z	info	app/vmalert/group.go:225	group "groupGorSingleAlert" started; interval=1ms; concurrency=1
2020-09-22T16:27:59.691Z	info	app/vmalert/group.go:235	group "groupGorSingleAlert": received stop signal
2020-09-22T16:27:59.691Z	info	app/vmalert/group.go:225	group "TestGroup" started; interval=1ms; concurrency=1
2020-09-22T16:27:59.691Z	info	app/vmalert/manager.go:84	reading rules configuration file from "config/testdata/rules0-good.rules"
2020-09-22T16:27:59.691Z	info	app/vmalert/group.go:235	group "TestGroup": received stop signal
2020-09-22T16:27:59.691Z	info	app/vmalert/group.go:225	group "duplicatedGroupDiffFiles" started; interval=1ms; concurrency=1
2020-09-22T16:27:59.691Z	info	app/vmalert/group.go:235	group "duplicatedGroupDiffFiles": received stop signal
2020-09-22T16:27:59.691Z	info	app/vmalert/manager.go:84	reading rules configuration file from "config/testdata/rules1-good.rules"
2020-09-22T16:27:59.691Z	info	app/vmalert/group.go:225	group "TestGroup" started; interval=2s; concurrency=2
2020-09-22T16:27:59.691Z	info	app/vmalert/manager.go:84	reading rules configuration file from "config/testdata/rules1-good.rules"
2020-09-22T16:27:59.691Z	info	app/vmalert/manager.go:84	reading rules configuration file from "config/testdata/dir/rules0-bad.rules"
2020-09-22T16:27:59.691Z	info	app/vmalert/group.go:235	group "TestGroup": received stop signal
2020-09-22T16:27:59.691Z	info	app/vmalert/manager.go:84	reading rules configuration file from "config/testdata/dir/rules1-good.rules"
2020-09-22T16:27:59.691Z	info	app/vmalert/group.go:225	group "groupTest" started; interval=1ms; concurrency=1
2020-09-22T16:27:59.691Z	info	app/vmalert/group.go:235	group "groupTest": received stop signal
2020-09-22T16:27:59.692Z	info	app/vmalert/group.go:225	group "TestGroup" started; interval=1ms; concurrency=1
2020-09-22T16:27:59.692Z	info	app/vmalert/manager.go:84	reading rules configuration file from "config/testdata/dir/rules1-bad.rules"
2020-09-22T16:27:59.692Z	info	app/vmalert/group.go:235	group "TestGroup": received stop signal
2020-09-22T16:27:59.692Z	info	app/vmalert/group.go:225	group "groupGorSingleAlert" started; interval=1ms; concurrency=1
2020-09-22T16:27:59.692Z	info	app/vmalert/group.go:235	group "groupGorSingleAlert": received stop signal
2020-09-22T16:27:59.692Z	info	app/vmalert/manager.go:84	reading rules configuration file from "config/testdata/dir/rules0-bad.rules"
2020-09-22T16:27:59.692Z	info	app/vmalert/group.go:225	group "TestGroup" started; interval=2s; concurrency=2
2020-09-22T16:27:59.692Z	info	app/vmalert/group.go:235	group "TestGroup": received stop signal
2020-09-22T16:27:59.692Z	info	app/vmalert/manager.go:84	reading rules configuration file from "config/testdata/dir/rules0-bad.rules"
2020-09-22T16:27:59.692Z	info	app/vmalert/manager.go:84	reading rules configuration file from "config/testdata/dir/rules1-good.rules"
2020-09-22T16:27:59.692Z	info	app/vmalert/group.go:225	group "duplicatedGroupDiffFiles" started; interval=1ms; concurrency=1
2020-09-22T16:27:59.692Z	info	app/vmalert/group.go:235	group "duplicatedGroupDiffFiles": received stop signal
2020-09-22T16:27:59.692Z	info	app/vmalert/manager.go:84	reading rules configuration file from "config/testdata/dir/rules0-bad.rules"
2020-09-22T16:27:59.692Z	info	app/vmalert/group.go:225	group "groupTest" started; interval=1ms; concurrency=1
2020-09-22T16:27:59.693Z	info	app/vmalert/group.go:235	group "groupTest": received stop signal
2020-09-22T16:27:59.693Z	info	app/vmalert/manager.go:84	reading rules configuration file from "config/testdata/dir/rules0-good.rules"
2020-09-22T16:27:59.693Z	info	app/vmalert/group.go:225	group "TestGroup" started; interval=1ms; concurrency=1
2020-09-22T16:27:59.693Z	info	app/vmalert/group.go:225	group "groupGorSingleAlert" started; interval=1ms; concurrency=1
2020-09-22T16:27:59.693Z	info	app/vmalert/manager.go:84	reading rules configuration file from "config/testdata/dir/rules0-bad.rules"
2020-09-22T16:27:59.693Z	info	app/vmalert/group.go:235	group "groupGorSingleAlert": received stop signal
2020-09-22T16:27:59.693Z	info	app/vmalert/group.go:235	group "TestGroup": received stop signal
2020-09-22T16:27:59.693Z	info	app/vmalert/group.go:225	group "groupTest" started; interval=1ms; concurrency=1
2020-09-22T16:27:59.693Z	info	app/vmalert/manager.go:84	reading rules configuration file from "config/testdata/rules1-good.rules"
2020-09-22T16:27:59.693Z	info	app/vmalert/group.go:235	group "groupTest": received stop signal
2020-09-22T16:27:59.693Z	info	app/vmalert/manager.go:84	reading rules configuration file from "config/testdata/dir/rules1-good.rules"
2020-09-22T16:27:59.693Z	info	app/vmalert/manager.go:84	reading rules configuration file from "config/testdata/rules1-good.rules"
2020-09-22T16:27:59.693Z	info	app/vmalert/group.go:225	group "duplicatedGroupDiffFiles" started; interval=1ms; concurrency=1
2020-09-22T16:27:59.693Z	info	app/vmalert/manager.go:84	reading rules configuration file from "config/testdata/rules1-good.rules"
2020-09-22T16:27:59.693Z	info	app/vmalert/group.go:235	group "duplicatedGroupDiffFiles": received stop signal
2020-09-22T16:27:59.693Z	info	app/vmalert/manager.go:84	reading rules configuration file from "config/testdata/rules1-good.rules"
2020-09-22T16:27:59.693Z	info	app/vmalert/manager.go:84	reading rules configuration file from "config/testdata/dir/rules1-good.rules"
2020-09-22T16:27:59.693Z	info	app/vmalert/manager.go:84	reading rules configuration file from "config/testdata/dir/rules1-bad.rules"
2020-09-22T16:27:59.693Z	info	app/vmalert/group.go:225	group "TestGroup" started; interval=1ms; concurrency=1
2020-09-22T16:27:59.693Z	info	app/vmalert/group.go:225	group "groupGorSingleAlert" started; interval=1ms; concurrency=1
2020-09-22T16:27:59.694Z	info	app/vmalert/group.go:235	group "groupGorSingleAlert": received stop signal
2020-09-22T16:27:59.694Z	info	app/vmalert/group.go:235	group "TestGroup": received stop signal
2020-09-22T16:27:59.694Z	info	app/vmalert/manager.go:84	reading rules configuration file from "config/testdata/dir/rules1-good.rules"
2020-09-22T16:27:59.694Z	info	app/vmalert/group.go:225	group "groupTest" started; interval=1ms; concurrency=1
2020-09-22T16:27:59.694Z	info	app/vmalert/group.go:235	group "groupTest": received stop signal
2020-09-22T16:27:59.694Z	info	app/vmalert/manager.go:84	reading rules configuration file from "config/testdata/dir/rules1-bad.rules"
2020-09-22T16:27:59.694Z	info	app/vmalert/manager.go:84	reading rules configuration file from "config/testdata/rules2-good.rules"
2020-09-22T16:27:59.694Z	info	app/vmalert/manager.go:84	reading rules configuration file from "config/testdata/rules2-good.rules"
2020-09-22T16:27:59.694Z	info	app/vmalert/manager.go:84	reading rules configuration file from "config/testdata/dir/rules0-bad.rules"
2020-09-22T16:27:59.694Z	info	app/vmalert/manager.go:84	reading rules configuration file from "config/testdata/dir/rules0-good.rules"
2020-09-22T16:27:59.694Z	info	app/vmalert/manager.go:84	reading rules configuration file from "config/testdata/dir/rules1-bad.rules"
2020-09-22T16:27:59.694Z	info	app/vmalert/group.go:225	group "duplicatedGroupDiffFiles" started; interval=1ms; concurrency=1
2020-09-22T16:27:59.694Z	info	app/vmalert/group.go:235	group "duplicatedGroupDiffFiles": received stop signal
2020-09-22T16:27:59.694Z	info	app/vmalert/manager.go:84	reading rules configuration file from "config/testdata/dir/rules1-good.rules"
2020-09-22T16:27:59.695Z	info	app/vmalert/group.go:225	group "groupTest" started; interval=1ms; concurrency=1
2020-09-22T16:27:59.695Z	info	app/vmalert/manager.go:84	reading rules configuration file from "config/testdata/rules2-good.rules"
2020-09-22T16:27:59.695Z	info	app/vmalert/group.go:235	group "groupTest": received stop signal
2020-09-22T16:27:59.695Z	info	app/vmalert/manager.go:84	reading rules configuration file from "config/testdata/rules1-good.rules"
2020-09-22T16:27:59.695Z	info	app/vmalert/manager.go:84	reading rules configuration file from "config/testdata/rules1-good.rules"
2020-09-22T16:27:59.695Z	info	app/vmalert/group.go:225	group "duplicatedGroupDiffFiles" started; interval=1ms; concurrency=1
2020-09-22T16:27:59.695Z	info	app/vmalert/manager.go:84	reading rules configuration file from "config/testdata/rules2-good.rules"
2020-09-22T16:27:59.695Z	info	app/vmalert/group.go:235	group "duplicatedGroupDiffFiles": received stop signal
2020-09-22T16:27:59.695Z	info	app/vmalert/manager.go:84	reading rules configuration file from "config/testdata/dir/rules1-bad.rules"
2020-09-22T16:27:59.695Z	info	app/vmalert/group.go:225	group "TestGroup" started; interval=2s; concurrency=2
2020-09-22T16:27:59.695Z	info	app/vmalert/group.go:235	group "TestGroup": received stop signal
2020-09-22T16:27:59.695Z	info	app/vmalert/manager.go:84	reading rules configuration file from "config/testdata/rules1-good.rules"
2020-09-22T16:27:59.695Z	info	app/vmalert/group.go:225	group "duplicatedGroupDiffFiles" started; interval=1ms; concurrency=1
2020-09-22T16:27:59.695Z	info	app/vmalert/manager.go:84	reading rules configuration file from "config/testdata/rules0-good.rules"
2020-09-22T16:27:59.695Z	info	app/vmalert/group.go:235	group "duplicatedGroupDiffFiles": received stop signal
2020-09-22T16:27:59.695Z	info	app/vmalert/group.go:225	group "TestGroup" started; interval=1ms; concurrency=1
2020-09-22T16:27:59.695Z	info	app/vmalert/group.go:225	group "groupGorSingleAlert" started; interval=1ms; concurrency=1
2020-09-22T16:27:59.695Z	info	app/vmalert/manager.go:84	reading rules configuration file from "config/testdata/rules0-good.rules"
2020-09-22T16:27:59.696Z	info	app/vmalert/group.go:235	group "groupGorSingleAlert": received stop signal
2020-09-22T16:27:59.696Z	info	app/vmalert/group.go:235	group "TestGroup": received stop signal
2020-09-22T16:27:59.696Z	info	app/vmalert/group.go:225	group "duplicatedGroupDiffFiles" started; interval=1ms; concurrency=1
2020-09-22T16:27:59.696Z	info	app/vmalert/group.go:235	group "duplicatedGroupDiffFiles": received stop signal
2020-09-22T16:27:59.696Z	info	app/vmalert/manager.go:84	reading rules configuration file from "config/testdata/rules1-good.rules"
2020-09-22T16:27:59.696Z	info	app/vmalert/manager.go:84	reading rules configuration file from "config/testdata/dir/rules1-bad.rules"
2020-09-22T16:27:59.696Z	info	app/vmalert/manager.go:84	reading rules configuration file from "config/testdata/dir/rules0-good.rules"
2020-09-22T16:27:59.696Z	info	app/vmalert/group.go:225	group "TestGroup" started; interval=2s; concurrency=2
2020-09-22T16:27:59.696Z	info	app/vmalert/group.go:235	group "TestGroup": received stop signal
2020-09-22T16:27:59.696Z	info	app/vmalert/group.go:225	group "groupTest" started; interval=1ms; concurrency=1
2020-09-22T16:27:59.696Z	info	app/vmalert/manager.go:84	reading rules configuration file from "config/testdata/dir/rules0-good.rules"
2020-09-22T16:27:59.697Z	info	app/vmalert/group.go:235	group "groupTest": received stop signal
2020-09-22T16:27:59.697Z	info	app/vmalert/group.go:225	group "duplicatedGroupDiffFiles" started; interval=1ms; concurrency=1
2020-09-22T16:27:59.697Z	info	app/vmalert/group.go:235	group "duplicatedGroupDiffFiles": received stop signal
2020-09-22T16:27:59.697Z	info	app/vmalert/manager.go:84	reading rules configuration file from "config/testdata/dir/rules0-good.rules"
2020-09-22T16:27:59.697Z	info	app/vmalert/manager.go:84	reading rules configuration file from "config/testdata/dir/rules0-good.rules"
2020-09-22T16:27:59.697Z	info	app/vmalert/group.go:225	group "TestGroup" started; interval=2s; concurrency=2
2020-09-22T16:27:59.697Z	info	app/vmalert/manager.go:84	reading rules configuration file from "config/testdata/rules1-good.rules"
2020-09-22T16:27:59.697Z	info	app/vmalert/group.go:235	group "TestGroup": received stop signal
2020-09-22T16:27:59.697Z	info	app/vmalert/group.go:225	group "duplicatedGroupDiffFiles" started; interval=1ms; concurrency=1
2020-09-22T16:27:59.697Z	info	app/vmalert/manager.go:84	reading rules configuration file from "config/testdata/dir/rules0-good.rules"
2020-09-22T16:27:59.697Z	info	app/vmalert/group.go:235	group "duplicatedGroupDiffFiles": received stop signal
2020-09-22T16:27:59.697Z	info	app/vmalert/group.go:225	group "TestGroup" started; interval=2s; concurrency=2
2020-09-22T16:27:59.697Z	info	app/vmalert/manager.go:84	reading rules configuration file from "config/testdata/dir/rules0-good.rules"
2020-09-22T16:27:59.697Z	info	app/vmalert/group.go:235	group "TestGroup": received stop signal
2020-09-22T16:27:59.697Z	info	app/vmalert/manager.go:84	reading rules configuration file from "config/testdata/rules2-good.rules"
2020-09-22T16:27:59.697Z	info	app/vmalert/group.go:225	group "duplicatedGroupDiffFiles" started; interval=1ms; concurrency=1
2020-09-22T16:27:59.698Z	info	app/vmalert/group.go:235	group "duplicatedGroupDiffFiles": received stop signal
2020-09-22T16:27:59.697Z	info	app/vmalert/manager.go:84	reading rules configuration file from "config/testdata/rules1-good.rules"
2020-09-22T16:27:59.698Z	info	app/vmalert/manager.go:84	reading rules configuration file from "config/testdata/dir/rules1-bad.rules"
2020-09-22T16:27:59.698Z	info	app/vmalert/group.go:225	group "duplicatedGroupDiffFiles" started; interval=1ms; concurrency=1
2020-09-22T16:27:59.698Z	info	app/vmalert/group.go:235	group "duplicatedGroupDiffFiles": received stop signal
2020-09-22T16:27:59.698Z	info	app/vmalert/group.go:225	group "duplicatedGroupDiffFiles" started; interval=1ms; concurrency=1
2020-09-22T16:27:59.698Z	info	app/vmalert/group.go:235	group "duplicatedGroupDiffFiles": received stop signal
2020-09-22T16:27:59.698Z	info	app/vmalert/manager.go:84	reading rules configuration file from "config/testdata/dir/rules0-bad.rules"
2020-09-22T16:27:59.698Z	info	app/vmalert/group.go:225	group "groupTest" started; interval=1ms; concurrency=1
2020-09-22T16:27:59.698Z	info	app/vmalert/manager.go:84	reading rules configuration file from "config/testdata/rules0-good.rules"
2020-09-22T16:27:59.698Z	info	app/vmalert/group.go:235	group "groupTest": received stop signal
2020-09-22T16:27:59.698Z	info	app/vmalert/manager.go:84	reading rules configuration file from "config/testdata/dir/rules0-good.rules"
2020-09-22T16:27:59.698Z	info	app/vmalert/manager.go:84	reading rules configuration file from "config/testdata/rules1-good.rules"
2020-09-22T16:27:59.698Z	info	app/vmalert/group.go:225	group "groupGorSingleAlert" started; interval=1ms; concurrency=1
2020-09-22T16:27:59.698Z	info	app/vmalert/group.go:225	group "TestGroup" started; interval=1ms; concurrency=1
2020-09-22T16:27:59.699Z	info	app/vmalert/group.go:235	group "groupGorSingleAlert": received stop signal
2020-09-22T16:27:59.699Z	info	app/vmalert/group.go:235	group "TestGroup": received stop signal
2020-09-22T16:27:59.699Z	info	app/vmalert/manager.go:84	reading rules configuration file from "config/testdata/dir/rules1-bad.rules"
2020-09-22T16:27:59.699Z	info	app/vmalert/group.go:225	group "duplicatedGroupDiffFiles" started; interval=1ms; concurrency=1
2020-09-22T16:27:59.699Z	info	app/vmalert/manager.go:84	reading rules configuration file from "config/testdata/dir/rules1-bad.rules"
2020-09-22T16:27:59.699Z	info	app/vmalert/manager.go:84	reading rules configuration file from "config/testdata/dir/rules0-bad.rules"
2020-09-22T16:27:59.699Z	info	app/vmalert/group.go:235	group "duplicatedGroupDiffFiles": received stop signal
2020-09-22T16:27:59.699Z	info	app/vmalert/manager.go:84	reading rules configuration file from "config/testdata/dir/rules0-bad.rules"
2020-09-22T16:27:59.699Z	info	app/vmalert/group.go:225	group "TestGroup" started; interval=1ms; concurrency=1
2020-09-22T16:27:59.699Z	info	app/vmalert/group.go:225	group "groupGorSingleAlert" started; interval=1ms; concurrency=1
2020-09-22T16:27:59.699Z	info	app/vmalert/group.go:235	group "groupGorSingleAlert": received stop signal
2020-09-22T16:27:59.699Z	info	app/vmalert/group.go:235	group "TestGroup": received stop signal
2020-09-22T16:27:59.699Z	info	app/vmalert/group.go:225	group "duplicatedGroupDiffFiles" started; interval=1ms; concurrency=1
2020-09-22T16:27:59.699Z	info	app/vmalert/manager.go:84	reading rules configuration file from "config/testdata/dir/rules1-good.rules"
2020-09-22T16:27:59.699Z	info	app/vmalert/group.go:235	group "duplicatedGroupDiffFiles": received stop signal
2020-09-22T16:27:59.699Z	info	app/vmalert/manager.go:84	reading rules configuration file from "config/testdata/rules2-good.rules"
2020-09-22T16:27:59.700Z	info	app/vmalert/manager.go:84	reading rules configuration file from "config/testdata/rules0-good.rules"
2020-09-22T16:27:59.700Z	info	app/vmalert/group.go:225	group "groupGorSingleAlert" started; interval=1ms; concurrency=1
2020-09-22T16:27:59.700Z	info	app/vmalert/group.go:235	group "groupGorSingleAlert": received stop signal
2020-09-22T16:27:59.700Z	info	app/vmalert/group.go:225	group "TestGroup" started; interval=1ms; concurrency=1
2020-09-22T16:27:59.700Z	info	app/vmalert/group.go:235	group "TestGroup": received stop signal
2020-09-22T16:27:59.700Z	info	app/vmalert/group.go:225	group "duplicatedGroupDiffFiles" started; interval=1ms; concurrency=1
2020-09-22T16:27:59.700Z	info	app/vmalert/group.go:235	group "duplicatedGroupDiffFiles": received stop signal
2020-09-22T16:27:59.700Z	info	app/vmalert/manager.go:84	reading rules configuration file from "config/testdata/rules0-good.rules"
2020-09-22T16:27:59.700Z	info	app/vmalert/manager.go:84	reading rules configuration file from "config/testdata/rules0-good.rules"
2020-09-22T16:27:59.700Z	info	app/vmalert/group.go:225	group "duplicatedGroupDiffFiles" started; interval=1ms; concurrency=1
2020-09-22T16:27:59.700Z	info	app/vmalert/group.go:235	group "duplicatedGroupDiffFiles": received stop signal
2020-09-22T16:27:59.700Z	info	app/vmalert/group.go:225	group "TestGroup" started; interval=2s; concurrency=2
2020-09-22T16:27:59.700Z	info	app/vmalert/manager.go:84	reading rules configuration file from "config/testdata/dir/rules1-good.rules"
2020-09-22T16:27:59.701Z	info	app/vmalert/manager.go:84	reading rules configuration file from "config/testdata/rules1-good.rules"
2020-09-22T16:27:59.700Z	info	app/vmalert/manager.go:84	reading rules configuration file from "config/testdata/dir/rules1-bad.rules"
2020-09-22T16:27:59.700Z	info	app/vmalert/manager.go:84	reading rules configuration file from "config/testdata/dir/rules0-good.rules"
2020-09-22T16:27:59.700Z	info	app/vmalert/group.go:235	group "TestGroup": received stop signal
2020-09-22T16:27:59.700Z	info	app/vmalert/manager.go:84	reading rules configuration file from "config/testdata/rules0-good.rules"
2020-09-22T16:27:59.701Z	info	app/vmalert/manager.go:84	reading rules configuration file from "config/testdata/dir/rules0-good.rules"
2020-09-22T16:27:59.701Z	info	app/vmalert/group.go:225	group "groupTest" started; interval=1ms; concurrency=1
2020-09-22T16:27:59.701Z	info	app/vmalert/manager.go:84	reading rules configuration file from "config/testdata/dir/rules0-good.rules"
2020-09-22T16:27:59.701Z	info	app/vmalert/manager.go:84	reading rules configuration file from "config/testdata/dir/rules1-good.rules"
2020-09-22T16:27:59.701Z	info	app/vmalert/group.go:235	group "groupTest": received stop signal
2020-09-22T16:27:59.701Z	info	app/vmalert/manager.go:84	reading rules configuration file from "config/testdata/rules1-good.rules"
2020-09-22T16:27:59.701Z	info	app/vmalert/group.go:225	group "TestGroup" started; interval=2s; concurrency=2
2020-09-22T16:27:59.701Z	info	app/vmalert/group.go:235	group "TestGroup": received stop signal
2020-09-22T16:27:59.701Z	info	app/vmalert/manager.go:84	reading rules configuration file from "config/testdata/dir/rules1-good.rules"
2020-09-22T16:27:59.702Z	info	app/vmalert/group.go:225	group "groupTest" started; interval=1ms; concurrency=1
2020-09-22T16:27:59.702Z	info	app/vmalert/manager.go:84	reading rules configuration file from "config/testdata/rules0-good.rules"
2020-09-22T16:27:59.702Z	info	app/vmalert/group.go:235	group "groupTest": received stop signal
2020-09-22T16:27:59.702Z	info	app/vmalert/group.go:225	group "groupGorSingleAlert" started; interval=1ms; concurrency=1
2020-09-22T16:27:59.702Z	info	app/vmalert/group.go:235	group "groupGorSingleAlert": received stop signal
2020-09-22T16:27:59.702Z	info	app/vmalert/manager.go:84	reading rules configuration file from "config/testdata/rules1-good.rules"
2020-09-22T16:27:59.702Z	info	app/vmalert/group.go:225	group "TestGroup" started; interval=1ms; concurrency=1
2020-09-22T16:27:59.702Z	info	app/vmalert/group.go:235	group "TestGroup": received stop signal
2020-09-22T16:27:59.702Z	info	app/vmalert/group.go:225	group "duplicatedGroupDiffFiles" started; interval=1ms; concurrency=1
2020-09-22T16:27:59.702Z	info	app/vmalert/group.go:235	group "duplicatedGroupDiffFiles": received stop signal
2020-09-22T16:27:59.702Z	info	app/vmalert/manager.go:84	reading rules configuration file from "config/testdata/rules1-good.rules"
2020-09-22T16:27:59.702Z	info	app/vmalert/group.go:225	group "TestGroup" started; interval=2s; concurrency=2
2020-09-22T16:27:59.702Z	info	app/vmalert/manager.go:84	reading rules configuration file from "config/testdata/dir/rules0-bad.rules"
2020-09-22T16:27:59.702Z	info	app/vmalert/manager.go:84	reading rules configuration file from "config/testdata/dir/rules0-bad.rules"
2020-09-22T16:27:59.702Z	info	app/vmalert/manager.go:84	reading rules configuration file from "config/testdata/dir/rules1-bad.rules"
2020-09-22T16:27:59.702Z	info	app/vmalert/group.go:235	group "TestGroup": received stop signal
2020-09-22T16:27:59.703Z	info	app/vmalert/manager.go:84	reading rules configuration file from "config/testdata/rules2-good.rules"
2020-09-22T16:27:59.703Z	info	app/vmalert/group.go:225	group "duplicatedGroupDiffFiles" started; interval=1ms; concurrency=1
2020-09-22T16:27:59.703Z	info	app/vmalert/group.go:235	group "duplicatedGroupDiffFiles": received stop signal
2020-09-22T16:27:59.703Z	info	app/vmalert/manager.go:84	reading rules configuration file from "config/testdata/dir/rules1-bad.rules"
2020-09-22T16:27:59.703Z	info	app/vmalert/manager.go:84	reading rules configuration file from "config/testdata/rules1-good.rules"
2020-09-22T16:27:59.703Z	info	app/vmalert/manager.go:84	reading rules configuration file from "config/testdata/rules1-good.rules"
2020-09-22T16:27:59.703Z	info	app/vmalert/manager.go:84	reading rules configuration file from "config/testdata/dir/rules0-bad.rules"
2020-09-22T16:27:59.703Z	info	app/vmalert/group.go:225	group "TestGroup" started; interval=1ms; concurrency=1
2020-09-22T16:27:59.703Z	info	app/vmalert/manager.go:84	reading rules configuration file from "config/testdata/rules2-good.rules"
2020-09-22T16:27:59.703Z	info	app/vmalert/group.go:225	group "groupGorSingleAlert" started; interval=1ms; concurrency=1
2020-09-22T16:27:59.703Z	info	app/vmalert/manager.go:84	reading rules configuration file from "config/testdata/dir/rules1-good.rules"
2020-09-22T16:27:59.704Z	info	app/vmalert/group.go:235	group "groupGorSingleAlert": received stop signal
2020-09-22T16:27:59.704Z	info	app/vmalert/manager.go:84	reading rules configuration file from "config/testdata/dir/rules0-good.rules"
2020-09-22T16:27:59.704Z	info	app/vmalert/group.go:235	group "TestGroup": received stop signal
2020-09-22T16:27:59.704Z	info	app/vmalert/manager.go:84	reading rules configuration file from "config/testdata/rules1-good.rules"
2020-09-22T16:27:59.704Z	info	app/vmalert/group.go:225	group "duplicatedGroupDiffFiles" started; interval=1ms; concurrency=1
2020-09-22T16:27:59.704Z	info	app/vmalert/group.go:235	group "duplicatedGroupDiffFiles": received stop signal
2020-09-22T16:27:59.704Z	info	app/vmalert/group.go:225	group "TestGroup" started; interval=2s; concurrency=2
2020-09-22T16:27:59.704Z	info	app/vmalert/group.go:235	group "TestGroup": received stop signal
2020-09-22T16:27:59.704Z	info	app/vmalert/manager.go:84	reading rules configuration file from "config/testdata/rules0-good.rules"
2020-09-22T16:27:59.704Z	info	app/vmalert/group.go:225	group "groupTest" started; interval=1ms; concurrency=1
2020-09-22T16:27:59.704Z	info	app/vmalert/group.go:235	group "groupTest": received stop signal
2020-09-22T16:27:59.704Z	info	app/vmalert/manager.go:84	reading rules configuration file from "config/testdata/dir/rules1-bad.rules"
2020-09-22T16:27:59.704Z	info	app/vmalert/group.go:225	group "TestGroup" started; interval=1ms; concurrency=1
2020-09-22T16:27:59.704Z	info	app/vmalert/group.go:225	group "groupGorSingleAlert" started; interval=1ms; concurrency=1
2020-09-22T16:27:59.705Z	info	app/vmalert/group.go:235	group "groupGorSingleAlert": received stop signal
2020-09-22T16:27:59.705Z	info	app/vmalert/manager.go:84	reading rules configuration file from "config/testdata/dir/rules1-good.rules"
2020-09-22T16:27:59.705Z	info	app/vmalert/group.go:235	group "TestGroup": received stop signal
2020-09-22T16:27:59.705Z	info	app/vmalert/manager.go:84	reading rules configuration file from "config/testdata/rules1-good.rules"
2020-09-22T16:27:59.705Z	info	app/vmalert/manager.go:84	reading rules configuration file from "config/testdata/dir/rules1-bad.rules"
2020-09-22T16:27:59.705Z	info	app/vmalert/group.go:225	group "duplicatedGroupDiffFiles" started; interval=1ms; concurrency=1
2020-09-22T16:27:59.705Z	info	app/vmalert/group.go:235	group "duplicatedGroupDiffFiles": received stop signal
2020-09-22T16:27:59.705Z	info	app/vmalert/manager.go:84	reading rules configuration file from "config/testdata/rules1-good.rules"
2020-09-22T16:27:59.705Z	info	app/vmalert/manager.go:84	reading rules configuration file from "config/testdata/rules2-good.rules"
2020-09-22T16:27:59.705Z	info	app/vmalert/group.go:225	group "groupTest" started; interval=1ms; concurrency=1
2020-09-22T16:27:59.705Z	info	app/vmalert/group.go:235	group "groupTest": received stop signal
2020-09-22T16:27:59.705Z	info	app/vmalert/manager.go:84	reading rules configuration file from "config/testdata/dir/rules0-bad.rules"
2020-09-22T16:27:59.705Z	info	app/vmalert/group.go:225	group "duplicatedGroupDiffFiles" started; interval=1ms; concurrency=1
2020-09-22T16:27:59.705Z	info	app/vmalert/manager.go:84	reading rules configuration file from "config/testdata/dir/rules1-good.rules"
2020-09-22T16:27:59.706Z	info	app/vmalert/group.go:235	group "duplicatedGroupDiffFiles": received stop signal
2020-09-22T16:27:59.705Z	info	app/vmalert/manager.go:84	reading rules configuration file from "config/testdata/rules1-good.rules"
2020-09-22T16:27:59.706Z	info	app/vmalert/manager.go:84	reading rules configuration file from "config/testdata/dir/rules0-good.rules"
2020-09-22T16:27:59.706Z	info	app/vmalert/group.go:225	group "TestGroup" started; interval=2s; concurrency=2
2020-09-22T16:27:59.706Z	info	app/vmalert/manager.go:84	reading rules configuration file from "config/testdata/dir/rules0-good.rules"
2020-09-22T16:27:59.706Z	info	app/vmalert/group.go:235	group "TestGroup": received stop signal
2020-09-22T16:27:59.706Z	info	app/vmalert/manager.go:84	reading rules configuration file from "config/testdata/dir/rules1-bad.rules"
2020-09-22T16:27:59.706Z	info	app/vmalert/group.go:225	group "duplicatedGroupDiffFiles" started; interval=1ms; concurrency=1
2020-09-22T16:27:59.706Z	info	app/vmalert/manager.go:84	reading rules configuration file from "config/testdata/rules1-good.rules"
2020-09-22T16:27:59.706Z	info	app/vmalert/group.go:235	group "duplicatedGroupDiffFiles": received stop signal
2020-09-22T16:27:59.706Z	info	app/vmalert/manager.go:84	reading rules configuration file from "config/testdata/rules2-good.rules"
2020-09-22T16:27:59.706Z	info	app/vmalert/group.go:225	group "duplicatedGroupDiffFiles" started; interval=1ms; concurrency=1
2020-09-22T16:27:59.706Z	info	app/vmalert/group.go:235	group "duplicatedGroupDiffFiles": received stop signal
2020-09-22T16:27:59.706Z	info	app/vmalert/manager.go:84	reading rules configuration file from "config/testdata/rules2-good.rules"
2020-09-22T16:27:59.706Z	info	app/vmalert/group.go:225	group "groupTest" started; interval=1ms; concurrency=1
2020-09-22T16:27:59.706Z	info	app/vmalert/manager.go:84	reading rules configuration file from "config/testdata/dir/rules0-bad.rules"
2020-09-22T16:27:59.706Z	info	app/vmalert/group.go:235	group "groupTest": received stop signal
2020-09-22T16:27:59.706Z	info	app/vmalert/manager.go:84	reading rules configuration file from "config/testdata/dir/rules0-bad.rules"
2020-09-22T16:27:59.706Z	info	app/vmalert/group.go:225	group "duplicatedGroupDiffFiles" started; interval=1ms; concurrency=1
2020-09-22T16:27:59.707Z	info	app/vmalert/group.go:235	group "duplicatedGroupDiffFiles": received stop signal
2020-09-22T16:27:59.707Z	info	app/vmalert/group.go:225	group "TestGroup" started; interval=2s; concurrency=2
2020-09-22T16:27:59.707Z	info	app/vmalert/group.go:235	group "TestGroup": received stop signal
2020-09-22T16:27:59.707Z	info	app/vmalert/manager.go:84	reading rules configuration file from "config/testdata/rules0-good.rules"
2020-09-22T16:27:59.707Z	info	app/vmalert/group.go:225	group "duplicatedGroupDiffFiles" started; interval=1ms; concurrency=1
2020-09-22T16:27:59.707Z	info	app/vmalert/manager.go:84	reading rules configuration file from "config/testdata/dir/rules0-good.rules"
2020-09-22T16:27:59.707Z	info	app/vmalert/manager.go:84	reading rules configuration file from "config/testdata/rules1-good.rules"
2020-09-22T16:27:59.707Z	info	app/vmalert/manager.go:84	reading rules configuration file from "config/testdata/dir/rules1-good.rules"
2020-09-22T16:27:59.707Z	info	app/vmalert/group.go:235	group "duplicatedGroupDiffFiles": received stop signal
2020-09-22T16:27:59.707Z	info	app/vmalert/group.go:225	group "duplicatedGroupDiffFiles" started; interval=1ms; concurrency=1
2020-09-22T16:27:59.707Z	info	app/vmalert/group.go:235	group "duplicatedGroupDiffFiles": received stop signal
2020-09-22T16:27:59.706Z	info	app/vmalert/manager.go:84	reading rules configuration file from "config/testdata/dir/rules1-bad.rules"
2020-09-22T16:27:59.707Z	info	app/vmalert/manager.go:84	reading rules configuration file from "config/testdata/rules1-good.rules"
2020-09-22T16:27:59.707Z	info	app/vmalert/manager.go:84	reading rules configuration file from "config/testdata/dir/rules0-good.rules"
2020-09-22T16:27:59.707Z	info	app/vmalert/group.go:225	group "groupGorSingleAlert" started; interval=1ms; concurrency=1
2020-09-22T16:27:59.707Z	info	app/vmalert/group.go:235	group "groupGorSingleAlert": received stop signal
2020-09-22T16:27:59.707Z	info	app/vmalert/manager.go:84	reading rules configuration file from "config/testdata/dir/rules0-good.rules"
2020-09-22T16:27:59.708Z	info	app/vmalert/manager.go:84	reading rules configuration file from "config/testdata/dir/rules0-bad.rules"
2020-09-22T16:27:59.708Z	info	app/vmalert/manager.go:84	reading rules configuration file from "config/testdata/dir/rules0-good.rules"
2020-09-22T16:27:59.708Z	info	app/vmalert/manager.go:84	reading rules configuration file from "config/testdata/dir/rules0-good.rules"
2020-09-22T16:27:59.708Z	info	app/vmalert/group.go:225	group "TestGroup" started; interval=1ms; concurrency=1
2020-09-22T16:27:59.709Z	info	app/vmalert/group.go:235	group "TestGroup": received stop signal
2020-09-22T16:27:59.709Z	info	app/vmalert/manager.go:84	reading rules configuration file from "config/testdata/dir/rules1-bad.rules"
2020-09-22T16:27:59.709Z	info	app/vmalert/group.go:225	group "TestGroup" started; interval=2s; concurrency=2
2020-09-22T16:27:59.709Z	info	app/vmalert/group.go:235	group "TestGroup": received stop signal
2020-09-22T16:27:59.709Z	info	app/vmalert/group.go:225	group "groupTest" started; interval=1ms; concurrency=1
2020-09-22T16:27:59.709Z	info	app/vmalert/group.go:235	group "groupTest": received stop signal
2020-09-22T16:27:59.709Z	info	app/vmalert/manager.go:84	reading rules configuration file from "config/testdata/rules0-good.rules"
2020-09-22T16:27:59.709Z	info	app/vmalert/group.go:225	group "duplicatedGroupDiffFiles" started; interval=1ms; concurrency=1
2020-09-22T16:27:59.709Z	info	app/vmalert/group.go:235	group "duplicatedGroupDiffFiles": received stop signal
2020-09-22T16:27:59.709Z	info	app/vmalert/manager.go:84	reading rules configuration file from "config/testdata/dir/rules1-good.rules"
2020-09-22T16:27:59.709Z	info	app/vmalert/group.go:225	group "groupTest" started; interval=1ms; concurrency=1
2020-09-22T16:27:59.709Z	info	app/vmalert/manager.go:84	reading rules configuration file from "config/testdata/rules2-good.rules"
2020-09-22T16:27:59.709Z	info	app/vmalert/group.go:235	group "groupTest": received stop signal
2020-09-22T16:27:59.709Z	info	app/vmalert/manager.go:84	reading rules configuration file from "config/testdata/rules1-good.rules"
2020-09-22T16:27:59.709Z	info	app/vmalert/manager.go:84	reading rules configuration file from "config/testdata/rules1-good.rules"
2020-09-22T16:27:59.709Z	info	app/vmalert/group.go:225	group "duplicatedGroupDiffFiles" started; interval=1ms; concurrency=1
2020-09-22T16:27:59.709Z	info	app/vmalert/group.go:235	group "duplicatedGroupDiffFiles": received stop signal
2020-09-22T16:27:59.710Z	info	app/vmalert/manager.go:84	reading rules configuration file from "config/testdata/dir/rules1-good.rules"
2020-09-22T16:27:59.710Z	info	app/vmalert/group.go:225	group "groupTest" started; interval=1ms; concurrency=1
2020-09-22T16:27:59.710Z	info	app/vmalert/group.go:235	group "groupTest": received stop signal
2020-09-22T16:27:59.710Z	info	app/vmalert/group.go:225	group "duplicatedGroupDiffFiles" started; interval=1ms; concurrency=1
2020-09-22T16:27:59.710Z	info	app/vmalert/manager.go:84	reading rules configuration file from "config/testdata/dir/rules0-good.rules"
2020-09-22T16:27:59.710Z	info	app/vmalert/manager.go:84	reading rules configuration file from "config/testdata/dir/rules1-good.rules"
2020-09-22T16:27:59.710Z	info	app/vmalert/group.go:235	group "duplicatedGroupDiffFiles": received stop signal
2020-09-22T16:27:59.710Z	info	app/vmalert/manager.go:84	reading rules configuration file from "config/testdata/rules1-good.rules"
2020-09-22T16:27:59.710Z	info	app/vmalert/group.go:225	group "duplicatedGroupDiffFiles" started; interval=1ms; concurrency=1
2020-09-22T16:27:59.710Z	info	app/vmalert/group.go:235	group "duplicatedGroupDiffFiles": received stop signal
2020-09-22T16:27:59.710Z	info	app/vmalert/group.go:225	group "TestGroup" started; interval=2s; concurrency=2
2020-09-22T16:27:59.710Z	info	app/vmalert/group.go:235	group "TestGroup": received stop signal
2020-09-22T16:27:59.710Z	info	app/vmalert/manager.go:84	reading rules configuration file from "config/testdata/dir/rules1-good.rules"
2020-09-22T16:27:59.710Z	info	app/vmalert/group.go:225	group "groupTest" started; interval=1ms; concurrency=1
2020-09-22T16:27:59.710Z	info	app/vmalert/manager.go:84	reading rules configuration file from "config/testdata/dir/rules0-good.rules"
2020-09-22T16:27:59.710Z	info	app/vmalert/group.go:235	group "groupTest": received stop signal
2020-09-22T16:27:59.710Z	info	app/vmalert/group.go:225	group "TestGroup" started; interval=2s; concurrency=2
2020-09-22T16:27:59.710Z	info	app/vmalert/group.go:235	group "TestGroup": received stop signal
2020-09-22T16:27:59.710Z	info	app/vmalert/manager.go:84	reading rules configuration file from "config/testdata/rules0-good.rules"
2020-09-22T16:27:59.710Z	info	app/vmalert/manager.go:84	reading rules configuration file from "config/testdata/dir/rules0-good.rules"
2020-09-22T16:27:59.710Z	info	app/vmalert/group.go:225	group "duplicatedGroupDiffFiles" started; interval=1ms; concurrency=1
2020-09-22T16:27:59.710Z	info	app/vmalert/manager.go:84	reading rules configuration file from "config/testdata/dir/rules0-good.rules"
2020-09-22T16:27:59.710Z	info	app/vmalert/manager.go:84	reading rules configuration file from "config/testdata/rules0-good.rules"
2020-09-22T16:27:59.711Z	info	app/vmalert/group.go:235	group "duplicatedGroupDiffFiles": received stop signal
2020-09-22T16:27:59.711Z	info	app/vmalert/group.go:225	group "TestGroup" started; interval=2s; concurrency=2
2020-09-22T16:27:59.711Z	info	app/vmalert/group.go:235	group "TestGroup": received stop signal
2020-09-22T16:27:59.711Z	info	app/vmalert/manager.go:84	reading rules configuration file from "config/testdata/dir/rules1-good.rules"
2020-09-22T16:27:59.711Z	info	app/vmalert/manager.go:84	reading rules configuration file from "config/testdata/rules0-good.rules"
2020-09-22T16:27:59.711Z	info	app/vmalert/group.go:225	group "groupGorSingleAlert" started; interval=1ms; concurrency=1
2020-09-22T16:27:59.711Z	info	app/vmalert/group.go:225	group "TestGroup" started; interval=1ms; concurrency=1
2020-09-22T16:27:59.711Z	info	app/vmalert/group.go:235	group "TestGroup": received stop signal
2020-09-22T16:27:59.711Z	info	app/vmalert/group.go:235	group "groupGorSingleAlert": received stop signal
2020-09-22T16:27:59.711Z	info	app/vmalert/manager.go:84	reading rules configuration file from "config/testdata/rules1-good.rules"
2020-09-22T16:27:59.711Z	info	app/vmalert/manager.go:84	reading rules configuration file from "config/testdata/rules1-good.rules"
2020-09-22T16:27:59.711Z	info	app/vmalert/group.go:225	group "duplicatedGroupDiffFiles" started; interval=1ms; concurrency=1
2020-09-22T16:27:59.711Z	info	app/vmalert/group.go:235	group "duplicatedGroupDiffFiles": received stop signal
2020-09-22T16:27:59.711Z	info	app/vmalert/manager.go:84	reading rules configuration file from "config/testdata/dir/rules0-good.rules"
2020-09-22T16:27:59.711Z	info	app/vmalert/group.go:225	group "groupGorSingleAlert" started; interval=1ms; concurrency=1
2020-09-22T16:27:59.711Z	info	app/vmalert/group.go:235	group "groupGorSingleAlert": received stop signal
2020-09-22T16:27:59.711Z	info	app/vmalert/group.go:225	group "TestGroup" started; interval=1ms; concurrency=1
2020-09-22T16:27:59.711Z	info	app/vmalert/group.go:235	group "TestGroup": received stop signal
2020-09-22T16:27:59.711Z	info	app/vmalert/manager.go:84	reading rules configuration file from "config/testdata/rules2-good.rules"
2020-09-22T16:27:59.711Z	info	app/vmalert/manager.go:84	reading rules configuration file from "config/testdata/dir/rules1-good.rules"
2020-09-22T16:27:59.711Z	info	app/vmalert/group.go:225	group "duplicatedGroupDiffFiles" started; interval=1ms; concurrency=1
2020-09-22T16:27:59.711Z	info	app/vmalert/group.go:235	group "duplicatedGroupDiffFiles": received stop signal
2020-09-22T16:27:59.711Z	info	app/vmalert/group.go:225	group "TestGroup" started; interval=2s; concurrency=2
2020-09-22T16:27:59.711Z	info	app/vmalert/manager.go:84	reading rules configuration file from "config/testdata/dir/rules0-good.rules"
2020-09-22T16:27:59.711Z	info	app/vmalert/group.go:235	group "TestGroup": received stop signal
2020-09-22T16:27:59.711Z	info	app/vmalert/group.go:225	group "duplicatedGroupDiffFiles" started; interval=1ms; concurrency=1
2020-09-22T16:27:59.711Z	info	app/vmalert/manager.go:84	reading rules configuration file from "config/testdata/rules0-good.rules"
2020-09-22T16:27:59.711Z	info	app/vmalert/group.go:235	group "duplicatedGroupDiffFiles": received stop signal
2020-09-22T16:27:59.712Z	info	app/vmalert/group.go:225	group "groupGorSingleAlert" started; interval=1ms; concurrency=1
2020-09-22T16:27:59.712Z	info	app/vmalert/manager.go:84	reading rules configuration file from "config/testdata/dir/rules0-bad.rules"
2020-09-22T16:27:59.712Z	info	app/vmalert/group.go:225	group "TestGroup" started; interval=1ms; concurrency=1
2020-09-22T16:27:59.712Z	info	app/vmalert/group.go:235	group "groupGorSingleAlert": received stop signal
2020-09-22T16:27:59.712Z	info	app/vmalert/group.go:235	group "TestGroup": received stop signal
2020-09-22T16:27:59.712Z	info	app/vmalert/manager.go:84	reading rules configuration file from "config/testdata/dir/rules1-good.rules"
2020-09-22T16:27:59.712Z	info	app/vmalert/group.go:225	group "TestGroup" started; interval=2s; concurrency=2
2020-09-22T16:27:59.712Z	info	app/vmalert/group.go:235	group "TestGroup": received stop signal
2020-09-22T16:27:59.712Z	info	app/vmalert/manager.go:84	reading rules configuration file from "config/testdata/dir/rules0-bad.rules"
2020-09-22T16:27:59.712Z	info	app/vmalert/group.go:225	group "groupTest" started; interval=1ms; concurrency=1
2020-09-22T16:27:59.712Z	info	app/vmalert/group.go:235	group "groupTest": received stop signal
2020-09-22T16:27:59.713Z	info	app/vmalert/manager.go:84	reading rules configuration file from "config/testdata/dir/rules0-good.rules"
2020-09-22T16:27:59.713Z	info	app/vmalert/group.go:225	group "TestGroup" started; interval=2s; concurrency=2
2020-09-22T16:27:59.713Z	info	app/vmalert/manager.go:84	reading rules configuration file from "config/testdata/dir/rules1-bad.rules"
2020-09-22T16:27:59.713Z	info	app/vmalert/manager.go:84	reading rules configuration file from "config/testdata/dir/rules1-good.rules"
2020-09-22T16:27:59.713Z	info	app/vmalert/group.go:235	group "TestGroup": received stop signal
2020-09-22T16:27:59.713Z	info	app/vmalert/manager.go:84	reading rules configuration file from "config/testdata/dir/rules0-good.rules"
2020-09-22T16:27:59.713Z	info	app/vmalert/group.go:225	group "duplicatedGroupDiffFiles" started; interval=1ms; concurrency=1
2020-09-22T16:27:59.713Z	info	app/vmalert/group.go:235	group "duplicatedGroupDiffFiles": received stop signal
2020-09-22T16:27:59.713Z	info	app/vmalert/manager.go:84	reading rules configuration file from "config/testdata/dir/rules0-good.rules"
2020-09-22T16:27:59.713Z	info	app/vmalert/group.go:225	group "TestGroup" started; interval=2s; concurrency=2
2020-09-22T16:27:59.713Z	info	app/vmalert/manager.go:84	reading rules configuration file from "config/testdata/dir/rules0-bad.rules"
2020-09-22T16:27:59.713Z	info	app/vmalert/group.go:235	group "TestGroup": received stop signal
2020-09-22T16:27:59.713Z	info	app/vmalert/manager.go:84	reading rules configuration file from "config/testdata/dir/rules1-bad.rules"
2020-09-22T16:27:59.713Z	info	app/vmalert/group.go:225	group "TestGroup" started; interval=1ms; concurrency=1
2020-09-22T16:27:59.713Z	info	app/vmalert/group.go:225	group "groupGorSingleAlert" started; interval=1ms; concurrency=1
2020-09-22T16:27:59.713Z	info	app/vmalert/group.go:235	group "groupGorSingleAlert": received stop signal
2020-09-22T16:27:59.713Z	info	app/vmalert/manager.go:84	reading rules configuration file from "config/testdata/dir/rules1-good.rules"
2020-09-22T16:27:59.713Z	info	app/vmalert/group.go:235	group "TestGroup": received stop signal
2020-09-22T16:27:59.714Z	info	app/vmalert/manager.go:84	reading rules configuration file from "config/testdata/dir/rules0-bad.rules"
2020-09-22T16:27:59.714Z	info	app/vmalert/group.go:225	group "duplicatedGroupDiffFiles" started; interval=1ms; concurrency=1
2020-09-22T16:27:59.714Z	info	app/vmalert/group.go:235	group "duplicatedGroupDiffFiles": received stop signal
2020-09-22T16:27:59.714Z	info	app/vmalert/manager.go:84	reading rules configuration file from "config/testdata/rules0-good.rules"
2020-09-22T16:27:59.714Z	info	app/vmalert/group.go:225	group "groupTest" started; interval=1ms; concurrency=1
2020-09-22T16:27:59.714Z	info	app/vmalert/group.go:235	group "groupTest": received stop signal
2020-09-22T16:27:59.714Z	info	app/vmalert/group.go:225	group "TestGroup" started; interval=1ms; concurrency=1
2020-09-22T16:27:59.714Z	info	app/vmalert/group.go:225	group "groupGorSingleAlert" started; interval=1ms; concurrency=1
2020-09-22T16:27:59.714Z	info	app/vmalert/group.go:235	group "groupGorSingleAlert": received stop signal
2020-09-22T16:27:59.714Z	info	app/vmalert/manager.go:84	reading rules configuration file from "config/testdata/rules1-good.rules"
2020-09-22T16:27:59.714Z	info	app/vmalert/group.go:235	group "TestGroup": received stop signal
2020-09-22T16:27:59.714Z	info	app/vmalert/manager.go:84	reading rules configuration file from "config/testdata/rules1-good.rules"
2020-09-22T16:27:59.714Z	info	app/vmalert/manager.go:84	reading rules configuration file from "config/testdata/dir/rules0-bad.rules"
2020-09-22T16:27:59.714Z	info	app/vmalert/group.go:225	group "groupTest" started; interval=1ms; concurrency=1
2020-09-22T16:27:59.714Z	info	app/vmalert/group.go:235	group "groupTest": received stop signal
2020-09-22T16:27:59.715Z	info	app/vmalert/manager.go:84	reading rules configuration file from "config/testdata/dir/rules1-bad.rules"
2020-09-22T16:27:59.715Z	info	app/vmalert/manager.go:84	reading rules configuration file from "config/testdata/rules0-good.rules"
2020-09-22T16:27:59.715Z	info	app/vmalert/group.go:225	group "duplicatedGroupDiffFiles" started; interval=1ms; concurrency=1
2020-09-22T16:27:59.715Z	info	app/vmalert/group.go:235	group "duplicatedGroupDiffFiles": received stop signal
2020-09-22T16:27:59.715Z	info	app/vmalert/group.go:225	group "groupGorSingleAlert" started; interval=1ms; concurrency=1
2020-09-22T16:27:59.715Z	info	app/vmalert/manager.go:84	reading rules configuration file from "config/testdata/dir/rules0-bad.rules"
2020-09-22T16:27:59.715Z	info	app/vmalert/group.go:225	group "TestGroup" started; interval=1ms; concurrency=1
2020-09-22T16:27:59.715Z	info	app/vmalert/group.go:235	group "groupGorSingleAlert": received stop signal
2020-09-22T16:27:59.715Z	info	app/vmalert/manager.go:84	reading rules configuration file from "config/testdata/rules2-good.rules"
2020-09-22T16:27:59.715Z	info	app/vmalert/group.go:235	group "TestGroup": received stop signal
2020-09-22T16:27:59.715Z	info	app/vmalert/manager.go:84	reading rules configuration file from "config/testdata/dir/rules0-good.rules"
2020-09-22T16:27:59.715Z	info	app/vmalert/manager.go:84	reading rules configuration file from "config/testdata/dir/rules0-bad.rules"
2020-09-22T16:27:59.715Z	info	app/vmalert/manager.go:84	reading rules configuration file from "config/testdata/dir/rules0-good.rules"
2020-09-22T16:27:59.715Z	info	app/vmalert/manager.go:84	reading rules configuration file from "config/testdata/rules0-good.rules"
2020-09-22T16:27:59.715Z	info	app/vmalert/group.go:225	group "groupTest" started; interval=1ms; concurrency=1
2020-09-22T16:27:59.715Z	info	app/vmalert/manager.go:84	reading rules configuration file from "config/testdata/dir/rules0-good.rules"
2020-09-22T16:27:59.716Z	info	app/vmalert/group.go:235	group "groupTest": received stop signal
2020-09-22T16:27:59.716Z	info	app/vmalert/manager.go:84	reading rules configuration file from "config/testdata/dir/rules0-good.rules"
2020-09-22T16:27:59.716Z	info	app/vmalert/group.go:225	group "duplicatedGroupDiffFiles" started; interval=1ms; concurrency=1
2020-09-22T16:27:59.716Z	info	app/vmalert/group.go:235	group "duplicatedGroupDiffFiles": received stop signal
2020-09-22T16:27:59.716Z	info	app/vmalert/group.go:225	group "TestGroup" started; interval=1ms; concurrency=1
2020-09-22T16:27:59.716Z	info	app/vmalert/group.go:235	group "TestGroup": received stop signal
2020-09-22T16:27:59.716Z	info	app/vmalert/manager.go:84	reading rules configuration file from "config/testdata/dir/rules0-bad.rules"
2020-09-22T16:27:59.716Z	info	app/vmalert/manager.go:84	reading rules configuration file from "config/testdata/rules1-good.rules"
2020-09-22T16:27:59.717Z	info	app/vmalert/manager.go:84	reading rules configuration file from "config/testdata/dir/rules0-good.rules"
2020-09-22T16:27:59.716Z	info	app/vmalert/group.go:225	group "groupGorSingleAlert" started; interval=1ms; concurrency=1
2020-09-22T16:27:59.717Z	info	app/vmalert/group.go:235	group "groupGorSingleAlert": received stop signal
2020-09-22T16:27:59.717Z	info	app/vmalert/manager.go:84	reading rules configuration file from "config/testdata/dir/rules1-good.rules"
2020-09-22T16:27:59.717Z	info	app/vmalert/group.go:225	group "groupTest" started; interval=1ms; concurrency=1
2020-09-22T16:27:59.717Z	info	app/vmalert/group.go:235	group "groupTest": received stop signal
2020-09-22T16:27:59.717Z	info	app/vmalert/group.go:225	group "groupGorSingleAlert" started; interval=1ms; concurrency=1
2020-09-22T16:27:59.717Z	info	app/vmalert/group.go:225	group "TestGroup" started; interval=1ms; concurrency=1
2020-09-22T16:27:59.717Z	info	app/vmalert/manager.go:84	reading rules configuration file from "config/testdata/rules1-good.rules"
2020-09-22T16:27:59.717Z	info	app/vmalert/group.go:235	group "groupGorSingleAlert": received stop signal
2020-09-22T16:27:59.717Z	info	app/vmalert/manager.go:84	reading rules configuration file from "config/testdata/dir/rules1-bad.rules"
2020-09-22T16:27:59.717Z	info	app/vmalert/group.go:235	group "TestGroup": received stop signal
2020-09-22T16:27:59.717Z	info	app/vmalert/group.go:225	group "duplicatedGroupDiffFiles" started; interval=1ms; concurrency=1
2020-09-22T16:27:59.717Z	info	app/vmalert/manager.go:84	reading rules configuration file from "config/testdata/rules1-good.rules"
2020-09-22T16:27:59.717Z	info	app/vmalert/group.go:235	group "duplicatedGroupDiffFiles": received stop signal
2020-09-22T16:27:59.717Z	info	app/vmalert/manager.go:84	reading rules configuration file from "config/testdata/dir/rules1-bad.rules"
2020-09-22T16:27:59.717Z	info	app/vmalert/manager.go:84	reading rules configuration file from "config/testdata/dir/rules1-bad.rules"
2020-09-22T16:27:59.717Z	info	app/vmalert/manager.go:84	reading rules configuration file from "config/testdata/dir/rules0-good.rules"
2020-09-22T16:27:59.717Z	info	app/vmalert/group.go:225	group "TestGroup" started; interval=1ms; concurrency=1
2020-09-22T16:27:59.717Z	info	app/vmalert/group.go:225	group "groupGorSingleAlert" started; interval=1ms; concurrency=1
2020-09-22T16:27:59.718Z	info	app/vmalert/group.go:235	group "groupGorSingleAlert": received stop signal
2020-09-22T16:27:59.718Z	info	app/vmalert/group.go:235	group "TestGroup": received stop signal
2020-09-22T16:27:59.718Z	info	app/vmalert/group.go:225	group "duplicatedGroupDiffFiles" started; interval=1ms; concurrency=1
2020-09-22T16:27:59.718Z	info	app/vmalert/manager.go:84	reading rules configuration file from "config/testdata/rules0-good.rules"
2020-09-22T16:27:59.718Z	info	app/vmalert/group.go:235	group "duplicatedGroupDiffFiles": received stop signal
2020-09-22T16:27:59.718Z	info	app/vmalert/manager.go:84	reading rules configuration file from "config/testdata/dir/rules0-bad.rules"
2020-09-22T16:27:59.718Z	info	app/vmalert/group.go:225	group "TestGroup" started; interval=2s; concurrency=2
2020-09-22T16:27:59.718Z	info	app/vmalert/group.go:235	group "TestGroup": received stop signal
2020-09-22T16:27:59.718Z	info	app/vmalert/group.go:225	group "duplicatedGroupDiffFiles" started; interval=1ms; concurrency=1
2020-09-22T16:27:59.718Z	info	app/vmalert/group.go:235	group "duplicatedGroupDiffFiles": received stop signal
2020-09-22T16:27:59.718Z	info	app/vmalert/manager.go:84	reading rules configuration file from "config/testdata/rules1-good.rules"
2020-09-22T16:27:59.719Z	info	app/vmalert/group.go:225	group "duplicatedGroupDiffFiles" started; interval=1ms; concurrency=1
2020-09-22T16:27:59.719Z	info	app/vmalert/manager.go:84	reading rules configuration file from "config/testdata/rules0-good.rules"
2020-09-22T16:27:59.719Z	info	app/vmalert/group.go:235	group "duplicatedGroupDiffFiles": received stop signal
2020-09-22T16:27:59.719Z	info	app/vmalert/manager.go:84	reading rules configuration file from "config/testdata/rules2-good.rules"
2020-09-22T16:27:59.719Z	info	app/vmalert/group.go:225	group "groupTest" started; interval=1ms; concurrency=1
2020-09-22T16:27:59.719Z	info	app/vmalert/manager.go:84	reading rules configuration file from "config/testdata/dir/rules1-good.rules"
2020-09-22T16:27:59.719Z	info	app/vmalert/group.go:235	group "groupTest": received stop signal
2020-09-22T16:27:59.719Z	info	app/vmalert/group.go:225	group "duplicatedGroupDiffFiles" started; interval=1ms; concurrency=1
2020-09-22T16:27:59.719Z	info	app/vmalert/group.go:235	group "duplicatedGroupDiffFiles": received stop signal
2020-09-22T16:27:59.719Z	info	app/vmalert/manager.go:84	reading rules configuration file from "config/testdata/dir/rules0-bad.rules"
2020-09-22T16:27:59.719Z	info	app/vmalert/manager.go:84	reading rules configuration file from "config/testdata/dir/rules1-bad.rules"
2020-09-22T16:27:59.719Z	info	app/vmalert/manager.go:84	reading rules configuration file from "config/testdata/dir/rules1-bad.rules"
2020-09-22T16:27:59.719Z	info	app/vmalert/group.go:225	group "TestGroup" started; interval=2s; concurrency=2
2020-09-22T16:27:59.719Z	info	app/vmalert/group.go:235	group "TestGroup": received stop signal
2020-09-22T16:27:59.719Z	info	app/vmalert/manager.go:84	reading rules configuration file from "config/testdata/rules2-good.rules"
2020-09-22T16:27:59.719Z	info	app/vmalert/manager.go:84	reading rules configuration file from "config/testdata/dir/rules0-good.rules"
2020-09-22T16:27:59.719Z	info	app/vmalert/group.go:225	group "TestGroup" started; interval=1ms; concurrency=1
2020-09-22T16:27:59.719Z	info	app/vmalert/group.go:225	group "groupGorSingleAlert" started; interval=1ms; concurrency=1
2020-09-22T16:27:59.719Z	info	app/vmalert/group.go:235	group "groupGorSingleAlert": received stop signal
2020-09-22T16:27:59.720Z	info	app/vmalert/manager.go:84	reading rules configuration file from "config/testdata/rules1-good.rules"
2020-09-22T16:27:59.720Z	info	app/vmalert/manager.go:84	reading rules configuration file from "config/testdata/rules0-good.rules"
2020-09-22T16:27:59.720Z	info	app/vmalert/manager.go:84	reading rules configuration file from "config/testdata/dir/rules1-good.rules"
2020-09-22T16:27:59.720Z	info	app/vmalert/group.go:235	group "TestGroup": received stop signal
2020-09-22T16:27:59.720Z	info	app/vmalert/manager.go:84	reading rules configuration file from "config/testdata/rules0-good.rules"
2020-09-22T16:27:59.720Z	info	app/vmalert/group.go:225	group "TestGroup" started; interval=2s; concurrency=2
2020-09-22T16:27:59.720Z	info	app/vmalert/manager.go:84	reading rules configuration file from "config/testdata/rules2-good.rules"
2020-09-22T16:27:59.720Z	info	app/vmalert/manager.go:84	reading rules configuration file from "config/testdata/dir/rules0-good.rules"
2020-09-22T16:27:59.720Z	info	app/vmalert/group.go:235	group "TestGroup": received stop signal
2020-09-22T16:27:59.720Z	info	app/vmalert/group.go:225	group "duplicatedGroupDiffFiles" started; interval=1ms; concurrency=1
2020-09-22T16:27:59.720Z	info	app/vmalert/group.go:235	group "duplicatedGroupDiffFiles": received stop signal
2020-09-22T16:27:59.720Z	info	app/vmalert/manager.go:84	reading rules configuration file from "config/testdata/dir/rules0-good.rules"
2020-09-22T16:27:59.721Z	info	app/vmalert/manager.go:84	reading rules configuration file from "config/testdata/dir/rules1-good.rules"
2020-09-22T16:27:59.721Z	info	app/vmalert/group.go:225	group "groupGorSingleAlert" started; interval=1ms; concurrency=1
2020-09-22T16:27:59.721Z	info	app/vmalert/manager.go:84	reading rules configuration file from "config/testdata/dir/rules1-good.rules"
2020-09-22T16:27:59.721Z	info	app/vmalert/group.go:225	group "TestGroup" started; interval=1ms; concurrency=1
2020-09-22T16:27:59.721Z	info	app/vmalert/group.go:235	group "TestGroup": received stop signal
2020-09-22T16:27:59.721Z	info	app/vmalert/group.go:235	group "groupGorSingleAlert": received stop signal
2020-09-22T16:27:59.721Z	info	app/vmalert/manager.go:84	reading rules configuration file from "config/testdata/dir/rules0-good.rules"
2020-09-22T16:27:59.721Z	info	app/vmalert/manager.go:84	reading rules configuration file from "config/testdata/dir/rules1-good.rules"
2020-09-22T16:27:59.721Z	info	app/vmalert/group.go:225	group "TestGroup" started; interval=2s; concurrency=2
2020-09-22T16:27:59.721Z	info	app/vmalert/group.go:235	group "TestGroup": received stop signal
2020-09-22T16:27:59.721Z	info	app/vmalert/manager.go:84	reading rules configuration file from "config/testdata/dir/rules0-good.rules"
2020-09-22T16:27:59.721Z	info	app/vmalert/group.go:225	group "duplicatedGroupDiffFiles" started; interval=1ms; concurrency=1
2020-09-22T16:27:59.721Z	info	app/vmalert/manager.go:84	reading rules configuration file from "config/testdata/dir/rules1-bad.rules"
2020-09-22T16:27:59.721Z	info	app/vmalert/group.go:235	group "duplicatedGroupDiffFiles": received stop signal
2020-09-22T16:27:59.722Z	info	app/vmalert/group.go:225	group "TestGroup" started; interval=1ms; concurrency=1
2020-09-22T16:27:59.722Z	info	app/vmalert/manager.go:84	reading rules configuration file from "config/testdata/rules1-good.rules"
2020-09-22T16:27:59.722Z	info	app/vmalert/group.go:225	group "groupGorSingleAlert" started; interval=1ms; concurrency=1
2020-09-22T16:27:59.722Z	info	app/vmalert/group.go:235	group "TestGroup": received stop signal
2020-09-22T16:27:59.722Z	info	app/vmalert/group.go:235	group "groupGorSingleAlert": received stop signal
2020-09-22T16:27:59.722Z	info	app/vmalert/group.go:225	group "duplicatedGroupDiffFiles" started; interval=1ms; concurrency=1
2020-09-22T16:27:59.722Z	info	app/vmalert/manager.go:84	reading rules configuration file from "config/testdata/dir/rules1-good.rules"
2020-09-22T16:27:59.722Z	info	app/vmalert/group.go:235	group "duplicatedGroupDiffFiles": received stop signal
2020-09-22T16:27:59.722Z	info	app/vmalert/group.go:225	group "TestGroup" started; interval=2s; concurrency=2
2020-09-22T16:27:59.722Z	info	app/vmalert/manager.go:84	reading rules configuration file from "config/testdata/dir/rules0-bad.rules"
2020-09-22T16:27:59.722Z	info	app/vmalert/manager.go:84	reading rules configuration file from "config/testdata/rules2-good.rules"
2020-09-22T16:27:59.722Z	info	app/vmalert/group.go:235	group "TestGroup": received stop signal
2020-09-22T16:27:59.723Z	info	app/vmalert/manager.go:84	reading rules configuration file from "config/testdata/dir/rules0-good.rules"
2020-09-22T16:27:59.723Z	info	app/vmalert/group.go:225	group "groupTest" started; interval=1ms; concurrency=1
2020-09-22T16:27:59.723Z	info	app/vmalert/group.go:235	group "groupTest": received stop signal
2020-09-22T16:27:59.723Z	info	app/vmalert/manager.go:84	reading rules configuration file from "config/testdata/dir/rules1-bad.rules"
2020-09-22T16:27:59.723Z	info	app/vmalert/group.go:225	group "duplicatedGroupDiffFiles" started; interval=1ms; concurrency=1
2020-09-22T16:27:59.723Z	info	app/vmalert/group.go:235	group "duplicatedGroupDiffFiles": received stop signal
2020-09-22T16:27:59.723Z	info	app/vmalert/group.go:225	group "groupGorSingleAlert" started; interval=1ms; concurrency=1
2020-09-22T16:27:59.723Z	info	app/vmalert/group.go:225	group "TestGroup" started; interval=1ms; concurrency=1
2020-09-22T16:27:59.723Z	info	app/vmalert/manager.go:84	reading rules configuration file from "config/testdata/dir/rules0-good.rules"
2020-09-22T16:27:59.723Z	info	app/vmalert/group.go:235	group "TestGroup": received stop signal
2020-09-22T16:27:59.723Z	info	app/vmalert/group.go:235	group "groupGorSingleAlert": received stop signal
2020-09-22T16:27:59.723Z	info	app/vmalert/manager.go:84	reading rules configuration file from "config/testdata/dir/rules1-bad.rules"
2020-09-22T16:27:59.723Z	info	app/vmalert/group.go:225	group "duplicatedGroupDiffFiles" started; interval=1ms; concurrency=1
2020-09-22T16:27:59.723Z	info	app/vmalert/manager.go:84	reading rules configuration file from "config/testdata/rules2-good.rules"
2020-09-22T16:27:59.724Z	info	app/vmalert/group.go:235	group "duplicatedGroupDiffFiles": received stop signal
2020-09-22T16:27:59.724Z	info	app/vmalert/group.go:225	group "duplicatedGroupDiffFiles" started; interval=1ms; concurrency=1
2020-09-22T16:27:59.724Z	info	app/vmalert/manager.go:84	reading rules configuration file from "config/testdata/rules0-good.rules"
2020-09-22T16:27:59.724Z	info	app/vmalert/group.go:235	group "duplicatedGroupDiffFiles": received stop signal
2020-09-22T16:27:59.724Z	info	app/vmalert/group.go:225	group "duplicatedGroupDiffFiles" started; interval=1ms; concurrency=1
2020-09-22T16:27:59.724Z	info	app/vmalert/group.go:235	group "duplicatedGroupDiffFiles": received stop signal
2020-09-22T16:27:59.724Z	info	app/vmalert/manager.go:84	reading rules configuration file from "config/testdata/dir/rules1-good.rules"
2020-09-22T16:27:59.724Z	info	app/vmalert/manager.go:84	reading rules configuration file from "config/testdata/rules0-good.rules"
2020-09-22T16:27:59.724Z	info	app/vmalert/manager.go:84	reading rules configuration file from "config/testdata/rules0-good.rules"
2020-09-22T16:27:59.724Z	info	app/vmalert/group.go:225	group "duplicatedGroupDiffFiles" started; interval=1ms; concurrency=1
2020-09-22T16:27:59.724Z	info	app/vmalert/group.go:235	group "duplicatedGroupDiffFiles": received stop signal
2020-09-22T16:27:59.724Z	info	app/vmalert/group.go:225	group "TestGroup" started; interval=1ms; concurrency=1
2020-09-22T16:27:59.724Z	info	app/vmalert/group.go:235	group "TestGroup": received stop signal
2020-09-22T16:27:59.724Z	info	app/vmalert/group.go:225	group "groupGorSingleAlert" started; interval=1ms; concurrency=1
2020-09-22T16:27:59.724Z	info	app/vmalert/group.go:235	group "groupGorSingleAlert": received stop signal
2020-09-22T16:27:59.724Z	info	app/vmalert/manager.go:84	reading rules configuration file from "config/testdata/dir/rules1-bad.rules"
2020-09-22T16:27:59.724Z	info	app/vmalert/manager.go:84	reading rules configuration file from "config/testdata/rules0-good.rules"
2020-09-22T16:27:59.725Z	info	app/vmalert/manager.go:84	reading rules configuration file from "config/testdata/rules2-good.rules"
2020-09-22T16:27:59.725Z	info	app/vmalert/group.go:225	group "duplicatedGroupDiffFiles" started; interval=1ms; concurrency=1
2020-09-22T16:27:59.725Z	info	app/vmalert/group.go:235	group "duplicatedGroupDiffFiles": received stop signal
2020-09-22T16:27:59.725Z	info	app/vmalert/manager.go:84	reading rules configuration file from "config/testdata/dir/rules1-bad.rules"
2020-09-22T16:27:59.725Z	info	app/vmalert/manager.go:84	reading rules configuration file from "config/testdata/rules1-good.rules"
2020-09-22T16:27:59.725Z	info	app/vmalert/group.go:225	group "groupTest" started; interval=1ms; concurrency=1
2020-09-22T16:27:59.725Z	info	app/vmalert/group.go:235	group "groupTest": received stop signal
2020-09-22T16:27:59.725Z	info	app/vmalert/manager.go:84	reading rules configuration file from "config/testdata/rules1-good.rules"
2020-09-22T16:27:59.725Z	info	app/vmalert/group.go:225	group "duplicatedGroupDiffFiles" started; interval=1ms; concurrency=1
2020-09-22T16:27:59.725Z	info	app/vmalert/manager.go:84	reading rules configuration file from "config/testdata/rules2-good.rules"
2020-09-22T16:27:59.726Z	info	app/vmalert/manager.go:84	reading rules configuration file from "config/testdata/dir/rules1-bad.rules"
2020-09-22T16:27:59.726Z	info	app/vmalert/group.go:235	group "duplicatedGroupDiffFiles": received stop signal
2020-09-22T16:27:59.726Z	info	app/vmalert/group.go:225	group "groupGorSingleAlert" started; interval=1ms; concurrency=1
2020-09-22T16:27:59.726Z	info	app/vmalert/manager.go:84	reading rules configuration file from "config/testdata/rules2-good.rules"
2020-09-22T16:27:59.726Z	info	app/vmalert/group.go:235	group "groupGorSingleAlert": received stop signal
2020-09-22T16:27:59.726Z	info	app/vmalert/manager.go:84	reading rules configuration file from "config/testdata/dir/rules0-bad.rules"
2020-09-22T16:27:59.726Z	info	app/vmalert/group.go:225	group "TestGroup" started; interval=1ms; concurrency=1
2020-09-22T16:27:59.726Z	info	app/vmalert/group.go:235	group "TestGroup": received stop signal
2020-09-22T16:27:59.726Z	info	app/vmalert/manager.go:84	reading rules configuration file from "config/testdata/dir/rules1-bad.rules"
2020-09-22T16:27:59.726Z	info	app/vmalert/manager.go:84	reading rules configuration file from "config/testdata/dir/rules1-bad.rules"
2020-09-22T16:27:59.726Z	info	app/vmalert/group.go:225	group "duplicatedGroupDiffFiles" started; interval=1ms; concurrency=1
2020-09-22T16:27:59.726Z	info	app/vmalert/group.go:235	group "duplicatedGroupDiffFiles": received stop signal
2020-09-22T16:27:59.726Z	info	app/vmalert/group.go:225	group "groupTest" started; interval=1ms; concurrency=1
2020-09-22T16:27:59.726Z	info	app/vmalert/manager.go:84	reading rules configuration file from "config/testdata/rules0-good.rules"
2020-09-22T16:27:59.726Z	info	app/vmalert/group.go:235	group "groupTest": received stop signal
2020-09-22T16:27:59.727Z	info	app/vmalert/group.go:225	group "duplicatedGroupDiffFiles" started; interval=1ms; concurrency=1
2020-09-22T16:27:59.727Z	info	app/vmalert/group.go:235	group "duplicatedGroupDiffFiles": received stop signal
2020-09-22T16:27:59.727Z	info	app/vmalert/manager.go:84	reading rules configuration file from "config/testdata/dir/rules1-bad.rules"
2020-09-22T16:27:59.727Z	info	app/vmalert/manager.go:84	reading rules configuration file from "config/testdata/dir/rules1-bad.rules"
2020-09-22T16:27:59.727Z	info	app/vmalert/manager.go:84	reading rules configuration file from "config/testdata/rules2-good.rules"
2020-09-22T16:27:59.727Z	info	app/vmalert/group.go:225	group "TestGroup" started; interval=2s; concurrency=2
2020-09-22T16:27:59.727Z	info	app/vmalert/group.go:235	group "TestGroup": received stop signal
2020-09-22T16:27:59.727Z	info	app/vmalert/manager.go:84	reading rules configuration file from "config/testdata/rules1-good.rules"
2020-09-22T16:27:59.727Z	info	app/vmalert/group.go:225	group "TestGroup" started; interval=1ms; concurrency=1
2020-09-22T16:27:59.727Z	info	app/vmalert/group.go:225	group "groupGorSingleAlert" started; interval=1ms; concurrency=1
2020-09-22T16:27:59.727Z	info	app/vmalert/group.go:235	group "groupGorSingleAlert": received stop signal
2020-09-22T16:27:59.727Z	info	app/vmalert/group.go:235	group "TestGroup": received stop signal
2020-09-22T16:27:59.727Z	info	app/vmalert/manager.go:84	reading rules configuration file from "config/testdata/dir/rules0-good.rules"
2020-09-22T16:27:59.728Z	info	app/vmalert/manager.go:84	reading rules configuration file from "config/testdata/rules0-good.rules"
2020-09-22T16:27:59.728Z	info	app/vmalert/manager.go:84	reading rules configuration file from "config/testdata/rules0-good.rules"
2020-09-22T16:27:59.728Z	info	app/vmalert/group.go:225	group "duplicatedGroupDiffFiles" started; interval=1ms; concurrency=1
2020-09-22T16:27:59.728Z	info	app/vmalert/group.go:235	group "duplicatedGroupDiffFiles": received stop signal
2020-09-22T16:27:59.728Z	info	app/vmalert/group.go:225	group "groupGorSingleAlert" started; interval=1ms; concurrency=1
2020-09-22T16:27:59.728Z	info	app/vmalert/group.go:235	group "groupGorSingleAlert": received stop signal
2020-09-22T16:27:59.728Z	info	app/vmalert/group.go:225	group "TestGroup" started; interval=1ms; concurrency=1
2020-09-22T16:27:59.728Z	info	app/vmalert/manager.go:84	reading rules configuration file from "config/testdata/dir/rules0-bad.rules"
2020-09-22T16:27:59.728Z	info	app/vmalert/group.go:235	group "TestGroup": received stop signal
2020-09-22T16:27:59.728Z	info	app/vmalert/manager.go:84	reading rules configuration file from "config/testdata/dir/rules0-bad.rules"
2020-09-22T16:27:59.728Z	info	app/vmalert/manager.go:84	reading rules configuration file from "config/testdata/rules1-good.rules"
2020-09-22T16:27:59.729Z	info	app/vmalert/manager.go:84	reading rules configuration file from "config/testdata/dir/rules1-good.rules"
2020-09-22T16:27:59.729Z	info	app/vmalert/manager.go:84	reading rules configuration file from "config/testdata/rules2-good.rules"
2020-09-22T16:27:59.728Z	info	app/vmalert/group.go:225	group "duplicatedGroupDiffFiles" started; interval=1ms; concurrency=1
2020-09-22T16:27:59.729Z	info	app/vmalert/group.go:235	group "duplicatedGroupDiffFiles": received stop signal
2020-09-22T16:27:59.729Z	info	app/vmalert/group.go:225	group "groupGorSingleAlert" started; interval=1ms; concurrency=1
2020-09-22T16:27:59.729Z	info	app/vmalert/group.go:235	group "groupGorSingleAlert": received stop signal
2020-09-22T16:27:59.729Z	info	app/vmalert/group.go:225	group "TestGroup" started; interval=1ms; concurrency=1
2020-09-22T16:27:59.729Z	info	app/vmalert/manager.go:84	reading rules configuration file from "config/testdata/dir/rules1-good.rules"
2020-09-22T16:27:59.729Z	info	app/vmalert/manager.go:84	reading rules configuration file from "config/testdata/dir/rules0-bad.rules"
2020-09-22T16:27:59.729Z	info	app/vmalert/group.go:235	group "TestGroup": received stop signal
2020-09-22T16:27:59.729Z	info	app/vmalert/manager.go:84	reading rules configuration file from "config/testdata/dir/rules0-bad.rules"
2020-09-22T16:27:59.730Z	info	app/vmalert/group.go:225	group "duplicatedGroupDiffFiles" started; interval=1ms; concurrency=1
2020-09-22T16:27:59.730Z	info	app/vmalert/group.go:235	group "duplicatedGroupDiffFiles": received stop signal
2020-09-22T16:27:59.730Z	info	app/vmalert/manager.go:84	reading rules configuration file from "config/testdata/rules1-good.rules"
2020-09-22T16:27:59.730Z	info	app/vmalert/manager.go:84	reading rules configuration file from "config/testdata/rules2-good.rules"
2020-09-22T16:27:59.730Z	info	app/vmalert/group.go:225	group "groupTest" started; interval=1ms; concurrency=1
2020-09-22T16:27:59.730Z	info	app/vmalert/group.go:235	group "groupTest": received stop signal
2020-09-22T16:27:59.730Z	info	app/vmalert/manager.go:84	reading rules configuration file from "config/testdata/rules1-good.rules"
2020-09-22T16:27:59.730Z	info	app/vmalert/manager.go:84	reading rules configuration file from "config/testdata/dir/rules0-good.rules"
2020-09-22T16:27:59.730Z	info	app/vmalert/group.go:225	group "TestGroup" started; interval=2s; concurrency=2
2020-09-22T16:27:59.730Z	info	app/vmalert/manager.go:84	reading rules configuration file from "config/testdata/rules2-good.rules"
2020-09-22T16:27:59.730Z	info	app/vmalert/group.go:235	group "TestGroup": received stop signal
2020-09-22T16:27:59.730Z	info	app/vmalert/manager.go:84	reading rules configuration file from "config/testdata/dir/rules1-bad.rules"
2020-09-22T16:27:59.730Z	info	app/vmalert/manager.go:84	reading rules configuration file from "config/testdata/rules0-good.rules"
2020-09-22T16:27:59.731Z	info	app/vmalert/manager.go:84	reading rules configuration file from "config/testdata/dir/rules0-bad.rules"
2020-09-22T16:27:59.731Z	info	app/vmalert/manager.go:84	reading rules configuration file from "config/testdata/rules2-good.rules"
2020-09-22T16:27:59.731Z	info	app/vmalert/manager.go:84	reading rules configuration file from "config/testdata/rules2-good.rules"
2020-09-22T16:27:59.731Z	info	app/vmalert/group.go:225	group "groupTest" started; interval=1ms; concurrency=1
2020-09-22T16:27:59.731Z	info	app/vmalert/group.go:235	group "groupTest": received stop signal
2020-09-22T16:27:59.731Z	info	app/vmalert/group.go:225	group "TestGroup" started; interval=1ms; concurrency=1
2020-09-22T16:27:59.731Z	info	app/vmalert/group.go:225	group "groupGorSingleAlert" started; interval=1ms; concurrency=1
2020-09-22T16:27:59.731Z	info	app/vmalert/group.go:235	group "TestGroup": received stop signal
2020-09-22T16:27:59.731Z	info	app/vmalert/group.go:235	group "groupGorSingleAlert": received stop signal
2020-09-22T16:27:59.731Z	info	app/vmalert/manager.go:84	reading rules configuration file from "config/testdata/dir/rules1-good.rules"
2020-09-22T16:27:59.731Z	info	app/vmalert/group.go:225	group "TestGroup" started; interval=2s; concurrency=2
2020-09-22T16:27:59.731Z	info	app/vmalert/manager.go:84	reading rules configuration file from "config/testdata/dir/rules0-bad.rules"
2020-09-22T16:27:59.731Z	info	app/vmalert/group.go:235	group "TestGroup": received stop signal
2020-09-22T16:27:59.731Z	info	app/vmalert/manager.go:84	reading rules configuration file from "config/testdata/dir/rules0-good.rules"
2020-09-22T16:27:59.731Z	info	app/vmalert/manager.go:84	reading rules configuration file from "config/testdata/rules1-good.rules"
2020-09-22T16:27:59.731Z	info	app/vmalert/group.go:225	group "groupGorSingleAlert" started; interval=1ms; concurrency=1
2020-09-22T16:27:59.732Z	info	app/vmalert/manager.go:84	reading rules configuration file from "config/testdata/rules1-good.rules"
2020-09-22T16:27:59.732Z	info	app/vmalert/manager.go:84	reading rules configuration file from "config/testdata/dir/rules1-good.rules"
2020-09-22T16:27:59.732Z	info	app/vmalert/group.go:225	group "TestGroup" started; interval=1ms; concurrency=1
2020-09-22T16:27:59.732Z	info	app/vmalert/group.go:235	group "TestGroup": received stop signal
2020-09-22T16:27:59.732Z	info	app/vmalert/group.go:235	group "groupGorSingleAlert": received stop signal
2020-09-22T16:27:59.732Z	info	app/vmalert/manager.go:84	reading rules configuration file from "config/testdata/rules0-good.rules"
2020-09-22T16:27:59.732Z	info	app/vmalert/group.go:225	group "TestGroup" started; interval=2s; concurrency=2
2020-09-22T16:27:59.732Z	info	app/vmalert/group.go:235	group "TestGroup": received stop signal
2020-09-22T16:27:59.732Z	info	app/vmalert/manager.go:84	reading rules configuration file from "config/testdata/rules1-good.rules"
2020-09-22T16:27:59.732Z	info	app/vmalert/manager.go:84	reading rules configuration file from "config/testdata/rules0-good.rules"
2020-09-22T16:27:59.732Z	info	app/vmalert/manager.go:84	reading rules configuration file from "config/testdata/dir/rules1-bad.rules"
2020-09-22T16:27:59.732Z	info	app/vmalert/group.go:225	group "duplicatedGroupDiffFiles" started; interval=1ms; concurrency=1
2020-09-22T16:27:59.733Z	info	app/vmalert/group.go:235	group "duplicatedGroupDiffFiles": received stop signal
2020-09-22T16:27:59.733Z	info	app/vmalert/manager.go:84	reading rules configuration file from "config/testdata/dir/rules1-bad.rules"
2020-09-22T16:27:59.733Z	info	app/vmalert/group.go:225	group "groupTest" started; interval=1ms; concurrency=1
2020-09-22T16:27:59.733Z	info	app/vmalert/group.go:235	group "groupTest": received stop signal
2020-09-22T16:27:59.734Z	info	app/vmalert/group.go:225	group "groupGorSingleAlert" started; interval=1ms; concurrency=1
2020-09-22T16:27:59.734Z	info	app/vmalert/group.go:235	group "groupGorSingleAlert": received stop signal
2020-09-22T16:27:59.734Z	info	app/vmalert/group.go:225	group "TestGroup" started; interval=1ms; concurrency=1
2020-09-22T16:27:59.734Z	info	app/vmalert/manager.go:84	reading rules configuration file from "config/testdata/dir/rules1-bad.rules"
2020-09-22T16:27:59.734Z	info	app/vmalert/group.go:235	group "TestGroup": received stop signal
2020-09-22T16:27:59.734Z	info	app/vmalert/manager.go:84	reading rules configuration file from "config/testdata/rules2-good.rules"
2020-09-22T16:27:59.734Z	info	app/vmalert/group.go:225	group "duplicatedGroupDiffFiles" started; interval=1ms; concurrency=1
2020-09-22T16:27:59.734Z	info	app/vmalert/group.go:235	group "duplicatedGroupDiffFiles": received stop signal
2020-09-22T16:27:59.734Z	info	app/vmalert/manager.go:84	reading rules configuration file from "config/testdata/dir/rules0-good.rules"
2020-09-22T16:27:59.734Z	info	app/vmalert/group.go:225	group "duplicatedGroupDiffFiles" started; interval=1ms; concurrency=1
2020-09-22T16:27:59.734Z	info	app/vmalert/group.go:235	group "duplicatedGroupDiffFiles": received stop signal
2020-09-22T16:27:59.734Z	info	app/vmalert/manager.go:84	reading rules configuration file from "config/testdata/rules1-good.rules"
2020-09-22T16:27:59.734Z	info	app/vmalert/group.go:225	group "groupTest" started; interval=1ms; concurrency=1
2020-09-22T16:27:59.734Z	info	app/vmalert/group.go:235	group "groupTest": received stop signal
2020-09-22T16:27:59.734Z	info	app/vmalert/manager.go:84	reading rules configuration file from "config/testdata/dir/rules0-bad.rules"
2020-09-22T16:27:59.734Z	info	app/vmalert/manager.go:84	reading rules configuration file from "config/testdata/dir/rules1-bad.rules"
2020-09-22T16:27:59.734Z	info	app/vmalert/group.go:225	group "TestGroup" started; interval=1ms; concurrency=1
2020-09-22T16:27:59.734Z	info	app/vmalert/group.go:235	group "TestGroup": received stop signal
2020-09-22T16:27:59.734Z	info	app/vmalert/group.go:225	group "groupGorSingleAlert" started; interval=1ms; concurrency=1
2020-09-22T16:27:59.734Z	info	app/vmalert/manager.go:84	reading rules configuration file from "config/testdata/rules0-good.rules"
2020-09-22T16:27:59.734Z	info	app/vmalert/group.go:235	group "groupGorSingleAlert": received stop signal
2020-09-22T16:27:59.734Z	info	app/vmalert/group.go:225	group "TestGroup" started; interval=2s; concurrency=2
2020-09-22T16:27:59.734Z	info	app/vmalert/manager.go:84	reading rules configuration file from "config/testdata/rules2-good.rules"
2020-09-22T16:27:59.734Z	info	app/vmalert/group.go:235	group "TestGroup": received stop signal
2020-09-22T16:27:59.734Z	info	app/vmalert/group.go:225	group "groupGorSingleAlert" started; interval=1ms; concurrency=1
2020-09-22T16:27:59.734Z	info	app/vmalert/group.go:235	group "groupGorSingleAlert": received stop signal
2020-09-22T16:27:59.734Z	info	app/vmalert/manager.go:84	reading rules configuration file from "config/testdata/rules0-good.rules"
2020-09-22T16:27:59.735Z	info	app/vmalert/manager.go:84	reading rules configuration file from "config/testdata/dir/rules1-good.rules"
2020-09-22T16:27:59.734Z	info	app/vmalert/group.go:225	group "TestGroup" started; interval=1ms; concurrency=1
2020-09-22T16:27:59.735Z	info	app/vmalert/group.go:235	group "TestGroup": received stop signal
2020-09-22T16:27:59.735Z	info	app/vmalert/manager.go:84	reading rules configuration file from "config/testdata/dir/rules1-bad.rules"
2020-09-22T16:27:59.735Z	info	app/vmalert/group.go:225	group "duplicatedGroupDiffFiles" started; interval=1ms; concurrency=1
2020-09-22T16:27:59.735Z	info	app/vmalert/group.go:235	group "duplicatedGroupDiffFiles": received stop signal
2020-09-22T16:27:59.736Z	info	app/vmalert/manager.go:84	reading rules configuration file from "config/testdata/rules2-good.rules"
2020-09-22T16:27:59.736Z	info	app/vmalert/manager.go:84	reading rules configuration file from "config/testdata/rules2-good.rules"
2020-09-22T16:27:59.736Z	info	app/vmalert/group.go:225	group "TestGroup" started; interval=2s; concurrency=2
2020-09-22T16:27:59.736Z	info	app/vmalert/manager.go:84	reading rules configuration file from "config/testdata/dir/rules1-bad.rules"
2020-09-22T16:27:59.736Z	info	app/vmalert/group.go:235	group "TestGroup": received stop signal
2020-09-22T16:27:59.736Z	info	app/vmalert/manager.go:84	reading rules configuration file from "config/testdata/dir/rules1-good.rules"
2020-09-22T16:27:59.736Z	info	app/vmalert/group.go:225	group "TestGroup" started; interval=1ms; concurrency=1
2020-09-22T16:27:59.736Z	info	app/vmalert/group.go:225	group "groupGorSingleAlert" started; interval=1ms; concurrency=1
2020-09-22T16:27:59.736Z	info	app/vmalert/group.go:235	group "groupGorSingleAlert": received stop signal
2020-09-22T16:27:59.736Z	info	app/vmalert/group.go:235	group "TestGroup": received stop signal
2020-09-22T16:27:59.736Z	info	app/vmalert/manager.go:84	reading rules configuration file from "config/testdata/dir/rules0-good.rules"
2020-09-22T16:27:59.736Z	info	app/vmalert/group.go:225	group "duplicatedGroupDiffFiles" started; interval=1ms; concurrency=1
2020-09-22T16:27:59.736Z	info	app/vmalert/manager.go:84	reading rules configuration file from "config/testdata/dir/rules1-bad.rules"
2020-09-22T16:27:59.736Z	info	app/vmalert/group.go:235	group "duplicatedGroupDiffFiles": received stop signal
2020-09-22T16:27:59.736Z	info	app/vmalert/group.go:225	group "duplicatedGroupDiffFiles" started; interval=1ms; concurrency=1
2020-09-22T16:27:59.736Z	info	app/vmalert/group.go:235	group "duplicatedGroupDiffFiles": received stop signal
2020-09-22T16:27:59.736Z	info	app/vmalert/manager.go:84	reading rules configuration file from "config/testdata/dir/rules0-bad.rules"
2020-09-22T16:27:59.737Z	info	app/vmalert/manager.go:84	reading rules configuration file from "config/testdata/rules2-good.rules"
2020-09-22T16:27:59.737Z	info	app/vmalert/manager.go:84	reading rules configuration file from "config/testdata/dir/rules1-bad.rules"
2020-09-22T16:27:59.737Z	info	app/vmalert/group.go:225	group "duplicatedGroupDiffFiles" started; interval=1ms; concurrency=1
2020-09-22T16:27:59.737Z	info	app/vmalert/group.go:235	group "duplicatedGroupDiffFiles": received stop signal
2020-09-22T16:27:59.737Z	info	app/vmalert/group.go:225	group "duplicatedGroupDiffFiles" started; interval=1ms; concurrency=1
2020-09-22T16:27:59.737Z	info	app/vmalert/manager.go:84	reading rules configuration file from "config/testdata/dir/rules1-good.rules"
2020-09-22T16:27:59.737Z	info	app/vmalert/group.go:235	group "duplicatedGroupDiffFiles": received stop signal
2020-09-22T16:27:59.737Z	info	app/vmalert/group.go:225	group "groupGorSingleAlert" started; interval=1ms; concurrency=1
2020-09-22T16:27:59.737Z	info	app/vmalert/group.go:225	group "TestGroup" started; interval=1ms; concurrency=1
2020-09-22T16:27:59.737Z	info	app/vmalert/group.go:235	group "groupGorSingleAlert": received stop signal
2020-09-22T16:27:59.737Z	info	app/vmalert/manager.go:84	reading rules configuration file from "config/testdata/dir/rules1-good.rules"
2020-09-22T16:27:59.737Z	info	app/vmalert/group.go:235	group "TestGroup": received stop signal
2020-09-22T16:27:59.738Z	info	app/vmalert/manager.go:84	reading rules configuration file from "config/testdata/dir/rules1-good.rules"
2020-09-22T16:27:59.738Z	info	app/vmalert/group.go:225	group "TestGroup" started; interval=2s; concurrency=2
2020-09-22T16:27:59.738Z	info	app/vmalert/group.go:235	group "TestGroup": received stop signal
2020-09-22T16:27:59.738Z	info	app/vmalert/manager.go:84	reading rules configuration file from "config/testdata/rules2-good.rules"
2020-09-22T16:27:59.738Z	info	app/vmalert/manager.go:84	reading rules configuration file from "config/testdata/dir/rules1-bad.rules"
2020-09-22T16:27:59.738Z	info	app/vmalert/manager.go:84	reading rules configuration file from "config/testdata/dir/rules1-bad.rules"
2020-09-22T16:27:59.738Z	info	app/vmalert/group.go:225	group "duplicatedGroupDiffFiles" started; interval=1ms; concurrency=1
2020-09-22T16:27:59.738Z	info	app/vmalert/group.go:235	group "duplicatedGroupDiffFiles": received stop signal
2020-09-22T16:27:59.738Z	info	app/vmalert/manager.go:84	reading rules configuration file from "config/testdata/dir/rules1-bad.rules"
2020-09-22T16:27:59.738Z	info	app/vmalert/manager.go:84	reading rules configuration file from "config/testdata/dir/rules1-good.rules"
2020-09-22T16:27:59.738Z	info	app/vmalert/group.go:225	group "groupTest" started; interval=1ms; concurrency=1
2020-09-22T16:27:59.738Z	info	app/vmalert/group.go:235	group "groupTest": received stop signal
2020-09-22T16:27:59.738Z	info	app/vmalert/manager.go:84	reading rules configuration file from "config/testdata/dir/rules1-bad.rules"
2020-09-22T16:27:59.738Z	info	app/vmalert/group.go:225	group "duplicatedGroupDiffFiles" started; interval=1ms; concurrency=1
2020-09-22T16:27:59.738Z	info	app/vmalert/group.go:235	group "duplicatedGroupDiffFiles": received stop signal
2020-09-22T16:27:59.738Z	info	app/vmalert/manager.go:84	reading rules configuration file from "config/testdata/dir/rules0-good.rules"
2020-09-22T16:27:59.739Z	info	app/vmalert/group.go:225	group "duplicatedGroupDiffFiles" started; interval=1ms; concurrency=1
2020-09-22T16:27:59.739Z	info	app/vmalert/group.go:235	group "duplicatedGroupDiffFiles": received stop signal
2020-09-22T16:27:59.739Z	info	app/vmalert/manager.go:84	reading rules configuration file from "config/testdata/rules0-good.rules"
2020-09-22T16:27:59.739Z	info	app/vmalert/manager.go:84	reading rules configuration file from "config/testdata/rules1-good.rules"
2020-09-22T16:27:59.739Z	info	app/vmalert/manager.go:84	reading rules configuration file from "config/testdata/dir/rules0-good.rules"
2020-09-22T16:27:59.739Z	info	app/vmalert/manager.go:84	reading rules configuration file from "config/testdata/dir/rules0-good.rules"
2020-09-22T16:27:59.739Z	info	app/vmalert/group.go:225	group "groupGorSingleAlert" started; interval=1ms; concurrency=1
2020-09-22T16:27:59.739Z	info	app/vmalert/group.go:235	group "groupGorSingleAlert": received stop signal
2020-09-22T16:27:59.739Z	info	app/vmalert/group.go:225	group "TestGroup" started; interval=1ms; concurrency=1
2020-09-22T16:27:59.739Z	info	app/vmalert/manager.go:84	reading rules configuration file from "config/testdata/rules2-good.rules"
2020-09-22T16:27:59.739Z	info	app/vmalert/group.go:235	group "TestGroup": received stop signal
2020-09-22T16:27:59.739Z	info	app/vmalert/manager.go:84	reading rules configuration file from "config/testdata/dir/rules0-good.rules"
2020-09-22T16:27:59.739Z	info	app/vmalert/group.go:225	group "groupTest" started; interval=1ms; concurrency=1
2020-09-22T16:27:59.740Z	info	app/vmalert/group.go:235	group "groupTest": received stop signal
2020-09-22T16:27:59.740Z	info	app/vmalert/group.go:225	group "TestGroup" started; interval=2s; concurrency=2
2020-09-22T16:27:59.740Z	info	app/vmalert/group.go:235	group "TestGroup": received stop signal
2020-09-22T16:27:59.740Z	info	app/vmalert/manager.go:84	reading rules configuration file from "config/testdata/dir/rules1-bad.rules"
2020-09-22T16:27:59.740Z	info	app/vmalert/manager.go:84	reading rules configuration file from "config/testdata/rules2-good.rules"
2020-09-22T16:27:59.740Z	info	app/vmalert/manager.go:84	reading rules configuration file from "config/testdata/dir/rules0-bad.rules"
2020-09-22T16:27:59.740Z	info	app/vmalert/group.go:225	group "TestGroup" started; interval=1ms; concurrency=1
2020-09-22T16:27:59.740Z	info	app/vmalert/group.go:225	group "groupGorSingleAlert" started; interval=1ms; concurrency=1
2020-09-22T16:27:59.740Z	info	app/vmalert/manager.go:84	reading rules configuration file from "config/testdata/dir/rules0-bad.rules"
2020-09-22T16:27:59.740Z	info	app/vmalert/group.go:235	group "groupGorSingleAlert": received stop signal
2020-09-22T16:27:59.740Z	info	app/vmalert/group.go:235	group "TestGroup": received stop signal
2020-09-22T16:27:59.740Z	info	app/vmalert/manager.go:84	reading rules configuration file from "config/testdata/dir/rules1-good.rules"
2020-09-22T16:27:59.740Z	info	app/vmalert/manager.go:84	reading rules configuration file from "config/testdata/dir/rules0-good.rules"
2020-09-22T16:27:59.740Z	info	app/vmalert/group.go:225	group "TestGroup" started; interval=2s; concurrency=2
2020-09-22T16:27:59.740Z	info	app/vmalert/group.go:235	group "TestGroup": received stop signal
2020-09-22T16:27:59.740Z	info	app/vmalert/group.go:225	group "groupTest" started; interval=1ms; concurrency=1
2020-09-22T16:27:59.740Z	info	app/vmalert/manager.go:84	reading rules configuration file from "config/testdata/rules0-good.rules"
2020-09-22T16:27:59.740Z	info	app/vmalert/manager.go:84	reading rules configuration file from "config/testdata/rules1-good.rules"
2020-09-22T16:27:59.740Z	info	app/vmalert/group.go:235	group "groupTest": received stop signal
2020-09-22T16:27:59.741Z	info	app/vmalert/group.go:225	group "duplicatedGroupDiffFiles" started; interval=1ms; concurrency=1
2020-09-22T16:27:59.741Z	info	app/vmalert/manager.go:84	reading rules configuration file from "config/testdata/rules2-good.rules"
2020-09-22T16:27:59.741Z	info	app/vmalert/group.go:235	group "duplicatedGroupDiffFiles": received stop signal
2020-09-22T16:27:59.741Z	info	app/vmalert/group.go:225	group "duplicatedGroupDiffFiles" started; interval=1ms; concurrency=1
2020-09-22T16:27:59.741Z	info	app/vmalert/group.go:235	group "duplicatedGroupDiffFiles": received stop signal
2020-09-22T16:27:59.741Z	info	app/vmalert/manager.go:84	reading rules configuration file from "config/testdata/dir/rules0-bad.rules"
2020-09-22T16:27:59.741Z	info	app/vmalert/manager.go:84	reading rules configuration file from "config/testdata/dir/rules1-good.rules"
2020-09-22T16:27:59.741Z	info	app/vmalert/group.go:225	group "groupTest" started; interval=1ms; concurrency=1
2020-09-22T16:27:59.741Z	info	app/vmalert/group.go:235	group "groupTest": received stop signal
2020-09-22T16:27:59.741Z	info	app/vmalert/group.go:225	group "duplicatedGroupDiffFiles" started; interval=1ms; concurrency=1
2020-09-22T16:27:59.741Z	info	app/vmalert/manager.go:84	reading rules configuration file from "config/testdata/dir/rules0-bad.rules"
2020-09-22T16:27:59.741Z	info	app/vmalert/group.go:235	group "duplicatedGroupDiffFiles": received stop signal
2020-09-22T16:27:59.741Z	info	app/vmalert/manager.go:84	reading rules configuration file from "config/testdata/dir/rules0-good.rules"
2020-09-22T16:27:59.741Z	info	app/vmalert/group.go:225	group "groupTest" started; interval=1ms; concurrency=1
2020-09-22T16:27:59.741Z	info	app/vmalert/manager.go:84	reading rules configuration file from "config/testdata/dir/rules0-good.rules"
2020-09-22T16:27:59.741Z	info	app/vmalert/group.go:235	group "groupTest": received stop signal
2020-09-22T16:27:59.741Z	info	app/vmalert/manager.go:84	reading rules configuration file from "config/testdata/dir/rules1-good.rules"
2020-09-22T16:27:59.741Z	info	app/vmalert/group.go:225	group "TestGroup" started; interval=2s; concurrency=2
2020-09-22T16:27:59.741Z	info	app/vmalert/group.go:235	group "TestGroup": received stop signal
2020-09-22T16:27:59.741Z	info	app/vmalert/group.go:225	group "TestGroup" started; interval=1ms; concurrency=1
2020-09-22T16:27:59.741Z	info	app/vmalert/group.go:225	group "groupGorSingleAlert" started; interval=1ms; concurrency=1
2020-09-22T16:27:59.741Z	info	app/vmalert/manager.go:84	reading rules configuration file from "config/testdata/rules0-good.rules"
2020-09-22T16:27:59.741Z	info	app/vmalert/group.go:235	group "groupGorSingleAlert": received stop signal
2020-09-22T16:27:59.742Z	info	app/vmalert/group.go:235	group "TestGroup": received stop signal
2020-09-22T16:27:59.742Z	info	app/vmalert/group.go:225	group "TestGroup" started; interval=2s; concurrency=2
2020-09-22T16:27:59.742Z	info	app/vmalert/group.go:235	group "TestGroup": received stop signal
2020-09-22T16:27:59.742Z	info	app/vmalert/manager.go:84	reading rules configuration file from "config/testdata/dir/rules0-bad.rules"
2020-09-22T16:27:59.742Z	info	app/vmalert/group.go:225	group "groupTest" started; interval=1ms; concurrency=1
2020-09-22T16:27:59.742Z	info	app/vmalert/manager.go:84	reading rules configuration file from "config/testdata/dir/rules1-bad.rules"
2020-09-22T16:27:59.742Z	info	app/vmalert/manager.go:84	reading rules configuration file from "config/testdata/dir/rules1-bad.rules"
2020-09-22T16:27:59.742Z	info	app/vmalert/group.go:235	group "groupTest": received stop signal
2020-09-22T16:27:59.742Z	info	app/vmalert/manager.go:84	reading rules configuration file from "config/testdata/dir/rules0-bad.rules"
2020-09-22T16:27:59.742Z	info	app/vmalert/manager.go:84	reading rules configuration file from "config/testdata/dir/rules0-good.rules"
2020-09-22T16:27:59.742Z	info	app/vmalert/group.go:225	group "duplicatedGroupDiffFiles" started; interval=1ms; concurrency=1
2020-09-22T16:27:59.742Z	info	app/vmalert/manager.go:84	reading rules configuration file from "config/testdata/dir/rules0-bad.rules"
2020-09-22T16:27:59.742Z	info	app/vmalert/manager.go:84	reading rules configuration file from "config/testdata/rules1-good.rules"
2020-09-22T16:27:59.742Z	info	app/vmalert/group.go:235	group "duplicatedGroupDiffFiles": received stop signal
2020-09-22T16:27:59.742Z	info	app/vmalert/group.go:225	group "duplicatedGroupDiffFiles" started; interval=1ms; concurrency=1
2020-09-22T16:27:59.742Z	info	app/vmalert/manager.go:84	reading rules configuration file from "config/testdata/dir/rules0-good.rules"
2020-09-22T16:27:59.743Z	info	app/vmalert/group.go:235	group "duplicatedGroupDiffFiles": received stop signal
2020-09-22T16:27:59.743Z	info	app/vmalert/group.go:225	group "duplicatedGroupDiffFiles" started; interval=1ms; concurrency=1
2020-09-22T16:27:59.743Z	info	app/vmalert/manager.go:84	reading rules configuration file from "config/testdata/rules2-good.rules"
2020-09-22T16:27:59.743Z	info	app/vmalert/group.go:235	group "duplicatedGroupDiffFiles": received stop signal
2020-09-22T16:27:59.743Z	info	app/vmalert/manager.go:84	reading rules configuration file from "config/testdata/dir/rules0-good.rules"
2020-09-22T16:27:59.743Z	info	app/vmalert/group.go:225	group "groupTest" started; interval=1ms; concurrency=1
2020-09-22T16:27:59.743Z	info	app/vmalert/manager.go:84	reading rules configuration file from "config/testdata/dir/rules1-bad.rules"
2020-09-22T16:27:59.743Z	info	app/vmalert/group.go:235	group "groupTest": received stop signal
2020-09-22T16:27:59.743Z	info	app/vmalert/manager.go:84	reading rules configuration file from "config/testdata/dir/rules1-good.rules"
2020-09-22T16:27:59.743Z	info	app/vmalert/group.go:225	group "duplicatedGroupDiffFiles" started; interval=1ms; concurrency=1
2020-09-22T16:27:59.743Z	info	app/vmalert/group.go:235	group "duplicatedGroupDiffFiles": received stop signal
2020-09-22T16:27:59.743Z	info	app/vmalert/manager.go:84	reading rules configuration file from "config/testdata/dir/rules1-bad.rules"
2020-09-22T16:27:59.743Z	info	app/vmalert/group.go:225	group "TestGroup" started; interval=2s; concurrency=2
2020-09-22T16:27:59.743Z	info	app/vmalert/group.go:235	group "TestGroup": received stop signal
2020-09-22T16:27:59.743Z	info	app/vmalert/manager.go:84	reading rules configuration file from "config/testdata/dir/rules0-good.rules"
2020-09-22T16:27:59.743Z	info	app/vmalert/manager.go:84	reading rules configuration file from "config/testdata/rules1-good.rules"
2020-09-22T16:27:59.743Z	info	app/vmalert/group.go:225	group "groupTest" started; interval=1ms; concurrency=1
2020-09-22T16:27:59.743Z	info	app/vmalert/manager.go:84	reading rules configuration file from "config/testdata/rules1-good.rules"
2020-09-22T16:27:59.743Z	info	app/vmalert/group.go:235	group "groupTest": received stop signal
2020-09-22T16:27:59.743Z	info	app/vmalert/manager.go:84	reading rules configuration file from "config/testdata/dir/rules1-bad.rules"
2020-09-22T16:27:59.743Z	info	app/vmalert/manager.go:84	reading rules configuration file from "config/testdata/rules2-good.rules"
2020-09-22T16:27:59.744Z	info	app/vmalert/manager.go:84	reading rules configuration file from "config/testdata/rules2-good.rules"
2020-09-22T16:27:59.744Z	info	app/vmalert/group.go:225	group "duplicatedGroupDiffFiles" started; interval=1ms; concurrency=1
2020-09-22T16:27:59.744Z	info	app/vmalert/group.go:235	group "duplicatedGroupDiffFiles": received stop signal
2020-09-22T16:27:59.744Z	info	app/vmalert/manager.go:84	reading rules configuration file from "config/testdata/dir/rules1-bad.rules"
2020-09-22T16:27:59.744Z	info	app/vmalert/group.go:225	group "duplicatedGroupDiffFiles" started; interval=1ms; concurrency=1
2020-09-22T16:27:59.744Z	info	app/vmalert/group.go:235	group "duplicatedGroupDiffFiles": received stop signal
2020-09-22T16:27:59.744Z	info	app/vmalert/group.go:225	group "TestGroup" started; interval=2s; concurrency=2
2020-09-22T16:27:59.744Z	info	app/vmalert/manager.go:84	reading rules configuration file from "config/testdata/dir/rules1-good.rules"
2020-09-22T16:27:59.744Z	info	app/vmalert/group.go:235	group "TestGroup": received stop signal
2020-09-22T16:27:59.744Z	info	app/vmalert/manager.go:84	reading rules configuration file from "config/testdata/dir/rules1-good.rules"
2020-09-22T16:27:59.744Z	info	app/vmalert/manager.go:84	reading rules configuration file from "config/testdata/rules0-good.rules"
2020-09-22T16:27:59.744Z	info	app/vmalert/manager.go:84	reading rules configuration file from "config/testdata/dir/rules0-bad.rules"
2020-09-22T16:27:59.744Z	info	app/vmalert/manager.go:84	reading rules configuration file from "config/testdata/rules0-good.rules"
2020-09-22T16:27:59.745Z	info	app/vmalert/manager.go:84	reading rules configuration file from "config/testdata/dir/rules1-good.rules"
2020-09-22T16:27:59.744Z	info	app/vmalert/group.go:225	group "duplicatedGroupDiffFiles" started; interval=1ms; concurrency=1
2020-09-22T16:27:59.745Z	info	app/vmalert/group.go:235	group "duplicatedGroupDiffFiles": received stop signal
2020-09-22T16:27:59.745Z	info	app/vmalert/manager.go:84	reading rules configuration file from "config/testdata/rules0-good.rules"
2020-09-22T16:27:59.745Z	info	app/vmalert/group.go:225	group "groupGorSingleAlert" started; interval=1ms; concurrency=1
2020-09-22T16:27:59.745Z	info	app/vmalert/group.go:235	group "groupGorSingleAlert": received stop signal
2020-09-22T16:27:59.745Z	info	app/vmalert/group.go:225	group "TestGroup" started; interval=1ms; concurrency=1
2020-09-22T16:27:59.745Z	info	app/vmalert/group.go:235	group "TestGroup": received stop signal
2020-09-22T16:27:59.745Z	info	app/vmalert/manager.go:84	reading rules configuration file from "config/testdata/rules2-good.rules"
2020-09-22T16:27:59.745Z	info	app/vmalert/group.go:225	group "TestGroup" started; interval=2s; concurrency=2
2020-09-22T16:27:59.745Z	info	app/vmalert/manager.go:84	reading rules configuration file from "config/testdata/rules0-good.rules"
2020-09-22T16:27:59.745Z	info	app/vmalert/group.go:235	group "TestGroup": received stop signal
2020-09-22T16:27:59.745Z	info	app/vmalert/group.go:225	group "groupTest" started; interval=1ms; concurrency=1
2020-09-22T16:27:59.745Z	info	app/vmalert/group.go:235	group "groupTest": received stop signal
2020-09-22T16:27:59.745Z	info	app/vmalert/manager.go:84	reading rules configuration file from "config/testdata/dir/rules1-bad.rules"
2020-09-22T16:27:59.745Z	info	app/vmalert/group.go:225	group "TestGroup" started; interval=2s; concurrency=2
2020-09-22T16:27:59.745Z	info	app/vmalert/group.go:235	group "TestGroup": received stop signal
2020-09-22T16:27:59.745Z	info	app/vmalert/manager.go:84	reading rules configuration file from "config/testdata/rules1-good.rules"
2020-09-22T16:27:59.746Z	info	app/vmalert/group.go:225	group "duplicatedGroupDiffFiles" started; interval=1ms; concurrency=1
2020-09-22T16:27:59.746Z	info	app/vmalert/manager.go:84	reading rules configuration file from "config/testdata/rules2-good.rules"
2020-09-22T16:27:59.746Z	info	app/vmalert/manager.go:84	reading rules configuration file from "config/testdata/dir/rules0-good.rules"
2020-09-22T16:27:59.745Z	info	app/vmalert/manager.go:84	reading rules configuration file from "config/testdata/rules2-good.rules"
2020-09-22T16:27:59.746Z	info	app/vmalert/group.go:235	group "duplicatedGroupDiffFiles": received stop signal
2020-09-22T16:27:59.746Z	info	app/vmalert/group.go:225	group "groupTest" started; interval=1ms; concurrency=1
2020-09-22T16:27:59.746Z	info	app/vmalert/group.go:235	group "groupTest": received stop signal
2020-09-22T16:27:59.746Z	info	app/vmalert/manager.go:84	reading rules configuration file from "config/testdata/rules2-good.rules"
2020-09-22T16:27:59.746Z	info	app/vmalert/manager.go:84	reading rules configuration file from "config/testdata/dir/rules1-good.rules"
2020-09-22T16:27:59.746Z	info	app/vmalert/group.go:225	group "TestGroup" started; interval=2s; concurrency=2
2020-09-22T16:27:59.746Z	info	app/vmalert/group.go:235	group "TestGroup": received stop signal
2020-09-22T16:27:59.746Z	info	app/vmalert/manager.go:84	reading rules configuration file from "config/testdata/rules1-good.rules"
2020-09-22T16:27:59.747Z	info	app/vmalert/manager.go:84	reading rules configuration file from "config/testdata/rules1-good.rules"
2020-09-22T16:27:59.747Z	info	app/vmalert/manager.go:84	reading rules configuration file from "config/testdata/dir/rules1-good.rules"
2020-09-22T16:27:59.747Z	info	app/vmalert/group.go:225	group "duplicatedGroupDiffFiles" started; interval=1ms; concurrency=1
2020-09-22T16:27:59.747Z	info	app/vmalert/group.go:235	group "duplicatedGroupDiffFiles": received stop signal
2020-09-22T16:27:59.747Z	info	app/vmalert/manager.go:84	reading rules configuration file from "config/testdata/dir/rules0-bad.rules"
2020-09-22T16:27:59.747Z	info	app/vmalert/manager.go:84	reading rules configuration file from "config/testdata/dir/rules1-good.rules"
2020-09-22T16:27:59.747Z	info	app/vmalert/group.go:225	group "TestGroup" started; interval=2s; concurrency=2
2020-09-22T16:27:59.747Z	info	app/vmalert/group.go:235	group "TestGroup": received stop signal
2020-09-22T16:27:59.747Z	info	app/vmalert/group.go:225	group "duplicatedGroupDiffFiles" started; interval=1ms; concurrency=1
2020-09-22T16:27:59.747Z	info	app/vmalert/group.go:235	group "duplicatedGroupDiffFiles": received stop signal
2020-09-22T16:27:59.747Z	info	app/vmalert/manager.go:84	reading rules configuration file from "config/testdata/rules2-good.rules"
2020-09-22T16:27:59.747Z	info	app/vmalert/group.go:225	group "groupGorSingleAlert" started; interval=1ms; concurrency=1
2020-09-22T16:27:59.747Z	info	app/vmalert/manager.go:84	reading rules configuration file from "config/testdata/rules1-good.rules"
2020-09-22T16:27:59.748Z	info	app/vmalert/manager.go:84	reading rules configuration file from "config/testdata/dir/rules1-bad.rules"
2020-09-22T16:27:59.748Z	info	app/vmalert/manager.go:84	reading rules configuration file from "config/testdata/dir/rules0-bad.rules"
2020-09-22T16:27:59.748Z	info	app/vmalert/manager.go:84	reading rules configuration file from "config/testdata/dir/rules0-good.rules"
2020-09-22T16:27:59.748Z	info	app/vmalert/group.go:225	group "TestGroup" started; interval=1ms; concurrency=1
2020-09-22T16:27:59.748Z	info	app/vmalert/group.go:235	group "groupGorSingleAlert": received stop signal
2020-09-22T16:27:59.748Z	info	app/vmalert/group.go:235	group "TestGroup": received stop signal
2020-09-22T16:27:59.748Z	info	app/vmalert/manager.go:84	reading rules configuration file from "config/testdata/rules0-good.rules"
2020-09-22T16:27:59.748Z	info	app/vmalert/group.go:225	group "TestGroup" started; interval=2s; concurrency=2
2020-09-22T16:27:59.749Z	info	app/vmalert/group.go:235	group "TestGroup": received stop signal
2020-09-22T16:27:59.749Z	info	app/vmalert/manager.go:84	reading rules configuration file from "config/testdata/rules1-good.rules"
2020-09-22T16:27:59.749Z	info	app/vmalert/group.go:225	group "TestGroup" started; interval=1ms; concurrency=1
2020-09-22T16:27:59.749Z	info	app/vmalert/manager.go:84	reading rules configuration file from "config/testdata/dir/rules0-good.rules"
2020-09-22T16:27:59.749Z	info	app/vmalert/group.go:225	group "groupGorSingleAlert" started; interval=1ms; concurrency=1
2020-09-22T16:27:59.749Z	info	app/vmalert/group.go:235	group "groupGorSingleAlert": received stop signal
2020-09-22T16:27:59.749Z	info	app/vmalert/group.go:235	group "TestGroup": received stop signal
2020-09-22T16:27:59.749Z	info	app/vmalert/group.go:225	group "duplicatedGroupDiffFiles" started; interval=1ms; concurrency=1
2020-09-22T16:27:59.749Z	info	app/vmalert/manager.go:84	reading rules configuration file from "config/testdata/dir/rules1-bad.rules"
2020-09-22T16:27:59.749Z	info	app/vmalert/group.go:235	group "duplicatedGroupDiffFiles": received stop signal
2020-09-22T16:27:59.749Z	info	app/vmalert/manager.go:84	reading rules configuration file from "config/testdata/dir/rules0-good.rules"
2020-09-22T16:27:59.749Z	info	app/vmalert/group.go:225	group "groupGorSingleAlert" started; interval=1ms; concurrency=1
2020-09-22T16:27:59.749Z	info	app/vmalert/group.go:235	group "groupGorSingleAlert": received stop signal
2020-09-22T16:27:59.749Z	info	app/vmalert/group.go:225	group "TestGroup" started; interval=1ms; concurrency=1
2020-09-22T16:27:59.749Z	info	app/vmalert/manager.go:84	reading rules configuration file from "config/testdata/rules0-good.rules"
2020-09-22T16:27:59.749Z	info	app/vmalert/group.go:235	group "TestGroup": received stop signal
2020-09-22T16:27:59.749Z	info	app/vmalert/group.go:225	group "TestGroup" started; interval=2s; concurrency=2
2020-09-22T16:27:59.749Z	info	app/vmalert/manager.go:84	reading rules configuration file from "config/testdata/rules0-good.rules"
2020-09-22T16:27:59.749Z	info	app/vmalert/group.go:235	group "TestGroup": received stop signal
2020-09-22T16:27:59.749Z	info	app/vmalert/group.go:225	group "groupTest" started; interval=1ms; concurrency=1
2020-09-22T16:27:59.749Z	info	app/vmalert/group.go:235	group "groupTest": received stop signal
2020-09-22T16:27:59.749Z	info	app/vmalert/manager.go:84	reading rules configuration file from "config/testdata/rules0-good.rules"
2020-09-22T16:27:59.749Z	info	app/vmalert/group.go:225	group "duplicatedGroupDiffFiles" started; interval=1ms; concurrency=1
2020-09-22T16:27:59.749Z	info	app/vmalert/manager.go:84	reading rules configuration file from "config/testdata/rules2-good.rules"
2020-09-22T16:27:59.749Z	info	app/vmalert/group.go:235	group "duplicatedGroupDiffFiles": received stop signal
2020-09-22T16:27:59.749Z	info	app/vmalert/manager.go:84	reading rules configuration file from "config/testdata/rules2-good.rules"
2020-09-22T16:27:59.749Z	info	app/vmalert/group.go:225	group "groupTest" started; interval=1ms; concurrency=1
2020-09-22T16:27:59.749Z	info	app/vmalert/group.go:235	group "groupTest": received stop signal
2020-09-22T16:27:59.749Z	info	app/vmalert/group.go:225	group "duplicatedGroupDiffFiles" started; interval=1ms; concurrency=1
2020-09-22T16:27:59.750Z	info	app/vmalert/manager.go:84	reading rules configuration file from "config/testdata/rules1-good.rules"
2020-09-22T16:27:59.750Z	info	app/vmalert/group.go:235	group "duplicatedGroupDiffFiles": received stop signal
2020-09-22T16:27:59.750Z	info	app/vmalert/group.go:225	group "duplicatedGroupDiffFiles" started; interval=1ms; concurrency=1
2020-09-22T16:27:59.750Z	info	app/vmalert/group.go:235	group "duplicatedGroupDiffFiles": received stop signal
2020-09-22T16:27:59.750Z	info	app/vmalert/manager.go:84	reading rules configuration file from "config/testdata/rules2-good.rules"
2020-09-22T16:27:59.750Z	info	app/vmalert/manager.go:84	reading rules configuration file from "config/testdata/rules0-good.rules"
2020-09-22T16:27:59.750Z	info	app/vmalert/group.go:225	group "TestGroup" started; interval=2s; concurrency=2
2020-09-22T16:27:59.750Z	info	app/vmalert/group.go:235	group "TestGroup": received stop signal
2020-09-22T16:27:59.750Z	info	app/vmalert/manager.go:84	reading rules configuration file from "config/testdata/rules1-good.rules"
2020-09-22T16:27:59.750Z	info	app/vmalert/group.go:225	group "groupGorSingleAlert" started; interval=1ms; concurrency=1
2020-09-22T16:27:59.750Z	info	app/vmalert/group.go:235	group "groupGorSingleAlert": received stop signal
2020-09-22T16:27:59.750Z	info	app/vmalert/group.go:225	group "TestGroup" started; interval=1ms; concurrency=1
2020-09-22T16:27:59.750Z	info	app/vmalert/manager.go:84	reading rules configuration file from "config/testdata/rules2-good.rules"
2020-09-22T16:27:59.750Z	info	app/vmalert/group.go:235	group "TestGroup": received stop signal
2020-09-22T16:27:59.750Z	info	app/vmalert/manager.go:84	reading rules configuration file from "config/testdata/dir/rules0-good.rules"
2020-09-22T16:27:59.750Z	info	app/vmalert/manager.go:84	reading rules configuration file from "config/testdata/rules2-good.rules"
2020-09-22T16:27:59.750Z	info	app/vmalert/group.go:225	group "TestGroup" started; interval=2s; concurrency=2
2020-09-22T16:27:59.750Z	info	app/vmalert/group.go:235	group "TestGroup": received stop signal
2020-09-22T16:27:59.750Z	info	app/vmalert/manager.go:84	reading rules configuration file from "config/testdata/dir/rules1-good.rules"
2020-09-22T16:27:59.751Z	info	app/vmalert/group.go:225	group "groupTest" started; interval=1ms; concurrency=1
2020-09-22T16:27:59.751Z	info	app/vmalert/group.go:235	group "groupTest": received stop signal
2020-09-22T16:27:59.751Z	info	app/vmalert/group.go:225	group "groupGorSingleAlert" started; interval=1ms; concurrency=1
2020-09-22T16:27:59.751Z	info	app/vmalert/manager.go:84	reading rules configuration file from "config/testdata/dir/rules0-good.rules"
2020-09-22T16:27:59.751Z	info	app/vmalert/group.go:235	group "groupGorSingleAlert": received stop signal
2020-09-22T16:27:59.751Z	info	app/vmalert/group.go:225	group "TestGroup" started; interval=1ms; concurrency=1
2020-09-22T16:27:59.751Z	info	app/vmalert/manager.go:84	reading rules configuration file from "config/testdata/rules0-good.rules"
2020-09-22T16:27:59.751Z	info	app/vmalert/group.go:235	group "TestGroup": received stop signal
2020-09-22T16:27:59.751Z	info	app/vmalert/manager.go:84	reading rules configuration file from "config/testdata/dir/rules1-bad.rules"
2020-09-22T16:27:59.751Z	info	app/vmalert/group.go:225	group "TestGroup" started; interval=2s; concurrency=2
2020-09-22T16:27:59.751Z	info	app/vmalert/group.go:235	group "TestGroup": received stop signal
2020-09-22T16:27:59.751Z	info	app/vmalert/group.go:225	group "groupGorSingleAlert" started; interval=1ms; concurrency=1
2020-09-22T16:27:59.751Z	info	app/vmalert/group.go:225	group "TestGroup" started; interval=1ms; concurrency=1
2020-09-22T16:27:59.751Z	info	app/vmalert/manager.go:84	reading rules configuration file from "config/testdata/dir/rules0-bad.rules"
2020-09-22T16:27:59.751Z	info	app/vmalert/group.go:235	group "groupGorSingleAlert": received stop signal
2020-09-22T16:27:59.751Z	info	app/vmalert/group.go:235	group "TestGroup": received stop signal
2020-09-22T16:27:59.751Z	info	app/vmalert/group.go:225	group "groupTest" started; interval=1ms; concurrency=1
2020-09-22T16:27:59.751Z	info	app/vmalert/manager.go:84	reading rules configuration file from "config/testdata/dir/rules0-bad.rules"
2020-09-22T16:27:59.751Z	info	app/vmalert/group.go:235	group "groupTest": received stop signal
2020-09-22T16:27:59.752Z	info	app/vmalert/group.go:225	group "duplicatedGroupDiffFiles" started; interval=1ms; concurrency=1
2020-09-22T16:27:59.752Z	info	app/vmalert/group.go:235	group "duplicatedGroupDiffFiles": received stop signal
2020-09-22T16:27:59.752Z	info	app/vmalert/manager.go:84	reading rules configuration file from "config/testdata/dir/rules0-bad.rules"
2020-09-22T16:27:59.752Z	info	app/vmalert/group.go:225	group "TestGroup" started; interval=2s; concurrency=2
2020-09-22T16:27:59.752Z	info	app/vmalert/manager.go:84	reading rules configuration file from "config/testdata/dir/rules1-bad.rules"
2020-09-22T16:27:59.752Z	info	app/vmalert/group.go:235	group "TestGroup": received stop signal
2020-09-22T16:27:59.752Z	info	app/vmalert/manager.go:84	reading rules configuration file from "config/testdata/dir/rules1-good.rules"
2020-09-22T16:27:59.752Z	info	app/vmalert/manager.go:84	reading rules configuration file from "config/testdata/dir/rules0-good.rules"
2020-09-22T16:27:59.752Z	info	app/vmalert/manager.go:84	reading rules configuration file from "config/testdata/dir/rules0-bad.rules"
2020-09-22T16:27:59.752Z	info	app/vmalert/manager.go:84	reading rules configuration file from "config/testdata/dir/rules0-bad.rules"
2020-09-22T16:27:59.752Z	info	app/vmalert/manager.go:84	reading rules configuration file from "config/testdata/dir/rules0-good.rules"
2020-09-22T16:27:59.752Z	info	app/vmalert/group.go:225	group "duplicatedGroupDiffFiles" started; interval=1ms; concurrency=1
2020-09-22T16:27:59.752Z	info	app/vmalert/group.go:235	group "duplicatedGroupDiffFiles": received stop signal
2020-09-22T16:27:59.752Z	info	app/vmalert/group.go:225	group "groupTest" started; interval=1ms; concurrency=1
2020-09-22T16:27:59.752Z	info	app/vmalert/group.go:235	group "groupTest": received stop signal
2020-09-22T16:27:59.752Z	info	app/vmalert/manager.go:84	reading rules configuration file from "config/testdata/dir/rules1-good.rules"
2020-09-22T16:27:59.752Z	info	app/vmalert/group.go:225	group "duplicatedGroupDiffFiles" started; interval=1ms; concurrency=1
2020-09-22T16:27:59.752Z	info	app/vmalert/group.go:235	group "duplicatedGroupDiffFiles": received stop signal
2020-09-22T16:27:59.753Z	info	app/vmalert/group.go:225	group "TestGroup" started; interval=2s; concurrency=2
2020-09-22T16:27:59.753Z	info	app/vmalert/group.go:235	group "TestGroup": received stop signal
2020-09-22T16:27:59.753Z	info	app/vmalert/manager.go:84	reading rules configuration file from "config/testdata/dir/rules0-good.rules"
2020-09-22T16:27:59.753Z	info	app/vmalert/manager.go:84	reading rules configuration file from "config/testdata/rules0-good.rules"
2020-09-22T16:27:59.753Z	info	app/vmalert/manager.go:84	reading rules configuration file from "config/testdata/rules1-good.rules"
2020-09-22T16:27:59.753Z	info	app/vmalert/manager.go:84	reading rules configuration file from "config/testdata/dir/rules1-bad.rules"
2020-09-22T16:27:59.753Z	info	app/vmalert/manager.go:84	reading rules configuration file from "config/testdata/rules1-good.rules"
2020-09-22T16:27:59.753Z	info	app/vmalert/group.go:225	group "groupTest" started; interval=1ms; concurrency=1
2020-09-22T16:27:59.753Z	info	app/vmalert/group.go:235	group "groupTest": received stop signal
2020-09-22T16:27:59.753Z	info	app/vmalert/manager.go:84	reading rules configuration file from "config/testdata/dir/rules1-bad.rules"
2020-09-22T16:27:59.753Z	info	app/vmalert/group.go:225	group "TestGroup" started; interval=2s; concurrency=2
2020-09-22T16:27:59.753Z	info	app/vmalert/group.go:235	group "TestGroup": received stop signal
2020-09-22T16:27:59.753Z	info	app/vmalert/manager.go:84	reading rules configuration file from "config/testdata/dir/rules1-bad.rules"
2020-09-22T16:27:59.753Z	info	app/vmalert/manager.go:84	reading rules configuration file from "config/testdata/dir/rules0-bad.rules"
2020-09-22T16:27:59.753Z	info	app/vmalert/manager.go:84	reading rules configuration file from "config/testdata/dir/rules0-bad.rules"
2020-09-22T16:27:59.753Z	info	app/vmalert/group.go:225	group "groupTest" started; interval=1ms; concurrency=1
2020-09-22T16:27:59.753Z	info	app/vmalert/group.go:235	group "groupTest": received stop signal
2020-09-22T16:27:59.753Z	info	app/vmalert/manager.go:84	reading rules configuration file from "config/testdata/dir/rules1-good.rules"
2020-09-22T16:27:59.753Z	info	app/vmalert/group.go:225	group "duplicatedGroupDiffFiles" started; interval=1ms; concurrency=1
2020-09-22T16:27:59.753Z	info	app/vmalert/group.go:235	group "duplicatedGroupDiffFiles": received stop signal
2020-09-22T16:27:59.753Z	info	app/vmalert/manager.go:84	reading rules configuration file from "config/testdata/rules2-good.rules"
2020-09-22T16:27:59.753Z	info	app/vmalert/manager.go:84	reading rules configuration file from "config/testdata/dir/rules1-bad.rules"
2020-09-22T16:27:59.753Z	info	app/vmalert/group.go:225	group "duplicatedGroupDiffFiles" started; interval=1ms; concurrency=1
2020-09-22T16:27:59.753Z	info	app/vmalert/group.go:235	group "duplicatedGroupDiffFiles": received stop signal
2020-09-22T16:27:59.753Z	info	app/vmalert/manager.go:84	reading rules configuration file from "config/testdata/dir/rules1-bad.rules"
2020-09-22T16:27:59.754Z	info	app/vmalert/group.go:225	group "groupGorSingleAlert" started; interval=1ms; concurrency=1
2020-09-22T16:27:59.754Z	info	app/vmalert/group.go:225	group "TestGroup" started; interval=1ms; concurrency=1
2020-09-22T16:27:59.754Z	info	app/vmalert/manager.go:84	reading rules configuration file from "config/testdata/dir/rules1-good.rules"
2020-09-22T16:27:59.754Z	info	app/vmalert/group.go:235	group "groupGorSingleAlert": received stop signal
2020-09-22T16:27:59.754Z	info	app/vmalert/manager.go:84	reading rules configuration file from "config/testdata/rules2-good.rules"
2020-09-22T16:27:59.754Z	info	app/vmalert/group.go:235	group "TestGroup": received stop signal
2020-09-22T16:27:59.754Z	info	app/vmalert/group.go:225	group "TestGroup" started; interval=2s; concurrency=2
2020-09-22T16:27:59.754Z	info	app/vmalert/manager.go:84	reading rules configuration file from "config/testdata/dir/rules1-bad.rules"
2020-09-22T16:27:59.754Z	info	app/vmalert/group.go:235	group "TestGroup": received stop signal
2020-09-22T16:27:59.754Z	info	app/vmalert/group.go:225	group "groupTest" started; interval=1ms; concurrency=1
2020-09-22T16:27:59.754Z	info	app/vmalert/group.go:235	group "groupTest": received stop signal
2020-09-22T16:27:59.754Z	info	app/vmalert/manager.go:84	reading rules configuration file from "config/testdata/rules2-good.rules"
2020-09-22T16:27:59.754Z	info	app/vmalert/manager.go:84	reading rules configuration file from "config/testdata/dir/rules0-good.rules"
2020-09-22T16:27:59.754Z	info	app/vmalert/manager.go:84	reading rules configuration file from "config/testdata/dir/rules1-good.rules"
2020-09-22T16:27:59.754Z	info	app/vmalert/group.go:225	group "groupGorSingleAlert" started; interval=1ms; concurrency=1
2020-09-22T16:27:59.755Z	info	app/vmalert/group.go:235	group "groupGorSingleAlert": received stop signal
2020-09-22T16:27:59.755Z	info	app/vmalert/manager.go:84	reading rules configuration file from "config/testdata/rules0-good.rules"
2020-09-22T16:27:59.754Z	info	app/vmalert/group.go:225	group "TestGroup" started; interval=1ms; concurrency=1
2020-09-22T16:27:59.755Z	info	app/vmalert/group.go:235	group "TestGroup": received stop signal
2020-09-22T16:27:59.755Z	info	app/vmalert/manager.go:84	reading rules configuration file from "config/testdata/rules1-good.rules"
2020-09-22T16:27:59.755Z	info	app/vmalert/group.go:225	group "duplicatedGroupDiffFiles" started; interval=1ms; concurrency=1
2020-09-22T16:27:59.755Z	info	app/vmalert/group.go:235	group "duplicatedGroupDiffFiles": received stop signal
2020-09-22T16:27:59.755Z	info	app/vmalert/manager.go:84	reading rules configuration file from "config/testdata/dir/rules0-good.rules"
2020-09-22T16:27:59.755Z	info	app/vmalert/group.go:225	group "groupTest" started; interval=1ms; concurrency=1
2020-09-22T16:27:59.755Z	info	app/vmalert/manager.go:84	reading rules configuration file from "config/testdata/rules0-good.rules"
2020-09-22T16:27:59.755Z	info	app/vmalert/manager.go:84	reading rules configuration file from "config/testdata/rules2-good.rules"
2020-09-22T16:27:59.755Z	info	app/vmalert/group.go:235	group "groupTest": received stop signal
2020-09-22T16:27:59.755Z	info	app/vmalert/group.go:225	group "groupGorSingleAlert" started; interval=1ms; concurrency=1
2020-09-22T16:27:59.755Z	info	app/vmalert/group.go:225	group "TestGroup" started; interval=1ms; concurrency=1
2020-09-22T16:27:59.755Z	info	app/vmalert/group.go:235	group "TestGroup": received stop signal
2020-09-22T16:27:59.755Z	info	app/vmalert/group.go:235	group "groupGorSingleAlert": received stop signal
2020-09-22T16:27:59.755Z	info	app/vmalert/manager.go:84	reading rules configuration file from "config/testdata/dir/rules0-bad.rules"
2020-09-22T16:27:59.755Z	info	app/vmalert/group.go:225	group "duplicatedGroupDiffFiles" started; interval=1ms; concurrency=1
2020-09-22T16:27:59.755Z	info	app/vmalert/group.go:235	group "duplicatedGroupDiffFiles": received stop signal
2020-09-22T16:27:59.755Z	info	app/vmalert/manager.go:84	reading rules configuration file from "config/testdata/dir/rules0-good.rules"
2020-09-22T16:27:59.755Z	info	app/vmalert/manager.go:84	reading rules configuration file from "config/testdata/dir/rules1-good.rules"
2020-09-22T16:27:59.755Z	info	app/vmalert/manager.go:84	reading rules configuration file from "config/testdata/dir/rules0-good.rules"
2020-09-22T16:27:59.755Z	info	app/vmalert/manager.go:84	reading rules configuration file from "config/testdata/dir/rules1-good.rules"
2020-09-22T16:27:59.756Z	info	app/vmalert/manager.go:84	reading rules configuration file from "config/testdata/dir/rules0-bad.rules"
2020-09-22T16:27:59.756Z	info	app/vmalert/group.go:225	group "TestGroup" started; interval=2s; concurrency=2
2020-09-22T16:27:59.756Z	info	app/vmalert/group.go:235	group "TestGroup": received stop signal
2020-09-22T16:27:59.756Z	info	app/vmalert/group.go:225	group "duplicatedGroupDiffFiles" started; interval=1ms; concurrency=1
2020-09-22T16:27:59.756Z	info	app/vmalert/manager.go:84	reading rules configuration file from "config/testdata/dir/rules1-bad.rules"
2020-09-22T16:27:59.756Z	info	app/vmalert/group.go:235	group "duplicatedGroupDiffFiles": received stop signal
2020-09-22T16:27:59.756Z	info	app/vmalert/group.go:225	group "groupGorSingleAlert" started; interval=1ms; concurrency=1
2020-09-22T16:27:59.756Z	info	app/vmalert/manager.go:84	reading rules configuration file from "config/testdata/dir/rules0-good.rules"
2020-09-22T16:27:59.756Z	info	app/vmalert/group.go:225	group "TestGroup" started; interval=1ms; concurrency=1
2020-09-22T16:27:59.756Z	info	app/vmalert/group.go:235	group "groupGorSingleAlert": received stop signal
2020-09-22T16:27:59.756Z	info	app/vmalert/group.go:235	group "TestGroup": received stop signal
2020-09-22T16:27:59.756Z	info	app/vmalert/manager.go:84	reading rules configuration file from "config/testdata/dir/rules0-bad.rules"
2020-09-22T16:27:59.756Z	info	app/vmalert/group.go:225	group "groupTest" started; interval=1ms; concurrency=1
2020-09-22T16:27:59.756Z	info	app/vmalert/manager.go:84	reading rules configuration file from "config/testdata/dir/rules1-bad.rules"
2020-09-22T16:27:59.756Z	info	app/vmalert/group.go:235	group "groupTest": received stop signal
2020-09-22T16:27:59.757Z	info	app/vmalert/group.go:225	group "duplicatedGroupDiffFiles" started; interval=1ms; concurrency=1
2020-09-22T16:27:59.757Z	info	app/vmalert/manager.go:84	reading rules configuration file from "config/testdata/dir/rules1-good.rules"
2020-09-22T16:27:59.757Z	info	app/vmalert/manager.go:84	reading rules configuration file from "config/testdata/rules1-good.rules"
2020-09-22T16:27:59.757Z	info	app/vmalert/group.go:235	group "duplicatedGroupDiffFiles": received stop signal
2020-09-22T16:27:59.757Z	info	app/vmalert/group.go:225	group "duplicatedGroupDiffFiles" started; interval=1ms; concurrency=1
2020-09-22T16:27:59.757Z	info	app/vmalert/group.go:235	group "duplicatedGroupDiffFiles": received stop signal
2020-09-22T16:27:59.757Z	info	app/vmalert/manager.go:84	reading rules configuration file from "config/testdata/rules2-good.rules"
2020-09-22T16:27:59.757Z	info	app/vmalert/manager.go:84	reading rules configuration file from "config/testdata/dir/rules1-bad.rules"
2020-09-22T16:27:59.757Z	info	app/vmalert/group.go:225	group "groupTest" started; interval=1ms; concurrency=1
2020-09-22T16:27:59.757Z	info	app/vmalert/group.go:235	group "groupTest": received stop signal
2020-09-22T16:27:59.757Z	info	app/vmalert/group.go:225	group "duplicatedGroupDiffFiles" started; interval=1ms; concurrency=1
2020-09-22T16:27:59.757Z	info	app/vmalert/group.go:235	group "duplicatedGroupDiffFiles": received stop signal
2020-09-22T16:27:59.757Z	info	app/vmalert/manager.go:84	reading rules configuration file from "config/testdata/dir/rules0-bad.rules"
2020-09-22T16:27:59.757Z	info	app/vmalert/manager.go:84	reading rules configuration file from "config/testdata/dir/rules1-good.rules"
2020-09-22T16:27:59.757Z	info	app/vmalert/group.go:225	group "groupGorSingleAlert" started; interval=1ms; concurrency=1
2020-09-22T16:27:59.757Z	info	app/vmalert/group.go:225	group "TestGroup" started; interval=1ms; concurrency=1
2020-09-22T16:27:59.757Z	info	app/vmalert/manager.go:84	reading rules configuration file from "config/testdata/dir/rules1-bad.rules"
2020-09-22T16:27:59.757Z	info	app/vmalert/group.go:235	group "groupGorSingleAlert": received stop signal
2020-09-22T16:27:59.757Z	info	app/vmalert/manager.go:84	reading rules configuration file from "config/testdata/rules1-good.rules"
2020-09-22T16:27:59.757Z	info	app/vmalert/group.go:235	group "TestGroup": received stop signal
2020-09-22T16:27:59.757Z	info	app/vmalert/group.go:225	group "groupTest" started; interval=1ms; concurrency=1
2020-09-22T16:27:59.757Z	info	app/vmalert/group.go:235	group "groupTest": received stop signal
2020-09-22T16:27:59.757Z	info	app/vmalert/manager.go:84	reading rules configuration file from "config/testdata/dir/rules1-bad.rules"
2020-09-22T16:27:59.758Z	info	app/vmalert/manager.go:84	reading rules configuration file from "config/testdata/dir/rules1-good.rules"
2020-09-22T16:27:59.758Z	info	app/vmalert/manager.go:84	reading rules configuration file from "config/testdata/rules1-good.rules"
2020-09-22T16:27:59.758Z	info	app/vmalert/group.go:225	group "TestGroup" started; interval=2s; concurrency=2
2020-09-22T16:27:59.758Z	info	app/vmalert/manager.go:84	reading rules configuration file from "config/testdata/dir/rules0-good.rules"
2020-09-22T16:27:59.758Z	info	app/vmalert/group.go:235	group "TestGroup": received stop signal
2020-09-22T16:27:59.758Z	info	app/vmalert/manager.go:84	reading rules configuration file from "config/testdata/dir/rules1-bad.rules"
2020-09-22T16:27:59.758Z	info	app/vmalert/manager.go:84	reading rules configuration file from "config/testdata/dir/rules0-good.rules"
2020-09-22T16:27:59.758Z	info	app/vmalert/manager.go:84	reading rules configuration file from "config/testdata/dir/rules1-bad.rules"
2020-09-22T16:27:59.758Z	info	app/vmalert/manager.go:84	reading rules configuration file from "config/testdata/rules0-good.rules"
2020-09-22T16:27:59.758Z	info	app/vmalert/group.go:225	group "duplicatedGroupDiffFiles" started; interval=1ms; concurrency=1
2020-09-22T16:27:59.759Z	info	app/vmalert/manager.go:84	reading rules configuration file from "config/testdata/dir/rules1-good.rules"
2020-09-22T16:27:59.759Z	info	app/vmalert/group.go:235	group "duplicatedGroupDiffFiles": received stop signal
2020-09-22T16:27:59.759Z	info	app/vmalert/group.go:225	group "TestGroup" started; interval=2s; concurrency=2
2020-09-22T16:27:59.759Z	info	app/vmalert/manager.go:84	reading rules configuration file from "config/testdata/dir/rules1-bad.rules"
2020-09-22T16:27:59.759Z	info	app/vmalert/group.go:235	group "TestGroup": received stop signal
2020-09-22T16:27:59.759Z	info	app/vmalert/manager.go:84	reading rules configuration file from "config/testdata/rules2-good.rules"
2020-09-22T16:27:59.759Z	info	app/vmalert/manager.go:84	reading rules configuration file from "config/testdata/dir/rules1-good.rules"
2020-09-22T16:27:59.759Z	info	app/vmalert/group.go:225	group "groupTest" started; interval=1ms; concurrency=1
2020-09-22T16:27:59.759Z	info	app/vmalert/group.go:235	group "groupTest": received stop signal
2020-09-22T16:27:59.759Z	info	app/vmalert/group.go:225	group "duplicatedGroupDiffFiles" started; interval=1ms; concurrency=1
2020-09-22T16:27:59.759Z	info	app/vmalert/group.go:235	group "duplicatedGroupDiffFiles": received stop signal
2020-09-22T16:27:59.759Z	info	app/vmalert/manager.go:84	reading rules configuration file from "config/testdata/dir/rules1-good.rules"
2020-09-22T16:27:59.759Z	info	app/vmalert/group.go:225	group "TestGroup" started; interval=2s; concurrency=2
2020-09-22T16:27:59.759Z	info	app/vmalert/group.go:235	group "TestGroup": received stop signal
2020-09-22T16:27:59.759Z	info	app/vmalert/manager.go:84	reading rules configuration file from "config/testdata/rules0-good.rules"
2020-09-22T16:27:59.759Z	info	app/vmalert/manager.go:84	reading rules configuration file from "config/testdata/rules1-good.rules"
2020-09-22T16:27:59.760Z	info	app/vmalert/group.go:225	group "duplicatedGroupDiffFiles" started; interval=1ms; concurrency=1
2020-09-22T16:27:59.760Z	info	app/vmalert/group.go:235	group "duplicatedGroupDiffFiles": received stop signal
2020-09-22T16:27:59.759Z	info	app/vmalert/manager.go:84	reading rules configuration file from "config/testdata/dir/rules0-bad.rules"
2020-09-22T16:27:59.760Z	info	app/vmalert/manager.go:84	reading rules configuration file from "config/testdata/dir/rules0-bad.rules"
2020-09-22T16:27:59.760Z	info	app/vmalert/group.go:225	group "duplicatedGroupDiffFiles" started; interval=1ms; concurrency=1
2020-09-22T16:27:59.760Z	info	app/vmalert/manager.go:84	reading rules configuration file from "config/testdata/rules2-good.rules"
2020-09-22T16:27:59.760Z	info	app/vmalert/group.go:235	group "duplicatedGroupDiffFiles": received stop signal
2020-09-22T16:27:59.760Z	info	app/vmalert/group.go:225	group "groupTest" started; interval=1ms; concurrency=1
2020-09-22T16:27:59.760Z	info	app/vmalert/group.go:235	group "groupTest": received stop signal
2020-09-22T16:27:59.760Z	info	app/vmalert/manager.go:84	reading rules configuration file from "config/testdata/rules2-good.rules"
2020-09-22T16:27:59.760Z	info	app/vmalert/manager.go:84	reading rules configuration file from "config/testdata/dir/rules1-bad.rules"
2020-09-22T16:27:59.760Z	info	app/vmalert/group.go:225	group "TestGroup" started; interval=2s; concurrency=2
2020-09-22T16:27:59.760Z	info	app/vmalert/group.go:235	group "TestGroup": received stop signal
2020-09-22T16:27:59.760Z	info	app/vmalert/manager.go:84	reading rules configuration file from "config/testdata/dir/rules0-bad.rules"
2020-09-22T16:27:59.760Z	info	app/vmalert/group.go:225	group "groupTest" started; interval=1ms; concurrency=1
2020-09-22T16:27:59.760Z	info	app/vmalert/group.go:235	group "groupTest": received stop signal
2020-09-22T16:27:59.760Z	info	app/vmalert/group.go:225	group "duplicatedGroupDiffFiles" started; interval=1ms; concurrency=1
2020-09-22T16:27:59.760Z	info	app/vmalert/group.go:235	group "duplicatedGroupDiffFiles": received stop signal
2020-09-22T16:27:59.760Z	info	app/vmalert/manager.go:84	reading rules configuration file from "config/testdata/dir/rules0-good.rules"
2020-09-22T16:27:59.760Z	info	app/vmalert/manager.go:84	reading rules configuration file from "config/testdata/rules2-good.rules"
2020-09-22T16:27:59.760Z	info	app/vmalert/manager.go:84	reading rules configuration file from "config/testdata/rules1-good.rules"
2020-09-22T16:27:59.760Z	info	app/vmalert/manager.go:84	reading rules configuration file from "config/testdata/dir/rules0-good.rules"
2020-09-22T16:27:59.760Z	info	app/vmalert/manager.go:84	reading rules configuration file from "config/testdata/rules0-good.rules"
2020-09-22T16:27:59.760Z	info	app/vmalert/manager.go:84	reading rules configuration file from "config/testdata/rules1-good.rules"
2020-09-22T16:27:59.760Z	info	app/vmalert/manager.go:84	reading rules configuration file from "config/testdata/rules2-good.rules"
2020-09-22T16:27:59.761Z	info	app/vmalert/manager.go:84	reading rules configuration file from "config/testdata/dir/rules0-bad.rules"
2020-09-22T16:27:59.761Z	info	app/vmalert/manager.go:84	reading rules configuration file from "config/testdata/rules2-good.rules"
2020-09-22T16:27:59.761Z	info	app/vmalert/group.go:225	group "groupTest" started; interval=1ms; concurrency=1
2020-09-22T16:27:59.761Z	info	app/vmalert/group.go:235	group "groupTest": received stop signal
2020-09-22T16:27:59.761Z	info	app/vmalert/manager.go:84	reading rules configuration file from "config/testdata/rules0-good.rules"
2020-09-22T16:27:59.761Z	info	app/vmalert/group.go:225	group "duplicatedGroupDiffFiles" started; interval=1ms; concurrency=1
2020-09-22T16:27:59.761Z	info	app/vmalert/manager.go:84	reading rules configuration file from "config/testdata/rules2-good.rules"
2020-09-22T16:27:59.761Z	info	app/vmalert/group.go:235	group "duplicatedGroupDiffFiles": received stop signal
2020-09-22T16:27:59.761Z	info	app/vmalert/group.go:225	group "groupGorSingleAlert" started; interval=1ms; concurrency=1
2020-09-22T16:27:59.761Z	info	app/vmalert/group.go:235	group "groupGorSingleAlert": received stop signal
2020-09-22T16:27:59.761Z	info	app/vmalert/group.go:225	group "TestGroup" started; interval=1ms; concurrency=1
2020-09-22T16:27:59.761Z	info	app/vmalert/manager.go:84	reading rules configuration file from "config/testdata/dir/rules1-bad.rules"
2020-09-22T16:27:59.761Z	info	app/vmalert/group.go:235	group "TestGroup": received stop signal
2020-09-22T16:27:59.761Z	info	app/vmalert/group.go:225	group "duplicatedGroupDiffFiles" started; interval=1ms; concurrency=1
2020-09-22T16:27:59.761Z	info	app/vmalert/manager.go:84	reading rules configuration file from "config/testdata/dir/rules1-good.rules"
2020-09-22T16:27:59.761Z	info	app/vmalert/group.go:235	group "duplicatedGroupDiffFiles": received stop signal
2020-09-22T16:27:59.761Z	info	app/vmalert/manager.go:84	reading rules configuration file from "config/testdata/rules1-good.rules"
2020-09-22T16:27:59.761Z	info	app/vmalert/group.go:225	group "TestGroup" started; interval=1ms; concurrency=1
2020-09-22T16:27:59.761Z	info	app/vmalert/manager.go:84	reading rules configuration file from "config/testdata/rules1-good.rules"
2020-09-22T16:27:59.761Z	info	app/vmalert/group.go:225	group "groupGorSingleAlert" started; interval=1ms; concurrency=1
2020-09-22T16:27:59.761Z	info	app/vmalert/group.go:235	group "groupGorSingleAlert": received stop signal
2020-09-22T16:27:59.761Z	info	app/vmalert/group.go:235	group "TestGroup": received stop signal
2020-09-22T16:27:59.761Z	info	app/vmalert/manager.go:84	reading rules configuration file from "config/testdata/dir/rules0-bad.rules"
2020-09-22T16:27:59.761Z	info	app/vmalert/group.go:225	group "duplicatedGroupDiffFiles" started; interval=1ms; concurrency=1
2020-09-22T16:27:59.761Z	info	app/vmalert/manager.go:84	reading rules configuration file from "config/testdata/rules0-good.rules"
2020-09-22T16:27:59.761Z	info	app/vmalert/group.go:235	group "duplicatedGroupDiffFiles": received stop signal
2020-09-22T16:27:59.762Z	info	app/vmalert/group.go:225	group "TestGroup" started; interval=2s; concurrency=2
2020-09-22T16:27:59.762Z	info	app/vmalert/manager.go:84	reading rules configuration file from "config/testdata/dir/rules1-good.rules"
2020-09-22T16:27:59.762Z	info	app/vmalert/group.go:235	group "TestGroup": received stop signal
2020-09-22T16:27:59.762Z	info	app/vmalert/group.go:225	group "groupGorSingleAlert" started; interval=1ms; concurrency=1
2020-09-22T16:27:59.762Z	info	app/vmalert/manager.go:84	reading rules configuration file from "config/testdata/rules1-good.rules"
2020-09-22T16:27:59.762Z	info	app/vmalert/group.go:225	group "TestGroup" started; interval=1ms; concurrency=1
2020-09-22T16:27:59.762Z	info	app/vmalert/group.go:235	group "TestGroup": received stop signal
2020-09-22T16:27:59.762Z	info	app/vmalert/group.go:235	group "groupGorSingleAlert": received stop signal
2020-09-22T16:27:59.762Z	info	app/vmalert/manager.go:84	reading rules configuration file from "config/testdata/dir/rules1-good.rules"
2020-09-22T16:27:59.762Z	info	app/vmalert/group.go:225	group "duplicatedGroupDiffFiles" started; interval=1ms; concurrency=1
2020-09-22T16:27:59.762Z	info	app/vmalert/group.go:235	group "duplicatedGroupDiffFiles": received stop signal
2020-09-22T16:27:59.762Z	info	app/vmalert/group.go:225	group "groupGorSingleAlert" started; interval=1ms; concurrency=1
2020-09-22T16:27:59.762Z	info	app/vmalert/group.go:235	group "groupGorSingleAlert": received stop signal
2020-09-22T16:27:59.762Z	info	app/vmalert/group.go:225	group "TestGroup" started; interval=1ms; concurrency=1
2020-09-22T16:27:59.762Z	info	app/vmalert/group.go:235	group "TestGroup": received stop signal
2020-09-22T16:27:59.762Z	info	app/vmalert/manager.go:84	reading rules configuration file from "config/testdata/dir/rules1-bad.rules"
2020-09-22T16:27:59.762Z	info	app/vmalert/group.go:225	group "duplicatedGroupDiffFiles" started; interval=1ms; concurrency=1
2020-09-22T16:27:59.762Z	info	app/vmalert/group.go:235	group "duplicatedGroupDiffFiles": received stop signal
2020-09-22T16:27:59.762Z	info	app/vmalert/manager.go:84	reading rules configuration file from "config/testdata/dir/rules1-bad.rules"
2020-09-22T16:27:59.762Z	info	app/vmalert/group.go:225	group "duplicatedGroupDiffFiles" started; interval=1ms; concurrency=1
2020-09-22T16:27:59.762Z	info	app/vmalert/manager.go:84	reading rules configuration file from "config/testdata/rules2-good.rules"
2020-09-22T16:27:59.762Z	info	app/vmalert/group.go:235	group "duplicatedGroupDiffFiles": received stop signal
2020-09-22T16:27:59.762Z	info	app/vmalert/group.go:225	group "duplicatedGroupDiffFiles" started; interval=1ms; concurrency=1
2020-09-22T16:27:59.762Z	info	app/vmalert/group.go:235	group "duplicatedGroupDiffFiles": received stop signal
2020-09-22T16:27:59.762Z	info	app/vmalert/manager.go:84	reading rules configuration file from "config/testdata/dir/rules1-good.rules"
2020-09-22T16:27:59.763Z	info	app/vmalert/manager.go:84	reading rules configuration file from "config/testdata/rules2-good.rules"
2020-09-22T16:27:59.763Z	info	app/vmalert/manager.go:84	reading rules configuration file from "config/testdata/rules2-good.rules"
2020-09-22T16:27:59.763Z	info	app/vmalert/group.go:225	group "duplicatedGroupDiffFiles" started; interval=1ms; concurrency=1
2020-09-22T16:27:59.763Z	info	app/vmalert/group.go:235	group "duplicatedGroupDiffFiles": received stop signal
2020-09-22T16:27:59.763Z	info	app/vmalert/manager.go:84	reading rules configuration file from "config/testdata/rules0-good.rules"
2020-09-22T16:27:59.763Z	info	app/vmalert/group.go:225	group "TestGroup" started; interval=2s; concurrency=2
2020-09-22T16:27:59.763Z	info	app/vmalert/manager.go:84	reading rules configuration file from "config/testdata/dir/rules1-good.rules"
2020-09-22T16:27:59.763Z	info	app/vmalert/group.go:235	group "TestGroup": received stop signal
2020-09-22T16:27:59.763Z	info	app/vmalert/group.go:225	group "duplicatedGroupDiffFiles" started; interval=1ms; concurrency=1
2020-09-22T16:27:59.763Z	info	app/vmalert/manager.go:84	reading rules configuration file from "config/testdata/dir/rules0-good.rules"
2020-09-22T16:27:59.763Z	info	app/vmalert/manager.go:84	reading rules configuration file from "config/testdata/dir/rules1-good.rules"
2020-09-22T16:27:59.763Z	info	app/vmalert/group.go:235	group "duplicatedGroupDiffFiles": received stop signal
2020-09-22T16:27:59.763Z	info	app/vmalert/manager.go:84	reading rules configuration file from "config/testdata/dir/rules0-bad.rules"
2020-09-22T16:27:59.763Z	info	app/vmalert/group.go:225	group "groupGorSingleAlert" started; interval=1ms; concurrency=1
2020-09-22T16:27:59.763Z	info	app/vmalert/group.go:225	group "TestGroup" started; interval=1ms; concurrency=1
2020-09-22T16:27:59.763Z	info	app/vmalert/group.go:235	group "TestGroup": received stop signal
2020-09-22T16:27:59.763Z	info	app/vmalert/group.go:235	group "groupGorSingleAlert": received stop signal
2020-09-22T16:27:59.763Z	info	app/vmalert/manager.go:84	reading rules configuration file from "config/testdata/rules0-good.rules"
2020-09-22T16:27:59.763Z	info	app/vmalert/group.go:225	group "duplicatedGroupDiffFiles" started; interval=1ms; concurrency=1
2020-09-22T16:27:59.763Z	info	app/vmalert/group.go:235	group "duplicatedGroupDiffFiles": received stop signal
2020-09-22T16:27:59.763Z	info	app/vmalert/group.go:225	group "duplicatedGroupDiffFiles" started; interval=1ms; concurrency=1
2020-09-22T16:27:59.763Z	info	app/vmalert/group.go:235	group "duplicatedGroupDiffFiles": received stop signal
2020-09-22T16:27:59.763Z	info	app/vmalert/manager.go:84	reading rules configuration file from "config/testdata/dir/rules1-good.rules"
2020-09-22T16:27:59.763Z	info	app/vmalert/manager.go:84	reading rules configuration file from "config/testdata/rules1-good.rules"
2020-09-22T16:27:59.763Z	info	app/vmalert/group.go:225	group "groupTest" started; interval=1ms; concurrency=1
2020-09-22T16:27:59.763Z	info	app/vmalert/group.go:235	group "groupTest": received stop signal
2020-09-22T16:27:59.763Z	info	app/vmalert/group.go:225	group "duplicatedGroupDiffFiles" started; interval=1ms; concurrency=1
2020-09-22T16:27:59.763Z	info	app/vmalert/group.go:235	group "duplicatedGroupDiffFiles": received stop signal
2020-09-22T16:27:59.763Z	info	app/vmalert/manager.go:84	reading rules configuration file from "config/testdata/dir/rules1-good.rules"
2020-09-22T16:27:59.763Z	info	app/vmalert/manager.go:84	reading rules configuration file from "config/testdata/rules1-good.rules"
2020-09-22T16:27:59.764Z	info	app/vmalert/group.go:225	group "groupTest" started; interval=1ms; concurrency=1
2020-09-22T16:27:59.764Z	info	app/vmalert/manager.go:84	reading rules configuration file from "config/testdata/rules2-good.rules"
2020-09-22T16:27:59.764Z	info	app/vmalert/group.go:235	group "groupTest": received stop signal
2020-09-22T16:27:59.764Z	info	app/vmalert/manager.go:84	reading rules configuration file from "config/testdata/dir/rules0-good.rules"
2020-09-22T16:27:59.764Z	info	app/vmalert/manager.go:84	reading rules configuration file from "config/testdata/dir/rules0-bad.rules"
2020-09-22T16:27:59.764Z	info	app/vmalert/manager.go:84	reading rules configuration file from "config/testdata/dir/rules0-good.rules"
2020-09-22T16:27:59.764Z	info	app/vmalert/manager.go:84	reading rules configuration file from "config/testdata/rules1-good.rules"
2020-09-22T16:27:59.764Z	info	app/vmalert/manager.go:84	reading rules configuration file from "config/testdata/dir/rules1-good.rules"
2020-09-22T16:27:59.764Z	info	app/vmalert/manager.go:84	reading rules configuration file from "config/testdata/rules2-good.rules"
2020-09-22T16:27:59.765Z	info	app/vmalert/manager.go:84	reading rules configuration file from "config/testdata/dir/rules0-good.rules"
2020-09-22T16:27:59.765Z	info	app/vmalert/group.go:225	group "TestGroup" started; interval=2s; concurrency=2
2020-09-22T16:27:59.765Z	info	app/vmalert/group.go:235	group "TestGroup": received stop signal
2020-09-22T16:27:59.765Z	info	app/vmalert/group.go:225	group "duplicatedGroupDiffFiles" started; interval=1ms; concurrency=1
2020-09-22T16:27:59.765Z	info	app/vmalert/manager.go:84	reading rules configuration file from "config/testdata/dir/rules0-bad.rules"
2020-09-22T16:27:59.765Z	info	app/vmalert/group.go:235	group "duplicatedGroupDiffFiles": received stop signal
2020-09-22T16:27:59.765Z	info	app/vmalert/group.go:225	group "TestGroup" started; interval=1ms; concurrency=1
2020-09-22T16:27:59.765Z	info	app/vmalert/manager.go:84	reading rules configuration file from "config/testdata/dir/rules0-good.rules"
2020-09-22T16:27:59.765Z	info	app/vmalert/group.go:225	group "groupGorSingleAlert" started; interval=1ms; concurrency=1
2020-09-22T16:27:59.765Z	info	app/vmalert/group.go:235	group "groupGorSingleAlert": received stop signal
2020-09-22T16:27:59.765Z	info	app/vmalert/group.go:235	group "TestGroup": received stop signal
2020-09-22T16:27:59.765Z	info	app/vmalert/manager.go:84	reading rules configuration file from "config/testdata/rules0-good.rules"
2020-09-22T16:27:59.765Z	info	app/vmalert/group.go:225	group "duplicatedGroupDiffFiles" started; interval=1ms; concurrency=1
2020-09-22T16:27:59.765Z	info	app/vmalert/manager.go:84	reading rules configuration file from "config/testdata/dir/rules0-good.rules"
2020-09-22T16:27:59.765Z	info	app/vmalert/group.go:235	group "duplicatedGroupDiffFiles": received stop signal
2020-09-22T16:27:59.766Z	info	app/vmalert/group.go:225	group "duplicatedGroupDiffFiles" started; interval=1ms; concurrency=1
2020-09-22T16:27:59.766Z	info	app/vmalert/group.go:235	group "duplicatedGroupDiffFiles": received stop signal
2020-09-22T16:27:59.766Z	info	app/vmalert/manager.go:84	reading rules configuration file from "config/testdata/dir/rules0-good.rules"
2020-09-22T16:27:59.766Z	info	app/vmalert/group.go:225	group "TestGroup" started; interval=2s; concurrency=2
2020-09-22T16:27:59.766Z	info	app/vmalert/manager.go:84	reading rules configuration file from "config/testdata/dir/rules1-bad.rules"
2020-09-22T16:27:59.766Z	info	app/vmalert/group.go:235	group "TestGroup": received stop signal
2020-09-22T16:27:59.766Z	info	app/vmalert/manager.go:84	reading rules configuration file from "config/testdata/dir/rules1-bad.rules"
2020-09-22T16:27:59.766Z	info	app/vmalert/manager.go:84	reading rules configuration file from "config/testdata/rules0-good.rules"
2020-09-22T16:27:59.766Z	info	app/vmalert/group.go:225	group "groupGorSingleAlert" started; interval=1ms; concurrency=1
2020-09-22T16:27:59.766Z	info	app/vmalert/group.go:235	group "groupGorSingleAlert": received stop signal
2020-09-22T16:27:59.766Z	info	app/vmalert/group.go:225	group "TestGroup" started; interval=1ms; concurrency=1
2020-09-22T16:27:59.766Z	info	app/vmalert/manager.go:84	reading rules configuration file from "config/testdata/rules2-good.rules"
2020-09-22T16:27:59.766Z	info	app/vmalert/group.go:235	group "TestGroup": received stop signal
2020-09-22T16:27:59.766Z	info	app/vmalert/group.go:225	group "duplicatedGroupDiffFiles" started; interval=1ms; concurrency=1
2020-09-22T16:27:59.766Z	info	app/vmalert/group.go:235	group "duplicatedGroupDiffFiles": received stop signal
2020-09-22T16:27:59.766Z	info	app/vmalert/manager.go:84	reading rules configuration file from "config/testdata/rules0-good.rules"
2020-09-22T16:27:59.766Z	info	app/vmalert/group.go:225	group "TestGroup" started; interval=2s; concurrency=2
2020-09-22T16:27:59.766Z	info	app/vmalert/group.go:235	group "TestGroup": received stop signal
2020-09-22T16:27:59.766Z	info	app/vmalert/manager.go:84	reading rules configuration file from "config/testdata/rules1-good.rules"
2020-09-22T16:27:59.766Z	info	app/vmalert/group.go:225	group "TestGroup" started; interval=1ms; concurrency=1
2020-09-22T16:27:59.766Z	info	app/vmalert/manager.go:84	reading rules configuration file from "config/testdata/dir/rules0-bad.rules"
2020-09-22T16:27:59.766Z	info	app/vmalert/manager.go:84	reading rules configuration file from "config/testdata/dir/rules0-bad.rules"
2020-09-22T16:27:59.767Z	info	app/vmalert/group.go:225	group "groupGorSingleAlert" started; interval=1ms; concurrency=1
2020-09-22T16:27:59.767Z	info	app/vmalert/group.go:235	group "groupGorSingleAlert": received stop signal
2020-09-22T16:27:59.767Z	info	app/vmalert/group.go:235	group "TestGroup": received stop signal
2020-09-22T16:27:59.767Z	info	app/vmalert/group.go:225	group "duplicatedGroupDiffFiles" started; interval=1ms; concurrency=1
2020-09-22T16:27:59.767Z	info	app/vmalert/manager.go:84	reading rules configuration file from "config/testdata/rules2-good.rules"
2020-09-22T16:27:59.767Z	info	app/vmalert/group.go:235	group "duplicatedGroupDiffFiles": received stop signal
2020-09-22T16:27:59.767Z	info	app/vmalert/manager.go:84	reading rules configuration file from "config/testdata/dir/rules1-good.rules"
2020-09-22T16:27:59.767Z	info	app/vmalert/group.go:225	group "groupTest" started; interval=1ms; concurrency=1
2020-09-22T16:27:59.767Z	info	app/vmalert/group.go:235	group "groupTest": received stop signal
2020-09-22T16:27:59.767Z	info	app/vmalert/manager.go:84	reading rules configuration file from "config/testdata/dir/rules0-bad.rules"
2020-09-22T16:27:59.767Z	info	app/vmalert/manager.go:84	reading rules configuration file from "config/testdata/dir/rules0-good.rules"
2020-09-22T16:27:59.767Z	info	app/vmalert/manager.go:84	reading rules configuration file from "config/testdata/rules1-good.rules"
2020-09-22T16:27:59.767Z	info	app/vmalert/group.go:225	group "duplicatedGroupDiffFiles" started; interval=1ms; concurrency=1
2020-09-22T16:27:59.767Z	info	app/vmalert/group.go:235	group "duplicatedGroupDiffFiles": received stop signal
2020-09-22T16:27:59.767Z	info	app/vmalert/group.go:225	group "groupGorSingleAlert" started; interval=1ms; concurrency=1
2020-09-22T16:27:59.767Z	info	app/vmalert/group.go:225	group "TestGroup" started; interval=1ms; concurrency=1
2020-09-22T16:27:59.767Z	info	app/vmalert/manager.go:84	reading rules configuration file from "config/testdata/rules1-good.rules"
2020-09-22T16:27:59.767Z	info	app/vmalert/group.go:235	group "TestGroup": received stop signal
2020-09-22T16:27:59.767Z	info	app/vmalert/group.go:235	group "groupGorSingleAlert": received stop signal
2020-09-22T16:27:59.767Z	info	app/vmalert/manager.go:84	reading rules configuration file from "config/testdata/dir/rules0-good.rules"
2020-09-22T16:27:59.767Z	info	app/vmalert/group.go:225	group "TestGroup" started; interval=2s; concurrency=2
2020-09-22T16:27:59.767Z	info	app/vmalert/group.go:235	group "TestGroup": received stop signal
2020-09-22T16:27:59.767Z	info	app/vmalert/manager.go:84	reading rules configuration file from "config/testdata/rules2-good.rules"
2020-09-22T16:27:59.768Z	info	app/vmalert/manager.go:84	reading rules configuration file from "config/testdata/rules0-good.rules"
2020-09-22T16:27:59.768Z	info	app/vmalert/manager.go:84	reading rules configuration file from "config/testdata/rules1-good.rules"
2020-09-22T16:27:59.768Z	info	app/vmalert/manager.go:84	reading rules configuration file from "config/testdata/rules0-good.rules"
2020-09-22T16:27:59.768Z	info	app/vmalert/group.go:225	group "groupTest" started; interval=1ms; concurrency=1
2020-09-22T16:27:59.768Z	info	app/vmalert/group.go:235	group "groupTest": received stop signal
2020-09-22T16:27:59.768Z	info	app/vmalert/group.go:225	group "groupGorSingleAlert" started; interval=1ms; concurrency=1
2020-09-22T16:27:59.768Z	info	app/vmalert/group.go:225	group "TestGroup" started; interval=1ms; concurrency=1
2020-09-22T16:27:59.768Z	info	app/vmalert/manager.go:84	reading rules configuration file from "config/testdata/dir/rules1-good.rules"
2020-09-22T16:27:59.768Z	info	app/vmalert/group.go:235	group "groupGorSingleAlert": received stop signal
2020-09-22T16:27:59.768Z	info	app/vmalert/group.go:235	group "TestGroup": received stop signal
2020-09-22T16:27:59.768Z	info	app/vmalert/group.go:225	group "duplicatedGroupDiffFiles" started; interval=1ms; concurrency=1
2020-09-22T16:27:59.768Z	info	app/vmalert/manager.go:84	reading rules configuration file from "config/testdata/dir/rules0-bad.rules"
2020-09-22T16:27:59.768Z	info	app/vmalert/group.go:235	group "duplicatedGroupDiffFiles": received stop signal
2020-09-22T16:27:59.768Z	info	app/vmalert/manager.go:84	reading rules configuration file from "config/testdata/rules1-good.rules"
2020-09-22T16:27:59.768Z	info	app/vmalert/group.go:225	group "TestGroup" started; interval=2s; concurrency=2
2020-09-22T16:27:59.768Z	info	app/vmalert/group.go:235	group "TestGroup": received stop signal
2020-09-22T16:27:59.768Z	info	app/vmalert/manager.go:84	reading rules configuration file from "config/testdata/rules1-good.rules"
2020-09-22T16:27:59.768Z	info	app/vmalert/manager.go:84	reading rules configuration file from "config/testdata/rules2-good.rules"
2020-09-22T16:27:59.768Z	info	app/vmalert/group.go:225	group "TestGroup" started; interval=1ms; concurrency=1
2020-09-22T16:27:59.768Z	info	app/vmalert/group.go:225	group "groupGorSingleAlert" started; interval=1ms; concurrency=1
2020-09-22T16:27:59.768Z	info	app/vmalert/group.go:235	group "TestGroup": received stop signal
2020-09-22T16:27:59.768Z	info	app/vmalert/group.go:235	group "groupGorSingleAlert": received stop signal
2020-09-22T16:27:59.769Z	info	app/vmalert/manager.go:84	reading rules configuration file from "config/testdata/dir/rules0-good.rules"
2020-09-22T16:27:59.769Z	info	app/vmalert/group.go:225	group "groupTest" started; interval=1ms; concurrency=1
2020-09-22T16:27:59.769Z	info	app/vmalert/group.go:235	group "groupTest": received stop signal
2020-09-22T16:27:59.769Z	info	app/vmalert/group.go:225	group "groupGorSingleAlert" started; interval=1ms; concurrency=1
2020-09-22T16:27:59.769Z	info	app/vmalert/manager.go:84	reading rules configuration file from "config/testdata/rules0-good.rules"
2020-09-22T16:27:59.769Z	info	app/vmalert/group.go:235	group "groupGorSingleAlert": received stop signal
2020-09-22T16:27:59.769Z	info	app/vmalert/group.go:225	group "TestGroup" started; interval=1ms; concurrency=1
2020-09-22T16:27:59.769Z	info	app/vmalert/group.go:235	group "TestGroup": received stop signal
2020-09-22T16:27:59.769Z	info	app/vmalert/manager.go:84	reading rules configuration file from "config/testdata/dir/rules0-bad.rules"
2020-09-22T16:27:59.769Z	info	app/vmalert/manager.go:84	reading rules configuration file from "config/testdata/rules2-good.rules"
2020-09-22T16:27:59.769Z	info	app/vmalert/manager.go:84	reading rules configuration file from "config/testdata/dir/rules1-good.rules"
2020-09-22T16:27:59.769Z	info	app/vmalert/group.go:225	group "duplicatedGroupDiffFiles" started; interval=1ms; concurrency=1
2020-09-22T16:27:59.769Z	info	app/vmalert/group.go:235	group "duplicatedGroupDiffFiles": received stop signal
2020-09-22T16:27:59.769Z	info	app/vmalert/group.go:225	group "groupTest" started; interval=1ms; concurrency=1
2020-09-22T16:27:59.769Z	info	app/vmalert/manager.go:84	reading rules configuration file from "config/testdata/dir/rules0-good.rules"
2020-09-22T16:27:59.770Z	info	app/vmalert/group.go:235	group "groupTest": received stop signal
2020-09-22T16:27:59.770Z	info	app/vmalert/manager.go:84	reading rules configuration file from "config/testdata/dir/rules1-bad.rules"
2020-09-22T16:27:59.770Z	info	app/vmalert/group.go:225	group "TestGroup" started; interval=1ms; concurrency=1
2020-09-22T16:27:59.770Z	info	app/vmalert/group.go:225	group "groupGorSingleAlert" started; interval=1ms; concurrency=1
2020-09-22T16:27:59.770Z	info	app/vmalert/group.go:235	group "groupGorSingleAlert": received stop signal
2020-09-22T16:27:59.770Z	info	app/vmalert/group.go:235	group "TestGroup": received stop signal
2020-09-22T16:27:59.770Z	info	app/vmalert/group.go:225	group "TestGroup" started; interval=2s; concurrency=2
2020-09-22T16:27:59.770Z	info	app/vmalert/manager.go:84	reading rules configuration file from "config/testdata/rules2-good.rules"
2020-09-22T16:27:59.770Z	info	app/vmalert/group.go:235	group "TestGroup": received stop signal
2020-09-22T16:27:59.770Z	info	app/vmalert/group.go:225	group "groupTest" started; interval=1ms; concurrency=1
2020-09-22T16:27:59.770Z	info	app/vmalert/group.go:235	group "groupTest": received stop signal
2020-09-22T16:27:59.770Z	info	app/vmalert/group.go:225	group "duplicatedGroupDiffFiles" started; interval=1ms; concurrency=1
2020-09-22T16:27:59.770Z	info	app/vmalert/group.go:235	group "duplicatedGroupDiffFiles": received stop signal
2020-09-22T16:27:59.770Z	info	app/vmalert/manager.go:84	reading rules configuration file from "config/testdata/dir/rules1-good.rules"
2020-09-22T16:27:59.770Z	info	app/vmalert/manager.go:84	reading rules configuration file from "config/testdata/rules0-good.rules"
2020-09-22T16:27:59.770Z	info	app/vmalert/manager.go:84	reading rules configuration file from "config/testdata/dir/rules0-good.rules"
2020-09-22T16:27:59.771Z	info	app/vmalert/group.go:225	group "groupGorSingleAlert" started; interval=1ms; concurrency=1
2020-09-22T16:27:59.770Z	info	app/vmalert/manager.go:84	reading rules configuration file from "config/testdata/rules0-good.rules"
2020-09-22T16:27:59.771Z	info	app/vmalert/group.go:235	group "groupGorSingleAlert": received stop signal
2020-09-22T16:27:59.771Z	info	app/vmalert/group.go:225	group "TestGroup" started; interval=1ms; concurrency=1
2020-09-22T16:27:59.771Z	info	app/vmalert/group.go:235	group "TestGroup": received stop signal
2020-09-22T16:27:59.771Z	info	app/vmalert/manager.go:84	reading rules configuration file from "config/testdata/dir/rules0-good.rules"
2020-09-22T16:27:59.771Z	info	app/vmalert/group.go:225	group "duplicatedGroupDiffFiles" started; interval=1ms; concurrency=1
2020-09-22T16:27:59.771Z	info	app/vmalert/group.go:235	group "duplicatedGroupDiffFiles": received stop signal
2020-09-22T16:27:59.771Z	info	app/vmalert/manager.go:84	reading rules configuration file from "config/testdata/dir/rules0-bad.rules"
2020-09-22T16:27:59.771Z	info	app/vmalert/manager.go:84	reading rules configuration file from "config/testdata/rules2-good.rules"
2020-09-22T16:27:59.771Z	info	app/vmalert/group.go:225	group "groupGorSingleAlert" started; interval=1ms; concurrency=1
2020-09-22T16:27:59.771Z	info	app/vmalert/manager.go:84	reading rules configuration file from "config/testdata/rules1-good.rules"
2020-09-22T16:27:59.771Z	info	app/vmalert/manager.go:84	reading rules configuration file from "config/testdata/dir/rules1-good.rules"
2020-09-22T16:27:59.771Z	info	app/vmalert/group.go:225	group "TestGroup" started; interval=1ms; concurrency=1
2020-09-22T16:27:59.771Z	info	app/vmalert/group.go:235	group "groupGorSingleAlert": received stop signal
2020-09-22T16:27:59.771Z	info	app/vmalert/group.go:235	group "TestGroup": received stop signal
2020-09-22T16:27:59.771Z	info	app/vmalert/group.go:225	group "duplicatedGroupDiffFiles" started; interval=1ms; concurrency=1
2020-09-22T16:27:59.771Z	info	app/vmalert/group.go:235	group "duplicatedGroupDiffFiles": received stop signal
2020-09-22T16:27:59.771Z	info	app/vmalert/manager.go:84	reading rules configuration file from "config/testdata/rules2-good.rules"
2020-09-22T16:27:59.771Z	info	app/vmalert/group.go:225	group "groupGorSingleAlert" started; interval=1ms; concurrency=1
2020-09-22T16:27:59.771Z	info	app/vmalert/manager.go:84	reading rules configuration file from "config/testdata/rules1-good.rules"
2020-09-22T16:27:59.771Z	info	app/vmalert/group.go:225	group "TestGroup" started; interval=1ms; concurrency=1
2020-09-22T16:27:59.771Z	info	app/vmalert/manager.go:84	reading rules configuration file from "config/testdata/rules0-good.rules"
2020-09-22T16:27:59.771Z	info	app/vmalert/group.go:235	group "TestGroup": received stop signal
2020-09-22T16:27:59.772Z	info	app/vmalert/group.go:235	group "groupGorSingleAlert": received stop signal
2020-09-22T16:27:59.772Z	info	app/vmalert/group.go:225	group "duplicatedGroupDiffFiles" started; interval=1ms; concurrency=1
2020-09-22T16:27:59.772Z	info	app/vmalert/group.go:235	group "duplicatedGroupDiffFiles": received stop signal
2020-09-22T16:27:59.772Z	info	app/vmalert/manager.go:84	reading rules configuration file from "config/testdata/dir/rules1-good.rules"
2020-09-22T16:27:59.772Z	info	app/vmalert/manager.go:84	reading rules configuration file from "config/testdata/dir/rules0-good.rules"
2020-09-22T16:27:59.772Z	info	app/vmalert/group.go:225	group "groupTest" started; interval=1ms; concurrency=1
2020-09-22T16:27:59.772Z	info	app/vmalert/manager.go:84	reading rules configuration file from "config/testdata/dir/rules1-bad.rules"
2020-09-22T16:27:59.772Z	info	app/vmalert/group.go:235	group "groupTest": received stop signal
2020-09-22T16:27:59.772Z	info	app/vmalert/manager.go:84	reading rules configuration file from "config/testdata/rules1-good.rules"
2020-09-22T16:27:59.772Z	info	app/vmalert/group.go:225	group "TestGroup" started; interval=2s; concurrency=2
2020-09-22T16:27:59.772Z	info	app/vmalert/group.go:235	group "TestGroup": received stop signal
2020-09-22T16:27:59.772Z	info	app/vmalert/group.go:225	group "groupGorSingleAlert" started; interval=1ms; concurrency=1
2020-09-22T16:27:59.772Z	info	app/vmalert/group.go:235	group "groupGorSingleAlert": received stop signal
2020-09-22T16:27:59.772Z	info	app/vmalert/group.go:225	group "TestGroup" started; interval=1ms; concurrency=1
2020-09-22T16:27:59.772Z	info	app/vmalert/group.go:235	group "TestGroup": received stop signal
2020-09-22T16:27:59.772Z	info	app/vmalert/manager.go:84	reading rules configuration file from "config/testdata/dir/rules0-bad.rules"
2020-09-22T16:27:59.772Z	info	app/vmalert/manager.go:84	reading rules configuration file from "config/testdata/rules1-good.rules"
2020-09-22T16:27:59.772Z	info	app/vmalert/manager.go:84	reading rules configuration file from "config/testdata/rules2-good.rules"
2020-09-22T16:27:59.772Z	info	app/vmalert/manager.go:84	reading rules configuration file from "config/testdata/rules2-good.rules"
2020-09-22T16:27:59.772Z	info	app/vmalert/manager.go:84	reading rules configuration file from "config/testdata/rules1-good.rules"
2020-09-22T16:27:59.773Z	info	app/vmalert/group.go:225	group "TestGroup" started; interval=2s; concurrency=2
2020-09-22T16:27:59.773Z	info	app/vmalert/group.go:235	group "TestGroup": received stop signal
2020-09-22T16:27:59.773Z	info	app/vmalert/group.go:225	group "groupGorSingleAlert" started; interval=1ms; concurrency=1
2020-09-22T16:27:59.773Z	info	app/vmalert/group.go:225	group "TestGroup" started; interval=1ms; concurrency=1
2020-09-22T16:27:59.773Z	info	app/vmalert/manager.go:84	reading rules configuration file from "config/testdata/dir/rules1-good.rules"
2020-09-22T16:27:59.773Z	info	app/vmalert/group.go:235	group "groupGorSingleAlert": received stop signal
2020-09-22T16:27:59.773Z	info	app/vmalert/group.go:235	group "TestGroup": received stop signal
2020-09-22T16:27:59.773Z	info	app/vmalert/manager.go:84	reading rules configuration file from "config/testdata/dir/rules0-bad.rules"
2020-09-22T16:27:59.774Z	info	app/vmalert/group.go:225	group "duplicatedGroupDiffFiles" started; interval=1ms; concurrency=1
2020-09-22T16:27:59.774Z	info	app/vmalert/group.go:235	group "duplicatedGroupDiffFiles": received stop signal
2020-09-22T16:27:59.774Z	info	app/vmalert/manager.go:84	reading rules configuration file from "config/testdata/dir/rules0-good.rules"
2020-09-22T16:27:59.774Z	info	app/vmalert/manager.go:84	reading rules configuration file from "config/testdata/rules0-good.rules"
2020-09-22T16:27:59.774Z	info	app/vmalert/manager.go:84	reading rules configuration file from "config/testdata/rules1-good.rules"
2020-09-22T16:27:59.774Z	info	app/vmalert/group.go:225	group "duplicatedGroupDiffFiles" started; interval=1ms; concurrency=1
2020-09-22T16:27:59.774Z	info	app/vmalert/manager.go:84	reading rules configuration file from "config/testdata/rules1-good.rules"
2020-09-22T16:27:59.774Z	info	app/vmalert/group.go:235	group "duplicatedGroupDiffFiles": received stop signal
2020-09-22T16:27:59.774Z	info	app/vmalert/manager.go:84	reading rules configuration file from "config/testdata/rules2-good.rules"
2020-09-22T16:27:59.774Z	info	app/vmalert/group.go:225	group "TestGroup" started; interval=1ms; concurrency=1
2020-09-22T16:27:59.774Z	info	app/vmalert/manager.go:84	reading rules configuration file from "config/testdata/dir/rules1-bad.rules"
2020-09-22T16:27:59.774Z	info	app/vmalert/group.go:225	group "groupGorSingleAlert" started; interval=1ms; concurrency=1
2020-09-22T16:27:59.774Z	info	app/vmalert/group.go:235	group "groupGorSingleAlert": received stop signal
2020-09-22T16:27:59.774Z	info	app/vmalert/group.go:235	group "TestGroup": received stop signal
2020-09-22T16:27:59.774Z	info	app/vmalert/manager.go:84	reading rules configuration file from "config/testdata/rules2-good.rules"
2020-09-22T16:27:59.774Z	info	app/vmalert/group.go:225	group "TestGroup" started; interval=2s; concurrency=2
2020-09-22T16:27:59.774Z	info	app/vmalert/group.go:235	group "TestGroup": received stop signal
2020-09-22T16:27:59.774Z	info	app/vmalert/manager.go:84	reading rules configuration file from "config/testdata/rules2-good.rules"
2020-09-22T16:27:59.775Z	info	app/vmalert/group.go:225	group "duplicatedGroupDiffFiles" started; interval=1ms; concurrency=1
2020-09-22T16:27:59.774Z	info	app/vmalert/manager.go:84	reading rules configuration file from "config/testdata/dir/rules1-bad.rules"
2020-09-22T16:27:59.775Z	info	app/vmalert/group.go:235	group "duplicatedGroupDiffFiles": received stop signal
2020-09-22T16:27:59.775Z	info	app/vmalert/group.go:225	group "duplicatedGroupDiffFiles" started; interval=1ms; concurrency=1
2020-09-22T16:27:59.775Z	info	app/vmalert/group.go:235	group "duplicatedGroupDiffFiles": received stop signal
2020-09-22T16:27:59.775Z	info	app/vmalert/manager.go:84	reading rules configuration file from "config/testdata/dir/rules1-bad.rules"
2020-09-22T16:27:59.775Z	info	app/vmalert/manager.go:84	reading rules configuration file from "config/testdata/rules1-good.rules"
2020-09-22T16:27:59.775Z	info	app/vmalert/group.go:225	group "duplicatedGroupDiffFiles" started; interval=1ms; concurrency=1
2020-09-22T16:27:59.775Z	info	app/vmalert/group.go:235	group "duplicatedGroupDiffFiles": received stop signal
2020-09-22T16:27:59.775Z	info	app/vmalert/group.go:225	group "groupTest" started; interval=1ms; concurrency=1
2020-09-22T16:27:59.775Z	info	app/vmalert/group.go:235	group "groupTest": received stop signal
2020-09-22T16:27:59.775Z	info	app/vmalert/manager.go:84	reading rules configuration file from "config/testdata/rules1-good.rules"
2020-09-22T16:27:59.775Z	info	app/vmalert/group.go:225	group "duplicatedGroupDiffFiles" started; interval=1ms; concurrency=1
2020-09-22T16:27:59.775Z	info	app/vmalert/manager.go:84	reading rules configuration file from "config/testdata/rules0-good.rules"
2020-09-22T16:27:59.775Z	info	app/vmalert/group.go:235	group "duplicatedGroupDiffFiles": received stop signal
2020-09-22T16:27:59.775Z	info	app/vmalert/group.go:225	group "groupGorSingleAlert" started; interval=1ms; concurrency=1
2020-09-22T16:27:59.775Z	info	app/vmalert/group.go:235	group "groupGorSingleAlert": received stop signal
2020-09-22T16:27:59.775Z	info	app/vmalert/group.go:225	group "TestGroup" started; interval=1ms; concurrency=1
2020-09-22T16:27:59.775Z	info	app/vmalert/group.go:235	group "TestGroup": received stop signal
2020-09-22T16:27:59.775Z	info	app/vmalert/manager.go:84	reading rules configuration file from "config/testdata/rules1-good.rules"
2020-09-22T16:27:59.775Z	info	app/vmalert/manager.go:84	reading rules configuration file from "config/testdata/rules2-good.rules"
2020-09-22T16:27:59.775Z	info	app/vmalert/manager.go:84	reading rules configuration file from "config/testdata/rules2-good.rules"
2020-09-22T16:27:59.775Z	info	app/vmalert/manager.go:84	reading rules configuration file from "config/testdata/dir/rules0-good.rules"
2020-09-22T16:27:59.775Z	info	app/vmalert/manager.go:84	reading rules configuration file from "config/testdata/dir/rules0-bad.rules"
2020-09-22T16:27:59.775Z	info	app/vmalert/manager.go:84	reading rules configuration file from "config/testdata/dir/rules1-bad.rules"
2020-09-22T16:27:59.776Z	info	app/vmalert/group.go:225	group "duplicatedGroupDiffFiles" started; interval=1ms; concurrency=1
2020-09-22T16:27:59.776Z	info	app/vmalert/group.go:235	group "duplicatedGroupDiffFiles": received stop signal
2020-09-22T16:27:59.776Z	info	app/vmalert/manager.go:84	reading rules configuration file from "config/testdata/rules1-good.rules"
2020-09-22T16:27:59.776Z	info	app/vmalert/manager.go:84	reading rules configuration file from "config/testdata/dir/rules1-bad.rules"
2020-09-22T16:27:59.776Z	info	app/vmalert/group.go:225	group "duplicatedGroupDiffFiles" started; interval=1ms; concurrency=1
2020-09-22T16:27:59.776Z	info	app/vmalert/group.go:235	group "duplicatedGroupDiffFiles": received stop signal
2020-09-22T16:27:59.776Z	info	app/vmalert/manager.go:84	reading rules configuration file from "config/testdata/dir/rules1-bad.rules"
2020-09-22T16:27:59.776Z	info	app/vmalert/group.go:225	group "groupGorSingleAlert" started; interval=1ms; concurrency=1
2020-09-22T16:27:59.776Z	info	app/vmalert/group.go:225	group "TestGroup" started; interval=1ms; concurrency=1
2020-09-22T16:27:59.776Z	info	app/vmalert/manager.go:84	reading rules configuration file from "config/testdata/rules2-good.rules"
2020-09-22T16:27:59.776Z	info	app/vmalert/group.go:235	group "groupGorSingleAlert": received stop signal
2020-09-22T16:27:59.776Z	info	app/vmalert/group.go:235	group "TestGroup": received stop signal
2020-09-22T16:27:59.776Z	info	app/vmalert/manager.go:84	reading rules configuration file from "config/testdata/rules0-good.rules"
2020-09-22T16:27:59.776Z	info	app/vmalert/group.go:225	group "duplicatedGroupDiffFiles" started; interval=1ms; concurrency=1
2020-09-22T16:27:59.776Z	info	app/vmalert/group.go:235	group "duplicatedGroupDiffFiles": received stop signal
2020-09-22T16:27:59.776Z	info	app/vmalert/group.go:225	group "groupTest" started; interval=1ms; concurrency=1
2020-09-22T16:27:59.776Z	info	app/vmalert/group.go:235	group "groupTest": received stop signal
2020-09-22T16:27:59.776Z	info	app/vmalert/manager.go:84	reading rules configuration file from "config/testdata/rules2-good.rules"
2020-09-22T16:27:59.776Z	info	app/vmalert/group.go:225	group "duplicatedGroupDiffFiles" started; interval=1ms; concurrency=1
2020-09-22T16:27:59.776Z	info	app/vmalert/group.go:235	group "duplicatedGroupDiffFiles": received stop signal
2020-09-22T16:27:59.776Z	info	app/vmalert/manager.go:84	reading rules configuration file from "config/testdata/dir/rules0-bad.rules"
2020-09-22T16:27:59.776Z	info	app/vmalert/group.go:225	group "groupTest" started; interval=1ms; concurrency=1
2020-09-22T16:27:59.776Z	info	app/vmalert/group.go:235	group "groupTest": received stop signal
2020-09-22T16:27:59.776Z	info	app/vmalert/manager.go:84	reading rules configuration file from "config/testdata/rules2-good.rules"
2020-09-22T16:27:59.776Z	info	app/vmalert/manager.go:84	reading rules configuration file from "config/testdata/dir/rules0-bad.rules"
2020-09-22T16:27:59.776Z	info	app/vmalert/manager.go:84	reading rules configuration file from "config/testdata/dir/rules0-good.rules"
2020-09-22T16:27:59.776Z	info	app/vmalert/group.go:225	group "duplicatedGroupDiffFiles" started; interval=1ms; concurrency=1
2020-09-22T16:27:59.776Z	info	app/vmalert/group.go:235	group "duplicatedGroupDiffFiles": received stop signal
2020-09-22T16:27:59.777Z	info	app/vmalert/group.go:225	group "duplicatedGroupDiffFiles" started; interval=1ms; concurrency=1
2020-09-22T16:27:59.777Z	info	app/vmalert/group.go:235	group "duplicatedGroupDiffFiles": received stop signal
2020-09-22T16:27:59.777Z	info	app/vmalert/manager.go:84	reading rules configuration file from "config/testdata/dir/rules1-good.rules"
2020-09-22T16:27:59.777Z	info	app/vmalert/group.go:225	group "TestGroup" started; interval=1ms; concurrency=1
2020-09-22T16:27:59.777Z	info	app/vmalert/manager.go:84	reading rules configuration file from "config/testdata/dir/rules1-good.rules"
2020-09-22T16:27:59.777Z	info	app/vmalert/manager.go:84	reading rules configuration file from "config/testdata/dir/rules1-good.rules"
2020-09-22T16:27:59.777Z	info	app/vmalert/group.go:225	group "groupGorSingleAlert" started; interval=1ms; concurrency=1
2020-09-22T16:27:59.777Z	info	app/vmalert/manager.go:84	reading rules configuration file from "config/testdata/rules0-good.rules"
2020-09-22T16:27:59.778Z	info	app/vmalert/group.go:235	group "groupGorSingleAlert": received stop signal
2020-09-22T16:27:59.778Z	info	app/vmalert/group.go:235	group "TestGroup": received stop signal
2020-09-22T16:27:59.778Z	info	app/vmalert/manager.go:84	reading rules configuration file from "config/testdata/rules0-good.rules"
2020-09-22T16:27:59.778Z	info	app/vmalert/group.go:225	group "duplicatedGroupDiffFiles" started; interval=1ms; concurrency=1
2020-09-22T16:27:59.778Z	info	app/vmalert/group.go:235	group "duplicatedGroupDiffFiles": received stop signal
2020-09-22T16:27:59.778Z	info	app/vmalert/manager.go:84	reading rules configuration file from "config/testdata/rules1-good.rules"
2020-09-22T16:27:59.778Z	info	app/vmalert/manager.go:84	reading rules configuration file from "config/testdata/rules2-good.rules"
2020-09-22T16:27:59.778Z	info	app/vmalert/group.go:225	group "duplicatedGroupDiffFiles" started; interval=1ms; concurrency=1
2020-09-22T16:27:59.778Z	info	app/vmalert/manager.go:84	reading rules configuration file from "config/testdata/dir/rules0-bad.rules"
2020-09-22T16:27:59.778Z	info	app/vmalert/group.go:235	group "duplicatedGroupDiffFiles": received stop signal
2020-09-22T16:27:59.778Z	info	app/vmalert/group.go:225	group "duplicatedGroupDiffFiles" started; interval=1ms; concurrency=1
2020-09-22T16:27:59.778Z	info	app/vmalert/group.go:235	group "duplicatedGroupDiffFiles": received stop signal
2020-09-22T16:27:59.778Z	info	app/vmalert/manager.go:84	reading rules configuration file from "config/testdata/rules1-good.rules"
2020-09-22T16:27:59.778Z	info	app/vmalert/group.go:225	group "groupGorSingleAlert" started; interval=1ms; concurrency=1
2020-09-22T16:27:59.778Z	info	app/vmalert/group.go:235	group "groupGorSingleAlert": received stop signal
2020-09-22T16:27:59.778Z	info	app/vmalert/manager.go:84	reading rules configuration file from "config/testdata/rules0-good.rules"
2020-09-22T16:27:59.778Z	info	app/vmalert/manager.go:84	reading rules configuration file from "config/testdata/rules1-good.rules"
2020-09-22T16:27:59.778Z	info	app/vmalert/group.go:225	group "TestGroup" started; interval=1ms; concurrency=1
2020-09-22T16:27:59.778Z	info	app/vmalert/group.go:235	group "TestGroup": received stop signal
2020-09-22T16:27:59.779Z	info	app/vmalert/group.go:225	group "duplicatedGroupDiffFiles" started; interval=1ms; concurrency=1
2020-09-22T16:27:59.779Z	info	app/vmalert/group.go:235	group "duplicatedGroupDiffFiles": received stop signal
2020-09-22T16:27:59.779Z	info	app/vmalert/manager.go:84	reading rules configuration file from "config/testdata/dir/rules0-bad.rules"
2020-09-22T16:27:59.779Z	info	app/vmalert/group.go:225	group "duplicatedGroupDiffFiles" started; interval=1ms; concurrency=1
2020-09-22T16:27:59.779Z	info	app/vmalert/manager.go:84	reading rules configuration file from "config/testdata/dir/rules0-good.rules"
2020-09-22T16:27:59.779Z	info	app/vmalert/group.go:235	group "duplicatedGroupDiffFiles": received stop signal
2020-09-22T16:27:59.779Z	info	app/vmalert/group.go:225	group "duplicatedGroupDiffFiles" started; interval=1ms; concurrency=1
2020-09-22T16:27:59.779Z	info	app/vmalert/group.go:235	group "duplicatedGroupDiffFiles": received stop signal
2020-09-22T16:27:59.779Z	info	app/vmalert/manager.go:84	reading rules configuration file from "config/testdata/dir/rules1-good.rules"
2020-09-22T16:27:59.779Z	info	app/vmalert/group.go:225	group "duplicatedGroupDiffFiles" started; interval=1ms; concurrency=1
2020-09-22T16:27:59.779Z	info	app/vmalert/group.go:235	group "duplicatedGroupDiffFiles": received stop signal
2020-09-22T16:27:59.779Z	info	app/vmalert/group.go:225	group "TestGroup" started; interval=2s; concurrency=2
2020-09-22T16:27:59.779Z	info	app/vmalert/group.go:235	group "TestGroup": received stop signal
2020-09-22T16:27:59.779Z	info	app/vmalert/manager.go:84	reading rules configuration file from "config/testdata/dir/rules0-bad.rules"
2020-09-22T16:27:59.779Z	info	app/vmalert/group.go:225	group "TestGroup" started; interval=1ms; concurrency=1
2020-09-22T16:27:59.779Z	info	app/vmalert/group.go:225	group "groupGorSingleAlert" started; interval=1ms; concurrency=1
2020-09-22T16:27:59.779Z	info	app/vmalert/group.go:235	group "groupGorSingleAlert": received stop signal
2020-09-22T16:27:59.780Z	info	app/vmalert/manager.go:84	reading rules configuration file from "config/testdata/dir/rules0-good.rules"
2020-09-22T16:27:59.780Z	info	app/vmalert/group.go:235	group "TestGroup": received stop signal
2020-09-22T16:27:59.780Z	info	app/vmalert/group.go:225	group "groupTest" started; interval=1ms; concurrency=1
2020-09-22T16:27:59.780Z	info	app/vmalert/manager.go:84	reading rules configuration file from "config/testdata/dir/rules1-bad.rules"
2020-09-22T16:27:59.780Z	info	app/vmalert/group.go:235	group "groupTest": received stop signal
2020-09-22T16:27:59.780Z	info	app/vmalert/group.go:225	group "TestGroup" started; interval=2s; concurrency=2
2020-09-22T16:27:59.780Z	info	app/vmalert/manager.go:84	reading rules configuration file from "config/testdata/dir/rules0-good.rules"
2020-09-22T16:27:59.780Z	info	app/vmalert/manager.go:84	reading rules configuration file from "config/testdata/dir/rules1-bad.rules"
2020-09-22T16:27:59.780Z	info	app/vmalert/manager.go:84	reading rules configuration file from "config/testdata/rules0-good.rules"
2020-09-22T16:27:59.780Z	info	app/vmalert/group.go:235	group "TestGroup": received stop signal
2020-09-22T16:27:59.780Z	info	app/vmalert/group.go:225	group "TestGroup" started; interval=1ms; concurrency=1
2020-09-22T16:27:59.780Z	info	app/vmalert/manager.go:84	reading rules configuration file from "config/testdata/dir/rules1-good.rules"
2020-09-22T16:27:59.780Z	info	app/vmalert/manager.go:84	reading rules configuration file from "config/testdata/rules2-good.rules"
2020-09-22T16:27:59.780Z	info	app/vmalert/group.go:225	group "groupGorSingleAlert" started; interval=1ms; concurrency=1
2020-09-22T16:27:59.780Z	info	app/vmalert/group.go:235	group "groupGorSingleAlert": received stop signal
2020-09-22T16:27:59.780Z	info	app/vmalert/manager.go:84	reading rules configuration file from "config/testdata/dir/rules0-bad.rules"
2020-09-22T16:27:59.780Z	info	app/vmalert/manager.go:84	reading rules configuration file from "config/testdata/dir/rules0-bad.rules"
2020-09-22T16:27:59.780Z	info	app/vmalert/group.go:235	group "TestGroup": received stop signal
2020-09-22T16:27:59.781Z	info	app/vmalert/group.go:225	group "TestGroup" started; interval=2s; concurrency=2
2020-09-22T16:27:59.781Z	info	app/vmalert/group.go:235	group "TestGroup": received stop signal
2020-09-22T16:27:59.781Z	info	app/vmalert/manager.go:84	reading rules configuration file from "config/testdata/rules0-good.rules"
2020-09-22T16:27:59.781Z	info	app/vmalert/manager.go:84	reading rules configuration file from "config/testdata/dir/rules0-bad.rules"
2020-09-22T16:27:59.781Z	info	app/vmalert/group.go:225	group "groupTest" started; interval=1ms; concurrency=1
2020-09-22T16:27:59.781Z	info	app/vmalert/manager.go:84	reading rules configuration file from "config/testdata/dir/rules0-bad.rules"
2020-09-22T16:27:59.781Z	info	app/vmalert/group.go:235	group "groupTest": received stop signal
2020-09-22T16:27:59.781Z	info	app/vmalert/manager.go:84	reading rules configuration file from "config/testdata/dir/rules0-bad.rules"
2020-09-22T16:27:59.781Z	info	app/vmalert/manager.go:84	reading rules configuration file from "config/testdata/rules1-good.rules"
2020-09-22T16:27:59.781Z	info	app/vmalert/manager.go:84	reading rules configuration file from "config/testdata/rules2-good.rules"
2020-09-22T16:27:59.781Z	info	app/vmalert/group.go:225	group "duplicatedGroupDiffFiles" started; interval=1ms; concurrency=1
2020-09-22T16:27:59.781Z	info	app/vmalert/group.go:235	group "duplicatedGroupDiffFiles": received stop signal
2020-09-22T16:27:59.781Z	info	app/vmalert/group.go:225	group "groupTest" started; interval=1ms; concurrency=1
2020-09-22T16:27:59.781Z	info	app/vmalert/group.go:235	group "groupTest": received stop signal
2020-09-22T16:27:59.781Z	info	app/vmalert/manager.go:84	reading rules configuration file from "config/testdata/rules1-good.rules"
2020-09-22T16:27:59.781Z	info	app/vmalert/manager.go:84	reading rules configuration file from "config/testdata/dir/rules1-bad.rules"
2020-09-22T16:27:59.781Z	info	app/vmalert/group.go:225	group "groupGorSingleAlert" started; interval=1ms; concurrency=1
2020-09-22T16:27:59.781Z	info	app/vmalert/group.go:225	group "TestGroup" started; interval=1ms; concurrency=1
2020-09-22T16:27:59.781Z	info	app/vmalert/manager.go:84	reading rules configuration file from "config/testdata/dir/rules0-good.rules"
2020-09-22T16:27:59.781Z	info	app/vmalert/manager.go:84	reading rules configuration file from "config/testdata/rules1-good.rules"
2020-09-22T16:27:59.782Z	info	app/vmalert/manager.go:84	reading rules configuration file from "config/testdata/rules1-good.rules"
2020-09-22T16:27:59.782Z	info	app/vmalert/manager.go:84	reading rules configuration file from "config/testdata/dir/rules1-good.rules"
2020-09-22T16:27:59.782Z	info	app/vmalert/group.go:235	group "TestGroup": received stop signal
2020-09-22T16:27:59.782Z	info	app/vmalert/manager.go:84	reading rules configuration file from "config/testdata/rules0-good.rules"
2020-09-22T16:27:59.782Z	info	app/vmalert/group.go:235	group "groupGorSingleAlert": received stop signal
2020-09-22T16:27:59.782Z	info	app/vmalert/group.go:225	group "duplicatedGroupDiffFiles" started; interval=1ms; concurrency=1
2020-09-22T16:27:59.782Z	info	app/vmalert/manager.go:84	reading rules configuration file from "config/testdata/dir/rules0-bad.rules"
2020-09-22T16:27:59.782Z	info	app/vmalert/group.go:235	group "duplicatedGroupDiffFiles": received stop signal
2020-09-22T16:27:59.782Z	info	app/vmalert/group.go:225	group "groupTest" started; interval=1ms; concurrency=1
2020-09-22T16:27:59.782Z	info	app/vmalert/group.go:235	group "groupTest": received stop signal
2020-09-22T16:27:59.782Z	info	app/vmalert/manager.go:84	reading rules configuration file from "config/testdata/rules0-good.rules"
2020-09-22T16:27:59.782Z	info	app/vmalert/manager.go:84	reading rules configuration file from "config/testdata/rules0-good.rules"
2020-09-22T16:27:59.782Z	info	app/vmalert/group.go:225	group "TestGroup" started; interval=2s; concurrency=2
2020-09-22T16:27:59.782Z	info	app/vmalert/group.go:235	group "TestGroup": received stop signal
2020-09-22T16:27:59.782Z	info	app/vmalert/group.go:225	group "duplicatedGroupDiffFiles" started; interval=1ms; concurrency=1
2020-09-22T16:27:59.782Z	info	app/vmalert/group.go:235	group "duplicatedGroupDiffFiles": received stop signal
2020-09-22T16:27:59.782Z	info	app/vmalert/manager.go:84	reading rules configuration file from "config/testdata/rules0-good.rules"
2020-09-22T16:27:59.782Z	info	app/vmalert/manager.go:84	reading rules configuration file from "config/testdata/rules2-good.rules"
2020-09-22T16:27:59.782Z	info	app/vmalert/group.go:225	group "groupTest" started; interval=1ms; concurrency=1
2020-09-22T16:27:59.782Z	info	app/vmalert/manager.go:84	reading rules configuration file from "config/testdata/dir/rules0-bad.rules"
2020-09-22T16:27:59.783Z	info	app/vmalert/group.go:235	group "groupTest": received stop signal
2020-09-22T16:27:59.782Z	info	app/vmalert/manager.go:84	reading rules configuration file from "config/testdata/rules0-good.rules"
2020-09-22T16:27:59.783Z	info	app/vmalert/group.go:225	group "TestGroup" started; interval=1ms; concurrency=1
2020-09-22T16:27:59.783Z	info	app/vmalert/manager.go:84	reading rules configuration file from "config/testdata/dir/rules1-good.rules"
2020-09-22T16:27:59.783Z	info	app/vmalert/group.go:235	group "TestGroup": received stop signal
2020-09-22T16:27:59.783Z	info	app/vmalert/group.go:225	group "groupGorSingleAlert" started; interval=1ms; concurrency=1
2020-09-22T16:27:59.783Z	info	app/vmalert/group.go:235	group "groupGorSingleAlert": received stop signal
2020-09-22T16:27:59.783Z	info	app/vmalert/manager.go:84	reading rules configuration file from "config/testdata/dir/rules1-good.rules"
2020-09-22T16:27:59.783Z	info	app/vmalert/manager.go:84	reading rules configuration file from "config/testdata/dir/rules0-bad.rules"
2020-09-22T16:27:59.783Z	info	app/vmalert/group.go:225	group "groupTest" started; interval=1ms; concurrency=1
2020-09-22T16:27:59.783Z	info	app/vmalert/group.go:235	group "groupTest": received stop signal
2020-09-22T16:27:59.783Z	info	app/vmalert/group.go:225	group "TestGroup" started; interval=2s; concurrency=2
2020-09-22T16:27:59.783Z	info	app/vmalert/group.go:235	group "TestGroup": received stop signal
2020-09-22T16:27:59.783Z	info	app/vmalert/manager.go:84	reading rules configuration file from "config/testdata/rules1-good.rules"
2020-09-22T16:27:59.783Z	info	app/vmalert/manager.go:84	reading rules configuration file from "config/testdata/rules2-good.rules"
2020-09-22T16:27:59.783Z	info	app/vmalert/group.go:225	group "duplicatedGroupDiffFiles" started; interval=1ms; concurrency=1
2020-09-22T16:27:59.783Z	info	app/vmalert/group.go:235	group "duplicatedGroupDiffFiles": received stop signal
2020-09-22T16:27:59.784Z	info	app/vmalert/group.go:225	group "TestGroup" started; interval=2s; concurrency=2
2020-09-22T16:27:59.784Z	info	app/vmalert/manager.go:84	reading rules configuration file from "config/testdata/rules2-good.rules"
2020-09-22T16:27:59.784Z	info	app/vmalert/group.go:235	group "TestGroup": received stop signal
2020-09-22T16:27:59.784Z	info	app/vmalert/manager.go:84	reading rules configuration file from "config/testdata/rules0-good.rules"
2020-09-22T16:27:59.784Z	info	app/vmalert/group.go:225	group "duplicatedGroupDiffFiles" started; interval=1ms; concurrency=1
2020-09-22T16:27:59.784Z	info	app/vmalert/group.go:235	group "duplicatedGroupDiffFiles": received stop signal
2020-09-22T16:27:59.784Z	info	app/vmalert/manager.go:84	reading rules configuration file from "config/testdata/dir/rules1-bad.rules"
2020-09-22T16:27:59.784Z	info	app/vmalert/group.go:225	group "TestGroup" started; interval=2s; concurrency=2
2020-09-22T16:27:59.784Z	info	app/vmalert/group.go:235	group "TestGroup": received stop signal
2020-09-22T16:27:59.784Z	info	app/vmalert/manager.go:84	reading rules configuration file from "config/testdata/rules2-good.rules"
2020-09-22T16:27:59.784Z	info	app/vmalert/group.go:225	group "groupTest" started; interval=1ms; concurrency=1
2020-09-22T16:27:59.784Z	info	app/vmalert/manager.go:84	reading rules configuration file from "config/testdata/dir/rules1-good.rules"
2020-09-22T16:27:59.784Z	info	app/vmalert/manager.go:84	reading rules configuration file from "config/testdata/dir/rules1-bad.rules"
2020-09-22T16:27:59.784Z	info	app/vmalert/group.go:235	group "groupTest": received stop signal
2020-09-22T16:27:59.784Z	info	app/vmalert/group.go:225	group "duplicatedGroupDiffFiles" started; interval=1ms; concurrency=1
2020-09-22T16:27:59.784Z	info	app/vmalert/group.go:235	group "duplicatedGroupDiffFiles": received stop signal
2020-09-22T16:27:59.784Z	info	app/vmalert/group.go:225	group "groupGorSingleAlert" started; interval=1ms; concurrency=1
2020-09-22T16:27:59.784Z	info	app/vmalert/manager.go:84	reading rules configuration file from "config/testdata/dir/rules0-bad.rules"
2020-09-22T16:27:59.784Z	info	app/vmalert/group.go:225	group "TestGroup" started; interval=1ms; concurrency=1
2020-09-22T16:27:59.784Z	info	app/vmalert/group.go:235	group "groupGorSingleAlert": received stop signal
2020-09-22T16:27:59.784Z	info	app/vmalert/manager.go:84	reading rules configuration file from "config/testdata/dir/rules1-bad.rules"
2020-09-22T16:27:59.785Z	info	app/vmalert/manager.go:84	reading rules configuration file from "config/testdata/dir/rules0-good.rules"
2020-09-22T16:27:59.785Z	info	app/vmalert/manager.go:84	reading rules configuration file from "config/testdata/dir/rules1-bad.rules"
2020-09-22T16:27:59.785Z	info	app/vmalert/manager.go:84	reading rules configuration file from "config/testdata/dir/rules1-bad.rules"
2020-09-22T16:27:59.785Z	info	app/vmalert/group.go:235	group "TestGroup": received stop signal
2020-09-22T16:27:59.785Z	info	app/vmalert/group.go:225	group "duplicatedGroupDiffFiles" started; interval=1ms; concurrency=1
2020-09-22T16:27:59.785Z	info	app/vmalert/manager.go:84	reading rules configuration file from "config/testdata/rules2-good.rules"
2020-09-22T16:27:59.785Z	info	app/vmalert/group.go:235	group "duplicatedGroupDiffFiles": received stop signal
2020-09-22T16:27:59.785Z	info	app/vmalert/group.go:225	group "groupGorSingleAlert" started; interval=1ms; concurrency=1
2020-09-22T16:27:59.785Z	info	app/vmalert/group.go:225	group "TestGroup" started; interval=1ms; concurrency=1
2020-09-22T16:27:59.785Z	info	app/vmalert/manager.go:84	reading rules configuration file from "config/testdata/rules2-good.rules"
2020-09-22T16:27:59.785Z	info	app/vmalert/group.go:235	group "groupGorSingleAlert": received stop signal
2020-09-22T16:27:59.786Z	info	app/vmalert/group.go:235	group "TestGroup": received stop signal
2020-09-22T16:27:59.786Z	info	app/vmalert/manager.go:84	reading rules configuration file from "config/testdata/dir/rules1-good.rules"
2020-09-22T16:27:59.786Z	info	app/vmalert/group.go:225	group "groupTest" started; interval=1ms; concurrency=1
2020-09-22T16:27:59.786Z	info	app/vmalert/manager.go:84	reading rules configuration file from "config/testdata/dir/rules1-bad.rules"
2020-09-22T16:27:59.786Z	info	app/vmalert/group.go:235	group "groupTest": received stop signal
2020-09-22T16:27:59.786Z	info	app/vmalert/group.go:225	group "TestGroup" started; interval=2s; concurrency=2
2020-09-22T16:27:59.786Z	info	app/vmalert/group.go:235	group "TestGroup": received stop signal
2020-09-22T16:27:59.786Z	info	app/vmalert/manager.go:84	reading rules configuration file from "config/testdata/rules2-good.rules"
2020-09-22T16:27:59.786Z	info	app/vmalert/manager.go:84	reading rules configuration file from "config/testdata/dir/rules1-good.rules"
2020-09-22T16:27:59.786Z	info	app/vmalert/manager.go:84	reading rules configuration file from "config/testdata/rules2-good.rules"
2020-09-22T16:27:59.786Z	info	app/vmalert/group.go:225	group "duplicatedGroupDiffFiles" started; interval=1ms; concurrency=1
2020-09-22T16:27:59.786Z	info	app/vmalert/group.go:235	group "duplicatedGroupDiffFiles": received stop signal
2020-09-22T16:27:59.786Z	info	app/vmalert/group.go:225	group "duplicatedGroupDiffFiles" started; interval=1ms; concurrency=1
2020-09-22T16:27:59.786Z	info	app/vmalert/manager.go:84	reading rules configuration file from "config/testdata/dir/rules1-good.rules"
2020-09-22T16:27:59.786Z	info	app/vmalert/group.go:235	group "duplicatedGroupDiffFiles": received stop signal
2020-09-22T16:27:59.786Z	info	app/vmalert/manager.go:84	reading rules configuration file from "config/testdata/rules2-good.rules"
2020-09-22T16:27:59.786Z	info	app/vmalert/manager.go:84	reading rules configuration file from "config/testdata/dir/rules1-good.rules"
2020-09-22T16:27:59.787Z	info	app/vmalert/group.go:225	group "TestGroup" started; interval=2s; concurrency=2
2020-09-22T16:27:59.787Z	info	app/vmalert/group.go:235	group "TestGroup": received stop signal
2020-09-22T16:27:59.787Z	info	app/vmalert/manager.go:84	reading rules configuration file from "config/testdata/dir/rules1-good.rules"
2020-09-22T16:27:59.787Z	info	app/vmalert/group.go:225	group "duplicatedGroupDiffFiles" started; interval=1ms; concurrency=1
2020-09-22T16:27:59.787Z	info	app/vmalert/group.go:235	group "duplicatedGroupDiffFiles": received stop signal
2020-09-22T16:27:59.787Z	info	app/vmalert/group.go:225	group "groupGorSingleAlert" started; interval=1ms; concurrency=1
2020-09-22T16:27:59.787Z	info	app/vmalert/group.go:225	group "TestGroup" started; interval=1ms; concurrency=1
2020-09-22T16:27:59.787Z	info	app/vmalert/group.go:235	group "TestGroup": received stop signal
2020-09-22T16:27:59.787Z	info	app/vmalert/manager.go:84	reading rules configuration file from "config/testdata/rules1-good.rules"
2020-09-22T16:27:59.787Z	info	app/vmalert/group.go:235	group "groupGorSingleAlert": received stop signal
2020-09-22T16:27:59.787Z	info	app/vmalert/group.go:225	group "groupTest" started; interval=1ms; concurrency=1
2020-09-22T16:27:59.787Z	info	app/vmalert/manager.go:84	reading rules configuration file from "config/testdata/dir/rules0-bad.rules"
2020-09-22T16:27:59.787Z	info	app/vmalert/group.go:235	group "groupTest": received stop signal
2020-09-22T16:27:59.787Z	info	app/vmalert/manager.go:84	reading rules configuration file from "config/testdata/dir/rules1-bad.rules"
2020-09-22T16:27:59.788Z	info	app/vmalert/manager.go:84	reading rules configuration file from "config/testdata/rules1-good.rules"
2020-09-22T16:27:59.788Z	info	app/vmalert/group.go:225	group "groupGorSingleAlert" started; interval=1ms; concurrency=1
2020-09-22T16:27:59.788Z	info	app/vmalert/group.go:235	group "groupGorSingleAlert": received stop signal
2020-09-22T16:27:59.788Z	info	app/vmalert/group.go:225	group "TestGroup" started; interval=1ms; concurrency=1
2020-09-22T16:27:59.788Z	info	app/vmalert/group.go:235	group "TestGroup": received stop signal
2020-09-22T16:27:59.788Z	info	app/vmalert/manager.go:84	reading rules configuration file from "config/testdata/dir/rules0-good.rules"
2020-09-22T16:27:59.788Z	info	app/vmalert/manager.go:84	reading rules configuration file from "config/testdata/dir/rules0-bad.rules"
2020-09-22T16:27:59.787Z	info	app/vmalert/manager.go:84	reading rules configuration file from "config/testdata/dir/rules0-bad.rules"
2020-09-22T16:27:59.788Z	info	app/vmalert/manager.go:84	reading rules configuration file from "config/testdata/dir/rules1-bad.rules"
2020-09-22T16:27:59.788Z	info	app/vmalert/group.go:225	group "TestGroup" started; interval=2s; concurrency=2
2020-09-22T16:27:59.787Z	info	app/vmalert/manager.go:84	reading rules configuration file from "config/testdata/dir/rules0-good.rules"
2020-09-22T16:27:59.788Z	info	app/vmalert/group.go:235	group "TestGroup": received stop signal
2020-09-22T16:27:59.788Z	info	app/vmalert/manager.go:84	reading rules configuration file from "config/testdata/dir/rules0-good.rules"
2020-09-22T16:27:59.788Z	info	app/vmalert/manager.go:84	reading rules configuration file from "config/testdata/dir/rules0-bad.rules"
2020-09-22T16:27:59.788Z	info	app/vmalert/group.go:225	group "duplicatedGroupDiffFiles" started; interval=1ms; concurrency=1
2020-09-22T16:27:59.789Z	info	app/vmalert/group.go:235	group "duplicatedGroupDiffFiles": received stop signal
2020-09-22T16:27:59.788Z	info	app/vmalert/manager.go:84	reading rules configuration file from "config/testdata/rules1-good.rules"
2020-09-22T16:27:59.789Z	info	app/vmalert/group.go:225	group "TestGroup" started; interval=2s; concurrency=2
2020-09-22T16:27:59.789Z	info	app/vmalert/group.go:235	group "TestGroup": received stop signal
2020-09-22T16:27:59.789Z	info	app/vmalert/manager.go:84	reading rules configuration file from "config/testdata/dir/rules0-bad.rules"
2020-09-22T16:27:59.789Z	info	app/vmalert/group.go:225	group "duplicatedGroupDiffFiles" started; interval=1ms; concurrency=1
2020-09-22T16:27:59.789Z	info	app/vmalert/group.go:235	group "duplicatedGroupDiffFiles": received stop signal
2020-09-22T16:27:59.789Z	info	app/vmalert/manager.go:84	reading rules configuration file from "config/testdata/rules0-good.rules"
2020-09-22T16:27:59.789Z	info	app/vmalert/group.go:225	group "groupTest" started; interval=1ms; concurrency=1
2020-09-22T16:27:59.789Z	info	app/vmalert/group.go:235	group "groupTest": received stop signal
2020-09-22T16:27:59.789Z	info	app/vmalert/manager.go:84	reading rules configuration file from "config/testdata/dir/rules1-good.rules"
2020-09-22T16:27:59.789Z	info	app/vmalert/manager.go:84	reading rules configuration file from "config/testdata/dir/rules1-bad.rules"
2020-09-22T16:27:59.789Z	info	app/vmalert/manager.go:84	reading rules configuration file from "config/testdata/dir/rules0-good.rules"
2020-09-22T16:27:59.789Z	info	app/vmalert/manager.go:84	reading rules configuration file from "config/testdata/dir/rules1-good.rules"
2020-09-22T16:27:59.789Z	info	app/vmalert/group.go:225	group "groupGorSingleAlert" started; interval=1ms; concurrency=1
2020-09-22T16:27:59.789Z	info	app/vmalert/group.go:225	group "TestGroup" started; interval=1ms; concurrency=1
2020-09-22T16:27:59.789Z	info	app/vmalert/manager.go:84	reading rules configuration file from "config/testdata/dir/rules0-good.rules"
2020-09-22T16:27:59.789Z	info	app/vmalert/manager.go:84	reading rules configuration file from "config/testdata/rules2-good.rules"
2020-09-22T16:27:59.789Z	info	app/vmalert/group.go:235	group "groupGorSingleAlert": received stop signal
2020-09-22T16:27:59.789Z	info	app/vmalert/group.go:235	group "TestGroup": received stop signal
2020-09-22T16:27:59.789Z	info	app/vmalert/group.go:225	group "duplicatedGroupDiffFiles" started; interval=1ms; concurrency=1
2020-09-22T16:27:59.789Z	info	app/vmalert/manager.go:84	reading rules configuration file from "config/testdata/rules1-good.rules"
2020-09-22T16:27:59.789Z	info	app/vmalert/manager.go:84	reading rules configuration file from "config/testdata/rules2-good.rules"
2020-09-22T16:27:59.789Z	info	app/vmalert/group.go:235	group "duplicatedGroupDiffFiles": received stop signal
2020-09-22T16:27:59.790Z	info	app/vmalert/manager.go:84	reading rules configuration file from "config/testdata/dir/rules1-bad.rules"
2020-09-22T16:27:59.790Z	info	app/vmalert/manager.go:84	reading rules configuration file from "config/testdata/dir/rules0-bad.rules"
2020-09-22T16:27:59.790Z	info	app/vmalert/manager.go:84	reading rules configuration file from "config/testdata/dir/rules0-bad.rules"
2020-09-22T16:27:59.791Z	info	app/vmalert/group.go:225	group "duplicatedGroupDiffFiles" started; interval=1ms; concurrency=1
2020-09-22T16:27:59.791Z	info	app/vmalert/group.go:235	group "duplicatedGroupDiffFiles": received stop signal
2020-09-22T16:27:59.791Z	info	app/vmalert/manager.go:84	reading rules configuration file from "config/testdata/rules2-good.rules"
2020-09-22T16:27:59.791Z	info	app/vmalert/manager.go:84	reading rules configuration file from "config/testdata/rules0-good.rules"
2020-09-22T16:27:59.791Z	info	app/vmalert/manager.go:84	reading rules configuration file from "config/testdata/dir/rules0-bad.rules"
2020-09-22T16:27:59.791Z	info	app/vmalert/group.go:225	group "TestGroup" started; interval=1ms; concurrency=1
2020-09-22T16:27:59.791Z	info	app/vmalert/group.go:225	group "groupGorSingleAlert" started; interval=1ms; concurrency=1
2020-09-22T16:27:59.791Z	info	app/vmalert/manager.go:84	reading rules configuration file from "config/testdata/dir/rules0-bad.rules"
2020-09-22T16:27:59.791Z	info	app/vmalert/group.go:235	group "groupGorSingleAlert": received stop signal
2020-09-22T16:27:59.791Z	info	app/vmalert/group.go:235	group "TestGroup": received stop signal
2020-09-22T16:27:59.791Z	info	app/vmalert/manager.go:84	reading rules configuration file from "config/testdata/dir/rules1-good.rules"
2020-09-22T16:27:59.791Z	info	app/vmalert/group.go:225	group "TestGroup" started; interval=2s; concurrency=2
2020-09-22T16:27:59.791Z	info	app/vmalert/manager.go:84	reading rules configuration file from "config/testdata/dir/rules1-bad.rules"
2020-09-22T16:27:59.791Z	info	app/vmalert/group.go:235	group "TestGroup": received stop signal
2020-09-22T16:27:59.791Z	info	app/vmalert/group.go:225	group "groupTest" started; interval=1ms; concurrency=1
2020-09-22T16:27:59.791Z	info	app/vmalert/manager.go:84	reading rules configuration file from "config/testdata/dir/rules0-good.rules"
2020-09-22T16:27:59.791Z	info	app/vmalert/group.go:235	group "groupTest": received stop signal
2020-09-22T16:27:59.791Z	info	app/vmalert/group.go:225	group "groupGorSingleAlert" started; interval=1ms; concurrency=1
2020-09-22T16:27:59.791Z	info	app/vmalert/group.go:235	group "groupGorSingleAlert": received stop signal
2020-09-22T16:27:59.791Z	info	app/vmalert/group.go:225	group "TestGroup" started; interval=1ms; concurrency=1
2020-09-22T16:27:59.791Z	info	app/vmalert/group.go:235	group "TestGroup": received stop signal
2020-09-22T16:27:59.791Z	info	app/vmalert/manager.go:84	reading rules configuration file from "config/testdata/dir/rules1-bad.rules"
2020-09-22T16:27:59.791Z	info	app/vmalert/manager.go:84	reading rules configuration file from "config/testdata/rules2-good.rules"
2020-09-22T16:27:59.791Z	info	app/vmalert/manager.go:84	reading rules configuration file from "config/testdata/dir/rules0-bad.rules"
2020-09-22T16:27:59.791Z	info	app/vmalert/group.go:225	group "groupTest" started; interval=1ms; concurrency=1
2020-09-22T16:27:59.792Z	info	app/vmalert/group.go:235	group "groupTest": received stop signal
2020-09-22T16:27:59.792Z	info	app/vmalert/group.go:225	group "duplicatedGroupDiffFiles" started; interval=1ms; concurrency=1
2020-09-22T16:27:59.792Z	info	app/vmalert/group.go:235	group "duplicatedGroupDiffFiles": received stop signal
2020-09-22T16:27:59.792Z	info	app/vmalert/manager.go:84	reading rules configuration file from "config/testdata/rules0-good.rules"
2020-09-22T16:27:59.792Z	info	app/vmalert/manager.go:84	reading rules configuration file from "config/testdata/rules0-good.rules"
2020-09-22T16:27:59.792Z	info	app/vmalert/group.go:225	group "TestGroup" started; interval=1ms; concurrency=1
2020-09-22T16:27:59.792Z	info	app/vmalert/group.go:225	group "groupGorSingleAlert" started; interval=1ms; concurrency=1
2020-09-22T16:27:59.792Z	info	app/vmalert/group.go:235	group "groupGorSingleAlert": received stop signal
2020-09-22T16:27:59.792Z	info	app/vmalert/group.go:235	group "TestGroup": received stop signal
2020-09-22T16:27:59.792Z	info	app/vmalert/group.go:225	group "duplicatedGroupDiffFiles" started; interval=1ms; concurrency=1
2020-09-22T16:27:59.792Z	info	app/vmalert/group.go:235	group "duplicatedGroupDiffFiles": received stop signal
2020-09-22T16:27:59.792Z	info	app/vmalert/manager.go:84	reading rules configuration file from "config/testdata/dir/rules1-bad.rules"
2020-09-22T16:27:59.792Z	info	app/vmalert/manager.go:84	reading rules configuration file from "config/testdata/rules2-good.rules"
2020-09-22T16:27:59.792Z	info	app/vmalert/group.go:225	group "duplicatedGroupDiffFiles" started; interval=1ms; concurrency=1
2020-09-22T16:27:59.792Z	info	app/vmalert/manager.go:84	reading rules configuration file from "config/testdata/rules2-good.rules"
2020-09-22T16:27:59.792Z	info	app/vmalert/group.go:235	group "duplicatedGroupDiffFiles": received stop signal
2020-09-22T16:27:59.793Z	info	app/vmalert/manager.go:84	reading rules configuration file from "config/testdata/rules1-good.rules"
2020-09-22T16:27:59.793Z	info	app/vmalert/manager.go:84	reading rules configuration file from "config/testdata/rules0-good.rules"
2020-09-22T16:27:59.793Z	info	app/vmalert/group.go:225	group "groupTest" started; interval=1ms; concurrency=1
2020-09-22T16:27:59.793Z	info	app/vmalert/manager.go:84	reading rules configuration file from "config/testdata/rules1-good.rules"
2020-09-22T16:27:59.793Z	info	app/vmalert/group.go:235	group "groupTest": received stop signal
2020-09-22T16:27:59.793Z	info	app/vmalert/manager.go:84	reading rules configuration file from "config/testdata/dir/rules1-good.rules"
2020-09-22T16:27:59.793Z	info	app/vmalert/manager.go:84	reading rules configuration file from "config/testdata/dir/rules1-bad.rules"
2020-09-22T16:27:59.793Z	info	app/vmalert/group.go:225	group "duplicatedGroupDiffFiles" started; interval=1ms; concurrency=1
2020-09-22T16:27:59.793Z	info	app/vmalert/group.go:235	group "duplicatedGroupDiffFiles": received stop signal
2020-09-22T16:27:59.793Z	info	app/vmalert/manager.go:84	reading rules configuration file from "config/testdata/dir/rules0-good.rules"
2020-09-22T16:27:59.793Z	info	app/vmalert/group.go:225	group "groupTest" started; interval=1ms; concurrency=1
2020-09-22T16:27:59.793Z	info	app/vmalert/group.go:235	group "groupTest": received stop signal
2020-09-22T16:27:59.793Z	info	app/vmalert/manager.go:84	reading rules configuration file from "config/testdata/dir/rules1-bad.rules"
2020-09-22T16:27:59.793Z	info	app/vmalert/manager.go:84	reading rules configuration file from "config/testdata/dir/rules0-good.rules"
2020-09-22T16:27:59.794Z	info	app/vmalert/manager.go:84	reading rules configuration file from "config/testdata/dir/rules0-bad.rules"
2020-09-22T16:27:59.794Z	info	app/vmalert/group.go:225	group "duplicatedGroupDiffFiles" started; interval=1ms; concurrency=1
2020-09-22T16:27:59.794Z	info	app/vmalert/group.go:235	group "duplicatedGroupDiffFiles": received stop signal
2020-09-22T16:27:59.794Z	info	app/vmalert/group.go:225	group "duplicatedGroupDiffFiles" started; interval=1ms; concurrency=1
2020-09-22T16:27:59.794Z	info	app/vmalert/group.go:235	group "duplicatedGroupDiffFiles": received stop signal
2020-09-22T16:27:59.794Z	info	app/vmalert/manager.go:84	reading rules configuration file from "config/testdata/dir/rules0-good.rules"
2020-09-22T16:27:59.794Z	info	app/vmalert/group.go:225	group "duplicatedGroupDiffFiles" started; interval=1ms; concurrency=1
2020-09-22T16:27:59.794Z	info	app/vmalert/manager.go:84	reading rules configuration file from "config/testdata/rules1-good.rules"
2020-09-22T16:27:59.794Z	info	app/vmalert/group.go:235	group "duplicatedGroupDiffFiles": received stop signal
2020-09-22T16:27:59.794Z	info	app/vmalert/group.go:225	group "groupTest" started; interval=1ms; concurrency=1
2020-09-22T16:27:59.794Z	info	app/vmalert/group.go:235	group "groupTest": received stop signal
2020-09-22T16:27:59.794Z	info	app/vmalert/manager.go:84	reading rules configuration file from "config/testdata/dir/rules0-good.rules"
2020-09-22T16:27:59.794Z	info	app/vmalert/group.go:225	group "TestGroup" started; interval=2s; concurrency=2
2020-09-22T16:27:59.794Z	info	app/vmalert/group.go:235	group "TestGroup": received stop signal
2020-09-22T16:27:59.794Z	info	app/vmalert/manager.go:84	reading rules configuration file from "config/testdata/rules2-good.rules"
2020-09-22T16:27:59.794Z	info	app/vmalert/manager.go:84	reading rules configuration file from "config/testdata/rules2-good.rules"
2020-09-22T16:27:59.794Z	info	app/vmalert/manager.go:84	reading rules configuration file from "config/testdata/rules1-good.rules"
2020-09-22T16:27:59.794Z	info	app/vmalert/group.go:225	group "groupTest" started; interval=1ms; concurrency=1
2020-09-22T16:27:59.794Z	info	app/vmalert/group.go:235	group "groupTest": received stop signal
2020-09-22T16:27:59.794Z	info	app/vmalert/group.go:225	group "duplicatedGroupDiffFiles" started; interval=1ms; concurrency=1
2020-09-22T16:27:59.794Z	info	app/vmalert/group.go:235	group "duplicatedGroupDiffFiles": received stop signal
2020-09-22T16:27:59.794Z	info	app/vmalert/manager.go:84	reading rules configuration file from "config/testdata/dir/rules0-bad.rules"
2020-09-22T16:27:59.794Z	info	app/vmalert/manager.go:84	reading rules configuration file from "config/testdata/rules0-good.rules"
2020-09-22T16:27:59.794Z	info	app/vmalert/manager.go:84	reading rules configuration file from "config/testdata/rules2-good.rules"
2020-09-22T16:27:59.794Z	info	app/vmalert/group.go:225	group "groupGorSingleAlert" started; interval=1ms; concurrency=1
2020-09-22T16:27:59.794Z	info	app/vmalert/group.go:235	group "groupGorSingleAlert": received stop signal
2020-09-22T16:27:59.794Z	info	app/vmalert/group.go:225	group "TestGroup" started; interval=1ms; concurrency=1
2020-09-22T16:27:59.794Z	info	app/vmalert/group.go:235	group "TestGroup": received stop signal
2020-09-22T16:27:59.794Z	info	app/vmalert/manager.go:84	reading rules configuration file from "config/testdata/dir/rules1-bad.rules"
2020-09-22T16:27:59.794Z	info	app/vmalert/manager.go:84	reading rules configuration file from "config/testdata/dir/rules0-bad.rules"
2020-09-22T16:27:59.794Z	info	app/vmalert/group.go:225	group "TestGroup" started; interval=2s; concurrency=2
2020-09-22T16:27:59.794Z	info	app/vmalert/manager.go:84	reading rules configuration file from "config/testdata/dir/rules1-good.rules"
2020-09-22T16:27:59.794Z	info	app/vmalert/manager.go:84	reading rules configuration file from "config/testdata/dir/rules0-good.rules"
2020-09-22T16:27:59.794Z	info	app/vmalert/group.go:235	group "TestGroup": received stop signal
2020-09-22T16:27:59.795Z	info	app/vmalert/group.go:225	group "groupGorSingleAlert" started; interval=1ms; concurrency=1
2020-09-22T16:27:59.795Z	info	app/vmalert/group.go:235	group "groupGorSingleAlert": received stop signal
2020-09-22T16:27:59.795Z	info	app/vmalert/group.go:225	group "TestGroup" started; interval=1ms; concurrency=1
2020-09-22T16:27:59.795Z	info	app/vmalert/group.go:235	group "TestGroup": received stop signal
2020-09-22T16:27:59.795Z	info	app/vmalert/manager.go:84	reading rules configuration file from "config/testdata/rules1-good.rules"
2020-09-22T16:27:59.795Z	info	app/vmalert/group.go:225	group "TestGroup" started; interval=2s; concurrency=2
2020-09-22T16:27:59.795Z	info	app/vmalert/manager.go:84	reading rules configuration file from "config/testdata/dir/rules1-bad.rules"
2020-09-22T16:27:59.795Z	info	app/vmalert/group.go:235	group "TestGroup": received stop signal
2020-09-22T16:27:59.795Z	info	app/vmalert/manager.go:84	reading rules configuration file from "config/testdata/dir/rules1-good.rules"
2020-09-22T16:27:59.795Z	info	app/vmalert/manager.go:84	reading rules configuration file from "config/testdata/rules0-good.rules"
2020-09-22T16:27:59.795Z	info	app/vmalert/manager.go:84	reading rules configuration file from "config/testdata/dir/rules1-good.rules"
2020-09-22T16:27:59.796Z	info	app/vmalert/manager.go:84	reading rules configuration file from "config/testdata/rules2-good.rules"
2020-09-22T16:27:59.796Z	info	app/vmalert/manager.go:84	reading rules configuration file from "config/testdata/dir/rules0-good.rules"
2020-09-22T16:27:59.796Z	info	app/vmalert/manager.go:84	reading rules configuration file from "config/testdata/rules2-good.rules"
2020-09-22T16:27:59.796Z	info	app/vmalert/manager.go:84	reading rules configuration file from "config/testdata/rules0-good.rules"
2020-09-22T16:27:59.796Z	info	app/vmalert/manager.go:84	reading rules configuration file from "config/testdata/dir/rules1-bad.rules"
2020-09-22T16:27:59.796Z	info	app/vmalert/group.go:225	group "duplicatedGroupDiffFiles" started; interval=1ms; concurrency=1
2020-09-22T16:27:59.796Z	info	app/vmalert/group.go:235	group "duplicatedGroupDiffFiles": received stop signal
2020-09-22T16:27:59.796Z	info	app/vmalert/group.go:225	group "groupTest" started; interval=1ms; concurrency=1
2020-09-22T16:27:59.796Z	info	app/vmalert/group.go:235	group "groupTest": received stop signal
2020-09-22T16:27:59.796Z	info	app/vmalert/manager.go:84	reading rules configuration file from "config/testdata/rules2-good.rules"
2020-09-22T16:27:59.796Z	info	app/vmalert/manager.go:84	reading rules configuration file from "config/testdata/dir/rules0-bad.rules"
2020-09-22T16:27:59.796Z	info	app/vmalert/group.go:225	group "duplicatedGroupDiffFiles" started; interval=1ms; concurrency=1
2020-09-22T16:27:59.796Z	info	app/vmalert/group.go:235	group "duplicatedGroupDiffFiles": received stop signal
2020-09-22T16:27:59.796Z	info	app/vmalert/group.go:225	group "groupTest" started; interval=1ms; concurrency=1
2020-09-22T16:27:59.796Z	info	app/vmalert/manager.go:84	reading rules configuration file from "config/testdata/rules1-good.rules"
2020-09-22T16:27:59.796Z	info	app/vmalert/group.go:235	group "groupTest": received stop signal
2020-09-22T16:27:59.796Z	info	app/vmalert/group.go:225	group "duplicatedGroupDiffFiles" started; interval=1ms; concurrency=1
2020-09-22T16:27:59.796Z	info	app/vmalert/manager.go:84	reading rules configuration file from "config/testdata/rules2-good.rules"
2020-09-22T16:27:59.796Z	info	app/vmalert/group.go:235	group "duplicatedGroupDiffFiles": received stop signal
2020-09-22T16:27:59.796Z	info	app/vmalert/group.go:225	group "TestGroup" started; interval=2s; concurrency=2
2020-09-22T16:27:59.796Z	info	app/vmalert/group.go:235	group "TestGroup": received stop signal
2020-09-22T16:27:59.796Z	info	app/vmalert/manager.go:84	reading rules configuration file from "config/testdata/rules2-good.rules"
2020-09-22T16:27:59.797Z	info	app/vmalert/manager.go:84	reading rules configuration file from "config/testdata/rules0-good.rules"
2020-09-22T16:27:59.797Z	info	app/vmalert/group.go:225	group "duplicatedGroupDiffFiles" started; interval=1ms; concurrency=1
2020-09-22T16:27:59.797Z	info	app/vmalert/group.go:235	group "duplicatedGroupDiffFiles": received stop signal
2020-09-22T16:27:59.797Z	info	app/vmalert/group.go:225	group "TestGroup" started; interval=2s; concurrency=2
2020-09-22T16:27:59.797Z	info	app/vmalert/group.go:235	group "TestGroup": received stop signal
2020-09-22T16:27:59.797Z	info	app/vmalert/manager.go:84	reading rules configuration file from "config/testdata/dir/rules1-bad.rules"
2020-09-22T16:27:59.797Z	info	app/vmalert/manager.go:84	reading rules configuration file from "config/testdata/dir/rules0-good.rules"
2020-09-22T16:27:59.797Z	info	app/vmalert/group.go:225	group "groupTest" started; interval=1ms; concurrency=1
2020-09-22T16:27:59.797Z	info	app/vmalert/group.go:235	group "groupTest": received stop signal
2020-09-22T16:27:59.797Z	info	app/vmalert/group.go:225	group "duplicatedGroupDiffFiles" started; interval=1ms; concurrency=1
2020-09-22T16:27:59.797Z	info	app/vmalert/manager.go:84	reading rules configuration file from "config/testdata/rules1-good.rules"
2020-09-22T16:27:59.797Z	info	app/vmalert/manager.go:84	reading rules configuration file from "config/testdata/rules2-good.rules"
2020-09-22T16:27:59.797Z	info	app/vmalert/group.go:235	group "duplicatedGroupDiffFiles": received stop signal
2020-09-22T16:27:59.798Z	info	app/vmalert/group.go:225	group "TestGroup" started; interval=1ms; concurrency=1
2020-09-22T16:27:59.798Z	info	app/vmalert/manager.go:84	reading rules configuration file from "config/testdata/dir/rules1-bad.rules"
2020-09-22T16:27:59.798Z	info	app/vmalert/group.go:225	group "groupGorSingleAlert" started; interval=1ms; concurrency=1
2020-09-22T16:27:59.798Z	info	app/vmalert/group.go:235	group "groupGorSingleAlert": received stop signal
2020-09-22T16:27:59.798Z	info	app/vmalert/group.go:235	group "TestGroup": received stop signal
2020-09-22T16:27:59.798Z	info	app/vmalert/manager.go:84	reading rules configuration file from "config/testdata/rules0-good.rules"
2020-09-22T16:27:59.798Z	info	app/vmalert/manager.go:84	reading rules configuration file from "config/testdata/rules1-good.rules"
2020-09-22T16:27:59.798Z	info	app/vmalert/group.go:225	group "duplicatedGroupDiffFiles" started; interval=1ms; concurrency=1
2020-09-22T16:27:59.798Z	info	app/vmalert/group.go:235	group "duplicatedGroupDiffFiles": received stop signal
2020-09-22T16:27:59.798Z	info	app/vmalert/manager.go:84	reading rules configuration file from "config/testdata/dir/rules1-good.rules"
2020-09-22T16:27:59.799Z	info	app/vmalert/group.go:225	group "groupTest" started; interval=1ms; concurrency=1
2020-09-22T16:27:59.799Z	info	app/vmalert/group.go:235	group "groupTest": received stop signal
2020-09-22T16:27:59.799Z	info	app/vmalert/group.go:225	group "TestGroup" started; interval=1ms; concurrency=1
2020-09-22T16:27:59.799Z	info	app/vmalert/group.go:235	group "TestGroup": received stop signal
2020-09-22T16:27:59.799Z	info	app/vmalert/manager.go:84	reading rules configuration file from "config/testdata/rules0-good.rules"
2020-09-22T16:27:59.799Z	info	app/vmalert/manager.go:84	reading rules configuration file from "config/testdata/dir/rules1-bad.rules"
2020-09-22T16:27:59.799Z	info	app/vmalert/group.go:225	group "groupGorSingleAlert" started; interval=1ms; concurrency=1
2020-09-22T16:27:59.799Z	info	app/vmalert/manager.go:84	reading rules configuration file from "config/testdata/dir/rules0-good.rules"
2020-09-22T16:27:59.799Z	info	app/vmalert/group.go:235	group "groupGorSingleAlert": received stop signal
2020-09-22T16:27:59.799Z	info	app/vmalert/manager.go:84	reading rules configuration file from "config/testdata/dir/rules1-good.rules"
2020-09-22T16:27:59.799Z	info	app/vmalert/manager.go:84	reading rules configuration file from "config/testdata/dir/rules1-bad.rules"
2020-09-22T16:27:59.799Z	info	app/vmalert/group.go:225	group "duplicatedGroupDiffFiles" started; interval=1ms; concurrency=1
2020-09-22T16:27:59.799Z	info	app/vmalert/group.go:235	group "duplicatedGroupDiffFiles": received stop signal
2020-09-22T16:27:59.799Z	info	app/vmalert/manager.go:84	reading rules configuration file from "config/testdata/rules1-good.rules"
2020-09-22T16:27:59.799Z	info	app/vmalert/group.go:225	group "groupTest" started; interval=1ms; concurrency=1
2020-09-22T16:27:59.799Z	info	app/vmalert/group.go:235	group "groupTest": received stop signal
2020-09-22T16:27:59.799Z	info	app/vmalert/group.go:225	group "TestGroup" started; interval=2s; concurrency=2
2020-09-22T16:27:59.799Z	info	app/vmalert/group.go:235	group "TestGroup": received stop signal
2020-09-22T16:27:59.799Z	info	app/vmalert/manager.go:84	reading rules configuration file from "config/testdata/dir/rules0-good.rules"
2020-09-22T16:27:59.799Z	info	app/vmalert/manager.go:84	reading rules configuration file from "config/testdata/rules1-good.rules"
2020-09-22T16:27:59.799Z	info	app/vmalert/group.go:225	group "groupGorSingleAlert" started; interval=1ms; concurrency=1
2020-09-22T16:27:59.799Z	info	app/vmalert/manager.go:84	reading rules configuration file from "config/testdata/dir/rules0-good.rules"
2020-09-22T16:27:59.799Z	info	app/vmalert/manager.go:84	reading rules configuration file from "config/testdata/rules2-good.rules"
2020-09-22T16:27:59.799Z	info	app/vmalert/group.go:225	group "TestGroup" started; interval=1ms; concurrency=1
2020-09-22T16:27:59.800Z	info	app/vmalert/group.go:235	group "TestGroup": received stop signal
2020-09-22T16:27:59.800Z	info	app/vmalert/group.go:235	group "groupGorSingleAlert": received stop signal
2020-09-22T16:27:59.800Z	info	app/vmalert/manager.go:84	reading rules configuration file from "config/testdata/dir/rules0-good.rules"
2020-09-22T16:27:59.800Z	info	app/vmalert/group.go:225	group "groupTest" started; interval=1ms; concurrency=1
2020-09-22T16:27:59.800Z	info	app/vmalert/group.go:235	group "groupTest": received stop signal
2020-09-22T16:27:59.800Z	info	app/vmalert/group.go:225	group "duplicatedGroupDiffFiles" started; interval=1ms; concurrency=1
2020-09-22T16:27:59.800Z	info	app/vmalert/manager.go:84	reading rules configuration file from "config/testdata/dir/rules0-bad.rules"
2020-09-22T16:27:59.800Z	info	app/vmalert/manager.go:84	reading rules configuration file from "config/testdata/rules0-good.rules"
2020-09-22T16:27:59.800Z	info	app/vmalert/group.go:235	group "duplicatedGroupDiffFiles": received stop signal
2020-09-22T16:27:59.800Z	info	app/vmalert/manager.go:84	reading rules configuration file from "config/testdata/dir/rules0-bad.rules"
2020-09-22T16:27:59.800Z	info	app/vmalert/manager.go:84	reading rules configuration file from "config/testdata/rules2-good.rules"
2020-09-22T16:27:59.800Z	info	app/vmalert/manager.go:84	reading rules configuration file from "config/testdata/rules2-good.rules"
2020-09-22T16:27:59.800Z	info	app/vmalert/group.go:225	group "groupTest" started; interval=1ms; concurrency=1
2020-09-22T16:27:59.801Z	info	app/vmalert/group.go:235	group "groupTest": received stop signal
2020-09-22T16:27:59.801Z	info	app/vmalert/manager.go:84	reading rules configuration file from "config/testdata/dir/rules1-bad.rules"
2020-09-22T16:27:59.801Z	info	app/vmalert/group.go:225	group "duplicatedGroupDiffFiles" started; interval=1ms; concurrency=1
2020-09-22T16:27:59.801Z	info	app/vmalert/group.go:235	group "duplicatedGroupDiffFiles": received stop signal
2020-09-22T16:27:59.801Z	info	app/vmalert/manager.go:84	reading rules configuration file from "config/testdata/rules1-good.rules"
2020-09-22T16:27:59.801Z	info	app/vmalert/group.go:225	group "groupGorSingleAlert" started; interval=1ms; concurrency=1
2020-09-22T16:27:59.801Z	info	app/vmalert/group.go:235	group "groupGorSingleAlert": received stop signal
2020-09-22T16:27:59.801Z	info	app/vmalert/group.go:225	group "TestGroup" started; interval=1ms; concurrency=1
2020-09-22T16:27:59.801Z	info	app/vmalert/group.go:235	group "TestGroup": received stop signal
2020-09-22T16:27:59.801Z	info	app/vmalert/manager.go:84	reading rules configuration file from "config/testdata/rules1-good.rules"
2020-09-22T16:27:59.801Z	info	app/vmalert/manager.go:84	reading rules configuration file from "config/testdata/dir/rules1-good.rules"
2020-09-22T16:27:59.801Z	info	app/vmalert/group.go:225	group "groupTest" started; interval=1ms; concurrency=1
2020-09-22T16:27:59.801Z	info	app/vmalert/manager.go:84	reading rules configuration file from "config/testdata/rules1-good.rules"
2020-09-22T16:27:59.801Z	info	app/vmalert/group.go:235	group "groupTest": received stop signal
2020-09-22T16:27:59.801Z	info	app/vmalert/group.go:225	group "TestGroup" started; interval=1ms; concurrency=1
2020-09-22T16:27:59.801Z	info	app/vmalert/group.go:235	group "TestGroup": received stop signal
2020-09-22T16:27:59.801Z	info	app/vmalert/group.go:225	group "groupGorSingleAlert" started; interval=1ms; concurrency=1
2020-09-22T16:27:59.801Z	info	app/vmalert/manager.go:84	reading rules configuration file from "config/testdata/dir/rules1-good.rules"
2020-09-22T16:27:59.801Z	info	app/vmalert/group.go:235	group "groupGorSingleAlert": received stop signal
2020-09-22T16:27:59.801Z	info	app/vmalert/group.go:225	group "groupTest" started; interval=1ms; concurrency=1
2020-09-22T16:27:59.801Z	info	app/vmalert/group.go:235	group "groupTest": received stop signal
2020-09-22T16:27:59.801Z	info	app/vmalert/manager.go:84	reading rules configuration file from "config/testdata/rules0-good.rules"
2020-09-22T16:27:59.801Z	info	app/vmalert/group.go:225	group "duplicatedGroupDiffFiles" started; interval=1ms; concurrency=1
2020-09-22T16:27:59.801Z	info	app/vmalert/group.go:235	group "duplicatedGroupDiffFiles": received stop signal
2020-09-22T16:27:59.801Z	info	app/vmalert/manager.go:84	reading rules configuration file from "config/testdata/rules1-good.rules"
2020-09-22T16:27:59.801Z	info	app/vmalert/manager.go:84	reading rules configuration file from "config/testdata/dir/rules1-good.rules"
2020-09-22T16:27:59.801Z	info	app/vmalert/group.go:225	group "groupTest" started; interval=1ms; concurrency=1
2020-09-22T16:27:59.802Z	info	app/vmalert/group.go:235	group "groupTest": received stop signal
2020-09-22T16:27:59.802Z	info	app/vmalert/manager.go:84	reading rules configuration file from "config/testdata/dir/rules0-good.rules"
2020-09-22T16:27:59.802Z	info	app/vmalert/group.go:225	group "duplicatedGroupDiffFiles" started; interval=1ms; concurrency=1
2020-09-22T16:27:59.802Z	info	app/vmalert/manager.go:84	reading rules configuration file from "config/testdata/rules2-good.rules"
2020-09-22T16:27:59.802Z	info	app/vmalert/group.go:235	group "duplicatedGroupDiffFiles": received stop signal
2020-09-22T16:27:59.802Z	info	app/vmalert/group.go:225	group "groupTest" started; interval=1ms; concurrency=1
2020-09-22T16:27:59.802Z	info	app/vmalert/group.go:235	group "groupTest": received stop signal
2020-09-22T16:27:59.802Z	info	app/vmalert/manager.go:84	reading rules configuration file from "config/testdata/rules1-good.rules"
2020-09-22T16:27:59.802Z	info	app/vmalert/group.go:225	group "duplicatedGroupDiffFiles" started; interval=1ms; concurrency=1
2020-09-22T16:27:59.802Z	info	app/vmalert/group.go:235	group "duplicatedGroupDiffFiles": received stop signal
2020-09-22T16:27:59.802Z	info	app/vmalert/manager.go:84	reading rules configuration file from "config/testdata/rules1-good.rules"
2020-09-22T16:27:59.802Z	info	app/vmalert/manager.go:84	reading rules configuration file from "config/testdata/rules1-good.rules"
2020-09-22T16:27:59.802Z	info	app/vmalert/group.go:225	group "groupTest" started; interval=1ms; concurrency=1
2020-09-22T16:27:59.802Z	info	app/vmalert/group.go:235	group "groupTest": received stop signal
2020-09-22T16:27:59.802Z	info	app/vmalert/group.go:225	group "TestGroup" started; interval=2s; concurrency=2
2020-09-22T16:27:59.802Z	info	app/vmalert/manager.go:84	reading rules configuration file from "config/testdata/rules0-good.rules"
2020-09-22T16:27:59.802Z	info	app/vmalert/group.go:235	group "TestGroup": received stop signal
2020-09-22T16:27:59.803Z	info	app/vmalert/group.go:225	group "groupTest" started; interval=1ms; concurrency=1
2020-09-22T16:27:59.803Z	info	app/vmalert/group.go:235	group "groupTest": received stop signal
2020-09-22T16:27:59.803Z	info	app/vmalert/manager.go:84	reading rules configuration file from "config/testdata/rules1-good.rules"
2020-09-22T16:27:59.803Z	info	app/vmalert/manager.go:84	reading rules configuration file from "config/testdata/dir/rules1-bad.rules"
2020-09-22T16:27:59.803Z	info	app/vmalert/group.go:225	group "TestGroup" started; interval=2s; concurrency=2
2020-09-22T16:27:59.803Z	info	app/vmalert/group.go:235	group "TestGroup": received stop signal
2020-09-22T16:27:59.803Z	info	app/vmalert/manager.go:84	reading rules configuration file from "config/testdata/dir/rules1-good.rules"
2020-09-22T16:27:59.803Z	info	app/vmalert/group.go:225	group "TestGroup" started; interval=1ms; concurrency=1
2020-09-22T16:27:59.803Z	info	app/vmalert/group.go:225	group "groupGorSingleAlert" started; interval=1ms; concurrency=1
2020-09-22T16:27:59.803Z	info	app/vmalert/group.go:235	group "groupGorSingleAlert": received stop signal
2020-09-22T16:27:59.803Z	info	app/vmalert/group.go:235	group "TestGroup": received stop signal
2020-09-22T16:27:59.803Z	info	app/vmalert/group.go:225	group "duplicatedGroupDiffFiles" started; interval=1ms; concurrency=1
2020-09-22T16:27:59.803Z	info	app/vmalert/group.go:235	group "duplicatedGroupDiffFiles": received stop signal
2020-09-22T16:27:59.803Z	info	app/vmalert/manager.go:84	reading rules configuration file from "config/testdata/dir/rules0-bad.rules"
2020-09-22T16:27:59.803Z	info	app/vmalert/manager.go:84	reading rules configuration file from "config/testdata/dir/rules1-good.rules"
2020-09-22T16:27:59.803Z	info	app/vmalert/group.go:225	group "TestGroup" started; interval=2s; concurrency=2
2020-09-22T16:27:59.803Z	info	app/vmalert/group.go:235	group "TestGroup": received stop signal
2020-09-22T16:27:59.803Z	info	app/vmalert/manager.go:84	reading rules configuration file from "config/testdata/dir/rules0-bad.rules"
2020-09-22T16:27:59.803Z	info	app/vmalert/group.go:225	group "groupTest" started; interval=1ms; concurrency=1
2020-09-22T16:27:59.803Z	info	app/vmalert/group.go:235	group "groupTest": received stop signal
2020-09-22T16:27:59.804Z	info	app/vmalert/manager.go:84	reading rules configuration file from "config/testdata/dir/rules1-bad.rules"
2020-09-22T16:27:59.804Z	info	app/vmalert/group.go:225	group "duplicatedGroupDiffFiles" started; interval=1ms; concurrency=1
2020-09-22T16:27:59.804Z	info	app/vmalert/group.go:235	group "duplicatedGroupDiffFiles": received stop signal
2020-09-22T16:27:59.804Z	info	app/vmalert/group.go:225	group "duplicatedGroupDiffFiles" started; interval=1ms; concurrency=1
2020-09-22T16:27:59.804Z	info	app/vmalert/group.go:235	group "duplicatedGroupDiffFiles": received stop signal
2020-09-22T16:27:59.804Z	info	app/vmalert/manager.go:84	reading rules configuration file from "config/testdata/rules0-good.rules"
2020-09-22T16:27:59.804Z	info	app/vmalert/manager.go:84	reading rules configuration file from "config/testdata/dir/rules1-bad.rules"
2020-09-22T16:27:59.804Z	info	app/vmalert/group.go:225	group "duplicatedGroupDiffFiles" started; interval=1ms; concurrency=1
2020-09-22T16:27:59.804Z	info	app/vmalert/manager.go:84	reading rules configuration file from "config/testdata/dir/rules0-bad.rules"
2020-09-22T16:27:59.804Z	info	app/vmalert/group.go:235	group "duplicatedGroupDiffFiles": received stop signal
2020-09-22T16:27:59.804Z	info	app/vmalert/group.go:225	group "duplicatedGroupDiffFiles" started; interval=1ms; concurrency=1
2020-09-22T16:27:59.804Z	info	app/vmalert/group.go:235	group "duplicatedGroupDiffFiles": received stop signal
2020-09-22T16:27:59.804Z	info	app/vmalert/manager.go:84	reading rules configuration file from "config/testdata/rules1-good.rules"
2020-09-22T16:27:59.804Z	info	app/vmalert/manager.go:84	reading rules configuration file from "config/testdata/dir/rules1-bad.rules"
2020-09-22T16:27:59.804Z	info	app/vmalert/manager.go:84	reading rules configuration file from "config/testdata/rules2-good.rules"
2020-09-22T16:27:59.804Z	info	app/vmalert/manager.go:84	reading rules configuration file from "config/testdata/dir/rules0-bad.rules"
2020-09-22T16:27:59.804Z	info	app/vmalert/group.go:225	group "TestGroup" started; interval=2s; concurrency=2
2020-09-22T16:27:59.804Z	info	app/vmalert/group.go:235	group "TestGroup": received stop signal
2020-09-22T16:27:59.804Z	info	app/vmalert/group.go:225	group "groupTest" started; interval=1ms; concurrency=1
2020-09-22T16:27:59.804Z	info	app/vmalert/manager.go:84	reading rules configuration file from "config/testdata/rules0-good.rules"
2020-09-22T16:27:59.804Z	info	app/vmalert/group.go:235	group "groupTest": received stop signal
2020-09-22T16:27:59.804Z	info	app/vmalert/manager.go:84	reading rules configuration file from "config/testdata/dir/rules1-bad.rules"
2020-09-22T16:27:59.804Z	info	app/vmalert/group.go:225	group "duplicatedGroupDiffFiles" started; interval=1ms; concurrency=1
2020-09-22T16:27:59.804Z	info	app/vmalert/group.go:235	group "duplicatedGroupDiffFiles": received stop signal
2020-09-22T16:27:59.805Z	info	app/vmalert/group.go:225	group "groupTest" started; interval=1ms; concurrency=1
2020-09-22T16:27:59.805Z	info	app/vmalert/manager.go:84	reading rules configuration file from "config/testdata/dir/rules1-bad.rules"
2020-09-22T16:27:59.805Z	info	app/vmalert/manager.go:84	reading rules configuration file from "config/testdata/rules0-good.rules"
2020-09-22T16:27:59.805Z	info	app/vmalert/group.go:235	group "groupTest": received stop signal
2020-09-22T16:27:59.805Z	info	app/vmalert/group.go:225	group "TestGroup" started; interval=2s; concurrency=2
2020-09-22T16:27:59.805Z	info	app/vmalert/manager.go:84	reading rules configuration file from "config/testdata/dir/rules1-good.rules"
2020-09-22T16:27:59.805Z	info	app/vmalert/manager.go:84	reading rules configuration file from "config/testdata/rules0-good.rules"
2020-09-22T16:27:59.805Z	info	app/vmalert/group.go:235	group "TestGroup": received stop signal
2020-09-22T16:27:59.805Z	info	app/vmalert/manager.go:84	reading rules configuration file from "config/testdata/rules0-good.rules"
2020-09-22T16:27:59.806Z	info	app/vmalert/group.go:225	group "TestGroup" started; interval=1ms; concurrency=1
2020-09-22T16:27:59.806Z	info	app/vmalert/group.go:225	group "groupGorSingleAlert" started; interval=1ms; concurrency=1
2020-09-22T16:27:59.806Z	info	app/vmalert/group.go:235	group "groupGorSingleAlert": received stop signal
2020-09-22T16:27:59.806Z	info	app/vmalert/group.go:235	group "TestGroup": received stop signal
2020-09-22T16:27:59.806Z	info	app/vmalert/manager.go:84	reading rules configuration file from "config/testdata/dir/rules1-good.rules"
2020-09-22T16:27:59.806Z	info	app/vmalert/manager.go:84	reading rules configuration file from "config/testdata/rules1-good.rules"
2020-09-22T16:27:59.806Z	info	app/vmalert/manager.go:84	reading rules configuration file from "config/testdata/dir/rules0-bad.rules"
2020-09-22T16:27:59.806Z	info	app/vmalert/manager.go:84	reading rules configuration file from "config/testdata/rules0-good.rules"
2020-09-22T16:27:59.806Z	info	app/vmalert/manager.go:84	reading rules configuration file from "config/testdata/dir/rules0-good.rules"
2020-09-22T16:27:59.806Z	info	app/vmalert/manager.go:84	reading rules configuration file from "config/testdata/rules1-good.rules"
2020-09-22T16:27:59.806Z	info	app/vmalert/group.go:225	group "duplicatedGroupDiffFiles" started; interval=1ms; concurrency=1
2020-09-22T16:27:59.806Z	info	app/vmalert/group.go:235	group "duplicatedGroupDiffFiles": received stop signal
2020-09-22T16:27:59.806Z	info	app/vmalert/group.go:225	group "groupTest" started; interval=1ms; concurrency=1
2020-09-22T16:27:59.806Z	info	app/vmalert/group.go:235	group "groupTest": received stop signal
2020-09-22T16:27:59.806Z	info	app/vmalert/manager.go:84	reading rules configuration file from "config/testdata/dir/rules1-good.rules"
2020-09-22T16:27:59.807Z	info	app/vmalert/manager.go:84	reading rules configuration file from "config/testdata/rules0-good.rules"
2020-09-22T16:27:59.807Z	info	app/vmalert/group.go:225	group "duplicatedGroupDiffFiles" started; interval=1ms; concurrency=1
2020-09-22T16:27:59.807Z	info	app/vmalert/group.go:235	group "duplicatedGroupDiffFiles": received stop signal
2020-09-22T16:27:59.807Z	info	app/vmalert/group.go:225	group "duplicatedGroupDiffFiles" started; interval=1ms; concurrency=1
2020-09-22T16:27:59.807Z	info	app/vmalert/manager.go:84	reading rules configuration file from "config/testdata/rules0-good.rules"
2020-09-22T16:27:59.807Z	info	app/vmalert/group.go:235	group "duplicatedGroupDiffFiles": received stop signal
2020-09-22T16:27:59.807Z	info	app/vmalert/group.go:225	group "duplicatedGroupDiffFiles" started; interval=1ms; concurrency=1
2020-09-22T16:27:59.807Z	info	app/vmalert/group.go:235	group "duplicatedGroupDiffFiles": received stop signal
2020-09-22T16:27:59.807Z	info	app/vmalert/manager.go:84	reading rules configuration file from "config/testdata/rules1-good.rules"
2020-09-22T16:27:59.807Z	info	app/vmalert/manager.go:84	reading rules configuration file from "config/testdata/rules1-good.rules"
2020-09-22T16:27:59.807Z	info	app/vmalert/manager.go:84	reading rules configuration file from "config/testdata/rules0-good.rules"
2020-09-22T16:27:59.807Z	info	app/vmalert/manager.go:84	reading rules configuration file from "config/testdata/rules1-good.rules"
2020-09-22T16:27:59.807Z	info	app/vmalert/group.go:225	group "groupTest" started; interval=1ms; concurrency=1
2020-09-22T16:27:59.807Z	info	app/vmalert/group.go:235	group "groupTest": received stop signal
2020-09-22T16:27:59.807Z	info	app/vmalert/group.go:225	group "groupGorSingleAlert" started; interval=1ms; concurrency=1
2020-09-22T16:27:59.807Z	info	app/vmalert/group.go:235	group "groupGorSingleAlert": received stop signal
2020-09-22T16:27:59.807Z	info	app/vmalert/group.go:225	group "TestGroup" started; interval=1ms; concurrency=1
2020-09-22T16:27:59.807Z	info	app/vmalert/group.go:235	group "TestGroup": received stop signal
2020-09-22T16:27:59.807Z	info	app/vmalert/manager.go:84	reading rules configuration file from "config/testdata/rules0-good.rules"
2020-09-22T16:27:59.807Z	info	app/vmalert/group.go:225	group "duplicatedGroupDiffFiles" started; interval=1ms; concurrency=1
2020-09-22T16:27:59.807Z	info	app/vmalert/manager.go:84	reading rules configuration file from "config/testdata/rules0-good.rules"
2020-09-22T16:27:59.807Z	info	app/vmalert/group.go:235	group "duplicatedGroupDiffFiles": received stop signal
2020-09-22T16:27:59.807Z	info	app/vmalert/manager.go:84	reading rules configuration file from "config/testdata/rules2-good.rules"
2020-09-22T16:27:59.808Z	info	app/vmalert/group.go:225	group "duplicatedGroupDiffFiles" started; interval=1ms; concurrency=1
2020-09-22T16:27:59.808Z	info	app/vmalert/group.go:235	group "duplicatedGroupDiffFiles": received stop signal
2020-09-22T16:27:59.808Z	info	app/vmalert/group.go:225	group "groupTest" started; interval=1ms; concurrency=1
2020-09-22T16:27:59.808Z	info	app/vmalert/group.go:235	group "groupTest": received stop signal
2020-09-22T16:27:59.808Z	info	app/vmalert/manager.go:84	reading rules configuration file from "config/testdata/rules0-good.rules"
2020-09-22T16:27:59.808Z	info	app/vmalert/group.go:225	group "duplicatedGroupDiffFiles" started; interval=1ms; concurrency=1
2020-09-22T16:27:59.808Z	info	app/vmalert/group.go:235	group "duplicatedGroupDiffFiles": received stop signal
2020-09-22T16:27:59.808Z	info	app/vmalert/manager.go:84	reading rules configuration file from "config/testdata/dir/rules0-good.rules"
2020-09-22T16:27:59.808Z	info	app/vmalert/manager.go:84	reading rules configuration file from "config/testdata/dir/rules1-good.rules"
2020-09-22T16:27:59.808Z	info	app/vmalert/manager.go:84	reading rules configuration file from "config/testdata/dir/rules1-bad.rules"
2020-09-22T16:27:59.808Z	info	app/vmalert/group.go:225	group "TestGroup" started; interval=2s; concurrency=2
2020-09-22T16:27:59.808Z	info	app/vmalert/group.go:235	group "TestGroup": received stop signal
2020-09-22T16:27:59.808Z	info	app/vmalert/group.go:225	group "duplicatedGroupDiffFiles" started; interval=1ms; concurrency=1
2020-09-22T16:27:59.808Z	info	app/vmalert/group.go:235	group "duplicatedGroupDiffFiles": received stop signal
2020-09-22T16:27:59.808Z	info	app/vmalert/manager.go:84	reading rules configuration file from "config/testdata/rules0-good.rules"
2020-09-22T16:27:59.808Z	info	app/vmalert/group.go:225	group "duplicatedGroupDiffFiles" started; interval=1ms; concurrency=1
2020-09-22T16:27:59.808Z	info	app/vmalert/group.go:235	group "duplicatedGroupDiffFiles": received stop signal
2020-09-22T16:27:59.808Z	info	app/vmalert/manager.go:84	reading rules configuration file from "config/testdata/rules0-good.rules"
2020-09-22T16:27:59.808Z	info	app/vmalert/group.go:225	group "groupGorSingleAlert" started; interval=1ms; concurrency=1
2020-09-22T16:27:59.808Z	info	app/vmalert/group.go:225	group "TestGroup" started; interval=1ms; concurrency=1
2020-09-22T16:27:59.808Z	info	app/vmalert/group.go:235	group "TestGroup": received stop signal
2020-09-22T16:27:59.808Z	info	app/vmalert/manager.go:84	reading rules configuration file from "config/testdata/dir/rules0-good.rules"
2020-09-22T16:27:59.809Z	info	app/vmalert/group.go:235	group "groupGorSingleAlert": received stop signal
2020-09-22T16:27:59.808Z	info	app/vmalert/manager.go:84	reading rules configuration file from "config/testdata/rules1-good.rules"
2020-09-22T16:27:59.809Z	info	app/vmalert/group.go:225	group "duplicatedGroupDiffFiles" started; interval=1ms; concurrency=1
2020-09-22T16:27:59.809Z	info	app/vmalert/manager.go:84	reading rules configuration file from "config/testdata/dir/rules1-good.rules"
2020-09-22T16:27:59.809Z	info	app/vmalert/group.go:235	group "duplicatedGroupDiffFiles": received stop signal
2020-09-22T16:27:59.809Z	info	app/vmalert/group.go:225	group "groupGorSingleAlert" started; interval=1ms; concurrency=1
2020-09-22T16:27:59.809Z	info	app/vmalert/manager.go:84	reading rules configuration file from "config/testdata/rules0-good.rules"
2020-09-22T16:27:59.809Z	info	app/vmalert/group.go:225	group "TestGroup" started; interval=1ms; concurrency=1
2020-09-22T16:27:59.809Z	info	app/vmalert/group.go:235	group "groupGorSingleAlert": received stop signal
2020-09-22T16:27:59.809Z	info	app/vmalert/group.go:235	group "TestGroup": received stop signal
2020-09-22T16:27:59.809Z	info	app/vmalert/group.go:225	group "groupTest" started; interval=1ms; concurrency=1
2020-09-22T16:27:59.809Z	info	app/vmalert/manager.go:84	reading rules configuration file from "config/testdata/dir/rules0-bad.rules"
2020-09-22T16:27:59.810Z	info	app/vmalert/manager.go:84	reading rules configuration file from "config/testdata/dir/rules0-good.rules"
2020-09-22T16:27:59.809Z	info	app/vmalert/group.go:235	group "groupTest": received stop signal
2020-09-22T16:27:59.810Z	info	app/vmalert/group.go:225	group "duplicatedGroupDiffFiles" started; interval=1ms; concurrency=1
2020-09-22T16:27:59.810Z	info	app/vmalert/group.go:235	group "duplicatedGroupDiffFiles": received stop signal
2020-09-22T16:27:59.810Z	info	app/vmalert/manager.go:84	reading rules configuration file from "config/testdata/dir/rules0-good.rules"
2020-09-22T16:27:59.810Z	info	app/vmalert/manager.go:84	reading rules configuration file from "config/testdata/dir/rules1-bad.rules"
2020-09-22T16:27:59.810Z	info	app/vmalert/group.go:225	group "groupGorSingleAlert" started; interval=1ms; concurrency=1
2020-09-22T16:27:59.810Z	info	app/vmalert/group.go:225	group "TestGroup" started; interval=1ms; concurrency=1
2020-09-22T16:27:59.810Z	info	app/vmalert/manager.go:84	reading rules configuration file from "config/testdata/dir/rules1-bad.rules"
2020-09-22T16:27:59.810Z	info	app/vmalert/group.go:235	group "TestGroup": received stop signal
2020-09-22T16:27:59.810Z	info	app/vmalert/group.go:235	group "groupGorSingleAlert": received stop signal
2020-09-22T16:27:59.810Z	info	app/vmalert/group.go:225	group "duplicatedGroupDiffFiles" started; interval=1ms; concurrency=1
2020-09-22T16:27:59.810Z	info	app/vmalert/group.go:235	group "duplicatedGroupDiffFiles": received stop signal
2020-09-22T16:27:59.810Z	info	app/vmalert/manager.go:84	reading rules configuration file from "config/testdata/dir/rules1-bad.rules"
2020-09-22T16:27:59.810Z	info	app/vmalert/group.go:225	group "TestGroup" started; interval=1ms; concurrency=1
2020-09-22T16:27:59.810Z	info	app/vmalert/group.go:225	group "groupGorSingleAlert" started; interval=1ms; concurrency=1
2020-09-22T16:27:59.810Z	info	app/vmalert/manager.go:84	reading rules configuration file from "config/testdata/rules2-good.rules"
2020-09-22T16:27:59.810Z	info	app/vmalert/group.go:235	group "groupGorSingleAlert": received stop signal
2020-09-22T16:27:59.810Z	info	app/vmalert/group.go:235	group "TestGroup": received stop signal
2020-09-22T16:27:59.810Z	info	app/vmalert/manager.go:84	reading rules configuration file from "config/testdata/rules0-good.rules"
2020-09-22T16:27:59.810Z	info	app/vmalert/manager.go:84	reading rules configuration file from "config/testdata/rules1-good.rules"
2020-09-22T16:27:59.810Z	info	app/vmalert/group.go:225	group "duplicatedGroupDiffFiles" started; interval=1ms; concurrency=1
2020-09-22T16:27:59.810Z	info	app/vmalert/group.go:235	group "duplicatedGroupDiffFiles": received stop signal
2020-09-22T16:27:59.810Z	info	app/vmalert/manager.go:84	reading rules configuration file from "config/testdata/dir/rules1-good.rules"
2020-09-22T16:27:59.810Z	info	app/vmalert/manager.go:84	reading rules configuration file from "config/testdata/rules0-good.rules"
2020-09-22T16:27:59.810Z	info	app/vmalert/group.go:225	group "TestGroup" started; interval=2s; concurrency=2
2020-09-22T16:27:59.810Z	info	app/vmalert/group.go:235	group "TestGroup": received stop signal
2020-09-22T16:27:59.810Z	info	app/vmalert/group.go:225	group "duplicatedGroupDiffFiles" started; interval=1ms; concurrency=1
2020-09-22T16:27:59.810Z	info	app/vmalert/manager.go:84	reading rules configuration file from "config/testdata/dir/rules0-good.rules"
2020-09-22T16:27:59.810Z	info	app/vmalert/group.go:235	group "duplicatedGroupDiffFiles": received stop signal
2020-09-22T16:27:59.811Z	info	app/vmalert/manager.go:84	reading rules configuration file from "config/testdata/dir/rules1-good.rules"
2020-09-22T16:27:59.811Z	info	app/vmalert/group.go:225	group "duplicatedGroupDiffFiles" started; interval=1ms; concurrency=1
2020-09-22T16:27:59.811Z	info	app/vmalert/manager.go:84	reading rules configuration file from "config/testdata/rules0-good.rules"
2020-09-22T16:27:59.811Z	info	app/vmalert/group.go:235	group "duplicatedGroupDiffFiles": received stop signal
2020-09-22T16:27:59.811Z	info	app/vmalert/manager.go:84	reading rules configuration file from "config/testdata/dir/rules0-bad.rules"
2020-09-22T16:27:59.811Z	info	app/vmalert/manager.go:84	reading rules configuration file from "config/testdata/rules0-good.rules"
2020-09-22T16:27:59.811Z	info	app/vmalert/group.go:225	group "duplicatedGroupDiffFiles" started; interval=1ms; concurrency=1
2020-09-22T16:27:59.811Z	info	app/vmalert/group.go:235	group "duplicatedGroupDiffFiles": received stop signal
2020-09-22T16:27:59.811Z	info	app/vmalert/manager.go:84	reading rules configuration file from "config/testdata/rules2-good.rules"
2020-09-22T16:27:59.811Z	info	app/vmalert/group.go:225	group "groupTest" started; interval=1ms; concurrency=1
2020-09-22T16:27:59.812Z	info	app/vmalert/group.go:235	group "groupTest": received stop signal
2020-09-22T16:27:59.812Z	info	app/vmalert/manager.go:84	reading rules configuration file from "config/testdata/dir/rules1-bad.rules"
2020-09-22T16:27:59.812Z	info	app/vmalert/group.go:225	group "duplicatedGroupDiffFiles" started; interval=1ms; concurrency=1
2020-09-22T16:27:59.812Z	info	app/vmalert/manager.go:84	reading rules configuration file from "config/testdata/dir/rules1-bad.rules"
2020-09-22T16:27:59.812Z	info	app/vmalert/manager.go:84	reading rules configuration file from "config/testdata/rules1-good.rules"
2020-09-22T16:27:59.812Z	info	app/vmalert/group.go:235	group "duplicatedGroupDiffFiles": received stop signal
2020-09-22T16:27:59.812Z	info	app/vmalert/group.go:225	group "groupTest" started; interval=1ms; concurrency=1
2020-09-22T16:27:59.812Z	info	app/vmalert/group.go:235	group "groupTest": received stop signal
2020-09-22T16:27:59.812Z	info	app/vmalert/manager.go:84	reading rules configuration file from "config/testdata/dir/rules1-bad.rules"
2020-09-22T16:27:59.812Z	info	app/vmalert/group.go:225	group "TestGroup" started; interval=1ms; concurrency=1
2020-09-22T16:27:59.812Z	info	app/vmalert/group.go:225	group "groupGorSingleAlert" started; interval=1ms; concurrency=1
2020-09-22T16:27:59.812Z	info	app/vmalert/manager.go:84	reading rules configuration file from "config/testdata/rules2-good.rules"
2020-09-22T16:27:59.812Z	info	app/vmalert/group.go:235	group "groupGorSingleAlert": received stop signal
2020-09-22T16:27:59.812Z	info	app/vmalert/group.go:235	group "TestGroup": received stop signal
2020-09-22T16:27:59.812Z	info	app/vmalert/group.go:225	group "duplicatedGroupDiffFiles" started; interval=1ms; concurrency=1
2020-09-22T16:27:59.812Z	info	app/vmalert/group.go:235	group "duplicatedGroupDiffFiles": received stop signal
2020-09-22T16:27:59.812Z	info	app/vmalert/manager.go:84	reading rules configuration file from "config/testdata/dir/rules1-bad.rules"
2020-09-22T16:27:59.813Z	info	app/vmalert/group.go:225	group "groupGorSingleAlert" started; interval=1ms; concurrency=1
2020-09-22T16:27:59.813Z	info	app/vmalert/group.go:225	group "TestGroup" started; interval=1ms; concurrency=1
2020-09-22T16:27:59.813Z	info	app/vmalert/group.go:235	group "TestGroup": received stop signal
2020-09-22T16:27:59.813Z	info	app/vmalert/manager.go:84	reading rules configuration file from "config/testdata/dir/rules0-bad.rules"
2020-09-22T16:27:59.813Z	info	app/vmalert/group.go:235	group "groupGorSingleAlert": received stop signal
2020-09-22T16:27:59.813Z	info	app/vmalert/group.go:225	group "duplicatedGroupDiffFiles" started; interval=1ms; concurrency=1
2020-09-22T16:27:59.813Z	info	app/vmalert/group.go:235	group "duplicatedGroupDiffFiles": received stop signal
2020-09-22T16:27:59.813Z	info	app/vmalert/manager.go:84	reading rules configuration file from "config/testdata/rules2-good.rules"
2020-09-22T16:27:59.813Z	info	app/vmalert/manager.go:84	reading rules configuration file from "config/testdata/rules2-good.rules"
2020-09-22T16:27:59.813Z	info	app/vmalert/manager.go:84	reading rules configuration file from "config/testdata/rules0-good.rules"
2020-09-22T16:27:59.813Z	info	app/vmalert/manager.go:84	reading rules configuration file from "config/testdata/dir/rules0-bad.rules"
2020-09-22T16:27:59.813Z	info	app/vmalert/manager.go:84	reading rules configuration file from "config/testdata/dir/rules1-bad.rules"
2020-09-22T16:27:59.813Z	info	app/vmalert/manager.go:84	reading rules configuration file from "config/testdata/dir/rules0-bad.rules"
2020-09-22T16:27:59.813Z	info	app/vmalert/manager.go:84	reading rules configuration file from "config/testdata/rules0-good.rules"
2020-09-22T16:27:59.813Z	info	app/vmalert/manager.go:84	reading rules configuration file from "config/testdata/dir/rules0-bad.rules"
2020-09-22T16:27:59.813Z	info	app/vmalert/group.go:225	group "groupTest" started; interval=1ms; concurrency=1
2020-09-22T16:27:59.814Z	info	app/vmalert/group.go:235	group "groupTest": received stop signal
2020-09-22T16:27:59.813Z	info	app/vmalert/manager.go:84	reading rules configuration file from "config/testdata/rules2-good.rules"
2020-09-22T16:27:59.814Z	info	app/vmalert/group.go:225	group "groupGorSingleAlert" started; interval=1ms; concurrency=1
2020-09-22T16:27:59.814Z	info	app/vmalert/group.go:225	group "TestGroup" started; interval=1ms; concurrency=1
2020-09-22T16:27:59.814Z	info	app/vmalert/group.go:235	group "groupGorSingleAlert": received stop signal
2020-09-22T16:27:59.814Z	info	app/vmalert/manager.go:84	reading rules configuration file from "config/testdata/dir/rules0-bad.rules"
2020-09-22T16:27:59.814Z	info	app/vmalert/manager.go:84	reading rules configuration file from "config/testdata/dir/rules0-good.rules"
2020-09-22T16:27:59.814Z	info	app/vmalert/group.go:235	group "TestGroup": received stop signal
2020-09-22T16:27:59.814Z	info	app/vmalert/group.go:225	group "TestGroup" started; interval=2s; concurrency=2
2020-09-22T16:27:59.814Z	info	app/vmalert/group.go:235	group "TestGroup": received stop signal
2020-09-22T16:27:59.814Z	info	app/vmalert/manager.go:84	reading rules configuration file from "config/testdata/rules0-good.rules"
2020-09-22T16:27:59.814Z	info	app/vmalert/group.go:225	group "duplicatedGroupDiffFiles" started; interval=1ms; concurrency=1
2020-09-22T16:27:59.814Z	info	app/vmalert/manager.go:84	reading rules configuration file from "config/testdata/rules0-good.rules"
2020-09-22T16:27:59.814Z	info	app/vmalert/group.go:235	group "duplicatedGroupDiffFiles": received stop signal
2020-09-22T16:27:59.814Z	info	app/vmalert/group.go:225	group "groupTest" started; interval=1ms; concurrency=1
2020-09-22T16:27:59.814Z	info	app/vmalert/group.go:235	group "groupTest": received stop signal
2020-09-22T16:27:59.814Z	info	app/vmalert/manager.go:84	reading rules configuration file from "config/testdata/dir/rules0-good.rules"
2020-09-22T16:27:59.814Z	info	app/vmalert/manager.go:84	reading rules configuration file from "config/testdata/dir/rules0-good.rules"
2020-09-22T16:27:59.814Z	info	app/vmalert/manager.go:84	reading rules configuration file from "config/testdata/rules1-good.rules"
2020-09-22T16:27:59.814Z	info	app/vmalert/group.go:225	group "duplicatedGroupDiffFiles" started; interval=1ms; concurrency=1
2020-09-22T16:27:59.814Z	info	app/vmalert/group.go:235	group "duplicatedGroupDiffFiles": received stop signal
2020-09-22T16:27:59.814Z	info	app/vmalert/group.go:225	group "groupTest" started; interval=1ms; concurrency=1
2020-09-22T16:27:59.814Z	info	app/vmalert/group.go:235	group "groupTest": received stop signal
2020-09-22T16:27:59.814Z	info	app/vmalert/manager.go:84	reading rules configuration file from "config/testdata/dir/rules1-bad.rules"
2020-09-22T16:27:59.814Z	info	app/vmalert/group.go:225	group "groupGorSingleAlert" started; interval=1ms; concurrency=1
2020-09-22T16:27:59.814Z	info	app/vmalert/group.go:235	group "groupGorSingleAlert": received stop signal
2020-09-22T16:27:59.814Z	info	app/vmalert/group.go:225	group "TestGroup" started; interval=1ms; concurrency=1
2020-09-22T16:27:59.814Z	info	app/vmalert/manager.go:84	reading rules configuration file from "config/testdata/rules0-good.rules"
2020-09-22T16:27:59.814Z	info	app/vmalert/group.go:235	group "TestGroup": received stop signal
2020-09-22T16:27:59.814Z	info	app/vmalert/manager.go:84	reading rules configuration file from "config/testdata/dir/rules0-bad.rules"
2020-09-22T16:27:59.814Z	info	app/vmalert/manager.go:84	reading rules configuration file from "config/testdata/dir/rules0-bad.rules"
2020-09-22T16:27:59.814Z	info	app/vmalert/manager.go:84	reading rules configuration file from "config/testdata/rules0-good.rules"
2020-09-22T16:27:59.815Z	info	app/vmalert/group.go:225	group "duplicatedGroupDiffFiles" started; interval=1ms; concurrency=1
2020-09-22T16:27:59.815Z	info	app/vmalert/group.go:235	group "duplicatedGroupDiffFiles": received stop signal
2020-09-22T16:27:59.815Z	info	app/vmalert/group.go:225	group "groupTest" started; interval=1ms; concurrency=1
2020-09-22T16:27:59.815Z	info	app/vmalert/group.go:235	group "groupTest": received stop signal
2020-09-22T16:27:59.815Z	info	app/vmalert/manager.go:84	reading rules configuration file from "config/testdata/dir/rules0-bad.rules"
2020-09-22T16:27:59.815Z	info	app/vmalert/group.go:225	group "duplicatedGroupDiffFiles" started; interval=1ms; concurrency=1
2020-09-22T16:27:59.815Z	info	app/vmalert/group.go:235	group "duplicatedGroupDiffFiles": received stop signal
2020-09-22T16:27:59.815Z	info	app/vmalert/manager.go:84	reading rules configuration file from "config/testdata/dir/rules1-good.rules"
2020-09-22T16:27:59.815Z	info	app/vmalert/group.go:225	group "duplicatedGroupDiffFiles" started; interval=1ms; concurrency=1
2020-09-22T16:27:59.815Z	info	app/vmalert/manager.go:84	reading rules configuration file from "config/testdata/dir/rules0-good.rules"
2020-09-22T16:27:59.815Z	info	app/vmalert/group.go:235	group "duplicatedGroupDiffFiles": received stop signal
2020-09-22T16:27:59.815Z	info	app/vmalert/group.go:225	group "groupGorSingleAlert" started; interval=1ms; concurrency=1
2020-09-22T16:27:59.815Z	info	app/vmalert/group.go:225	group "TestGroup" started; interval=1ms; concurrency=1
2020-09-22T16:27:59.815Z	info	app/vmalert/group.go:235	group "groupGorSingleAlert": received stop signal
2020-09-22T16:27:59.815Z	info	app/vmalert/manager.go:84	reading rules configuration file from "config/testdata/dir/rules0-bad.rules"
2020-09-22T16:27:59.815Z	info	app/vmalert/group.go:235	group "TestGroup": received stop signal
2020-09-22T16:27:59.816Z	info	app/vmalert/manager.go:84	reading rules configuration file from "config/testdata/dir/rules0-bad.rules"
2020-09-22T16:27:59.816Z	info	app/vmalert/group.go:225	group "duplicatedGroupDiffFiles" started; interval=1ms; concurrency=1
2020-09-22T16:27:59.816Z	info	app/vmalert/manager.go:84	reading rules configuration file from "config/testdata/rules2-good.rules"
2020-09-22T16:27:59.816Z	info	app/vmalert/group.go:235	group "duplicatedGroupDiffFiles": received stop signal
2020-09-22T16:27:59.816Z	info	app/vmalert/group.go:225	group "TestGroup" started; interval=2s; concurrency=2
2020-09-22T16:27:59.816Z	info	app/vmalert/group.go:235	group "TestGroup": received stop signal
2020-09-22T16:27:59.816Z	info	app/vmalert/manager.go:84	reading rules configuration file from "config/testdata/rules0-good.rules"
2020-09-22T16:27:59.816Z	info	app/vmalert/manager.go:84	reading rules configuration file from "config/testdata/rules0-good.rules"
2020-09-22T16:27:59.816Z	info	app/vmalert/manager.go:84	reading rules configuration file from "config/testdata/rules1-good.rules"
2020-09-22T16:27:59.816Z	info	app/vmalert/group.go:225	group "duplicatedGroupDiffFiles" started; interval=1ms; concurrency=1
2020-09-22T16:27:59.816Z	info	app/vmalert/group.go:235	group "duplicatedGroupDiffFiles": received stop signal
2020-09-22T16:27:59.816Z	info	app/vmalert/group.go:225	group "groupGorSingleAlert" started; interval=1ms; concurrency=1
2020-09-22T16:27:59.816Z	info	app/vmalert/manager.go:84	reading rules configuration file from "config/testdata/rules1-good.rules"
2020-09-22T16:27:59.817Z	info	app/vmalert/manager.go:84	reading rules configuration file from "config/testdata/rules1-good.rules"
2020-09-22T16:27:59.816Z	info	app/vmalert/group.go:225	group "TestGroup" started; interval=1ms; concurrency=1
2020-09-22T16:27:59.817Z	info	app/vmalert/group.go:235	group "TestGroup": received stop signal
2020-09-22T16:27:59.816Z	info	app/vmalert/manager.go:84	reading rules configuration file from "config/testdata/rules1-good.rules"
2020-09-22T16:27:59.816Z	info	app/vmalert/manager.go:84	reading rules configuration file from "config/testdata/dir/rules0-bad.rules"
2020-09-22T16:27:59.817Z	info	app/vmalert/group.go:235	group "groupGorSingleAlert": received stop signal
2020-09-22T16:27:59.817Z	info	app/vmalert/group.go:225	group "TestGroup" started; interval=2s; concurrency=2
2020-09-22T16:27:59.817Z	info	app/vmalert/manager.go:84	reading rules configuration file from "config/testdata/rules2-good.rules"
2020-09-22T16:27:59.817Z	info	app/vmalert/group.go:235	group "TestGroup": received stop signal
2020-09-22T16:27:59.817Z	info	app/vmalert/manager.go:84	reading rules configuration file from "config/testdata/rules1-good.rules"
2020-09-22T16:27:59.817Z	info	app/vmalert/manager.go:84	reading rules configuration file from "config/testdata/rules1-good.rules"
2020-09-22T16:27:59.817Z	info	app/vmalert/group.go:225	group "duplicatedGroupDiffFiles" started; interval=1ms; concurrency=1
2020-09-22T16:27:59.817Z	info	app/vmalert/group.go:235	group "duplicatedGroupDiffFiles": received stop signal
2020-09-22T16:27:59.817Z	info	app/vmalert/manager.go:84	reading rules configuration file from "config/testdata/dir/rules0-bad.rules"
2020-09-22T16:27:59.817Z	info	app/vmalert/group.go:225	group "duplicatedGroupDiffFiles" started; interval=1ms; concurrency=1
2020-09-22T16:27:59.817Z	info	app/vmalert/group.go:235	group "duplicatedGroupDiffFiles": received stop signal
2020-09-22T16:27:59.817Z	info	app/vmalert/group.go:225	group "duplicatedGroupDiffFiles" started; interval=1ms; concurrency=1
2020-09-22T16:27:59.817Z	info	app/vmalert/manager.go:84	reading rules configuration file from "config/testdata/dir/rules0-bad.rules"
2020-09-22T16:27:59.818Z	info	app/vmalert/group.go:235	group "duplicatedGroupDiffFiles": received stop signal
2020-09-22T16:27:59.818Z	info	app/vmalert/group.go:225	group "groupTest" started; interval=1ms; concurrency=1
2020-09-22T16:27:59.818Z	info	app/vmalert/manager.go:84	reading rules configuration file from "config/testdata/rules2-good.rules"
2020-09-22T16:27:59.818Z	info	app/vmalert/group.go:235	group "groupTest": received stop signal
2020-09-22T16:27:59.818Z	info	app/vmalert/manager.go:84	reading rules configuration file from "config/testdata/dir/rules0-good.rules"
2020-09-22T16:27:59.818Z	info	app/vmalert/group.go:225	group "groupGorSingleAlert" started; interval=1ms; concurrency=1
2020-09-22T16:27:59.818Z	info	app/vmalert/manager.go:84	reading rules configuration file from "config/testdata/rules1-good.rules"
2020-09-22T16:27:59.818Z	info	app/vmalert/group.go:235	group "groupGorSingleAlert": received stop signal
2020-09-22T16:27:59.818Z	info	app/vmalert/group.go:225	group "TestGroup" started; interval=1ms; concurrency=1
2020-09-22T16:27:59.818Z	info	app/vmalert/group.go:235	group "TestGroup": received stop signal
2020-09-22T16:27:59.818Z	info	app/vmalert/group.go:225	group "duplicatedGroupDiffFiles" started; interval=1ms; concurrency=1
2020-09-22T16:27:59.818Z	info	app/vmalert/manager.go:84	reading rules configuration file from "config/testdata/dir/rules0-bad.rules"
2020-09-22T16:27:59.818Z	info	app/vmalert/group.go:235	group "duplicatedGroupDiffFiles": received stop signal
2020-09-22T16:27:59.818Z	info	app/vmalert/manager.go:84	reading rules configuration file from "config/testdata/dir/rules0-bad.rules"
2020-09-22T16:27:59.818Z	info	app/vmalert/group.go:225	group "duplicatedGroupDiffFiles" started; interval=1ms; concurrency=1
2020-09-22T16:27:59.818Z	info	app/vmalert/group.go:235	group "duplicatedGroupDiffFiles": received stop signal
2020-09-22T16:27:59.818Z	info	app/vmalert/manager.go:84	reading rules configuration file from "config/testdata/dir/rules0-bad.rules"
2020-09-22T16:27:59.818Z	info	app/vmalert/manager.go:84	reading rules configuration file from "config/testdata/rules2-good.rules"
2020-09-22T16:27:59.819Z	info	app/vmalert/manager.go:84	reading rules configuration file from "config/testdata/rules1-good.rules"
2020-09-22T16:27:59.818Z	info	app/vmalert/group.go:225	group "TestGroup" started; interval=2s; concurrency=2
2020-09-22T16:27:59.819Z	info	app/vmalert/manager.go:84	reading rules configuration file from "config/testdata/rules2-good.rules"
2020-09-22T16:27:59.819Z	info	app/vmalert/group.go:235	group "TestGroup": received stop signal
2020-09-22T16:27:59.819Z	info	app/vmalert/group.go:225	group "duplicatedGroupDiffFiles" started; interval=1ms; concurrency=1
2020-09-22T16:27:59.819Z	info	app/vmalert/group.go:235	group "duplicatedGroupDiffFiles": received stop signal
2020-09-22T16:27:59.819Z	info	app/vmalert/manager.go:84	reading rules configuration file from "config/testdata/dir/rules0-good.rules"
2020-09-22T16:27:59.819Z	info	app/vmalert/manager.go:84	reading rules configuration file from "config/testdata/rules2-good.rules"
2020-09-22T16:27:59.819Z	info	app/vmalert/manager.go:84	reading rules configuration file from "config/testdata/rules1-good.rules"
2020-09-22T16:27:59.819Z	info	app/vmalert/group.go:225	group "duplicatedGroupDiffFiles" started; interval=1ms; concurrency=1
2020-09-22T16:27:59.819Z	info	app/vmalert/group.go:235	group "duplicatedGroupDiffFiles": received stop signal
2020-09-22T16:27:59.819Z	info	app/vmalert/manager.go:84	reading rules configuration file from "config/testdata/rules0-good.rules"
2020-09-22T16:27:59.819Z	info	app/vmalert/manager.go:84	reading rules configuration file from "config/testdata/rules2-good.rules"
2020-09-22T16:27:59.819Z	info	app/vmalert/manager.go:84	reading rules configuration file from "config/testdata/dir/rules1-bad.rules"
2020-09-22T16:27:59.819Z	info	app/vmalert/group.go:225	group "duplicatedGroupDiffFiles" started; interval=1ms; concurrency=1
2020-09-22T16:27:59.819Z	info	app/vmalert/group.go:235	group "duplicatedGroupDiffFiles": received stop signal
2020-09-22T16:27:59.820Z	info	app/vmalert/manager.go:84	reading rules configuration file from "config/testdata/dir/rules0-bad.rules"
2020-09-22T16:27:59.820Z	info	app/vmalert/group.go:225	group "groupTest" started; interval=1ms; concurrency=1
2020-09-22T16:27:59.820Z	info	app/vmalert/group.go:235	group "groupTest": received stop signal
2020-09-22T16:27:59.820Z	info	app/vmalert/group.go:225	group "TestGroup" started; interval=1ms; concurrency=1
2020-09-22T16:27:59.820Z	info	app/vmalert/group.go:225	group "groupGorSingleAlert" started; interval=1ms; concurrency=1
2020-09-22T16:27:59.820Z	info	app/vmalert/group.go:235	group "groupGorSingleAlert": received stop signal
2020-09-22T16:27:59.820Z	info	app/vmalert/group.go:235	group "TestGroup": received stop signal
2020-09-22T16:27:59.820Z	info	app/vmalert/manager.go:84	reading rules configuration file from "config/testdata/dir/rules0-good.rules"
2020-09-22T16:27:59.820Z	info	app/vmalert/group.go:225	group "groupTest" started; interval=1ms; concurrency=1
2020-09-22T16:27:59.820Z	info	app/vmalert/manager.go:84	reading rules configuration file from "config/testdata/dir/rules1-good.rules"
2020-09-22T16:27:59.820Z	info	app/vmalert/manager.go:84	reading rules configuration file from "config/testdata/dir/rules0-good.rules"
2020-09-22T16:27:59.820Z	info	app/vmalert/group.go:235	group "groupTest": received stop signal
2020-09-22T16:27:59.820Z	info	app/vmalert/manager.go:84	reading rules configuration file from "config/testdata/dir/rules1-bad.rules"
2020-09-22T16:27:59.820Z	info	app/vmalert/group.go:225	group "TestGroup" started; interval=2s; concurrency=2
2020-09-22T16:27:59.820Z	info	app/vmalert/group.go:235	group "TestGroup": received stop signal
2020-09-22T16:27:59.820Z	info	app/vmalert/manager.go:84	reading rules configuration file from "config/testdata/dir/rules1-bad.rules"
2020-09-22T16:27:59.820Z	info	app/vmalert/group.go:225	group "TestGroup" started; interval=1ms; concurrency=1
2020-09-22T16:27:59.820Z	info	app/vmalert/manager.go:84	reading rules configuration file from "config/testdata/rules1-good.rules"
2020-09-22T16:27:59.820Z	info	app/vmalert/group.go:225	group "groupGorSingleAlert" started; interval=1ms; concurrency=1
2020-09-22T16:27:59.821Z	info	app/vmalert/manager.go:84	reading rules configuration file from "config/testdata/dir/rules0-good.rules"
2020-09-22T16:27:59.821Z	info	app/vmalert/group.go:235	group "groupGorSingleAlert": received stop signal
2020-09-22T16:27:59.821Z	info	app/vmalert/group.go:235	group "TestGroup": received stop signal
2020-09-22T16:27:59.821Z	info	app/vmalert/manager.go:84	reading rules configuration file from "config/testdata/rules2-good.rules"
2020-09-22T16:27:59.821Z	info	app/vmalert/group.go:225	group "TestGroup" started; interval=2s; concurrency=2
2020-09-22T16:27:59.821Z	info	app/vmalert/group.go:235	group "TestGroup": received stop signal
2020-09-22T16:27:59.821Z	info	app/vmalert/manager.go:84	reading rules configuration file from "config/testdata/dir/rules0-bad.rules"
2020-09-22T16:27:59.822Z	info	app/vmalert/group.go:225	group "groupTest" started; interval=1ms; concurrency=1
2020-09-22T16:27:59.822Z	info	app/vmalert/group.go:235	group "groupTest": received stop signal
2020-09-22T16:27:59.822Z	info	app/vmalert/manager.go:84	reading rules configuration file from "config/testdata/dir/rules1-bad.rules"
2020-09-22T16:27:59.822Z	info	app/vmalert/group.go:225	group "groupGorSingleAlert" started; interval=1ms; concurrency=1
2020-09-22T16:27:59.822Z	info	app/vmalert/group.go:235	group "groupGorSingleAlert": received stop signal
2020-09-22T16:27:59.822Z	info	app/vmalert/manager.go:84	reading rules configuration file from "config/testdata/dir/rules1-bad.rules"
2020-09-22T16:27:59.822Z	info	app/vmalert/manager.go:84	reading rules configuration file from "config/testdata/dir/rules0-bad.rules"
2020-09-22T16:27:59.822Z	info	app/vmalert/manager.go:84	reading rules configuration file from "config/testdata/dir/rules0-bad.rules"
2020-09-22T16:27:59.822Z	info	app/vmalert/group.go:225	group "TestGroup" started; interval=1ms; concurrency=1
2020-09-22T16:27:59.822Z	info	app/vmalert/manager.go:84	reading rules configuration file from "config/testdata/rules0-good.rules"
2020-09-22T16:27:59.822Z	info	app/vmalert/group.go:235	group "TestGroup": received stop signal
2020-09-22T16:27:59.822Z	info	app/vmalert/group.go:225	group "groupTest" started; interval=1ms; concurrency=1
2020-09-22T16:27:59.822Z	info	app/vmalert/group.go:235	group "groupTest": received stop signal
2020-09-22T16:27:59.822Z	info	app/vmalert/manager.go:84	reading rules configuration file from "config/testdata/dir/rules1-good.rules"
2020-09-22T16:27:59.822Z	info	app/vmalert/group.go:225	group "TestGroup" started; interval=2s; concurrency=2
2020-09-22T16:27:59.822Z	info	app/vmalert/group.go:235	group "TestGroup": received stop signal
2020-09-22T16:27:59.822Z	info	app/vmalert/manager.go:84	reading rules configuration file from "config/testdata/dir/rules1-bad.rules"
2020-09-22T16:27:59.822Z	info	app/vmalert/manager.go:84	reading rules configuration file from "config/testdata/rules1-good.rules"
2020-09-22T16:27:59.822Z	info	app/vmalert/group.go:225	group "duplicatedGroupDiffFiles" started; interval=1ms; concurrency=1
2020-09-22T16:27:59.822Z	info	app/vmalert/manager.go:84	reading rules configuration file from "config/testdata/dir/rules0-bad.rules"
2020-09-22T16:27:59.822Z	info	app/vmalert/group.go:235	group "duplicatedGroupDiffFiles": received stop signal
2020-09-22T16:27:59.823Z	info	app/vmalert/manager.go:84	reading rules configuration file from "config/testdata/dir/rules1-bad.rules"
2020-09-22T16:27:59.823Z	info	app/vmalert/group.go:225	group "groupGorSingleAlert" started; interval=1ms; concurrency=1
2020-09-22T16:27:59.823Z	info	app/vmalert/group.go:225	group "TestGroup" started; interval=1ms; concurrency=1
2020-09-22T16:27:59.823Z	info	app/vmalert/group.go:235	group "groupGorSingleAlert": received stop signal
2020-09-22T16:27:59.823Z	info	app/vmalert/group.go:235	group "TestGroup": received stop signal
2020-09-22T16:27:59.823Z	info	app/vmalert/group.go:225	group "duplicatedGroupDiffFiles" started; interval=1ms; concurrency=1
2020-09-22T16:27:59.823Z	info	app/vmalert/group.go:235	group "duplicatedGroupDiffFiles": received stop signal
2020-09-22T16:27:59.823Z	info	app/vmalert/manager.go:84	reading rules configuration file from "config/testdata/dir/rules0-bad.rules"
2020-09-22T16:27:59.823Z	info	app/vmalert/manager.go:84	reading rules configuration file from "config/testdata/dir/rules0-good.rules"
2020-09-22T16:27:59.823Z	info	app/vmalert/manager.go:84	reading rules configuration file from "config/testdata/dir/rules1-bad.rules"
2020-09-22T16:27:59.823Z	info	app/vmalert/group.go:225	group "groupGorSingleAlert" started; interval=1ms; concurrency=1
2020-09-22T16:27:59.823Z	info	app/vmalert/manager.go:84	reading rules configuration file from "config/testdata/rules1-good.rules"
2020-09-22T16:27:59.823Z	info	app/vmalert/manager.go:84	reading rules configuration file from "config/testdata/dir/rules0-good.rules"
2020-09-22T16:27:59.823Z	info	app/vmalert/group.go:225	group "TestGroup" started; interval=1ms; concurrency=1
2020-09-22T16:27:59.823Z	info	app/vmalert/group.go:235	group "groupGorSingleAlert": received stop signal
2020-09-22T16:27:59.823Z	info	app/vmalert/manager.go:84	reading rules configuration file from "config/testdata/dir/rules1-good.rules"
2020-09-22T16:27:59.823Z	info	app/vmalert/group.go:235	group "TestGroup": received stop signal
2020-09-22T16:27:59.823Z	info	app/vmalert/manager.go:84	reading rules configuration file from "config/testdata/dir/rules0-good.rules"
2020-09-22T16:27:59.824Z	info	app/vmalert/manager.go:84	reading rules configuration file from "config/testdata/dir/rules0-bad.rules"
2020-09-22T16:27:59.824Z	info	app/vmalert/group.go:225	group "duplicatedGroupDiffFiles" started; interval=1ms; concurrency=1
2020-09-22T16:27:59.824Z	info	app/vmalert/group.go:235	group "duplicatedGroupDiffFiles": received stop signal
2020-09-22T16:27:59.824Z	info	app/vmalert/manager.go:84	reading rules configuration file from "config/testdata/dir/rules0-good.rules"
2020-09-22T16:27:59.824Z	info	app/vmalert/manager.go:84	reading rules configuration file from "config/testdata/dir/rules1-good.rules"
2020-09-22T16:27:59.824Z	info	app/vmalert/group.go:225	group "TestGroup" started; interval=2s; concurrency=2
2020-09-22T16:27:59.824Z	info	app/vmalert/manager.go:84	reading rules configuration file from "config/testdata/rules0-good.rules"
2020-09-22T16:27:59.825Z	info	app/vmalert/manager.go:84	reading rules configuration file from "config/testdata/dir/rules0-bad.rules"
2020-09-22T16:27:59.825Z	info	app/vmalert/group.go:235	group "TestGroup": received stop signal
2020-09-22T16:27:59.825Z	info	app/vmalert/manager.go:84	reading rules configuration file from "config/testdata/dir/rules1-bad.rules"
2020-09-22T16:27:59.825Z	info	app/vmalert/manager.go:84	reading rules configuration file from "config/testdata/rules0-good.rules"
2020-09-22T16:27:59.825Z	info	app/vmalert/group.go:225	group "groupTest" started; interval=1ms; concurrency=1
2020-09-22T16:27:59.825Z	info	app/vmalert/group.go:235	group "groupTest": received stop signal
2020-09-22T16:27:59.825Z	info	app/vmalert/manager.go:84	reading rules configuration file from "config/testdata/dir/rules1-bad.rules"
2020-09-22T16:27:59.825Z	info	app/vmalert/manager.go:84	reading rules configuration file from "config/testdata/dir/rules1-bad.rules"
2020-09-22T16:27:59.825Z	info	app/vmalert/group.go:225	group "duplicatedGroupDiffFiles" started; interval=1ms; concurrency=1
2020-09-22T16:27:59.825Z	info	app/vmalert/group.go:235	group "duplicatedGroupDiffFiles": received stop signal
2020-09-22T16:27:59.825Z	info	app/vmalert/manager.go:84	reading rules configuration file from "config/testdata/dir/rules0-bad.rules"
2020-09-22T16:27:59.825Z	info	app/vmalert/manager.go:84	reading rules configuration file from "config/testdata/dir/rules1-bad.rules"
2020-09-22T16:27:59.825Z	info	app/vmalert/group.go:225	group "TestGroup" started; interval=2s; concurrency=2
2020-09-22T16:27:59.825Z	info	app/vmalert/manager.go:84	reading rules configuration file from "config/testdata/dir/rules0-bad.rules"
2020-09-22T16:27:59.825Z	info	app/vmalert/group.go:235	group "TestGroup": received stop signal
2020-09-22T16:27:59.826Z	info	app/vmalert/group.go:225	group "duplicatedGroupDiffFiles" started; interval=1ms; concurrency=1
2020-09-22T16:27:59.826Z	info	app/vmalert/group.go:235	group "duplicatedGroupDiffFiles": received stop signal
2020-09-22T16:27:59.826Z	info	app/vmalert/manager.go:84	reading rules configuration file from "config/testdata/dir/rules0-bad.rules"
2020-09-22T16:27:59.826Z	info	app/vmalert/group.go:225	group "groupTest" started; interval=1ms; concurrency=1
2020-09-22T16:27:59.826Z	info	app/vmalert/group.go:235	group "groupTest": received stop signal
2020-09-22T16:27:59.826Z	info	app/vmalert/manager.go:84	reading rules configuration file from "config/testdata/dir/rules1-bad.rules"
2020-09-22T16:27:59.826Z	info	app/vmalert/manager.go:84	reading rules configuration file from "config/testdata/dir/rules1-bad.rules"
2020-09-22T16:27:59.826Z	info	app/vmalert/manager.go:84	reading rules configuration file from "config/testdata/dir/rules0-good.rules"
2020-09-22T16:27:59.826Z	info	app/vmalert/manager.go:84	reading rules configuration file from "config/testdata/rules2-good.rules"
2020-09-22T16:27:59.826Z	info	app/vmalert/group.go:225	group "groupGorSingleAlert" started; interval=1ms; concurrency=1
2020-09-22T16:27:59.826Z	info	app/vmalert/group.go:225	group "TestGroup" started; interval=1ms; concurrency=1
2020-09-22T16:27:59.826Z	info	app/vmalert/manager.go:84	reading rules configuration file from "config/testdata/rules2-good.rules"
2020-09-22T16:27:59.826Z	info	app/vmalert/group.go:235	group "groupGorSingleAlert": received stop signal
2020-09-22T16:27:59.826Z	info	app/vmalert/group.go:235	group "TestGroup": received stop signal
2020-09-22T16:27:59.826Z	info	app/vmalert/manager.go:84	reading rules configuration file from "config/testdata/dir/rules1-bad.rules"
2020-09-22T16:27:59.826Z	info	app/vmalert/group.go:225	group "duplicatedGroupDiffFiles" started; interval=1ms; concurrency=1
2020-09-22T16:27:59.826Z	info	app/vmalert/manager.go:84	reading rules configuration file from "config/testdata/dir/rules1-good.rules"
2020-09-22T16:27:59.827Z	info	app/vmalert/group.go:235	group "duplicatedGroupDiffFiles": received stop signal
2020-09-22T16:27:59.827Z	info	app/vmalert/group.go:225	group "TestGroup" started; interval=2s; concurrency=2
2020-09-22T16:27:59.827Z	info	app/vmalert/manager.go:84	reading rules configuration file from "config/testdata/dir/rules0-bad.rules"
2020-09-22T16:27:59.827Z	info	app/vmalert/group.go:235	group "TestGroup": received stop signal
2020-09-22T16:27:59.827Z	info	app/vmalert/manager.go:84	reading rules configuration file from "config/testdata/dir/rules0-good.rules"
2020-09-22T16:27:59.827Z	info	app/vmalert/manager.go:84	reading rules configuration file from "config/testdata/rules0-good.rules"
2020-09-22T16:27:59.827Z	info	app/vmalert/manager.go:84	reading rules configuration file from "config/testdata/rules0-good.rules"
2020-09-22T16:27:59.827Z	info	app/vmalert/manager.go:84	reading rules configuration file from "config/testdata/dir/rules1-bad.rules"
2020-09-22T16:27:59.827Z	info	app/vmalert/group.go:225	group "groupTest" started; interval=1ms; concurrency=1
2020-09-22T16:27:59.827Z	info	app/vmalert/group.go:235	group "groupTest": received stop signal
2020-09-22T16:27:59.827Z	info	app/vmalert/manager.go:84	reading rules configuration file from "config/testdata/rules1-good.rules"
2020-09-22T16:27:59.827Z	info	app/vmalert/manager.go:84	reading rules configuration file from "config/testdata/dir/rules1-bad.rules"
2020-09-22T16:27:59.827Z	info	app/vmalert/manager.go:84	reading rules configuration file from "config/testdata/rules2-good.rules"
2020-09-22T16:27:59.827Z	info	app/vmalert/group.go:225	group "duplicatedGroupDiffFiles" started; interval=1ms; concurrency=1
2020-09-22T16:27:59.827Z	info	app/vmalert/manager.go:84	reading rules configuration file from "config/testdata/dir/rules0-bad.rules"
2020-09-22T16:27:59.827Z	info	app/vmalert/group.go:235	group "duplicatedGroupDiffFiles": received stop signal
2020-09-22T16:27:59.828Z	info	app/vmalert/manager.go:84	reading rules configuration file from "config/testdata/dir/rules0-bad.rules"
2020-09-22T16:27:59.828Z	info	app/vmalert/group.go:225	group "groupTest" started; interval=1ms; concurrency=1
2020-09-22T16:27:59.828Z	info	app/vmalert/group.go:235	group "groupTest": received stop signal
2020-09-22T16:27:59.828Z	info	app/vmalert/group.go:225	group "TestGroup" started; interval=2s; concurrency=2
2020-09-22T16:27:59.828Z	info	app/vmalert/group.go:235	group "TestGroup": received stop signal
2020-09-22T16:27:59.828Z	info	app/vmalert/manager.go:84	reading rules configuration file from "config/testdata/dir/rules0-bad.rules"
2020-09-22T16:27:59.828Z	info	app/vmalert/manager.go:84	reading rules configuration file from "config/testdata/rules2-good.rules"
2020-09-22T16:27:59.828Z	info	app/vmalert/manager.go:84	reading rules configuration file from "config/testdata/dir/rules1-bad.rules"
2020-09-22T16:27:59.829Z	info	app/vmalert/manager.go:84	reading rules configuration file from "config/testdata/rules0-good.rules"
2020-09-22T16:27:59.829Z	info	app/vmalert/group.go:225	group "TestGroup" started; interval=1ms; concurrency=1
2020-09-22T16:27:59.829Z	info	app/vmalert/manager.go:84	reading rules configuration file from "config/testdata/rules0-good.rules"
2020-09-22T16:27:59.829Z	info	app/vmalert/group.go:225	group "groupGorSingleAlert" started; interval=1ms; concurrency=1
2020-09-22T16:27:59.829Z	info	app/vmalert/group.go:235	group "groupGorSingleAlert": received stop signal
2020-09-22T16:27:59.829Z	info	app/vmalert/manager.go:84	reading rules configuration file from "config/testdata/rules1-good.rules"
2020-09-22T16:27:59.829Z	info	app/vmalert/group.go:235	group "TestGroup": received stop signal
2020-09-22T16:27:59.829Z	info	app/vmalert/group.go:225	group "TestGroup" started; interval=2s; concurrency=2
2020-09-22T16:27:59.829Z	info	app/vmalert/manager.go:84	reading rules configuration file from "config/testdata/dir/rules0-good.rules"
2020-09-22T16:27:59.829Z	info	app/vmalert/manager.go:84	reading rules configuration file from "config/testdata/dir/rules0-bad.rules"
2020-09-22T16:27:59.829Z	info	app/vmalert/group.go:235	group "TestGroup": received stop signal
2020-09-22T16:27:59.829Z	info	app/vmalert/group.go:225	group "groupGorSingleAlert" started; interval=1ms; concurrency=1
2020-09-22T16:27:59.829Z	info	app/vmalert/manager.go:84	reading rules configuration file from "config/testdata/dir/rules1-good.rules"
2020-09-22T16:27:59.829Z	info	app/vmalert/group.go:235	group "groupGorSingleAlert": received stop signal
2020-09-22T16:27:59.829Z	info	app/vmalert/manager.go:84	reading rules configuration file from "config/testdata/rules1-good.rules"
2020-09-22T16:27:59.829Z	info	app/vmalert/group.go:225	group "TestGroup" started; interval=1ms; concurrency=1
2020-09-22T16:27:59.829Z	info	app/vmalert/manager.go:84	reading rules configuration file from "config/testdata/dir/rules1-good.rules"
2020-09-22T16:27:59.829Z	info	app/vmalert/group.go:235	group "TestGroup": received stop signal
2020-09-22T16:27:59.829Z	info	app/vmalert/group.go:225	group "duplicatedGroupDiffFiles" started; interval=1ms; concurrency=1
2020-09-22T16:27:59.829Z	info	app/vmalert/group.go:235	group "duplicatedGroupDiffFiles": received stop signal
2020-09-22T16:27:59.829Z	info	app/vmalert/manager.go:84	reading rules configuration file from "config/testdata/rules1-good.rules"
2020-09-22T16:27:59.830Z	info	app/vmalert/group.go:225	group "groupTest" started; interval=1ms; concurrency=1
2020-09-22T16:27:59.830Z	info	app/vmalert/group.go:235	group "groupTest": received stop signal
2020-09-22T16:27:59.829Z	info	app/vmalert/manager.go:84	reading rules configuration file from "config/testdata/rules2-good.rules"
2020-09-22T16:27:59.830Z	info	app/vmalert/group.go:225	group "duplicatedGroupDiffFiles" started; interval=1ms; concurrency=1
2020-09-22T16:27:59.830Z	info	app/vmalert/group.go:235	group "duplicatedGroupDiffFiles": received stop signal
2020-09-22T16:27:59.830Z	info	app/vmalert/manager.go:84	reading rules configuration file from "config/testdata/dir/rules0-good.rules"
2020-09-22T16:27:59.830Z	info	app/vmalert/manager.go:84	reading rules configuration file from "config/testdata/rules2-good.rules"
2020-09-22T16:27:59.830Z	info	app/vmalert/group.go:225	group "TestGroup" started; interval=2s; concurrency=2
2020-09-22T16:27:59.830Z	info	app/vmalert/manager.go:84	reading rules configuration file from "config/testdata/rules2-good.rules"
2020-09-22T16:27:59.830Z	info	app/vmalert/group.go:235	group "TestGroup": received stop signal
2020-09-22T16:27:59.830Z	info	app/vmalert/manager.go:84	reading rules configuration file from "config/testdata/dir/rules0-bad.rules"
2020-09-22T16:27:59.830Z	info	app/vmalert/manager.go:84	reading rules configuration file from "config/testdata/rules0-good.rules"
2020-09-22T16:27:59.830Z	info	app/vmalert/manager.go:84	reading rules configuration file from "config/testdata/dir/rules0-good.rules"
2020-09-22T16:27:59.830Z	info	app/vmalert/group.go:225	group "groupGorSingleAlert" started; interval=1ms; concurrency=1
2020-09-22T16:27:59.830Z	info	app/vmalert/group.go:225	group "TestGroup" started; interval=1ms; concurrency=1
2020-09-22T16:27:59.831Z	info	app/vmalert/manager.go:84	reading rules configuration file from "config/testdata/dir/rules0-good.rules"
2020-09-22T16:27:59.831Z	info	app/vmalert/group.go:235	group "groupGorSingleAlert": received stop signal
2020-09-22T16:27:59.831Z	info	app/vmalert/group.go:235	group "TestGroup": received stop signal
2020-09-22T16:27:59.831Z	info	app/vmalert/group.go:225	group "TestGroup" started; interval=2s; concurrency=2
2020-09-22T16:27:59.831Z	info	app/vmalert/manager.go:84	reading rules configuration file from "config/testdata/dir/rules0-good.rules"
2020-09-22T16:27:59.831Z	info	app/vmalert/group.go:235	group "TestGroup": received stop signal
2020-09-22T16:27:59.831Z	info	app/vmalert/manager.go:84	reading rules configuration file from "config/testdata/rules0-good.rules"
2020-09-22T16:27:59.831Z	info	app/vmalert/group.go:225	group "duplicatedGroupDiffFiles" started; interval=1ms; concurrency=1
2020-09-22T16:27:59.831Z	info	app/vmalert/group.go:235	group "duplicatedGroupDiffFiles": received stop signal
2020-09-22T16:27:59.831Z	info	app/vmalert/group.go:225	group "duplicatedGroupDiffFiles" started; interval=1ms; concurrency=1
2020-09-22T16:27:59.831Z	info	app/vmalert/manager.go:84	reading rules configuration file from "config/testdata/dir/rules1-good.rules"
2020-09-22T16:27:59.831Z	info	app/vmalert/group.go:235	group "duplicatedGroupDiffFiles": received stop signal
2020-09-22T16:27:59.831Z	info	app/vmalert/manager.go:84	reading rules configuration file from "config/testdata/rules1-good.rules"
2020-09-22T16:27:59.831Z	info	app/vmalert/group.go:225	group "TestGroup" started; interval=2s; concurrency=2
2020-09-22T16:27:59.831Z	info	app/vmalert/group.go:235	group "TestGroup": received stop signal
2020-09-22T16:27:59.831Z	info	app/vmalert/manager.go:84	reading rules configuration file from "config/testdata/rules1-good.rules"
2020-09-22T16:27:59.831Z	info	app/vmalert/group.go:225	group "duplicatedGroupDiffFiles" started; interval=1ms; concurrency=1
2020-09-22T16:27:59.831Z	info	app/vmalert/group.go:235	group "duplicatedGroupDiffFiles": received stop signal
2020-09-22T16:27:59.831Z	info	app/vmalert/manager.go:84	reading rules configuration file from "config/testdata/rules1-good.rules"
2020-09-22T16:27:59.831Z	info	app/vmalert/manager.go:84	reading rules configuration file from "config/testdata/dir/rules1-good.rules"
2020-09-22T16:27:59.831Z	info	app/vmalert/group.go:225	group "TestGroup" started; interval=2s; concurrency=2
2020-09-22T16:27:59.831Z	info	app/vmalert/group.go:235	group "TestGroup": received stop signal
2020-09-22T16:27:59.831Z	info	app/vmalert/manager.go:84	reading rules configuration file from "config/testdata/dir/rules1-bad.rules"
2020-09-22T16:27:59.831Z	info	app/vmalert/group.go:225	group "duplicatedGroupDiffFiles" started; interval=1ms; concurrency=1
2020-09-22T16:27:59.831Z	info	app/vmalert/group.go:235	group "duplicatedGroupDiffFiles": received stop signal
2020-09-22T16:27:59.832Z	info	app/vmalert/manager.go:84	reading rules configuration file from "config/testdata/rules2-good.rules"
2020-09-22T16:27:59.832Z	info	app/vmalert/group.go:225	group "TestGroup" started; interval=2s; concurrency=2
2020-09-22T16:27:59.832Z	info	app/vmalert/group.go:235	group "TestGroup": received stop signal
2020-09-22T16:27:59.832Z	info	app/vmalert/group.go:225	group "duplicatedGroupDiffFiles" started; interval=1ms; concurrency=1
2020-09-22T16:27:59.832Z	info	app/vmalert/group.go:235	group "duplicatedGroupDiffFiles": received stop signal
2020-09-22T16:27:59.832Z	info	app/vmalert/manager.go:84	reading rules configuration file from "config/testdata/dir/rules0-bad.rules"
2020-09-22T16:27:59.833Z	info	app/vmalert/group.go:225	group "duplicatedGroupDiffFiles" started; interval=1ms; concurrency=1
2020-09-22T16:27:59.833Z	info	app/vmalert/group.go:235	group "duplicatedGroupDiffFiles": received stop signal
2020-09-22T16:27:59.833Z	info	app/vmalert/manager.go:84	reading rules configuration file from "config/testdata/dir/rules1-good.rules"
2020-09-22T16:27:59.833Z	info	app/vmalert/group.go:225	group "groupTest" started; interval=1ms; concurrency=1
2020-09-22T16:27:59.833Z	info	app/vmalert/manager.go:84	reading rules configuration file from "config/testdata/dir/rules0-good.rules"
2020-09-22T16:27:59.833Z	info	app/vmalert/manager.go:84	reading rules configuration file from "config/testdata/rules0-good.rules"
2020-09-22T16:27:59.833Z	info	app/vmalert/group.go:235	group "groupTest": received stop signal
2020-09-22T16:27:59.833Z	info	app/vmalert/group.go:225	group "duplicatedGroupDiffFiles" started; interval=1ms; concurrency=1
2020-09-22T16:27:59.833Z	info	app/vmalert/group.go:235	group "duplicatedGroupDiffFiles": received stop signal
2020-09-22T16:27:59.833Z	info	app/vmalert/manager.go:84	reading rules configuration file from "config/testdata/rules1-good.rules"
2020-09-22T16:27:59.833Z	info	app/vmalert/group.go:225	group "duplicatedGroupDiffFiles" started; interval=1ms; concurrency=1
2020-09-22T16:27:59.833Z	info	app/vmalert/group.go:235	group "duplicatedGroupDiffFiles": received stop signal
2020-09-22T16:27:59.833Z	info	app/vmalert/manager.go:84	reading rules configuration file from "config/testdata/rules0-good.rules"
2020-09-22T16:27:59.833Z	info	app/vmalert/group.go:225	group "groupGorSingleAlert" started; interval=1ms; concurrency=1
2020-09-22T16:27:59.833Z	info	app/vmalert/group.go:225	group "TestGroup" started; interval=1ms; concurrency=1
2020-09-22T16:27:59.833Z	info	app/vmalert/group.go:235	group "groupGorSingleAlert": received stop signal
2020-09-22T16:27:59.833Z	info	app/vmalert/manager.go:84	reading rules configuration file from "config/testdata/dir/rules1-bad.rules"
2020-09-22T16:27:59.833Z	info	app/vmalert/group.go:235	group "TestGroup": received stop signal
2020-09-22T16:27:59.833Z	info	app/vmalert/manager.go:84	reading rules configuration file from "config/testdata/rules2-good.rules"
2020-09-22T16:27:59.833Z	info	app/vmalert/group.go:225	group "duplicatedGroupDiffFiles" started; interval=1ms; concurrency=1
2020-09-22T16:27:59.833Z	info	app/vmalert/manager.go:84	reading rules configuration file from "config/testdata/dir/rules1-good.rules"
2020-09-22T16:27:59.833Z	info	app/vmalert/manager.go:84	reading rules configuration file from "config/testdata/dir/rules1-good.rules"
2020-09-22T16:27:59.833Z	info	app/vmalert/group.go:235	group "duplicatedGroupDiffFiles": received stop signal
2020-09-22T16:27:59.833Z	info	app/vmalert/manager.go:84	reading rules configuration file from "config/testdata/rules0-good.rules"
2020-09-22T16:27:59.833Z	info	app/vmalert/group.go:225	group "TestGroup" started; interval=2s; concurrency=2
2020-09-22T16:27:59.834Z	info	app/vmalert/group.go:235	group "TestGroup": received stop signal
2020-09-22T16:27:59.834Z	info	app/vmalert/group.go:225	group "duplicatedGroupDiffFiles" started; interval=1ms; concurrency=1
2020-09-22T16:27:59.834Z	info	app/vmalert/group.go:235	group "duplicatedGroupDiffFiles": received stop signal
2020-09-22T16:27:59.834Z	info	app/vmalert/manager.go:84	reading rules configuration file from "config/testdata/rules0-good.rules"
2020-09-22T16:27:59.834Z	info	app/vmalert/group.go:225	group "groupTest" started; interval=1ms; concurrency=1
2020-09-22T16:27:59.834Z	info	app/vmalert/group.go:235	group "groupTest": received stop signal
2020-09-22T16:27:59.834Z	info	app/vmalert/group.go:225	group "duplicatedGroupDiffFiles" started; interval=1ms; concurrency=1
2020-09-22T16:27:59.834Z	info	app/vmalert/group.go:235	group "duplicatedGroupDiffFiles": received stop signal
2020-09-22T16:27:59.834Z	info	app/vmalert/manager.go:84	reading rules configuration file from "config/testdata/rules0-good.rules"
2020-09-22T16:27:59.834Z	info	app/vmalert/manager.go:84	reading rules configuration file from "config/testdata/rules1-good.rules"
2020-09-22T16:27:59.834Z	info	app/vmalert/manager.go:84	reading rules configuration file from "config/testdata/rules2-good.rules"
2020-09-22T16:27:59.834Z	info	app/vmalert/manager.go:84	reading rules configuration file from "config/testdata/dir/rules1-bad.rules"
2020-09-22T16:27:59.834Z	info	app/vmalert/group.go:225	group "duplicatedGroupDiffFiles" started; interval=1ms; concurrency=1
2020-09-22T16:27:59.834Z	info	app/vmalert/manager.go:84	reading rules configuration file from "config/testdata/rules0-good.rules"
2020-09-22T16:27:59.834Z	info	app/vmalert/group.go:235	group "duplicatedGroupDiffFiles": received stop signal
2020-09-22T16:27:59.834Z	info	app/vmalert/group.go:225	group "TestGroup" started; interval=2s; concurrency=2
2020-09-22T16:27:59.834Z	info	app/vmalert/group.go:235	group "TestGroup": received stop signal
2020-09-22T16:27:59.835Z	info	app/vmalert/manager.go:84	reading rules configuration file from "config/testdata/dir/rules0-good.rules"
2020-09-22T16:27:59.835Z	info	app/vmalert/group.go:225	group "groupGorSingleAlert" started; interval=1ms; concurrency=1
2020-09-22T16:27:59.835Z	info	app/vmalert/group.go:235	group "groupGorSingleAlert": received stop signal
2020-09-22T16:27:59.835Z	info	app/vmalert/group.go:225	group "TestGroup" started; interval=1ms; concurrency=1
2020-09-22T16:27:59.835Z	info	app/vmalert/manager.go:84	reading rules configuration file from "config/testdata/dir/rules1-good.rules"
2020-09-22T16:27:59.835Z	info	app/vmalert/group.go:235	group "TestGroup": received stop signal
2020-09-22T16:27:59.835Z	info	app/vmalert/group.go:225	group "TestGroup" started; interval=2s; concurrency=2
2020-09-22T16:27:59.835Z	info	app/vmalert/manager.go:84	reading rules configuration file from "config/testdata/dir/rules0-good.rules"
2020-09-22T16:27:59.835Z	info	app/vmalert/group.go:235	group "TestGroup": received stop signal
2020-09-22T16:27:59.835Z	info	app/vmalert/manager.go:84	reading rules configuration file from "config/testdata/dir/rules0-bad.rules"
2020-09-22T16:27:59.835Z	info	app/vmalert/group.go:225	group "groupTest" started; interval=1ms; concurrency=1
2020-09-22T16:27:59.835Z	info	app/vmalert/manager.go:84	reading rules configuration file from "config/testdata/dir/rules0-bad.rules"
2020-09-22T16:27:59.835Z	info	app/vmalert/group.go:235	group "groupTest": received stop signal
2020-09-22T16:27:59.835Z	info	app/vmalert/group.go:225	group "groupGorSingleAlert" started; interval=1ms; concurrency=1
2020-09-22T16:27:59.835Z	info	app/vmalert/group.go:235	group "groupGorSingleAlert": received stop signal
2020-09-22T16:27:59.835Z	info	app/vmalert/group.go:225	group "TestGroup" started; interval=1ms; concurrency=1
2020-09-22T16:27:59.835Z	info	app/vmalert/manager.go:84	reading rules configuration file from "config/testdata/dir/rules0-good.rules"
2020-09-22T16:27:59.835Z	info	app/vmalert/group.go:235	group "TestGroup": received stop signal
2020-09-22T16:27:59.835Z	info	app/vmalert/manager.go:84	reading rules configuration file from "config/testdata/rules1-good.rules"
2020-09-22T16:27:59.835Z	info	app/vmalert/group.go:225	group "duplicatedGroupDiffFiles" started; interval=1ms; concurrency=1
2020-09-22T16:27:59.835Z	info	app/vmalert/group.go:235	group "duplicatedGroupDiffFiles": received stop signal
2020-09-22T16:27:59.835Z	info	app/vmalert/manager.go:84	reading rules configuration file from "config/testdata/dir/rules1-good.rules"
2020-09-22T16:27:59.836Z	info	app/vmalert/manager.go:84	reading rules configuration file from "config/testdata/dir/rules1-bad.rules"
2020-09-22T16:27:59.836Z	info	app/vmalert/manager.go:84	reading rules configuration file from "config/testdata/dir/rules0-good.rules"
2020-09-22T16:27:59.836Z	info	app/vmalert/group.go:225	group "duplicatedGroupDiffFiles" started; interval=1ms; concurrency=1
2020-09-22T16:27:59.836Z	info	app/vmalert/group.go:235	group "duplicatedGroupDiffFiles": received stop signal
2020-09-22T16:27:59.836Z	info	app/vmalert/manager.go:84	reading rules configuration file from "config/testdata/rules0-good.rules"
2020-09-22T16:27:59.836Z	info	app/vmalert/manager.go:84	reading rules configuration file from "config/testdata/rules1-good.rules"
2020-09-22T16:27:59.836Z	info	app/vmalert/group.go:225	group "duplicatedGroupDiffFiles" started; interval=1ms; concurrency=1
2020-09-22T16:27:59.836Z	info	app/vmalert/group.go:235	group "duplicatedGroupDiffFiles": received stop signal
2020-09-22T16:27:59.836Z	info	app/vmalert/manager.go:84	reading rules configuration file from "config/testdata/rules1-good.rules"
2020-09-22T16:27:59.836Z	info	app/vmalert/group.go:225	group "groupTest" started; interval=1ms; concurrency=1
2020-09-22T16:27:59.837Z	info	app/vmalert/group.go:235	group "groupTest": received stop signal
2020-09-22T16:27:59.837Z	info	app/vmalert/group.go:225	group "duplicatedGroupDiffFiles" started; interval=1ms; concurrency=1
2020-09-22T16:27:59.837Z	info	app/vmalert/manager.go:84	reading rules configuration file from "config/testdata/rules0-good.rules"
2020-09-22T16:27:59.837Z	info	app/vmalert/group.go:235	group "duplicatedGroupDiffFiles": received stop signal
2020-09-22T16:27:59.837Z	info	app/vmalert/group.go:225	group "duplicatedGroupDiffFiles" started; interval=1ms; concurrency=1
2020-09-22T16:27:59.837Z	info	app/vmalert/group.go:235	group "duplicatedGroupDiffFiles": received stop signal
2020-09-22T16:27:59.837Z	info	app/vmalert/manager.go:84	reading rules configuration file from "config/testdata/rules2-good.rules"
2020-09-22T16:27:59.837Z	info	app/vmalert/manager.go:84	reading rules configuration file from "config/testdata/dir/rules0-good.rules"
2020-09-22T16:27:59.837Z	info	app/vmalert/group.go:225	group "groupTest" started; interval=1ms; concurrency=1
2020-09-22T16:27:59.837Z	info	app/vmalert/manager.go:84	reading rules configuration file from "config/testdata/rules1-good.rules"
2020-09-22T16:27:59.837Z	info	app/vmalert/group.go:235	group "groupTest": received stop signal
2020-09-22T16:27:59.837Z	info	app/vmalert/manager.go:84	reading rules configuration file from "config/testdata/dir/rules0-good.rules"
2020-09-22T16:27:59.837Z	info	app/vmalert/manager.go:84	reading rules configuration file from "config/testdata/dir/rules0-good.rules"
2020-09-22T16:27:59.837Z	info	app/vmalert/manager.go:84	reading rules configuration file from "config/testdata/dir/rules0-good.rules"
2020-09-22T16:27:59.838Z	info	app/vmalert/group.go:225	group "duplicatedGroupDiffFiles" started; interval=1ms; concurrency=1
2020-09-22T16:27:59.838Z	info	app/vmalert/group.go:235	group "duplicatedGroupDiffFiles": received stop signal
2020-09-22T16:27:59.838Z	info	app/vmalert/manager.go:84	reading rules configuration file from "config/testdata/dir/rules0-bad.rules"
2020-09-22T16:27:59.838Z	info	app/vmalert/group.go:225	group "TestGroup" started; interval=2s; concurrency=2
2020-09-22T16:27:59.838Z	info	app/vmalert/manager.go:84	reading rules configuration file from "config/testdata/dir/rules0-bad.rules"
2020-09-22T16:27:59.838Z	info	app/vmalert/group.go:235	group "TestGroup": received stop signal
2020-09-22T16:27:59.838Z	info	app/vmalert/group.go:225	group "groupTest" started; interval=1ms; concurrency=1
2020-09-22T16:27:59.838Z	info	app/vmalert/manager.go:84	reading rules configuration file from "config/testdata/rules1-good.rules"
2020-09-22T16:27:59.838Z	info	app/vmalert/group.go:235	group "groupTest": received stop signal
2020-09-22T16:27:59.838Z	info	app/vmalert/group.go:225	group "groupGorSingleAlert" started; interval=1ms; concurrency=1
2020-09-22T16:27:59.838Z	info	app/vmalert/group.go:235	group "groupGorSingleAlert": received stop signal
2020-09-22T16:27:59.838Z	info	app/vmalert/group.go:225	group "TestGroup" started; interval=1ms; concurrency=1
2020-09-22T16:27:59.838Z	info	app/vmalert/manager.go:84	reading rules configuration file from "config/testdata/dir/rules0-good.rules"
2020-09-22T16:27:59.838Z	info	app/vmalert/group.go:235	group "TestGroup": received stop signal
2020-09-22T16:27:59.838Z	info	app/vmalert/group.go:225	group "duplicatedGroupDiffFiles" started; interval=1ms; concurrency=1
2020-09-22T16:27:59.838Z	info	app/vmalert/manager.go:84	reading rules configuration file from "config/testdata/dir/rules1-good.rules"
2020-09-22T16:27:59.838Z	info	app/vmalert/group.go:235	group "duplicatedGroupDiffFiles": received stop signal
2020-09-22T16:27:59.838Z	info	app/vmalert/manager.go:84	reading rules configuration file from "config/testdata/dir/rules1-bad.rules"
2020-09-22T16:27:59.838Z	info	app/vmalert/group.go:225	group "TestGroup" started; interval=2s; concurrency=2
2020-09-22T16:27:59.838Z	info	app/vmalert/group.go:235	group "TestGroup": received stop signal
2020-09-22T16:27:59.838Z	info	app/vmalert/manager.go:84	reading rules configuration file from "config/testdata/dir/rules0-bad.rules"
2020-09-22T16:27:59.838Z	info	app/vmalert/manager.go:84	reading rules configuration file from "config/testdata/rules0-good.rules"
2020-09-22T16:27:59.838Z	info	app/vmalert/group.go:225	group "groupGorSingleAlert" started; interval=1ms; concurrency=1
2020-09-22T16:27:59.838Z	info	app/vmalert/group.go:225	group "TestGroup" started; interval=1ms; concurrency=1
2020-09-22T16:27:59.838Z	info	app/vmalert/group.go:235	group "groupGorSingleAlert": received stop signal
2020-09-22T16:27:59.838Z	info	app/vmalert/manager.go:84	reading rules configuration file from "config/testdata/dir/rules0-good.rules"
2020-09-22T16:27:59.838Z	info	app/vmalert/group.go:235	group "TestGroup": received stop signal
2020-09-22T16:27:59.839Z	info	app/vmalert/group.go:225	group "TestGroup" started; interval=2s; concurrency=2
2020-09-22T16:27:59.839Z	info	app/vmalert/manager.go:84	reading rules configuration file from "config/testdata/dir/rules0-good.rules"
2020-09-22T16:27:59.839Z	info	app/vmalert/group.go:235	group "TestGroup": received stop signal
2020-09-22T16:27:59.839Z	info	app/vmalert/group.go:225	group "groupTest" started; interval=1ms; concurrency=1
2020-09-22T16:27:59.839Z	info	app/vmalert/manager.go:84	reading rules configuration file from "config/testdata/dir/rules0-good.rules"
2020-09-22T16:27:59.839Z	info	app/vmalert/group.go:235	group "groupTest": received stop signal
2020-09-22T16:27:59.839Z	info	app/vmalert/manager.go:84	reading rules configuration file from "config/testdata/dir/rules1-good.rules"
2020-09-22T16:27:59.839Z	info	app/vmalert/group.go:225	group "duplicatedGroupDiffFiles" started; interval=1ms; concurrency=1
2020-09-22T16:27:59.839Z	info	app/vmalert/manager.go:84	reading rules configuration file from "config/testdata/dir/rules0-bad.rules"
2020-09-22T16:27:59.839Z	info	app/vmalert/manager.go:84	reading rules configuration file from "config/testdata/dir/rules1-good.rules"
2020-09-22T16:27:59.839Z	info	app/vmalert/group.go:235	group "duplicatedGroupDiffFiles": received stop signal
2020-09-22T16:27:59.839Z	info	app/vmalert/group.go:225	group "groupTest" started; interval=1ms; concurrency=1
2020-09-22T16:27:59.840Z	info	app/vmalert/group.go:235	group "groupTest": received stop signal
2020-09-22T16:27:59.840Z	info	app/vmalert/manager.go:84	reading rules configuration file from "config/testdata/rules0-good.rules"
2020-09-22T16:27:59.840Z	info	app/vmalert/manager.go:84	reading rules configuration file from "config/testdata/rules1-good.rules"
2020-09-22T16:27:59.840Z	info	app/vmalert/group.go:225	group "TestGroup" started; interval=2s; concurrency=2
2020-09-22T16:27:59.840Z	info	app/vmalert/group.go:235	group "TestGroup": received stop signal
2020-09-22T16:27:59.840Z	info	app/vmalert/group.go:225	group "groupGorSingleAlert" started; interval=1ms; concurrency=1
2020-09-22T16:27:59.840Z	info	app/vmalert/group.go:225	group "TestGroup" started; interval=1ms; concurrency=1
2020-09-22T16:27:59.840Z	info	app/vmalert/manager.go:84	reading rules configuration file from "config/testdata/dir/rules0-bad.rules"
2020-09-22T16:27:59.840Z	info	app/vmalert/group.go:235	group "TestGroup": received stop signal
2020-09-22T16:27:59.840Z	info	app/vmalert/group.go:235	group "groupGorSingleAlert": received stop signal
2020-09-22T16:27:59.840Z	info	app/vmalert/group.go:225	group "duplicatedGroupDiffFiles" started; interval=1ms; concurrency=1
2020-09-22T16:27:59.840Z	info	app/vmalert/manager.go:84	reading rules configuration file from "config/testdata/dir/rules0-good.rules"
2020-09-22T16:27:59.840Z	info	app/vmalert/group.go:235	group "duplicatedGroupDiffFiles": received stop signal
2020-09-22T16:27:59.840Z	info	app/vmalert/manager.go:84	reading rules configuration file from "config/testdata/rules0-good.rules"
2020-09-22T16:27:59.840Z	info	app/vmalert/group.go:225	group "groupGorSingleAlert" started; interval=1ms; concurrency=1
2020-09-22T16:27:59.840Z	info	app/vmalert/group.go:235	group "groupGorSingleAlert": received stop signal
2020-09-22T16:27:59.840Z	info	app/vmalert/group.go:225	group "TestGroup" started; interval=1ms; concurrency=1
2020-09-22T16:27:59.840Z	info	app/vmalert/group.go:235	group "TestGroup": received stop signal
2020-09-22T16:27:59.840Z	info	app/vmalert/group.go:225	group "duplicatedGroupDiffFiles" started; interval=1ms; concurrency=1
2020-09-22T16:27:59.840Z	info	app/vmalert/group.go:235	group "duplicatedGroupDiffFiles": received stop signal
2020-09-22T16:27:59.840Z	info	app/vmalert/manager.go:84	reading rules configuration file from "config/testdata/dir/rules1-bad.rules"
2020-09-22T16:27:59.840Z	info	app/vmalert/manager.go:84	reading rules configuration file from "config/testdata/rules2-good.rules"
2020-09-22T16:27:59.841Z	info	app/vmalert/manager.go:84	reading rules configuration file from "config/testdata/rules2-good.rules"
2020-09-22T16:27:59.841Z	info	app/vmalert/manager.go:84	reading rules configuration file from "config/testdata/rules0-good.rules"
2020-09-22T16:27:59.841Z	info	app/vmalert/group.go:225	group "TestGroup" started; interval=2s; concurrency=2
2020-09-22T16:27:59.841Z	info	app/vmalert/group.go:235	group "TestGroup": received stop signal
2020-09-22T16:27:59.841Z	info	app/vmalert/manager.go:84	reading rules configuration file from "config/testdata/dir/rules0-good.rules"
2020-09-22T16:27:59.841Z	info	app/vmalert/group.go:225	group "groupTest" started; interval=1ms; concurrency=1
2020-09-22T16:27:59.841Z	info	app/vmalert/group.go:235	group "groupTest": received stop signal
2020-09-22T16:27:59.841Z	info	app/vmalert/group.go:225	group "duplicatedGroupDiffFiles" started; interval=1ms; concurrency=1
2020-09-22T16:27:59.841Z	info	app/vmalert/group.go:235	group "duplicatedGroupDiffFiles": received stop signal
2020-09-22T16:27:59.841Z	info	app/vmalert/manager.go:84	reading rules configuration file from "config/testdata/dir/rules0-bad.rules"
2020-09-22T16:27:59.841Z	info	app/vmalert/group.go:225	group "TestGroup" started; interval=2s; concurrency=2
2020-09-22T16:27:59.841Z	info	app/vmalert/group.go:235	group "TestGroup": received stop signal
2020-09-22T16:27:59.841Z	info	app/vmalert/manager.go:84	reading rules configuration file from "config/testdata/dir/rules0-bad.rules"
2020-09-22T16:27:59.841Z	info	app/vmalert/group.go:225	group "groupTest" started; interval=1ms; concurrency=1
2020-09-22T16:27:59.841Z	info	app/vmalert/group.go:235	group "groupTest": received stop signal
2020-09-22T16:27:59.841Z	info	app/vmalert/manager.go:84	reading rules configuration file from "config/testdata/dir/rules0-good.rules"
2020-09-22T16:27:59.841Z	info	app/vmalert/manager.go:84	reading rules configuration file from "config/testdata/rules2-good.rules"
2020-09-22T16:27:59.841Z	info	app/vmalert/manager.go:84	reading rules configuration file from "config/testdata/rules0-good.rules"
2020-09-22T16:27:59.841Z	info	app/vmalert/manager.go:84	reading rules configuration file from "config/testdata/dir/rules1-bad.rules"
2020-09-22T16:27:59.842Z	info	app/vmalert/group.go:225	group "groupGorSingleAlert" started; interval=1ms; concurrency=1
2020-09-22T16:27:59.842Z	info	app/vmalert/group.go:225	group "TestGroup" started; interval=1ms; concurrency=1
2020-09-22T16:27:59.842Z	info	app/vmalert/group.go:235	group "TestGroup": received stop signal
2020-09-22T16:27:59.842Z	info	app/vmalert/group.go:235	group "groupGorSingleAlert": received stop signal
2020-09-22T16:27:59.842Z	info	app/vmalert/manager.go:84	reading rules configuration file from "config/testdata/dir/rules0-good.rules"
2020-09-22T16:27:59.842Z	info	app/vmalert/manager.go:84	reading rules configuration file from "config/testdata/dir/rules1-good.rules"
2020-09-22T16:27:59.842Z	info	app/vmalert/group.go:225	group "duplicatedGroupDiffFiles" started; interval=1ms; concurrency=1
2020-09-22T16:27:59.842Z	info	app/vmalert/group.go:235	group "duplicatedGroupDiffFiles": received stop signal
2020-09-22T16:27:59.842Z	info	app/vmalert/manager.go:84	reading rules configuration file from "config/testdata/dir/rules0-good.rules"
2020-09-22T16:27:59.842Z	info	app/vmalert/group.go:225	group "TestGroup" started; interval=1ms; concurrency=1
2020-09-22T16:27:59.842Z	info	app/vmalert/manager.go:84	reading rules configuration file from "config/testdata/rules0-good.rules"
2020-09-22T16:27:59.842Z	info	app/vmalert/group.go:225	group "groupGorSingleAlert" started; interval=1ms; concurrency=1
2020-09-22T16:27:59.842Z	info	app/vmalert/group.go:235	group "groupGorSingleAlert": received stop signal
2020-09-22T16:27:59.842Z	info	app/vmalert/group.go:235	group "TestGroup": received stop signal
2020-09-22T16:27:59.842Z	info	app/vmalert/manager.go:84	reading rules configuration file from "config/testdata/dir/rules0-good.rules"
2020-09-22T16:27:59.843Z	info	app/vmalert/group.go:225	group "duplicatedGroupDiffFiles" started; interval=1ms; concurrency=1
2020-09-22T16:27:59.843Z	info	app/vmalert/group.go:235	group "duplicatedGroupDiffFiles": received stop signal
2020-09-22T16:27:59.843Z	info	app/vmalert/manager.go:84	reading rules configuration file from "config/testdata/rules0-good.rules"
2020-09-22T16:27:59.843Z	info	app/vmalert/manager.go:84	reading rules configuration file from "config/testdata/dir/rules1-bad.rules"
2020-09-22T16:27:59.843Z	info	app/vmalert/group.go:225	group "groupTest" started; interval=1ms; concurrency=1
2020-09-22T16:27:59.843Z	info	app/vmalert/group.go:235	group "groupTest": received stop signal
2020-09-22T16:27:59.843Z	info	app/vmalert/group.go:225	group "TestGroup" started; interval=1ms; concurrency=1
2020-09-22T16:27:59.843Z	info	app/vmalert/group.go:225	group "groupGorSingleAlert" started; interval=1ms; concurrency=1
2020-09-22T16:27:59.843Z	info	app/vmalert/group.go:235	group "groupGorSingleAlert": received stop signal
2020-09-22T16:27:59.843Z	info	app/vmalert/manager.go:84	reading rules configuration file from "config/testdata/dir/rules0-good.rules"
2020-09-22T16:27:59.843Z	info	app/vmalert/group.go:235	group "TestGroup": received stop signal
2020-09-22T16:27:59.843Z	info	app/vmalert/group.go:225	group "duplicatedGroupDiffFiles" started; interval=1ms; concurrency=1
2020-09-22T16:27:59.843Z	info	app/vmalert/manager.go:84	reading rules configuration file from "config/testdata/dir/rules0-bad.rules"
2020-09-22T16:27:59.843Z	info	app/vmalert/group.go:235	group "duplicatedGroupDiffFiles": received stop signal
2020-09-22T16:27:59.843Z	info	app/vmalert/manager.go:84	reading rules configuration file from "config/testdata/rules1-good.rules"
2020-09-22T16:27:59.843Z	info	app/vmalert/group.go:225	group "groupTest" started; interval=1ms; concurrency=1
2020-09-22T16:27:59.843Z	info	app/vmalert/group.go:235	group "groupTest": received stop signal
2020-09-22T16:27:59.843Z	info	app/vmalert/group.go:225	group "TestGroup" started; interval=1ms; concurrency=1
2020-09-22T16:27:59.843Z	info	app/vmalert/group.go:225	group "groupGorSingleAlert" started; interval=1ms; concurrency=1
2020-09-22T16:27:59.843Z	info	app/vmalert/manager.go:84	reading rules configuration file from "config/testdata/dir/rules0-bad.rules"
2020-09-22T16:27:59.843Z	info	app/vmalert/manager.go:84	reading rules configuration file from "config/testdata/dir/rules0-good.rules"
2020-09-22T16:27:59.843Z	info	app/vmalert/group.go:235	group "groupGorSingleAlert": received stop signal
2020-09-22T16:27:59.843Z	info	app/vmalert/group.go:235	group "TestGroup": received stop signal
2020-09-22T16:27:59.843Z	info	app/vmalert/manager.go:84	reading rules configuration file from "config/testdata/rules2-good.rules"
2020-09-22T16:27:59.843Z	info	app/vmalert/group.go:225	group "TestGroup" started; interval=2s; concurrency=2
2020-09-22T16:27:59.844Z	info	app/vmalert/group.go:235	group "TestGroup": received stop signal
2020-09-22T16:27:59.844Z	info	app/vmalert/manager.go:84	reading rules configuration file from "config/testdata/dir/rules0-bad.rules"
2020-09-22T16:27:59.844Z	info	app/vmalert/manager.go:84	reading rules configuration file from "config/testdata/dir/rules0-bad.rules"
2020-09-22T16:27:59.844Z	info	app/vmalert/group.go:225	group "duplicatedGroupDiffFiles" started; interval=1ms; concurrency=1
2020-09-22T16:27:59.844Z	info	app/vmalert/group.go:235	group "duplicatedGroupDiffFiles": received stop signal
2020-09-22T16:27:59.844Z	info	app/vmalert/manager.go:84	reading rules configuration file from "config/testdata/rules2-good.rules"
2020-09-22T16:27:59.844Z	info	app/vmalert/group.go:225	group "TestGroup" started; interval=2s; concurrency=2
2020-09-22T16:27:59.844Z	info	app/vmalert/group.go:235	group "TestGroup": received stop signal
2020-09-22T16:27:59.844Z	info	app/vmalert/group.go:225	group "duplicatedGroupDiffFiles" started; interval=1ms; concurrency=1
2020-09-22T16:27:59.844Z	info	app/vmalert/manager.go:84	reading rules configuration file from "config/testdata/dir/rules0-bad.rules"
2020-09-22T16:27:59.844Z	info	app/vmalert/group.go:235	group "duplicatedGroupDiffFiles": received stop signal
2020-09-22T16:27:59.845Z	info	app/vmalert/group.go:225	group "TestGroup" started; interval=2s; concurrency=2
2020-09-22T16:27:59.845Z	info	app/vmalert/group.go:235	group "TestGroup": received stop signal
2020-09-22T16:27:59.845Z	info	app/vmalert/manager.go:84	reading rules configuration file from "config/testdata/rules1-good.rules"
2020-09-22T16:27:59.845Z	info	app/vmalert/manager.go:84	reading rules configuration file from "config/testdata/rules1-good.rules"
2020-09-22T16:27:59.845Z	info	app/vmalert/group.go:225	group "duplicatedGroupDiffFiles" started; interval=1ms; concurrency=1
2020-09-22T16:27:59.845Z	info	app/vmalert/group.go:235	group "duplicatedGroupDiffFiles": received stop signal
2020-09-22T16:27:59.845Z	info	app/vmalert/manager.go:84	reading rules configuration file from "config/testdata/dir/rules0-bad.rules"
2020-09-22T16:27:59.845Z	info	app/vmalert/manager.go:84	reading rules configuration file from "config/testdata/dir/rules1-bad.rules"
2020-09-22T16:27:59.845Z	info	app/vmalert/manager.go:84	reading rules configuration file from "config/testdata/dir/rules0-good.rules"
2020-09-22T16:27:59.845Z	info	app/vmalert/manager.go:84	reading rules configuration file from "config/testdata/rules2-good.rules"
2020-09-22T16:27:59.845Z	info	app/vmalert/manager.go:84	reading rules configuration file from "config/testdata/dir/rules0-good.rules"
2020-09-22T16:27:59.845Z	info	app/vmalert/manager.go:84	reading rules configuration file from "config/testdata/dir/rules0-good.rules"
2020-09-22T16:27:59.845Z	info	app/vmalert/manager.go:84	reading rules configuration file from "config/testdata/dir/rules0-bad.rules"
2020-09-22T16:27:59.845Z	info	app/vmalert/group.go:225	group "TestGroup" started; interval=2s; concurrency=2
2020-09-22T16:27:59.846Z	info	app/vmalert/group.go:235	group "TestGroup": received stop signal
2020-09-22T16:27:59.846Z	info	app/vmalert/group.go:225	group "duplicatedGroupDiffFiles" started; interval=1ms; concurrency=1
2020-09-22T16:27:59.846Z	info	app/vmalert/group.go:235	group "duplicatedGroupDiffFiles": received stop signal
2020-09-22T16:27:59.846Z	info	app/vmalert/manager.go:84	reading rules configuration file from "config/testdata/dir/rules1-bad.rules"
2020-09-22T16:27:59.846Z	info	app/vmalert/manager.go:84	reading rules configuration file from "config/testdata/dir/rules0-good.rules"
2020-09-22T16:27:59.846Z	info	app/vmalert/group.go:225	group "TestGroup" started; interval=1ms; concurrency=1
2020-09-22T16:27:59.846Z	info	app/vmalert/group.go:225	group "groupGorSingleAlert" started; interval=1ms; concurrency=1
2020-09-22T16:27:59.846Z	info	app/vmalert/group.go:235	group "groupGorSingleAlert": received stop signal
2020-09-22T16:27:59.846Z	info	app/vmalert/manager.go:84	reading rules configuration file from "config/testdata/rules2-good.rules"
2020-09-22T16:27:59.846Z	info	app/vmalert/group.go:235	group "TestGroup": received stop signal
2020-09-22T16:27:59.846Z	info	app/vmalert/manager.go:84	reading rules configuration file from "config/testdata/rules1-good.rules"
2020-09-22T16:27:59.846Z	info	app/vmalert/manager.go:84	reading rules configuration file from "config/testdata/dir/rules0-bad.rules"
2020-09-22T16:27:59.847Z	info	app/vmalert/group.go:225	group "duplicatedGroupDiffFiles" started; interval=1ms; concurrency=1
2020-09-22T16:27:59.847Z	info	app/vmalert/group.go:235	group "duplicatedGroupDiffFiles": received stop signal
2020-09-22T16:27:59.847Z	info	app/vmalert/manager.go:84	reading rules configuration file from "config/testdata/rules2-good.rules"
2020-09-22T16:27:59.847Z	info	app/vmalert/manager.go:84	reading rules configuration file from "config/testdata/dir/rules0-bad.rules"
2020-09-22T16:27:59.847Z	info	app/vmalert/group.go:225	group "groupTest" started; interval=1ms; concurrency=1
2020-09-22T16:27:59.847Z	info	app/vmalert/group.go:235	group "groupTest": received stop signal
2020-09-22T16:27:59.847Z	info	app/vmalert/manager.go:84	reading rules configuration file from "config/testdata/rules0-good.rules"
2020-09-22T16:27:59.847Z	info	app/vmalert/group.go:225	group "duplicatedGroupDiffFiles" started; interval=1ms; concurrency=1
2020-09-22T16:27:59.847Z	info	app/vmalert/group.go:235	group "duplicatedGroupDiffFiles": received stop signal
2020-09-22T16:27:59.847Z	info	app/vmalert/manager.go:84	reading rules configuration file from "config/testdata/rules2-good.rules"
2020-09-22T16:27:59.847Z	info	app/vmalert/manager.go:84	reading rules configuration file from "config/testdata/rules1-good.rules"
2020-09-22T16:27:59.847Z	info	app/vmalert/manager.go:84	reading rules configuration file from "config/testdata/rules1-good.rules"
2020-09-22T16:27:59.847Z	info	app/vmalert/group.go:225	group "groupTest" started; interval=1ms; concurrency=1
2020-09-22T16:27:59.847Z	info	app/vmalert/group.go:235	group "groupTest": received stop signal
2020-09-22T16:27:59.847Z	info	app/vmalert/manager.go:84	reading rules configuration file from "config/testdata/rules1-good.rules"
2020-09-22T16:27:59.847Z	info	app/vmalert/group.go:225	group "TestGroup" started; interval=1ms; concurrency=1
2020-09-22T16:27:59.847Z	info	app/vmalert/group.go:225	group "groupGorSingleAlert" started; interval=1ms; concurrency=1
2020-09-22T16:27:59.847Z	info	app/vmalert/group.go:235	group "groupGorSingleAlert": received stop signal
2020-09-22T16:27:59.847Z	info	app/vmalert/group.go:235	group "TestGroup": received stop signal
2020-09-22T16:27:59.847Z	info	app/vmalert/manager.go:84	reading rules configuration file from "config/testdata/rules2-good.rules"
2020-09-22T16:27:59.848Z	info	app/vmalert/group.go:225	group "duplicatedGroupDiffFiles" started; interval=1ms; concurrency=1
2020-09-22T16:27:59.848Z	info	app/vmalert/group.go:235	group "duplicatedGroupDiffFiles": received stop signal
2020-09-22T16:27:59.848Z	info	app/vmalert/manager.go:84	reading rules configuration file from "config/testdata/dir/rules1-bad.rules"
2020-09-22T16:27:59.848Z	info	app/vmalert/group.go:225	group "duplicatedGroupDiffFiles" started; interval=1ms; concurrency=1
2020-09-22T16:27:59.848Z	info	app/vmalert/group.go:235	group "duplicatedGroupDiffFiles": received stop signal
2020-09-22T16:27:59.848Z	info	app/vmalert/manager.go:84	reading rules configuration file from "config/testdata/rules0-good.rules"
2020-09-22T16:27:59.848Z	info	app/vmalert/manager.go:84	reading rules configuration file from "config/testdata/dir/rules1-good.rules"
2020-09-22T16:27:59.848Z	info	app/vmalert/manager.go:84	reading rules configuration file from "config/testdata/dir/rules1-bad.rules"
2020-09-22T16:27:59.848Z	info	app/vmalert/group.go:225	group "duplicatedGroupDiffFiles" started; interval=1ms; concurrency=1
2020-09-22T16:27:59.848Z	info	app/vmalert/group.go:235	group "duplicatedGroupDiffFiles": received stop signal
2020-09-22T16:27:59.849Z	info	app/vmalert/manager.go:84	reading rules configuration file from "config/testdata/rules2-good.rules"
2020-09-22T16:27:59.849Z	info	app/vmalert/manager.go:84	reading rules configuration file from "config/testdata/rules1-good.rules"
2020-09-22T16:27:59.849Z	info	app/vmalert/group.go:225	group "TestGroup" started; interval=2s; concurrency=2
2020-09-22T16:27:59.849Z	info	app/vmalert/group.go:235	group "TestGroup": received stop signal
2020-09-22T16:27:59.849Z	info	app/vmalert/manager.go:84	reading rules configuration file from "config/testdata/dir/rules1-bad.rules"
2020-09-22T16:27:59.849Z	info	app/vmalert/group.go:225	group "duplicatedGroupDiffFiles" started; interval=1ms; concurrency=1
2020-09-22T16:27:59.849Z	info	app/vmalert/manager.go:84	reading rules configuration file from "config/testdata/rules0-good.rules"
2020-09-22T16:27:59.849Z	info	app/vmalert/group.go:235	group "duplicatedGroupDiffFiles": received stop signal
2020-09-22T16:27:59.850Z	info	app/vmalert/manager.go:84	reading rules configuration file from "config/testdata/dir/rules0-bad.rules"
2020-09-22T16:27:59.850Z	info	app/vmalert/group.go:225	group "duplicatedGroupDiffFiles" started; interval=1ms; concurrency=1
2020-09-22T16:27:59.850Z	info	app/vmalert/group.go:235	group "duplicatedGroupDiffFiles": received stop signal
2020-09-22T16:27:59.850Z	info	app/vmalert/group.go:225	group "TestGroup" started; interval=2s; concurrency=2
2020-09-22T16:27:59.850Z	info	app/vmalert/manager.go:84	reading rules configuration file from "config/testdata/dir/rules1-good.rules"
2020-09-22T16:27:59.850Z	info	app/vmalert/group.go:235	group "TestGroup": received stop signal
2020-09-22T16:27:59.850Z	info	app/vmalert/manager.go:84	reading rules configuration file from "config/testdata/rules2-good.rules"
2020-09-22T16:27:59.850Z	info	app/vmalert/group.go:225	group "duplicatedGroupDiffFiles" started; interval=1ms; concurrency=1
2020-09-22T16:27:59.850Z	info	app/vmalert/group.go:235	group "duplicatedGroupDiffFiles": received stop signal
2020-09-22T16:27:59.850Z	info	app/vmalert/manager.go:84	reading rules configuration file from "config/testdata/dir/rules1-good.rules"
2020-09-22T16:27:59.850Z	info	app/vmalert/group.go:225	group "groupTest" started; interval=1ms; concurrency=1
2020-09-22T16:27:59.850Z	info	app/vmalert/group.go:235	group "groupTest": received stop signal
2020-09-22T16:27:59.850Z	info	app/vmalert/group.go:225	group "TestGroup" started; interval=2s; concurrency=2
2020-09-22T16:27:59.850Z	info	app/vmalert/group.go:235	group "TestGroup": received stop signal
2020-09-22T16:27:59.850Z	info	app/vmalert/manager.go:84	reading rules configuration file from "config/testdata/dir/rules1-good.rules"
2020-09-22T16:27:59.850Z	info	app/vmalert/group.go:225	group "groupGorSingleAlert" started; interval=1ms; concurrency=1
2020-09-22T16:27:59.850Z	info	app/vmalert/group.go:225	group "TestGroup" started; interval=1ms; concurrency=1
2020-09-22T16:27:59.850Z	info	app/vmalert/manager.go:84	reading rules configuration file from "config/testdata/dir/rules1-bad.rules"
2020-09-22T16:27:59.850Z	info	app/vmalert/group.go:235	group "groupGorSingleAlert": received stop signal
2020-09-22T16:27:59.850Z	info	app/vmalert/group.go:235	group "TestGroup": received stop signal
2020-09-22T16:27:59.850Z	info	app/vmalert/manager.go:84	reading rules configuration file from "config/testdata/dir/rules0-good.rules"
2020-09-22T16:27:59.851Z	info	app/vmalert/group.go:225	group "duplicatedGroupDiffFiles" started; interval=1ms; concurrency=1
2020-09-22T16:27:59.851Z	info	app/vmalert/group.go:235	group "duplicatedGroupDiffFiles": received stop signal
2020-09-22T16:27:59.850Z	info	app/vmalert/manager.go:84	reading rules configuration file from "config/testdata/rules0-good.rules"
2020-09-22T16:27:59.851Z	info	app/vmalert/group.go:225	group "duplicatedGroupDiffFiles" started; interval=1ms; concurrency=1
2020-09-22T16:27:59.851Z	info	app/vmalert/manager.go:84	reading rules configuration file from "config/testdata/rules0-good.rules"
2020-09-22T16:27:59.851Z	info	app/vmalert/group.go:235	group "duplicatedGroupDiffFiles": received stop signal
2020-09-22T16:27:59.851Z	info	app/vmalert/manager.go:84	reading rules configuration file from "config/testdata/dir/rules1-good.rules"
2020-09-22T16:27:59.851Z	info	app/vmalert/manager.go:84	reading rules configuration file from "config/testdata/dir/rules0-good.rules"
2020-09-22T16:27:59.851Z	info	app/vmalert/manager.go:84	reading rules configuration file from "config/testdata/dir/rules1-good.rules"
2020-09-22T16:27:59.851Z	info	app/vmalert/group.go:225	group "groupTest" started; interval=1ms; concurrency=1
2020-09-22T16:27:59.851Z	info	app/vmalert/group.go:235	group "groupTest": received stop signal
2020-09-22T16:27:59.851Z	info	app/vmalert/manager.go:84	reading rules configuration file from "config/testdata/dir/rules0-bad.rules"
2020-09-22T16:27:59.851Z	info	app/vmalert/group.go:225	group "groupGorSingleAlert" started; interval=1ms; concurrency=1
2020-09-22T16:27:59.851Z	info	app/vmalert/group.go:235	group "groupGorSingleAlert": received stop signal
2020-09-22T16:27:59.851Z	info	app/vmalert/group.go:225	group "TestGroup" started; interval=1ms; concurrency=1
2020-09-22T16:27:59.852Z	info	app/vmalert/group.go:235	group "TestGroup": received stop signal
2020-09-22T16:27:59.852Z	info	app/vmalert/group.go:225	group "duplicatedGroupDiffFiles" started; interval=1ms; concurrency=1
2020-09-22T16:27:59.852Z	info	app/vmalert/group.go:235	group "duplicatedGroupDiffFiles": received stop signal
2020-09-22T16:27:59.852Z	info	app/vmalert/manager.go:84	reading rules configuration file from "config/testdata/dir/rules0-good.rules"
2020-09-22T16:27:59.852Z	info	app/vmalert/manager.go:84	reading rules configuration file from "config/testdata/rules1-good.rules"
2020-09-22T16:27:59.852Z	info	app/vmalert/group.go:225	group "groupTest" started; interval=1ms; concurrency=1
2020-09-22T16:27:59.852Z	info	app/vmalert/manager.go:84	reading rules configuration file from "config/testdata/dir/rules1-good.rules"
2020-09-22T16:27:59.852Z	info	app/vmalert/group.go:235	group "groupTest": received stop signal
2020-09-22T16:27:59.852Z	info	app/vmalert/manager.go:84	reading rules configuration file from "config/testdata/dir/rules1-good.rules"
2020-09-22T16:27:59.852Z	info	app/vmalert/manager.go:84	reading rules configuration file from "config/testdata/rules0-good.rules"
2020-09-22T16:27:59.852Z	info	app/vmalert/group.go:225	group "duplicatedGroupDiffFiles" started; interval=1ms; concurrency=1
2020-09-22T16:27:59.852Z	info	app/vmalert/group.go:235	group "duplicatedGroupDiffFiles": received stop signal
2020-09-22T16:27:59.852Z	info	app/vmalert/manager.go:84	reading rules configuration file from "config/testdata/dir/rules0-bad.rules"
2020-09-22T16:27:59.852Z	info	app/vmalert/group.go:225	group "duplicatedGroupDiffFiles" started; interval=1ms; concurrency=1
2020-09-22T16:27:59.852Z	info	app/vmalert/group.go:235	group "duplicatedGroupDiffFiles": received stop signal
2020-09-22T16:27:59.852Z	info	app/vmalert/group.go:225	group "TestGroup" started; interval=2s; concurrency=2
2020-09-22T16:27:59.852Z	info	app/vmalert/manager.go:84	reading rules configuration file from "config/testdata/dir/rules0-bad.rules"
2020-09-22T16:27:59.852Z	info	app/vmalert/group.go:235	group "TestGroup": received stop signal
2020-09-22T16:27:59.852Z	info	app/vmalert/manager.go:84	reading rules configuration file from "config/testdata/dir/rules0-bad.rules"
2020-09-22T16:27:59.852Z	info	app/vmalert/group.go:225	group "duplicatedGroupDiffFiles" started; interval=1ms; concurrency=1
2020-09-22T16:27:59.853Z	info	app/vmalert/group.go:235	group "duplicatedGroupDiffFiles": received stop signal
2020-09-22T16:27:59.853Z	info	app/vmalert/group.go:225	group "duplicatedGroupDiffFiles" started; interval=1ms; concurrency=1
2020-09-22T16:27:59.853Z	info	app/vmalert/manager.go:84	reading rules configuration file from "config/testdata/rules2-good.rules"
2020-09-22T16:27:59.853Z	info	app/vmalert/group.go:235	group "duplicatedGroupDiffFiles": received stop signal
2020-09-22T16:27:59.853Z	info	app/vmalert/manager.go:84	reading rules configuration file from "config/testdata/rules0-good.rules"
2020-09-22T16:27:59.853Z	info	app/vmalert/group.go:225	group "groupGorSingleAlert" started; interval=1ms; concurrency=1
2020-09-22T16:27:59.853Z	info	app/vmalert/group.go:235	group "groupGorSingleAlert": received stop signal
2020-09-22T16:27:59.853Z	info	app/vmalert/manager.go:84	reading rules configuration file from "config/testdata/dir/rules0-good.rules"
2020-09-22T16:27:59.853Z	info	app/vmalert/group.go:225	group "TestGroup" started; interval=1ms; concurrency=1
2020-09-22T16:27:59.853Z	info	app/vmalert/group.go:235	group "TestGroup": received stop signal
2020-09-22T16:27:59.853Z	info	app/vmalert/group.go:225	group "TestGroup" started; interval=2s; concurrency=2
2020-09-22T16:27:59.853Z	info	app/vmalert/group.go:235	group "TestGroup": received stop signal
2020-09-22T16:27:59.853Z	info	app/vmalert/manager.go:84	reading rules configuration file from "config/testdata/dir/rules0-bad.rules"
2020-09-22T16:27:59.853Z	info	app/vmalert/manager.go:84	reading rules configuration file from "config/testdata/rules2-good.rules"
2020-09-22T16:27:59.853Z	info	app/vmalert/manager.go:84	reading rules configuration file from "config/testdata/dir/rules0-bad.rules"
2020-09-22T16:27:59.853Z	info	app/vmalert/manager.go:84	reading rules configuration file from "config/testdata/rules1-good.rules"
2020-09-22T16:27:59.853Z	info	app/vmalert/manager.go:84	reading rules configuration file from "config/testdata/dir/rules0-good.rules"
2020-09-22T16:27:59.853Z	info	app/vmalert/group.go:225	group "duplicatedGroupDiffFiles" started; interval=1ms; concurrency=1
2020-09-22T16:27:59.853Z	info	app/vmalert/group.go:235	group "duplicatedGroupDiffFiles": received stop signal
2020-09-22T16:27:59.853Z	info	app/vmalert/group.go:225	group "groupTest" started; interval=1ms; concurrency=1
2020-09-22T16:27:59.853Z	info	app/vmalert/manager.go:84	reading rules configuration file from "config/testdata/dir/rules1-bad.rules"
2020-09-22T16:27:59.853Z	info	app/vmalert/group.go:235	group "groupTest": received stop signal
2020-09-22T16:27:59.853Z	info	app/vmalert/manager.go:84	reading rules configuration file from "config/testdata/rules0-good.rules"
2020-09-22T16:27:59.854Z	info	app/vmalert/group.go:225	group "duplicatedGroupDiffFiles" started; interval=1ms; concurrency=1
2020-09-22T16:27:59.854Z	info	app/vmalert/group.go:235	group "duplicatedGroupDiffFiles": received stop signal
2020-09-22T16:27:59.854Z	info	app/vmalert/group.go:225	group "groupTest" started; interval=1ms; concurrency=1
2020-09-22T16:27:59.854Z	info	app/vmalert/group.go:235	group "groupTest": received stop signal
2020-09-22T16:27:59.854Z	info	app/vmalert/manager.go:84	reading rules configuration file from "config/testdata/dir/rules1-bad.rules"
2020-09-22T16:27:59.854Z	info	app/vmalert/manager.go:84	reading rules configuration file from "config/testdata/rules2-good.rules"
2020-09-22T16:27:59.854Z	info	app/vmalert/manager.go:84	reading rules configuration file from "config/testdata/rules0-good.rules"
2020-09-22T16:27:59.855Z	info	app/vmalert/manager.go:84	reading rules configuration file from "config/testdata/rules2-good.rules"
2020-09-22T16:27:59.855Z	info	app/vmalert/group.go:225	group "TestGroup" started; interval=2s; concurrency=2
2020-09-22T16:27:59.855Z	info	app/vmalert/group.go:235	group "TestGroup": received stop signal
2020-09-22T16:27:59.855Z	info	app/vmalert/group.go:225	group "TestGroup" started; interval=1ms; concurrency=1
2020-09-22T16:27:59.855Z	info	app/vmalert/group.go:235	group "TestGroup": received stop signal
2020-09-22T16:27:59.855Z	info	app/vmalert/group.go:225	group "groupGorSingleAlert" started; interval=1ms; concurrency=1
2020-09-22T16:27:59.855Z	info	app/vmalert/manager.go:84	reading rules configuration file from "config/testdata/rules2-good.rules"
2020-09-22T16:27:59.855Z	info	app/vmalert/group.go:235	group "groupGorSingleAlert": received stop signal
2020-09-22T16:27:59.855Z	info	app/vmalert/group.go:225	group "duplicatedGroupDiffFiles" started; interval=1ms; concurrency=1
2020-09-22T16:27:59.855Z	info	app/vmalert/group.go:235	group "duplicatedGroupDiffFiles": received stop signal
2020-09-22T16:27:59.855Z	info	app/vmalert/manager.go:84	reading rules configuration file from "config/testdata/rules0-good.rules"
2020-09-22T16:27:59.855Z	info	app/vmalert/group.go:225	group "groupTest" started; interval=1ms; concurrency=1
2020-09-22T16:27:59.855Z	info	app/vmalert/group.go:235	group "groupTest": received stop signal
2020-09-22T16:27:59.855Z	info	app/vmalert/manager.go:84	reading rules configuration file from "config/testdata/dir/rules1-bad.rules"
2020-09-22T16:27:59.855Z	info	app/vmalert/group.go:225	group "TestGroup" started; interval=2s; concurrency=2
2020-09-22T16:27:59.855Z	info	app/vmalert/group.go:235	group "TestGroup": received stop signal
2020-09-22T16:27:59.855Z	info	app/vmalert/group.go:225	group "groupGorSingleAlert" started; interval=1ms; concurrency=1
2020-09-22T16:27:59.855Z	info	app/vmalert/group.go:225	group "TestGroup" started; interval=1ms; concurrency=1
2020-09-22T16:27:59.855Z	info	app/vmalert/manager.go:84	reading rules configuration file from "config/testdata/rules1-good.rules"
2020-09-22T16:27:59.855Z	info	app/vmalert/manager.go:84	reading rules configuration file from "config/testdata/dir/rules1-bad.rules"
2020-09-22T16:27:59.855Z	info	app/vmalert/manager.go:84	reading rules configuration file from "config/testdata/rules1-good.rules"
2020-09-22T16:27:59.855Z	info	app/vmalert/group.go:235	group "groupGorSingleAlert": received stop signal
2020-09-22T16:27:59.856Z	info	app/vmalert/manager.go:84	reading rules configuration file from "config/testdata/rules2-good.rules"
2020-09-22T16:27:59.856Z	info	app/vmalert/group.go:235	group "TestGroup": received stop signal
2020-09-22T16:27:59.856Z	info	app/vmalert/group.go:225	group "TestGroup" started; interval=2s; concurrency=2
2020-09-22T16:27:59.856Z	info	app/vmalert/group.go:235	group "TestGroup": received stop signal
2020-09-22T16:27:59.856Z	info	app/vmalert/manager.go:84	reading rules configuration file from "config/testdata/dir/rules1-good.rules"
2020-09-22T16:27:59.856Z	info	app/vmalert/manager.go:84	reading rules configuration file from "config/testdata/rules0-good.rules"
2020-09-22T16:27:59.856Z	info	app/vmalert/group.go:225	group "groupGorSingleAlert" started; interval=1ms; concurrency=1
2020-09-22T16:27:59.856Z	info	app/vmalert/group.go:235	group "groupGorSingleAlert": received stop signal
2020-09-22T16:27:59.856Z	info	app/vmalert/manager.go:84	reading rules configuration file from "config/testdata/rules0-good.rules"
2020-09-22T16:27:59.856Z	info	app/vmalert/group.go:225	group "TestGroup" started; interval=1ms; concurrency=1
2020-09-22T16:27:59.856Z	info	app/vmalert/group.go:235	group "TestGroup": received stop signal
2020-09-22T16:27:59.856Z	info	app/vmalert/group.go:225	group "groupTest" started; interval=1ms; concurrency=1
2020-09-22T16:27:59.856Z	info	app/vmalert/manager.go:84	reading rules configuration file from "config/testdata/rules0-good.rules"
2020-09-22T16:27:59.856Z	info	app/vmalert/group.go:235	group "groupTest": received stop signal
2020-09-22T16:27:59.856Z	info	app/vmalert/group.go:225	group "duplicatedGroupDiffFiles" started; interval=1ms; concurrency=1
2020-09-22T16:27:59.856Z	info	app/vmalert/group.go:235	group "duplicatedGroupDiffFiles": received stop signal
2020-09-22T16:27:59.856Z	info	app/vmalert/manager.go:84	reading rules configuration file from "config/testdata/dir/rules1-bad.rules"
2020-09-22T16:27:59.856Z	info	app/vmalert/manager.go:84	reading rules configuration file from "config/testdata/dir/rules1-bad.rules"
2020-09-22T16:27:59.856Z	info	app/vmalert/manager.go:84	reading rules configuration file from "config/testdata/dir/rules1-good.rules"
2020-09-22T16:27:59.857Z	info	app/vmalert/manager.go:84	reading rules configuration file from "config/testdata/dir/rules0-good.rules"
2020-09-22T16:27:59.857Z	info	app/vmalert/manager.go:84	reading rules configuration file from "config/testdata/rules1-good.rules"
2020-09-22T16:27:59.857Z	info	app/vmalert/group.go:225	group "groupTest" started; interval=1ms; concurrency=1
2020-09-22T16:27:59.857Z	info	app/vmalert/group.go:235	group "groupTest": received stop signal
2020-09-22T16:27:59.857Z	info	app/vmalert/group.go:225	group "TestGroup" started; interval=2s; concurrency=2
2020-09-22T16:27:59.857Z	info	app/vmalert/manager.go:84	reading rules configuration file from "config/testdata/rules1-good.rules"
2020-09-22T16:27:59.857Z	info	app/vmalert/manager.go:84	reading rules configuration file from "config/testdata/dir/rules0-bad.rules"
2020-09-22T16:27:59.857Z	info	app/vmalert/group.go:235	group "TestGroup": received stop signal
2020-09-22T16:27:59.857Z	info	app/vmalert/manager.go:84	reading rules configuration file from "config/testdata/rules1-good.rules"
2020-09-22T16:27:59.857Z	info	app/vmalert/group.go:225	group "duplicatedGroupDiffFiles" started; interval=1ms; concurrency=1
2020-09-22T16:27:59.857Z	info	app/vmalert/manager.go:84	reading rules configuration file from "config/testdata/rules1-good.rules"
2020-09-22T16:27:59.857Z	info	app/vmalert/manager.go:84	reading rules configuration file from "config/testdata/dir/rules1-good.rules"
2020-09-22T16:27:59.857Z	info	app/vmalert/group.go:235	group "duplicatedGroupDiffFiles": received stop signal
2020-09-22T16:27:59.857Z	info	app/vmalert/manager.go:84	reading rules configuration file from "config/testdata/rules0-good.rules"
2020-09-22T16:27:59.857Z	info	app/vmalert/group.go:225	group "duplicatedGroupDiffFiles" started; interval=1ms; concurrency=1
2020-09-22T16:27:59.858Z	info	app/vmalert/group.go:235	group "duplicatedGroupDiffFiles": received stop signal
2020-09-22T16:27:59.857Z	info	app/vmalert/manager.go:84	reading rules configuration file from "config/testdata/rules0-good.rules"
2020-09-22T16:27:59.858Z	info	app/vmalert/manager.go:84	reading rules configuration file from "config/testdata/dir/rules0-good.rules"
2020-09-22T16:27:59.858Z	info	app/vmalert/group.go:225	group "TestGroup" started; interval=2s; concurrency=2
2020-09-22T16:27:59.858Z	info	app/vmalert/group.go:235	group "TestGroup": received stop signal
2020-09-22T16:27:59.858Z	info	app/vmalert/manager.go:84	reading rules configuration file from "config/testdata/rules2-good.rules"
2020-09-22T16:27:59.858Z	info	app/vmalert/manager.go:84	reading rules configuration file from "config/testdata/rules0-good.rules"
2020-09-22T16:27:59.858Z	info	app/vmalert/group.go:225	group "groupTest" started; interval=1ms; concurrency=1
2020-09-22T16:27:59.858Z	info	app/vmalert/group.go:235	group "groupTest": received stop signal
2020-09-22T16:27:59.858Z	info	app/vmalert/manager.go:84	reading rules configuration file from "config/testdata/rules2-good.rules"
2020-09-22T16:27:59.858Z	info	app/vmalert/group.go:225	group "duplicatedGroupDiffFiles" started; interval=1ms; concurrency=1
2020-09-22T16:27:59.858Z	info	app/vmalert/manager.go:84	reading rules configuration file from "config/testdata/dir/rules0-bad.rules"
2020-09-22T16:27:59.858Z	info	app/vmalert/group.go:235	group "duplicatedGroupDiffFiles": received stop signal
2020-09-22T16:27:59.858Z	info	app/vmalert/group.go:225	group "TestGroup" started; interval=1ms; concurrency=1
2020-09-22T16:27:59.858Z	info	app/vmalert/group.go:225	group "groupGorSingleAlert" started; interval=1ms; concurrency=1
2020-09-22T16:27:59.858Z	info	app/vmalert/manager.go:84	reading rules configuration file from "config/testdata/dir/rules1-good.rules"
2020-09-22T16:27:59.858Z	info	app/vmalert/group.go:235	group "TestGroup": received stop signal
2020-09-22T16:27:59.859Z	info	app/vmalert/group.go:235	group "groupGorSingleAlert": received stop signal
2020-09-22T16:27:59.859Z	info	app/vmalert/group.go:225	group "duplicatedGroupDiffFiles" started; interval=1ms; concurrency=1
2020-09-22T16:27:59.859Z	info	app/vmalert/group.go:235	group "duplicatedGroupDiffFiles": received stop signal
2020-09-22T16:27:59.859Z	info	app/vmalert/manager.go:84	reading rules configuration file from "config/testdata/dir/rules0-good.rules"
2020-09-22T16:27:59.859Z	info	app/vmalert/group.go:225	group "TestGroup" started; interval=2s; concurrency=2
2020-09-22T16:27:59.859Z	info	app/vmalert/manager.go:84	reading rules configuration file from "config/testdata/rules2-good.rules"
2020-09-22T16:27:59.859Z	info	app/vmalert/group.go:235	group "TestGroup": received stop signal
2020-09-22T16:27:59.859Z	info	app/vmalert/group.go:225	group "duplicatedGroupDiffFiles" started; interval=1ms; concurrency=1
2020-09-22T16:27:59.859Z	info	app/vmalert/group.go:235	group "duplicatedGroupDiffFiles": received stop signal
2020-09-22T16:27:59.859Z	info	app/vmalert/manager.go:84	reading rules configuration file from "config/testdata/rules0-good.rules"
2020-09-22T16:27:59.859Z	info	app/vmalert/manager.go:84	reading rules configuration file from "config/testdata/rules0-good.rules"
2020-09-22T16:27:59.860Z	info	app/vmalert/manager.go:84	reading rules configuration file from "config/testdata/rules1-good.rules"
2020-09-22T16:27:59.860Z	info	app/vmalert/manager.go:84	reading rules configuration file from "config/testdata/rules1-good.rules"
2020-09-22T16:27:59.860Z	info	app/vmalert/group.go:225	group "duplicatedGroupDiffFiles" started; interval=1ms; concurrency=1
2020-09-22T16:27:59.860Z	info	app/vmalert/group.go:235	group "duplicatedGroupDiffFiles": received stop signal
2020-09-22T16:27:59.860Z	info	app/vmalert/manager.go:84	reading rules configuration file from "config/testdata/dir/rules0-bad.rules"
2020-09-22T16:27:59.860Z	info	app/vmalert/manager.go:84	reading rules configuration file from "config/testdata/dir/rules1-good.rules"
2020-09-22T16:27:59.860Z	info	app/vmalert/group.go:225	group "TestGroup" started; interval=1ms; concurrency=1
2020-09-22T16:27:59.860Z	info	app/vmalert/group.go:225	group "groupGorSingleAlert" started; interval=1ms; concurrency=1
2020-09-22T16:27:59.860Z	info	app/vmalert/group.go:235	group "groupGorSingleAlert": received stop signal
2020-09-22T16:27:59.860Z	info	app/vmalert/group.go:235	group "TestGroup": received stop signal
2020-09-22T16:27:59.860Z	info	app/vmalert/group.go:225	group "duplicatedGroupDiffFiles" started; interval=1ms; concurrency=1
2020-09-22T16:27:59.860Z	info	app/vmalert/manager.go:84	reading rules configuration file from "config/testdata/dir/rules1-bad.rules"
2020-09-22T16:27:59.860Z	info	app/vmalert/group.go:235	group "duplicatedGroupDiffFiles": received stop signal
2020-09-22T16:27:59.861Z	info	app/vmalert/manager.go:84	reading rules configuration file from "config/testdata/dir/rules0-bad.rules"
2020-09-22T16:27:59.861Z	info	app/vmalert/manager.go:84	reading rules configuration file from "config/testdata/rules0-good.rules"
2020-09-22T16:27:59.861Z	info	app/vmalert/manager.go:84	reading rules configuration file from "config/testdata/dir/rules0-bad.rules"
2020-09-22T16:27:59.861Z	info	app/vmalert/group.go:225	group "groupTest" started; interval=1ms; concurrency=1
2020-09-22T16:27:59.861Z	info	app/vmalert/group.go:235	group "groupTest": received stop signal
2020-09-22T16:27:59.861Z	info	app/vmalert/group.go:225	group "TestGroup" started; interval=2s; concurrency=2
2020-09-22T16:27:59.861Z	info	app/vmalert/manager.go:84	reading rules configuration file from "config/testdata/rules0-good.rules"
2020-09-22T16:27:59.861Z	info	app/vmalert/group.go:235	group "TestGroup": received stop signal
2020-09-22T16:27:59.861Z	info	app/vmalert/manager.go:84	reading rules configuration file from "config/testdata/rules1-good.rules"
2020-09-22T16:27:59.862Z	info	app/vmalert/group.go:225	group "groupGorSingleAlert" started; interval=1ms; concurrency=1
2020-09-22T16:27:59.862Z	info	app/vmalert/group.go:235	group "groupGorSingleAlert": received stop signal
2020-09-22T16:27:59.862Z	info	app/vmalert/group.go:225	group "TestGroup" started; interval=1ms; concurrency=1
2020-09-22T16:27:59.862Z	info	app/vmalert/group.go:235	group "TestGroup": received stop signal
2020-09-22T16:27:59.862Z	info	app/vmalert/manager.go:84	reading rules configuration file from "config/testdata/rules2-good.rules"
2020-09-22T16:27:59.862Z	info	app/vmalert/manager.go:84	reading rules configuration file from "config/testdata/rules1-good.rules"
2020-09-22T16:27:59.862Z	info	app/vmalert/manager.go:84	reading rules configuration file from "config/testdata/rules1-good.rules"
2020-09-22T16:27:59.862Z	info	app/vmalert/group.go:225	group "duplicatedGroupDiffFiles" started; interval=1ms; concurrency=1
2020-09-22T16:27:59.862Z	info	app/vmalert/manager.go:84	reading rules configuration file from "config/testdata/dir/rules0-bad.rules"
2020-09-22T16:27:59.862Z	info	app/vmalert/manager.go:84	reading rules configuration file from "config/testdata/rules0-good.rules"
2020-09-22T16:27:59.862Z	info	app/vmalert/manager.go:84	reading rules configuration file from "config/testdata/rules2-good.rules"
2020-09-22T16:27:59.862Z	info	app/vmalert/manager.go:84	reading rules configuration file from "config/testdata/rules0-good.rules"
2020-09-22T16:27:59.862Z	info	app/vmalert/group.go:235	group "duplicatedGroupDiffFiles": received stop signal
2020-09-22T16:27:59.862Z	info	app/vmalert/manager.go:84	reading rules configuration file from "config/testdata/rules2-good.rules"
2020-09-22T16:27:59.862Z	info	app/vmalert/group.go:225	group "TestGroup" started; interval=1ms; concurrency=1
2020-09-22T16:27:59.862Z	info	app/vmalert/group.go:225	group "groupGorSingleAlert" started; interval=1ms; concurrency=1
2020-09-22T16:27:59.862Z	info	app/vmalert/group.go:235	group "groupGorSingleAlert": received stop signal
2020-09-22T16:27:59.862Z	info	app/vmalert/group.go:235	group "TestGroup": received stop signal
2020-09-22T16:27:59.862Z	info	app/vmalert/manager.go:84	reading rules configuration file from "config/testdata/dir/rules1-bad.rules"
2020-09-22T16:27:59.862Z	info	app/vmalert/group.go:225	group "TestGroup" started; interval=2s; concurrency=2
2020-09-22T16:27:59.862Z	info	app/vmalert/manager.go:84	reading rules configuration file from "config/testdata/dir/rules1-good.rules"
2020-09-22T16:27:59.862Z	info	app/vmalert/group.go:235	group "TestGroup": received stop signal
2020-09-22T16:27:59.862Z	info	app/vmalert/group.go:225	group "groupGorSingleAlert" started; interval=1ms; concurrency=1
2020-09-22T16:27:59.862Z	info	app/vmalert/group.go:235	group "groupGorSingleAlert": received stop signal
2020-09-22T16:27:59.862Z	info	app/vmalert/group.go:225	group "TestGroup" started; interval=1ms; concurrency=1
2020-09-22T16:27:59.862Z	info	app/vmalert/group.go:235	group "TestGroup": received stop signal
2020-09-22T16:27:59.862Z	info	app/vmalert/manager.go:84	reading rules configuration file from "config/testdata/dir/rules0-good.rules"
2020-09-22T16:27:59.862Z	info	app/vmalert/manager.go:84	reading rules configuration file from "config/testdata/dir/rules1-bad.rules"
2020-09-22T16:27:59.863Z	info	app/vmalert/group.go:225	group "groupTest" started; interval=1ms; concurrency=1
2020-09-22T16:27:59.863Z	info	app/vmalert/group.go:235	group "groupTest": received stop signal
2020-09-22T16:27:59.863Z	info	app/vmalert/group.go:225	group "groupGorSingleAlert" started; interval=1ms; concurrency=1
2020-09-22T16:27:59.863Z	info	app/vmalert/group.go:225	group "TestGroup" started; interval=1ms; concurrency=1
2020-09-22T16:27:59.863Z	info	app/vmalert/manager.go:84	reading rules configuration file from "config/testdata/rules1-good.rules"
2020-09-22T16:27:59.863Z	info	app/vmalert/group.go:235	group "TestGroup": received stop signal
2020-09-22T16:27:59.863Z	info	app/vmalert/group.go:235	group "groupGorSingleAlert": received stop signal
2020-09-22T16:27:59.863Z	info	app/vmalert/manager.go:84	reading rules configuration file from "config/testdata/rules2-good.rules"
2020-09-22T16:27:59.863Z	info	app/vmalert/group.go:225	group "TestGroup" started; interval=2s; concurrency=2
2020-09-22T16:27:59.863Z	info	app/vmalert/manager.go:84	reading rules configuration file from "config/testdata/rules1-good.rules"
2020-09-22T16:27:59.863Z	info	app/vmalert/group.go:235	group "TestGroup": received stop signal
2020-09-22T16:27:59.863Z	info	app/vmalert/manager.go:84	reading rules configuration file from "config/testdata/dir/rules0-good.rules"
2020-09-22T16:27:59.863Z	info	app/vmalert/group.go:225	group "groupTest" started; interval=1ms; concurrency=1
2020-09-22T16:27:59.863Z	info	app/vmalert/manager.go:84	reading rules configuration file from "config/testdata/dir/rules1-bad.rules"
2020-09-22T16:27:59.863Z	info	app/vmalert/group.go:235	group "groupTest": received stop signal
2020-09-22T16:27:59.864Z	info	app/vmalert/manager.go:84	reading rules configuration file from "config/testdata/rules1-good.rules"
2020-09-22T16:27:59.864Z	info	app/vmalert/group.go:225	group "duplicatedGroupDiffFiles" started; interval=1ms; concurrency=1
2020-09-22T16:27:59.864Z	info	app/vmalert/group.go:235	group "duplicatedGroupDiffFiles": received stop signal
2020-09-22T16:27:59.864Z	info	app/vmalert/group.go:225	group "duplicatedGroupDiffFiles" started; interval=1ms; concurrency=1
2020-09-22T16:27:59.864Z	info	app/vmalert/group.go:235	group "duplicatedGroupDiffFiles": received stop signal
2020-09-22T16:27:59.864Z	info	app/vmalert/manager.go:84	reading rules configuration file from "config/testdata/dir/rules1-bad.rules"
2020-09-22T16:27:59.864Z	info	app/vmalert/group.go:225	group "groupTest" started; interval=1ms; concurrency=1
2020-09-22T16:27:59.864Z	info	app/vmalert/manager.go:84	reading rules configuration file from "config/testdata/dir/rules0-bad.rules"
2020-09-22T16:27:59.864Z	info	app/vmalert/manager.go:84	reading rules configuration file from "config/testdata/rules1-good.rules"
2020-09-22T16:27:59.864Z	info	app/vmalert/group.go:235	group "groupTest": received stop signal
2020-09-22T16:27:59.864Z	info	app/vmalert/manager.go:84	reading rules configuration file from "config/testdata/dir/rules1-bad.rules"
2020-09-22T16:27:59.864Z	info	app/vmalert/manager.go:84	reading rules configuration file from "config/testdata/dir/rules0-bad.rules"
2020-09-22T16:27:59.864Z	info	app/vmalert/group.go:225	group "duplicatedGroupDiffFiles" started; interval=1ms; concurrency=1
2020-09-22T16:27:59.864Z	info	app/vmalert/group.go:235	group "duplicatedGroupDiffFiles": received stop signal
2020-09-22T16:27:59.865Z	info	app/vmalert/manager.go:84	reading rules configuration file from "config/testdata/rules1-good.rules"
2020-09-22T16:27:59.865Z	info	app/vmalert/group.go:225	group "duplicatedGroupDiffFiles" started; interval=1ms; concurrency=1
2020-09-22T16:27:59.865Z	info	app/vmalert/group.go:235	group "duplicatedGroupDiffFiles": received stop signal
2020-09-22T16:27:59.865Z	info	app/vmalert/manager.go:84	reading rules configuration file from "config/testdata/dir/rules1-bad.rules"
2020-09-22T16:27:59.865Z	info	app/vmalert/group.go:225	group "duplicatedGroupDiffFiles" started; interval=1ms; concurrency=1
2020-09-22T16:27:59.865Z	info	app/vmalert/group.go:235	group "duplicatedGroupDiffFiles": received stop signal
2020-09-22T16:27:59.865Z	info	app/vmalert/group.go:225	group "TestGroup" started; interval=1ms; concurrency=1
2020-09-22T16:27:59.865Z	info	app/vmalert/group.go:225	group "groupGorSingleAlert" started; interval=1ms; concurrency=1
2020-09-22T16:27:59.865Z	info	app/vmalert/manager.go:84	reading rules configuration file from "config/testdata/rules2-good.rules"
2020-09-22T16:27:59.865Z	info	app/vmalert/group.go:235	group "TestGroup": received stop signal
2020-09-22T16:27:59.865Z	info	app/vmalert/group.go:235	group "groupGorSingleAlert": received stop signal
2020-09-22T16:27:59.865Z	info	app/vmalert/manager.go:84	reading rules configuration file from "config/testdata/rules0-good.rules"
2020-09-22T16:27:59.865Z	info	app/vmalert/group.go:225	group "TestGroup" started; interval=2s; concurrency=2
2020-09-22T16:27:59.865Z	info	app/vmalert/manager.go:84	reading rules configuration file from "config/testdata/dir/rules1-good.rules"
2020-09-22T16:27:59.865Z	info	app/vmalert/group.go:235	group "TestGroup": received stop signal
2020-09-22T16:27:59.865Z	info	app/vmalert/group.go:225	group "groupTest" started; interval=1ms; concurrency=1
2020-09-22T16:27:59.865Z	info	app/vmalert/manager.go:84	reading rules configuration file from "config/testdata/dir/rules1-bad.rules"
2020-09-22T16:27:59.865Z	info	app/vmalert/group.go:235	group "groupTest": received stop signal
2020-09-22T16:27:59.865Z	info	app/vmalert/manager.go:84	reading rules configuration file from "config/testdata/rules1-good.rules"
2020-09-22T16:27:59.865Z	info	app/vmalert/manager.go:84	reading rules configuration file from "config/testdata/rules0-good.rules"
2020-09-22T16:27:59.865Z	info	app/vmalert/manager.go:84	reading rules configuration file from "config/testdata/dir/rules0-good.rules"
2020-09-22T16:27:59.865Z	info	app/vmalert/manager.go:84	reading rules configuration file from "config/testdata/dir/rules0-good.rules"
2020-09-22T16:27:59.866Z	info	app/vmalert/group.go:225	group "groupGorSingleAlert" started; interval=1ms; concurrency=1
2020-09-22T16:27:59.866Z	info	app/vmalert/group.go:235	group "groupGorSingleAlert": received stop signal
2020-09-22T16:27:59.866Z	info	app/vmalert/group.go:225	group "TestGroup" started; interval=1ms; concurrency=1
2020-09-22T16:27:59.866Z	info	app/vmalert/group.go:235	group "TestGroup": received stop signal
2020-09-22T16:27:59.866Z	info	app/vmalert/manager.go:84	reading rules configuration file from "config/testdata/dir/rules0-good.rules"
2020-09-22T16:27:59.866Z	info	app/vmalert/group.go:225	group "TestGroup" started; interval=2s; concurrency=2
2020-09-22T16:27:59.866Z	info	app/vmalert/manager.go:84	reading rules configuration file from "config/testdata/rules1-good.rules"
2020-09-22T16:27:59.866Z	info	app/vmalert/group.go:235	group "TestGroup": received stop signal
2020-09-22T16:27:59.866Z	info	app/vmalert/group.go:225	group "groupTest" started; interval=1ms; concurrency=1
2020-09-22T16:27:59.866Z	info	app/vmalert/group.go:235	group "groupTest": received stop signal
2020-09-22T16:27:59.866Z	info	app/vmalert/manager.go:84	reading rules configuration file from "config/testdata/rules2-good.rules"
2020-09-22T16:27:59.866Z	info	app/vmalert/group.go:225	group "duplicatedGroupDiffFiles" started; interval=1ms; concurrency=1
2020-09-22T16:27:59.866Z	info	app/vmalert/group.go:235	group "duplicatedGroupDiffFiles": received stop signal
2020-09-22T16:27:59.866Z	info	app/vmalert/manager.go:84	reading rules configuration file from "config/testdata/dir/rules1-bad.rules"
2020-09-22T16:27:59.866Z	info	app/vmalert/manager.go:84	reading rules configuration file from "config/testdata/rules0-good.rules"
2020-09-22T16:27:59.866Z	info	app/vmalert/group.go:225	group "duplicatedGroupDiffFiles" started; interval=1ms; concurrency=1
2020-09-22T16:27:59.866Z	info	app/vmalert/group.go:235	group "duplicatedGroupDiffFiles": received stop signal
2020-09-22T16:27:59.866Z	info	app/vmalert/manager.go:84	reading rules configuration file from "config/testdata/dir/rules0-bad.rules"
2020-09-22T16:27:59.866Z	info	app/vmalert/group.go:225	group "TestGroup" started; interval=2s; concurrency=2
2020-09-22T16:27:59.866Z	info	app/vmalert/group.go:235	group "TestGroup": received stop signal
2020-09-22T16:27:59.866Z	info	app/vmalert/manager.go:84	reading rules configuration file from "config/testdata/dir/rules0-good.rules"
2020-09-22T16:27:59.866Z	info	app/vmalert/group.go:225	group "duplicatedGroupDiffFiles" started; interval=1ms; concurrency=1
2020-09-22T16:27:59.866Z	info	app/vmalert/group.go:235	group "duplicatedGroupDiffFiles": received stop signal
2020-09-22T16:27:59.866Z	info	app/vmalert/manager.go:84	reading rules configuration file from "config/testdata/rules0-good.rules"
2020-09-22T16:27:59.866Z	info	app/vmalert/group.go:225	group "TestGroup" started; interval=1ms; concurrency=1
2020-09-22T16:27:59.866Z	info	app/vmalert/manager.go:84	reading rules configuration file from "config/testdata/dir/rules1-bad.rules"
2020-09-22T16:27:59.866Z	info	app/vmalert/manager.go:84	reading rules configuration file from "config/testdata/rules1-good.rules"
2020-09-22T16:27:59.867Z	info	app/vmalert/group.go:225	group "groupGorSingleAlert" started; interval=1ms; concurrency=1
2020-09-22T16:27:59.867Z	info	app/vmalert/group.go:235	group "groupGorSingleAlert": received stop signal
2020-09-22T16:27:59.867Z	info	app/vmalert/manager.go:84	reading rules configuration file from "config/testdata/dir/rules0-bad.rules"
2020-09-22T16:27:59.867Z	info	app/vmalert/group.go:235	group "TestGroup": received stop signal
2020-09-22T16:27:59.867Z	info	app/vmalert/manager.go:84	reading rules configuration file from "config/testdata/dir/rules1-bad.rules"
2020-09-22T16:27:59.867Z	info	app/vmalert/group.go:225	group "TestGroup" started; interval=2s; concurrency=2
2020-09-22T16:27:59.867Z	info	app/vmalert/manager.go:84	reading rules configuration file from "config/testdata/dir/rules1-bad.rules"
2020-09-22T16:27:59.867Z	info	app/vmalert/group.go:235	group "TestGroup": received stop signal
2020-09-22T16:27:59.867Z	info	app/vmalert/group.go:225	group "groupGorSingleAlert" started; interval=1ms; concurrency=1
2020-09-22T16:27:59.867Z	info	app/vmalert/group.go:235	group "groupGorSingleAlert": received stop signal
2020-09-22T16:27:59.867Z	info	app/vmalert/group.go:225	group "TestGroup" started; interval=1ms; concurrency=1
2020-09-22T16:27:59.867Z	info	app/vmalert/manager.go:84	reading rules configuration file from "config/testdata/dir/rules0-bad.rules"
2020-09-22T16:27:59.867Z	info	app/vmalert/group.go:235	group "TestGroup": received stop signal
2020-09-22T16:27:59.867Z	info	app/vmalert/group.go:225	group "groupTest" started; interval=1ms; concurrency=1
2020-09-22T16:27:59.867Z	info	app/vmalert/group.go:235	group "groupTest": received stop signal
2020-09-22T16:27:59.867Z	info	app/vmalert/manager.go:84	reading rules configuration file from "config/testdata/dir/rules0-good.rules"
2020-09-22T16:27:59.868Z	info	app/vmalert/group.go:225	group "duplicatedGroupDiffFiles" started; interval=1ms; concurrency=1
2020-09-22T16:27:59.868Z	info	app/vmalert/manager.go:84	reading rules configuration file from "config/testdata/dir/rules1-good.rules"
2020-09-22T16:27:59.868Z	info	app/vmalert/group.go:235	group "duplicatedGroupDiffFiles": received stop signal
2020-09-22T16:27:59.868Z	info	app/vmalert/manager.go:84	reading rules configuration file from "config/testdata/rules1-good.rules"
2020-09-22T16:27:59.868Z	info	app/vmalert/manager.go:84	reading rules configuration file from "config/testdata/dir/rules0-good.rules"
2020-09-22T16:27:59.868Z	info	app/vmalert/group.go:225	group "duplicatedGroupDiffFiles" started; interval=1ms; concurrency=1
2020-09-22T16:27:59.868Z	info	app/vmalert/group.go:235	group "duplicatedGroupDiffFiles": received stop signal
2020-09-22T16:27:59.868Z	info	app/vmalert/manager.go:84	reading rules configuration file from "config/testdata/rules0-good.rules"
2020-09-22T16:27:59.868Z	info	app/vmalert/manager.go:84	reading rules configuration file from "config/testdata/rules0-good.rules"
2020-09-22T16:27:59.868Z	info	app/vmalert/group.go:225	group "groupTest" started; interval=1ms; concurrency=1
2020-09-22T16:27:59.868Z	info	app/vmalert/group.go:235	group "groupTest": received stop signal
2020-09-22T16:27:59.868Z	info	app/vmalert/manager.go:84	reading rules configuration file from "config/testdata/dir/rules0-bad.rules"
2020-09-22T16:27:59.868Z	info	app/vmalert/group.go:225	group "duplicatedGroupDiffFiles" started; interval=1ms; concurrency=1
2020-09-22T16:27:59.868Z	info	app/vmalert/manager.go:84	reading rules configuration file from "config/testdata/rules1-good.rules"
2020-09-22T16:27:59.868Z	info	app/vmalert/manager.go:84	reading rules configuration file from "config/testdata/rules2-good.rules"
2020-09-22T16:27:59.868Z	info	app/vmalert/group.go:235	group "duplicatedGroupDiffFiles": received stop signal
2020-09-22T16:27:59.868Z	info	app/vmalert/manager.go:84	reading rules configuration file from "config/testdata/rules2-good.rules"
2020-09-22T16:27:59.869Z	info	app/vmalert/manager.go:84	reading rules configuration file from "config/testdata/rules0-good.rules"
2020-09-22T16:27:59.869Z	info	app/vmalert/group.go:225	group "duplicatedGroupDiffFiles" started; interval=1ms; concurrency=1
2020-09-22T16:27:59.869Z	info	app/vmalert/group.go:235	group "duplicatedGroupDiffFiles": received stop signal
2020-09-22T16:27:59.869Z	info	app/vmalert/group.go:225	group "groupGorSingleAlert" started; interval=1ms; concurrency=1
2020-09-22T16:27:59.869Z	info	app/vmalert/group.go:235	group "groupGorSingleAlert": received stop signal
2020-09-22T16:27:59.869Z	info	app/vmalert/group.go:225	group "TestGroup" started; interval=1ms; concurrency=1
2020-09-22T16:27:59.869Z	info	app/vmalert/group.go:235	group "TestGroup": received stop signal
2020-09-22T16:27:59.869Z	info	app/vmalert/manager.go:84	reading rules configuration file from "config/testdata/dir/rules1-good.rules"
2020-09-22T16:27:59.869Z	info	app/vmalert/manager.go:84	reading rules configuration file from "config/testdata/dir/rules1-good.rules"
2020-09-22T16:27:59.869Z	info	app/vmalert/manager.go:84	reading rules configuration file from "config/testdata/rules1-good.rules"
2020-09-22T16:27:59.869Z	info	app/vmalert/manager.go:84	reading rules configuration file from "config/testdata/dir/rules0-bad.rules"
2020-09-22T16:27:59.869Z	info	app/vmalert/manager.go:84	reading rules configuration file from "config/testdata/dir/rules0-good.rules"
2020-09-22T16:27:59.869Z	info	app/vmalert/group.go:225	group "TestGroup" started; interval=2s; concurrency=2
2020-09-22T16:27:59.870Z	info	app/vmalert/group.go:235	group "TestGroup": received stop signal
2020-09-22T16:27:59.870Z	info	app/vmalert/manager.go:84	reading rules configuration file from "config/testdata/rules1-good.rules"
2020-09-22T16:27:59.870Z	info	app/vmalert/group.go:225	group "groupTest" started; interval=1ms; concurrency=1
2020-09-22T16:27:59.870Z	info	app/vmalert/group.go:235	group "groupTest": received stop signal
2020-09-22T16:27:59.870Z	info	app/vmalert/group.go:225	group "TestGroup" started; interval=2s; concurrency=2
2020-09-22T16:27:59.870Z	info	app/vmalert/manager.go:84	reading rules configuration file from "config/testdata/rules1-good.rules"
2020-09-22T16:27:59.870Z	info	app/vmalert/group.go:235	group "TestGroup": received stop signal
2020-09-22T16:27:59.870Z	info	app/vmalert/group.go:225	group "groupTest" started; interval=1ms; concurrency=1
2020-09-22T16:27:59.871Z	info	app/vmalert/group.go:235	group "groupTest": received stop signal
2020-09-22T16:27:59.871Z	info	app/vmalert/manager.go:84	reading rules configuration file from "config/testdata/dir/rules0-good.rules"
2020-09-22T16:27:59.871Z	info	app/vmalert/manager.go:84	reading rules configuration file from "config/testdata/rules0-good.rules"
2020-09-22T16:27:59.871Z	info	app/vmalert/group.go:225	group "TestGroup" started; interval=2s; concurrency=2
2020-09-22T16:27:59.871Z	info	app/vmalert/manager.go:84	reading rules configuration file from "config/testdata/dir/rules1-bad.rules"
2020-09-22T16:27:59.871Z	info	app/vmalert/manager.go:84	reading rules configuration file from "config/testdata/rules2-good.rules"
2020-09-22T16:27:59.871Z	info	app/vmalert/group.go:235	group "TestGroup": received stop signal
2020-09-22T16:27:59.871Z	info	app/vmalert/manager.go:84	reading rules configuration file from "config/testdata/rules2-good.rules"
2020-09-22T16:27:59.871Z	info	app/vmalert/group.go:225	group "duplicatedGroupDiffFiles" started; interval=1ms; concurrency=1
2020-09-22T16:27:59.871Z	info	app/vmalert/group.go:235	group "duplicatedGroupDiffFiles": received stop signal
2020-09-22T16:27:59.871Z	info	app/vmalert/manager.go:84	reading rules configuration file from "config/testdata/dir/rules1-bad.rules"
2020-09-22T16:27:59.871Z	info	app/vmalert/group.go:225	group "TestGroup" started; interval=2s; concurrency=2
2020-09-22T16:27:59.871Z	info	app/vmalert/manager.go:84	reading rules configuration file from "config/testdata/dir/rules0-good.rules"
2020-09-22T16:27:59.871Z	info	app/vmalert/group.go:235	group "TestGroup": received stop signal
2020-09-22T16:27:59.871Z	info	app/vmalert/group.go:225	group "groupTest" started; interval=1ms; concurrency=1
2020-09-22T16:27:59.871Z	info	app/vmalert/manager.go:84	reading rules configuration file from "config/testdata/dir/rules1-good.rules"
2020-09-22T16:27:59.871Z	info	app/vmalert/group.go:235	group "groupTest": received stop signal
2020-09-22T16:27:59.871Z	info	app/vmalert/group.go:225	group "TestGroup" started; interval=2s; concurrency=2
2020-09-22T16:27:59.871Z	info	app/vmalert/group.go:235	group "TestGroup": received stop signal
2020-09-22T16:27:59.871Z	info	app/vmalert/manager.go:84	reading rules configuration file from "config/testdata/rules1-good.rules"
2020-09-22T16:27:59.872Z	info	app/vmalert/group.go:225	group "groupTest" started; interval=1ms; concurrency=1
2020-09-22T16:27:59.872Z	info	app/vmalert/manager.go:84	reading rules configuration file from "config/testdata/dir/rules1-bad.rules"
2020-09-22T16:27:59.872Z	info	app/vmalert/group.go:235	group "groupTest": received stop signal
2020-09-22T16:27:59.872Z	info	app/vmalert/group.go:225	group "TestGroup" started; interval=2s; concurrency=2
2020-09-22T16:27:59.872Z	info	app/vmalert/group.go:235	group "TestGroup": received stop signal
2020-09-22T16:27:59.872Z	info	app/vmalert/manager.go:84	reading rules configuration file from "config/testdata/dir/rules0-good.rules"
2020-09-22T16:27:59.872Z	info	app/vmalert/group.go:225	group "groupTest" started; interval=1ms; concurrency=1
2020-09-22T16:27:59.872Z	info	app/vmalert/group.go:235	group "groupTest": received stop signal
2020-09-22T16:27:59.872Z	info	app/vmalert/manager.go:84	reading rules configuration file from "config/testdata/dir/rules1-bad.rules"
2020-09-22T16:27:59.872Z	info	app/vmalert/manager.go:84	reading rules configuration file from "config/testdata/rules0-good.rules"
2020-09-22T16:27:59.872Z	info	app/vmalert/group.go:225	group "duplicatedGroupDiffFiles" started; interval=1ms; concurrency=1
2020-09-22T16:27:59.872Z	info	app/vmalert/manager.go:84	reading rules configuration file from "config/testdata/dir/rules1-good.rules"
2020-09-22T16:27:59.872Z	info	app/vmalert/group.go:235	group "duplicatedGroupDiffFiles": received stop signal
2020-09-22T16:27:59.872Z	info	app/vmalert/manager.go:84	reading rules configuration file from "config/testdata/rules1-good.rules"
2020-09-22T16:27:59.872Z	info	app/vmalert/group.go:225	group "groupTest" started; interval=1ms; concurrency=1
2020-09-22T16:27:59.872Z	info	app/vmalert/manager.go:84	reading rules configuration file from "config/testdata/rules1-good.rules"
2020-09-22T16:27:59.872Z	info	app/vmalert/group.go:235	group "groupTest": received stop signal
2020-09-22T16:27:59.872Z	info	app/vmalert/manager.go:84	reading rules configuration file from "config/testdata/dir/rules1-bad.rules"
2020-09-22T16:27:59.873Z	info	app/vmalert/group.go:225	group "duplicatedGroupDiffFiles" started; interval=1ms; concurrency=1
2020-09-22T16:27:59.873Z	info	app/vmalert/group.go:235	group "duplicatedGroupDiffFiles": received stop signal
2020-09-22T16:27:59.873Z	info	app/vmalert/group.go:225	group "groupGorSingleAlert" started; interval=1ms; concurrency=1
2020-09-22T16:27:59.873Z	info	app/vmalert/group.go:235	group "groupGorSingleAlert": received stop signal
2020-09-22T16:27:59.873Z	info	app/vmalert/group.go:225	group "TestGroup" started; interval=1ms; concurrency=1
2020-09-22T16:27:59.873Z	info	app/vmalert/group.go:235	group "TestGroup": received stop signal
2020-09-22T16:27:59.873Z	info	app/vmalert/manager.go:84	reading rules configuration file from "config/testdata/dir/rules0-bad.rules"
2020-09-22T16:27:59.873Z	info	app/vmalert/manager.go:84	reading rules configuration file from "config/testdata/dir/rules1-good.rules"
2020-09-22T16:27:59.873Z	info	app/vmalert/group.go:225	group "TestGroup" started; interval=2s; concurrency=2
2020-09-22T16:27:59.873Z	info	app/vmalert/group.go:235	group "TestGroup": received stop signal
2020-09-22T16:27:59.874Z	info	app/vmalert/manager.go:84	reading rules configuration file from "config/testdata/rules2-good.rules"
2020-09-22T16:27:59.874Z	info	app/vmalert/group.go:225	group "groupGorSingleAlert" started; interval=1ms; concurrency=1
2020-09-22T16:27:59.874Z	info	app/vmalert/group.go:225	group "TestGroup" started; interval=1ms; concurrency=1
2020-09-22T16:27:59.874Z	info	app/vmalert/group.go:235	group "TestGroup": received stop signal
2020-09-22T16:27:59.874Z	info	app/vmalert/group.go:235	group "groupGorSingleAlert": received stop signal
2020-09-22T16:27:59.874Z	info	app/vmalert/manager.go:84	reading rules configuration file from "config/testdata/dir/rules1-good.rules"
2020-09-22T16:27:59.874Z	info	app/vmalert/group.go:225	group "groupTest" started; interval=1ms; concurrency=1
2020-09-22T16:27:59.874Z	info	app/vmalert/group.go:235	group "groupTest": received stop signal
2020-09-22T16:27:59.874Z	info	app/vmalert/manager.go:84	reading rules configuration file from "config/testdata/rules2-good.rules"
2020-09-22T16:27:59.874Z	info	app/vmalert/manager.go:84	reading rules configuration file from "config/testdata/dir/rules1-good.rules"
2020-09-22T16:27:59.874Z	info	app/vmalert/group.go:225	group "TestGroup" started; interval=2s; concurrency=2
2020-09-22T16:27:59.874Z	info	app/vmalert/manager.go:84	reading rules configuration file from "config/testdata/dir/rules0-good.rules"
2020-09-22T16:27:59.874Z	info	app/vmalert/group.go:235	group "TestGroup": received stop signal
2020-09-22T16:27:59.874Z	info	app/vmalert/manager.go:84	reading rules configuration file from "config/testdata/rules0-good.rules"
2020-09-22T16:27:59.874Z	info	app/vmalert/manager.go:84	reading rules configuration file from "config/testdata/rules1-good.rules"
2020-09-22T16:27:59.874Z	info	app/vmalert/group.go:225	group "groupGorSingleAlert" started; interval=1ms; concurrency=1
2020-09-22T16:27:59.874Z	info	app/vmalert/group.go:235	group "groupGorSingleAlert": received stop signal
2020-09-22T16:27:59.875Z	info	app/vmalert/group.go:225	group "TestGroup" started; interval=1ms; concurrency=1
2020-09-22T16:27:59.875Z	info	app/vmalert/group.go:235	group "TestGroup": received stop signal
2020-09-22T16:27:59.875Z	info	app/vmalert/manager.go:84	reading rules configuration file from "config/testdata/dir/rules1-good.rules"
2020-09-22T16:27:59.875Z	info	app/vmalert/manager.go:84	reading rules configuration file from "config/testdata/dir/rules0-good.rules"
2020-09-22T16:27:59.875Z	info	app/vmalert/group.go:225	group "duplicatedGroupDiffFiles" started; interval=1ms; concurrency=1
2020-09-22T16:27:59.875Z	info	app/vmalert/manager.go:84	reading rules configuration file from "config/testdata/dir/rules1-good.rules"
2020-09-22T16:27:59.875Z	info	app/vmalert/group.go:235	group "duplicatedGroupDiffFiles": received stop signal
2020-09-22T16:27:59.875Z	info	app/vmalert/manager.go:84	reading rules configuration file from "config/testdata/rules0-good.rules"
2020-09-22T16:27:59.875Z	info	app/vmalert/group.go:225	group "duplicatedGroupDiffFiles" started; interval=1ms; concurrency=1
2020-09-22T16:27:59.875Z	info	app/vmalert/manager.go:84	reading rules configuration file from "config/testdata/dir/rules0-good.rules"
2020-09-22T16:27:59.875Z	info	app/vmalert/group.go:235	group "duplicatedGroupDiffFiles": received stop signal
2020-09-22T16:27:59.875Z	info	app/vmalert/group.go:225	group "TestGroup" started; interval=2s; concurrency=2
2020-09-22T16:27:59.875Z	info	app/vmalert/group.go:235	group "TestGroup": received stop signal
2020-09-22T16:27:59.875Z	info	app/vmalert/manager.go:84	reading rules configuration file from "config/testdata/rules1-good.rules"
2020-09-22T16:27:59.875Z	info	app/vmalert/group.go:225	group "groupTest" started; interval=1ms; concurrency=1
2020-09-22T16:27:59.875Z	info	app/vmalert/group.go:235	group "groupTest": received stop signal
2020-09-22T16:27:59.875Z	info	app/vmalert/manager.go:84	reading rules configuration file from "config/testdata/dir/rules1-good.rules"
2020-09-22T16:27:59.875Z	info	app/vmalert/manager.go:84	reading rules configuration file from "config/testdata/rules2-good.rules"
2020-09-22T16:27:59.876Z	info	app/vmalert/group.go:225	group "TestGroup" started; interval=1ms; concurrency=1
2020-09-22T16:27:59.876Z	info	app/vmalert/group.go:225	group "groupGorSingleAlert" started; interval=1ms; concurrency=1
2020-09-22T16:27:59.876Z	info	app/vmalert/group.go:235	group "groupGorSingleAlert": received stop signal
2020-09-22T16:27:59.876Z	info	app/vmalert/group.go:235	group "TestGroup": received stop signal
2020-09-22T16:27:59.876Z	info	app/vmalert/group.go:225	group "TestGroup" started; interval=2s; concurrency=2
2020-09-22T16:27:59.876Z	info	app/vmalert/manager.go:84	reading rules configuration file from "config/testdata/rules0-good.rules"
2020-09-22T16:27:59.876Z	info	app/vmalert/group.go:235	group "TestGroup": received stop signal
2020-09-22T16:27:59.876Z	info	app/vmalert/manager.go:84	reading rules configuration file from "config/testdata/dir/rules1-good.rules"
2020-09-22T16:27:59.876Z	info	app/vmalert/manager.go:84	reading rules configuration file from "config/testdata/dir/rules0-good.rules"
2020-09-22T16:27:59.876Z	info	app/vmalert/group.go:225	group "groupTest" started; interval=1ms; concurrency=1
2020-09-22T16:27:59.876Z	info	app/vmalert/group.go:235	group "groupTest": received stop signal
2020-09-22T16:27:59.876Z	info	app/vmalert/manager.go:84	reading rules configuration file from "config/testdata/dir/rules0-bad.rules"
2020-09-22T16:27:59.876Z	info	app/vmalert/group.go:225	group "duplicatedGroupDiffFiles" started; interval=1ms; concurrency=1
2020-09-22T16:27:59.876Z	info	app/vmalert/group.go:235	group "duplicatedGroupDiffFiles": received stop signal
2020-09-22T16:27:59.876Z	info	app/vmalert/group.go:225	group "TestGroup" started; interval=1ms; concurrency=1
2020-09-22T16:27:59.876Z	info	app/vmalert/group.go:235	group "TestGroup": received stop signal
2020-09-22T16:27:59.876Z	info	app/vmalert/group.go:225	group "groupGorSingleAlert" started; interval=1ms; concurrency=1
2020-09-22T16:27:59.876Z	info	app/vmalert/group.go:235	group "groupGorSingleAlert": received stop signal
2020-09-22T16:27:59.876Z	info	app/vmalert/manager.go:84	reading rules configuration file from "config/testdata/rules2-good.rules"
2020-09-22T16:27:59.876Z	info	app/vmalert/group.go:225	group "TestGroup" started; interval=2s; concurrency=2
2020-09-22T16:27:59.876Z	info	app/vmalert/manager.go:84	reading rules configuration file from "config/testdata/dir/rules0-good.rules"
2020-09-22T16:27:59.876Z	info	app/vmalert/group.go:235	group "TestGroup": received stop signal
2020-09-22T16:27:59.876Z	info	app/vmalert/manager.go:84	reading rules configuration file from "config/testdata/rules0-good.rules"
2020-09-22T16:27:59.876Z	info	app/vmalert/group.go:225	group "duplicatedGroupDiffFiles" started; interval=1ms; concurrency=1
2020-09-22T16:27:59.876Z	info	app/vmalert/group.go:235	group "duplicatedGroupDiffFiles": received stop signal
2020-09-22T16:27:59.876Z	info	app/vmalert/group.go:225	group "TestGroup" started; interval=2s; concurrency=2
2020-09-22T16:27:59.876Z	info	app/vmalert/manager.go:84	reading rules configuration file from "config/testdata/rules0-good.rules"
2020-09-22T16:27:59.876Z	info	app/vmalert/group.go:235	group "TestGroup": received stop signal
2020-09-22T16:27:59.877Z	info	app/vmalert/group.go:225	group "groupGorSingleAlert" started; interval=1ms; concurrency=1
2020-09-22T16:27:59.877Z	info	app/vmalert/manager.go:84	reading rules configuration file from "config/testdata/rules2-good.rules"
2020-09-22T16:27:59.877Z	info	app/vmalert/group.go:225	group "TestGroup" started; interval=1ms; concurrency=1
2020-09-22T16:27:59.877Z	info	app/vmalert/group.go:235	group "groupGorSingleAlert": received stop signal
2020-09-22T16:27:59.877Z	info	app/vmalert/group.go:235	group "TestGroup": received stop signal
2020-09-22T16:27:59.877Z	info	app/vmalert/manager.go:84	reading rules configuration file from "config/testdata/rules0-good.rules"
2020-09-22T16:27:59.877Z	info	app/vmalert/group.go:225	group "duplicatedGroupDiffFiles" started; interval=1ms; concurrency=1
2020-09-22T16:27:59.877Z	info	app/vmalert/group.go:235	group "duplicatedGroupDiffFiles": received stop signal
2020-09-22T16:27:59.877Z	info	app/vmalert/group.go:225	group "duplicatedGroupDiffFiles" started; interval=1ms; concurrency=1
2020-09-22T16:27:59.877Z	info	app/vmalert/manager.go:84	reading rules configuration file from "config/testdata/rules2-good.rules"
2020-09-22T16:27:59.877Z	info	app/vmalert/group.go:235	group "duplicatedGroupDiffFiles": received stop signal
2020-09-22T16:27:59.877Z	info	app/vmalert/manager.go:84	reading rules configuration file from "config/testdata/rules0-good.rules"
2020-09-22T16:27:59.877Z	info	app/vmalert/manager.go:84	reading rules configuration file from "config/testdata/rules2-good.rules"
2020-09-22T16:27:59.878Z	info	app/vmalert/group.go:225	group "groupTest" started; interval=1ms; concurrency=1
2020-09-22T16:27:59.878Z	info	app/vmalert/manager.go:84	reading rules configuration file from "config/testdata/rules2-good.rules"
2020-09-22T16:27:59.878Z	info	app/vmalert/manager.go:84	reading rules configuration file from "config/testdata/dir/rules1-bad.rules"
2020-09-22T16:27:59.878Z	info	app/vmalert/group.go:235	group "groupTest": received stop signal
2020-09-22T16:27:59.878Z	info	app/vmalert/group.go:225	group "groupGorSingleAlert" started; interval=1ms; concurrency=1
2020-09-22T16:27:59.878Z	info	app/vmalert/group.go:235	group "groupGorSingleAlert": received stop signal
2020-09-22T16:27:59.878Z	info	app/vmalert/group.go:225	group "TestGroup" started; interval=1ms; concurrency=1
2020-09-22T16:27:59.878Z	info	app/vmalert/group.go:235	group "TestGroup": received stop signal
2020-09-22T16:27:59.878Z	info	app/vmalert/manager.go:84	reading rules configuration file from "config/testdata/dir/rules1-good.rules"
2020-09-22T16:27:59.878Z	info	app/vmalert/group.go:225	group "groupTest" started; interval=1ms; concurrency=1
2020-09-22T16:27:59.878Z	info	app/vmalert/group.go:235	group "groupTest": received stop signal
2020-09-22T16:27:59.878Z	info	app/vmalert/manager.go:84	reading rules configuration file from "config/testdata/rules2-good.rules"
2020-09-22T16:27:59.878Z	info	app/vmalert/group.go:225	group "duplicatedGroupDiffFiles" started; interval=1ms; concurrency=1
2020-09-22T16:27:59.878Z	info	app/vmalert/manager.go:84	reading rules configuration file from "config/testdata/dir/rules1-bad.rules"
2020-09-22T16:27:59.878Z	info	app/vmalert/group.go:235	group "duplicatedGroupDiffFiles": received stop signal
2020-09-22T16:27:59.879Z	info	app/vmalert/manager.go:84	reading rules configuration file from "config/testdata/dir/rules1-good.rules"
2020-09-22T16:27:59.879Z	info	app/vmalert/group.go:225	group "groupTest" started; interval=1ms; concurrency=1
2020-09-22T16:27:59.879Z	info	app/vmalert/group.go:235	group "groupTest": received stop signal
2020-09-22T16:27:59.879Z	info	app/vmalert/group.go:225	group "duplicatedGroupDiffFiles" started; interval=1ms; concurrency=1
2020-09-22T16:27:59.879Z	info	app/vmalert/manager.go:84	reading rules configuration file from "config/testdata/rules2-good.rules"
2020-09-22T16:27:59.879Z	info	app/vmalert/group.go:235	group "duplicatedGroupDiffFiles": received stop signal
2020-09-22T16:27:59.879Z	info	app/vmalert/group.go:225	group "groupTest" started; interval=1ms; concurrency=1
2020-09-22T16:27:59.879Z	info	app/vmalert/group.go:235	group "groupTest": received stop signal
2020-09-22T16:27:59.879Z	info	app/vmalert/manager.go:84	reading rules configuration file from "config/testdata/rules0-good.rules"
2020-09-22T16:27:59.879Z	info	app/vmalert/group.go:225	group "groupGorSingleAlert" started; interval=1ms; concurrency=1
2020-09-22T16:27:59.879Z	info	app/vmalert/group.go:225	group "TestGroup" started; interval=1ms; concurrency=1
2020-09-22T16:27:59.879Z	info	app/vmalert/manager.go:84	reading rules configuration file from "config/testdata/dir/rules1-bad.rules"
2020-09-22T16:27:59.879Z	info	app/vmalert/group.go:235	group "groupGorSingleAlert": received stop signal
2020-09-22T16:27:59.879Z	info	app/vmalert/group.go:235	group "TestGroup": received stop signal
2020-09-22T16:27:59.879Z	info	app/vmalert/group.go:225	group "TestGroup" started; interval=2s; concurrency=2
2020-09-22T16:27:59.879Z	info	app/vmalert/manager.go:84	reading rules configuration file from "config/testdata/dir/rules0-bad.rules"
2020-09-22T16:27:59.880Z	info	app/vmalert/group.go:235	group "TestGroup": received stop signal
2020-09-22T16:27:59.880Z	info	app/vmalert/manager.go:84	reading rules configuration file from "config/testdata/rules2-good.rules"
2020-09-22T16:27:59.880Z	info	app/vmalert/group.go:225	group "groupGorSingleAlert" started; interval=1ms; concurrency=1
2020-09-22T16:27:59.880Z	info	app/vmalert/manager.go:84	reading rules configuration file from "config/testdata/dir/rules0-good.rules"
2020-09-22T16:27:59.880Z	info	app/vmalert/group.go:225	group "TestGroup" started; interval=1ms; concurrency=1
2020-09-22T16:27:59.880Z	info	app/vmalert/group.go:235	group "TestGroup": received stop signal
2020-09-22T16:27:59.880Z	info	app/vmalert/group.go:235	group "groupGorSingleAlert": received stop signal
2020-09-22T16:27:59.880Z	info	app/vmalert/group.go:225	group "TestGroup" started; interval=2s; concurrency=2
2020-09-22T16:27:59.880Z	info	app/vmalert/group.go:235	group "TestGroup": received stop signal
2020-09-22T16:27:59.880Z	info	app/vmalert/manager.go:84	reading rules configuration file from "config/testdata/rules1-good.rules"
2020-09-22T16:27:59.880Z	info	app/vmalert/manager.go:84	reading rules configuration file from "config/testdata/dir/rules0-bad.rules"
2020-09-22T16:27:59.880Z	info	app/vmalert/manager.go:84	reading rules configuration file from "config/testdata/rules0-good.rules"
2020-09-22T16:27:59.880Z	info	app/vmalert/manager.go:84	reading rules configuration file from "config/testdata/rules1-good.rules"
2020-09-22T16:27:59.880Z	info	app/vmalert/manager.go:84	reading rules configuration file from "config/testdata/dir/rules1-good.rules"
2020-09-22T16:27:59.880Z	info	app/vmalert/group.go:225	group "duplicatedGroupDiffFiles" started; interval=1ms; concurrency=1
2020-09-22T16:27:59.880Z	info	app/vmalert/group.go:235	group "duplicatedGroupDiffFiles": received stop signal
2020-09-22T16:27:59.881Z	info	app/vmalert/manager.go:84	reading rules configuration file from "config/testdata/rules2-good.rules"
2020-09-22T16:27:59.881Z	info	app/vmalert/manager.go:84	reading rules configuration file from "config/testdata/rules1-good.rules"
2020-09-22T16:27:59.881Z	info	app/vmalert/manager.go:84	reading rules configuration file from "config/testdata/rules0-good.rules"
2020-09-22T16:27:59.881Z	info	app/vmalert/group.go:225	group "TestGroup" started; interval=1ms; concurrency=1
2020-09-22T16:27:59.881Z	info	app/vmalert/group.go:225	group "groupGorSingleAlert" started; interval=1ms; concurrency=1
2020-09-22T16:27:59.881Z	info	app/vmalert/manager.go:84	reading rules configuration file from "config/testdata/dir/rules1-good.rules"
2020-09-22T16:27:59.881Z	info	app/vmalert/group.go:235	group "TestGroup": received stop signal
2020-09-22T16:27:59.881Z	info	app/vmalert/manager.go:84	reading rules configuration file from "config/testdata/dir/rules0-good.rules"
2020-09-22T16:27:59.881Z	info	app/vmalert/group.go:235	group "groupGorSingleAlert": received stop signal
2020-09-22T16:27:59.881Z	info	app/vmalert/manager.go:84	reading rules configuration file from "config/testdata/dir/rules1-good.rules"
2020-09-22T16:27:59.881Z	info	app/vmalert/group.go:225	group "groupTest" started; interval=1ms; concurrency=1
2020-09-22T16:27:59.881Z	info	app/vmalert/manager.go:84	reading rules configuration file from "config/testdata/rules0-good.rules"
2020-09-22T16:27:59.882Z	info	app/vmalert/group.go:235	group "groupTest": received stop signal
2020-09-22T16:27:59.882Z	info	app/vmalert/manager.go:84	reading rules configuration file from "config/testdata/rules1-good.rules"
2020-09-22T16:27:59.882Z	info	app/vmalert/group.go:225	group "duplicatedGroupDiffFiles" started; interval=1ms; concurrency=1
2020-09-22T16:27:59.882Z	info	app/vmalert/group.go:235	group "duplicatedGroupDiffFiles": received stop signal
2020-09-22T16:27:59.882Z	info	app/vmalert/manager.go:84	reading rules configuration file from "config/testdata/dir/rules1-good.rules"
2020-09-22T16:27:59.882Z	info	app/vmalert/group.go:225	group "TestGroup" started; interval=2s; concurrency=2
2020-09-22T16:27:59.882Z	info	app/vmalert/group.go:235	group "TestGroup": received stop signal
2020-09-22T16:27:59.882Z	info	app/vmalert/group.go:225	group "groupGorSingleAlert" started; interval=1ms; concurrency=1
2020-09-22T16:27:59.882Z	info	app/vmalert/manager.go:84	reading rules configuration file from "config/testdata/rules0-good.rules"
2020-09-22T16:27:59.882Z	info	app/vmalert/group.go:225	group "TestGroup" started; interval=1ms; concurrency=1
2020-09-22T16:27:59.882Z	info	app/vmalert/group.go:235	group "groupGorSingleAlert": received stop signal
2020-09-22T16:27:59.882Z	info	app/vmalert/group.go:235	group "TestGroup": received stop signal
2020-09-22T16:27:59.882Z	info	app/vmalert/group.go:225	group "TestGroup" started; interval=2s; concurrency=2
2020-09-22T16:27:59.883Z	info	app/vmalert/group.go:235	group "TestGroup": received stop signal
2020-09-22T16:27:59.883Z	info	app/vmalert/manager.go:84	reading rules configuration file from "config/testdata/rules0-good.rules"
2020-09-22T16:27:59.883Z	info	app/vmalert/group.go:225	group "duplicatedGroupDiffFiles" started; interval=1ms; concurrency=1
2020-09-22T16:27:59.883Z	info	app/vmalert/group.go:235	group "duplicatedGroupDiffFiles": received stop signal
2020-09-22T16:27:59.883Z	info	app/vmalert/manager.go:84	reading rules configuration file from "config/testdata/rules1-good.rules"
2020-09-22T16:27:59.883Z	info	app/vmalert/manager.go:84	reading rules configuration file from "config/testdata/rules2-good.rules"
2020-09-22T16:27:59.883Z	info	app/vmalert/manager.go:84	reading rules configuration file from "config/testdata/rules0-good.rules"
2020-09-22T16:27:59.883Z	info	app/vmalert/group.go:225	group "TestGroup" started; interval=2s; concurrency=2
2020-09-22T16:27:59.883Z	info	app/vmalert/group.go:235	group "TestGroup": received stop signal
2020-09-22T16:27:59.883Z	info	app/vmalert/group.go:225	group "duplicatedGroupDiffFiles" started; interval=1ms; concurrency=1
2020-09-22T16:27:59.883Z	info	app/vmalert/manager.go:84	reading rules configuration file from "config/testdata/dir/rules0-good.rules"
2020-09-22T16:27:59.883Z	info	app/vmalert/group.go:235	group "duplicatedGroupDiffFiles": received stop signal
2020-09-22T16:27:59.883Z	info	app/vmalert/manager.go:84	reading rules configuration file from "config/testdata/dir/rules1-good.rules"
2020-09-22T16:27:59.883Z	info	app/vmalert/manager.go:84	reading rules configuration file from "config/testdata/rules0-good.rules"
2020-09-22T16:27:59.883Z	info	app/vmalert/group.go:225	group "TestGroup" started; interval=2s; concurrency=2
2020-09-22T16:27:59.883Z	info	app/vmalert/manager.go:84	reading rules configuration file from "config/testdata/dir/rules0-good.rules"
2020-09-22T16:27:59.883Z	info	app/vmalert/manager.go:84	reading rules configuration file from "config/testdata/rules0-good.rules"
2020-09-22T16:27:59.883Z	info	app/vmalert/group.go:235	group "TestGroup": received stop signal
2020-09-22T16:27:59.883Z	info	app/vmalert/group.go:225	group "groupTest" started; interval=1ms; concurrency=1
2020-09-22T16:27:59.883Z	info	app/vmalert/group.go:235	group "groupTest": received stop signal
2020-09-22T16:27:59.883Z	info	app/vmalert/manager.go:84	reading rules configuration file from "config/testdata/dir/rules0-bad.rules"
2020-09-22T16:27:59.884Z	info	app/vmalert/manager.go:84	reading rules configuration file from "config/testdata/rules1-good.rules"
2020-09-22T16:27:59.884Z	info	app/vmalert/manager.go:84	reading rules configuration file from "config/testdata/dir/rules1-bad.rules"
2020-09-22T16:27:59.884Z	info	app/vmalert/group.go:225	group "duplicatedGroupDiffFiles" started; interval=1ms; concurrency=1
2020-09-22T16:27:59.884Z	info	app/vmalert/group.go:235	group "duplicatedGroupDiffFiles": received stop signal
2020-09-22T16:27:59.884Z	info	app/vmalert/group.go:225	group "groupTest" started; interval=1ms; concurrency=1
2020-09-22T16:27:59.884Z	info	app/vmalert/group.go:235	group "groupTest": received stop signal
2020-09-22T16:27:59.884Z	info	app/vmalert/manager.go:84	reading rules configuration file from "config/testdata/rules0-good.rules"
2020-09-22T16:27:59.884Z	info	app/vmalert/group.go:225	group "TestGroup" started; interval=2s; concurrency=2
2020-09-22T16:27:59.884Z	info	app/vmalert/group.go:235	group "TestGroup": received stop signal
2020-09-22T16:27:59.884Z	info	app/vmalert/manager.go:84	reading rules configuration file from "config/testdata/rules0-good.rules"
2020-09-22T16:27:59.884Z	info	app/vmalert/manager.go:84	reading rules configuration file from "config/testdata/rules2-good.rules"
2020-09-22T16:27:59.884Z	info	app/vmalert/group.go:225	group "duplicatedGroupDiffFiles" started; interval=1ms; concurrency=1
2020-09-22T16:27:59.884Z	info	app/vmalert/group.go:235	group "duplicatedGroupDiffFiles": received stop signal
2020-09-22T16:27:59.884Z	info	app/vmalert/manager.go:84	reading rules configuration file from "config/testdata/dir/rules0-good.rules"
2020-09-22T16:27:59.884Z	info	app/vmalert/manager.go:84	reading rules configuration file from "config/testdata/dir/rules0-bad.rules"
2020-09-22T16:27:59.884Z	info	app/vmalert/manager.go:84	reading rules configuration file from "config/testdata/dir/rules0-good.rules"
2020-09-22T16:27:59.884Z	info	app/vmalert/manager.go:84	reading rules configuration file from "config/testdata/rules2-good.rules"
2020-09-22T16:27:59.885Z	info	app/vmalert/manager.go:84	reading rules configuration file from "config/testdata/dir/rules1-bad.rules"
2020-09-22T16:27:59.885Z	info	app/vmalert/group.go:225	group "groupTest" started; interval=1ms; concurrency=1
2020-09-22T16:27:59.885Z	info	app/vmalert/group.go:235	group "groupTest": received stop signal
2020-09-22T16:27:59.885Z	info	app/vmalert/manager.go:84	reading rules configuration file from "config/testdata/rules0-good.rules"
2020-09-22T16:27:59.885Z	info	app/vmalert/manager.go:84	reading rules configuration file from "config/testdata/rules2-good.rules"
2020-09-22T16:27:59.885Z	info	app/vmalert/group.go:225	group "duplicatedGroupDiffFiles" started; interval=1ms; concurrency=1
2020-09-22T16:27:59.885Z	info	app/vmalert/group.go:235	group "duplicatedGroupDiffFiles": received stop signal
2020-09-22T16:27:59.885Z	info	app/vmalert/manager.go:84	reading rules configuration file from "config/testdata/dir/rules0-bad.rules"
2020-09-22T16:27:59.885Z	info	app/vmalert/group.go:225	group "duplicatedGroupDiffFiles" started; interval=1ms; concurrency=1
2020-09-22T16:27:59.885Z	info	app/vmalert/manager.go:84	reading rules configuration file from "config/testdata/dir/rules0-good.rules"
2020-09-22T16:27:59.885Z	info	app/vmalert/manager.go:84	reading rules configuration file from "config/testdata/dir/rules1-good.rules"
2020-09-22T16:27:59.885Z	info	app/vmalert/group.go:235	group "duplicatedGroupDiffFiles": received stop signal
2020-09-22T16:27:59.885Z	info	app/vmalert/manager.go:84	reading rules configuration file from "config/testdata/dir/rules0-bad.rules"
2020-09-22T16:27:59.886Z	info	app/vmalert/group.go:225	group "groupGorSingleAlert" started; interval=1ms; concurrency=1
2020-09-22T16:27:59.885Z	info	app/vmalert/manager.go:84	reading rules configuration file from "config/testdata/dir/rules1-bad.rules"
2020-09-22T16:27:59.886Z	info	app/vmalert/group.go:225	group "TestGroup" started; interval=1ms; concurrency=1
2020-09-22T16:27:59.886Z	info	app/vmalert/group.go:235	group "groupGorSingleAlert": received stop signal
2020-09-22T16:27:59.886Z	info	app/vmalert/group.go:235	group "TestGroup": received stop signal
2020-09-22T16:27:59.886Z	info	app/vmalert/manager.go:84	reading rules configuration file from "config/testdata/rules0-good.rules"
2020-09-22T16:27:59.886Z	info	app/vmalert/manager.go:84	reading rules configuration file from "config/testdata/rules1-good.rules"
2020-09-22T16:27:59.886Z	info	app/vmalert/manager.go:84	reading rules configuration file from "config/testdata/dir/rules0-bad.rules"
2020-09-22T16:27:59.886Z	info	app/vmalert/group.go:225	group "groupTest" started; interval=1ms; concurrency=1
2020-09-22T16:27:59.886Z	info	app/vmalert/group.go:235	group "groupTest": received stop signal
2020-09-22T16:27:59.886Z	info	app/vmalert/manager.go:84	reading rules configuration file from "config/testdata/rules0-good.rules"
2020-09-22T16:27:59.886Z	info	app/vmalert/group.go:225	group "TestGroup" started; interval=2s; concurrency=2
2020-09-22T16:27:59.886Z	info	app/vmalert/manager.go:84	reading rules configuration file from "config/testdata/rules0-good.rules"
2020-09-22T16:27:59.886Z	info	app/vmalert/group.go:235	group "TestGroup": received stop signal
2020-09-22T16:27:59.887Z	info	app/vmalert/group.go:225	group "groupGorSingleAlert" started; interval=1ms; concurrency=1
2020-09-22T16:27:59.887Z	info	app/vmalert/group.go:225	group "TestGroup" started; interval=1ms; concurrency=1
2020-09-22T16:27:59.887Z	info	app/vmalert/manager.go:84	reading rules configuration file from "config/testdata/dir/rules1-good.rules"
2020-09-22T16:27:59.887Z	info	app/vmalert/group.go:235	group "groupGorSingleAlert": received stop signal
2020-09-22T16:27:59.886Z	info	app/vmalert/manager.go:84	reading rules configuration file from "config/testdata/rules1-good.rules"
2020-09-22T16:27:59.887Z	info	app/vmalert/group.go:235	group "TestGroup": received stop signal
2020-09-22T16:27:59.887Z	info	app/vmalert/manager.go:84	reading rules configuration file from "config/testdata/dir/rules1-bad.rules"
2020-09-22T16:27:59.887Z	info	app/vmalert/group.go:225	group "duplicatedGroupDiffFiles" started; interval=1ms; concurrency=1
2020-09-22T16:27:59.887Z	info	app/vmalert/group.go:235	group "duplicatedGroupDiffFiles": received stop signal
2020-09-22T16:27:59.887Z	info	app/vmalert/manager.go:84	reading rules configuration file from "config/testdata/rules1-good.rules"
2020-09-22T16:27:59.887Z	info	app/vmalert/manager.go:84	reading rules configuration file from "config/testdata/rules1-good.rules"
2020-09-22T16:27:59.887Z	info	app/vmalert/manager.go:84	reading rules configuration file from "config/testdata/dir/rules1-good.rules"
2020-09-22T16:27:59.887Z	info	app/vmalert/group.go:225	group "duplicatedGroupDiffFiles" started; interval=1ms; concurrency=1
2020-09-22T16:27:59.887Z	info	app/vmalert/group.go:235	group "duplicatedGroupDiffFiles": received stop signal
2020-09-22T16:27:59.887Z	info	app/vmalert/manager.go:84	reading rules configuration file from "config/testdata/dir/rules1-good.rules"
2020-09-22T16:27:59.887Z	info	app/vmalert/group.go:225	group "groupTest" started; interval=1ms; concurrency=1
2020-09-22T16:27:59.887Z	info	app/vmalert/group.go:235	group "groupTest": received stop signal
2020-09-22T16:27:59.888Z	info	app/vmalert/manager.go:84	reading rules configuration file from "config/testdata/dir/rules0-good.rules"
2020-09-22T16:27:59.888Z	info	app/vmalert/group.go:225	group "duplicatedGroupDiffFiles" started; interval=1ms; concurrency=1
2020-09-22T16:27:59.888Z	info	app/vmalert/group.go:235	group "duplicatedGroupDiffFiles": received stop signal
2020-09-22T16:27:59.888Z	info	app/vmalert/manager.go:84	reading rules configuration file from "config/testdata/dir/rules0-good.rules"
2020-09-22T16:27:59.888Z	info	app/vmalert/group.go:225	group "TestGroup" started; interval=2s; concurrency=2
2020-09-22T16:27:59.888Z	info	app/vmalert/group.go:235	group "TestGroup": received stop signal
2020-09-22T16:27:59.888Z	info	app/vmalert/group.go:225	group "groupGorSingleAlert" started; interval=1ms; concurrency=1
2020-09-22T16:27:59.888Z	info	app/vmalert/group.go:235	group "groupGorSingleAlert": received stop signal
2020-09-22T16:27:59.888Z	info	app/vmalert/manager.go:84	reading rules configuration file from "config/testdata/dir/rules1-good.rules"
2020-09-22T16:27:59.888Z	info	app/vmalert/manager.go:84	reading rules configuration file from "config/testdata/dir/rules1-bad.rules"
2020-09-22T16:27:59.888Z	info	app/vmalert/group.go:225	group "TestGroup" started; interval=1ms; concurrency=1
2020-09-22T16:27:59.888Z	info	app/vmalert/group.go:235	group "TestGroup": received stop signal
2020-09-22T16:27:59.888Z	info	app/vmalert/manager.go:84	reading rules configuration file from "config/testdata/rules0-good.rules"
2020-09-22T16:27:59.888Z	info	app/vmalert/group.go:225	group "duplicatedGroupDiffFiles" started; interval=1ms; concurrency=1
2020-09-22T16:27:59.888Z	info	app/vmalert/manager.go:84	reading rules configuration file from "config/testdata/dir/rules1-bad.rules"
2020-09-22T16:27:59.888Z	info	app/vmalert/group.go:235	group "duplicatedGroupDiffFiles": received stop signal
2020-09-22T16:27:59.888Z	info	app/vmalert/group.go:225	group "TestGroup" started; interval=2s; concurrency=2
2020-09-22T16:27:59.888Z	info	app/vmalert/group.go:235	group "TestGroup": received stop signal
2020-09-22T16:27:59.888Z	info	app/vmalert/manager.go:84	reading rules configuration file from "config/testdata/rules0-good.rules"
2020-09-22T16:27:59.888Z	info	app/vmalert/group.go:225	group "duplicatedGroupDiffFiles" started; interval=1ms; concurrency=1
2020-09-22T16:27:59.888Z	info	app/vmalert/manager.go:84	reading rules configuration file from "config/testdata/dir/rules1-bad.rules"
2020-09-22T16:27:59.888Z	info	app/vmalert/group.go:235	group "duplicatedGroupDiffFiles": received stop signal
2020-09-22T16:27:59.888Z	info	app/vmalert/group.go:225	group "TestGroup" started; interval=2s; concurrency=2
2020-09-22T16:27:59.889Z	info	app/vmalert/group.go:235	group "TestGroup": received stop signal
2020-09-22T16:27:59.889Z	info	app/vmalert/manager.go:84	reading rules configuration file from "config/testdata/dir/rules0-good.rules"
2020-09-22T16:27:59.889Z	info	app/vmalert/manager.go:84	reading rules configuration file from "config/testdata/rules2-good.rules"
2020-09-22T16:27:59.889Z	info	app/vmalert/manager.go:84	reading rules configuration file from "config/testdata/dir/rules0-bad.rules"
2020-09-22T16:27:59.889Z	info	app/vmalert/manager.go:84	reading rules configuration file from "config/testdata/rules2-good.rules"
2020-09-22T16:27:59.889Z	info	app/vmalert/group.go:225	group "duplicatedGroupDiffFiles" started; interval=1ms; concurrency=1
2020-09-22T16:27:59.889Z	info	app/vmalert/group.go:235	group "duplicatedGroupDiffFiles": received stop signal
2020-09-22T16:27:59.889Z	info	app/vmalert/manager.go:84	reading rules configuration file from "config/testdata/rules0-good.rules"
2020-09-22T16:27:59.889Z	info	app/vmalert/group.go:225	group "groupTest" started; interval=1ms; concurrency=1
2020-09-22T16:27:59.889Z	info	app/vmalert/manager.go:84	reading rules configuration file from "config/testdata/rules0-good.rules"
2020-09-22T16:27:59.889Z	info	app/vmalert/group.go:235	group "groupTest": received stop signal
2020-09-22T16:27:59.889Z	info	app/vmalert/manager.go:84	reading rules configuration file from "config/testdata/rules2-good.rules"
2020-09-22T16:27:59.889Z	info	app/vmalert/group.go:225	group "duplicatedGroupDiffFiles" started; interval=1ms; concurrency=1
2020-09-22T16:27:59.889Z	info	app/vmalert/manager.go:84	reading rules configuration file from "config/testdata/dir/rules0-good.rules"
2020-09-22T16:27:59.889Z	info	app/vmalert/manager.go:84	reading rules configuration file from "config/testdata/rules0-good.rules"
2020-09-22T16:27:59.889Z	info	app/vmalert/manager.go:84	reading rules configuration file from "config/testdata/rules2-good.rules"
2020-09-22T16:27:59.889Z	info	app/vmalert/group.go:235	group "duplicatedGroupDiffFiles": received stop signal
2020-09-22T16:27:59.889Z	info	app/vmalert/manager.go:84	reading rules configuration file from "config/testdata/dir/rules0-bad.rules"
2020-09-22T16:27:59.889Z	info	app/vmalert/group.go:225	group "duplicatedGroupDiffFiles" started; interval=1ms; concurrency=1
2020-09-22T16:27:59.890Z	info	app/vmalert/group.go:235	group "duplicatedGroupDiffFiles": received stop signal
2020-09-22T16:27:59.890Z	info	app/vmalert/manager.go:84	reading rules configuration file from "config/testdata/dir/rules0-good.rules"
2020-09-22T16:27:59.890Z	info	app/vmalert/manager.go:84	reading rules configuration file from "config/testdata/dir/rules0-bad.rules"
2020-09-22T16:27:59.890Z	info	app/vmalert/manager.go:84	reading rules configuration file from "config/testdata/dir/rules0-bad.rules"
2020-09-22T16:27:59.890Z	info	app/vmalert/group.go:225	group "groupTest" started; interval=1ms; concurrency=1
2020-09-22T16:27:59.890Z	info	app/vmalert/group.go:235	group "groupTest": received stop signal
2020-09-22T16:27:59.890Z	info	app/vmalert/manager.go:84	reading rules configuration file from "config/testdata/dir/rules0-good.rules"
2020-09-22T16:27:59.890Z	info	app/vmalert/group.go:225	group "TestGroup" started; interval=2s; concurrency=2
2020-09-22T16:27:59.891Z	info	app/vmalert/group.go:235	group "TestGroup": received stop signal
2020-09-22T16:27:59.891Z	info	app/vmalert/group.go:225	group "groupGorSingleAlert" started; interval=1ms; concurrency=1
2020-09-22T16:27:59.891Z	info	app/vmalert/group.go:225	group "TestGroup" started; interval=1ms; concurrency=1
2020-09-22T16:27:59.891Z	info	app/vmalert/manager.go:84	reading rules configuration file from "config/testdata/rules0-good.rules"
2020-09-22T16:27:59.891Z	info	app/vmalert/group.go:235	group "groupGorSingleAlert": received stop signal
2020-09-22T16:27:59.891Z	info	app/vmalert/group.go:235	group "TestGroup": received stop signal
2020-09-22T16:27:59.891Z	info	app/vmalert/manager.go:84	reading rules configuration file from "config/testdata/dir/rules0-bad.rules"
2020-09-22T16:27:59.891Z	info	app/vmalert/manager.go:84	reading rules configuration file from "config/testdata/rules2-good.rules"
2020-09-22T16:27:59.891Z	info	app/vmalert/group.go:225	group "duplicatedGroupDiffFiles" started; interval=1ms; concurrency=1
2020-09-22T16:27:59.891Z	info	app/vmalert/group.go:235	group "duplicatedGroupDiffFiles": received stop signal
2020-09-22T16:27:59.891Z	info	app/vmalert/manager.go:84	reading rules configuration file from "config/testdata/dir/rules0-good.rules"
2020-09-22T16:27:59.891Z	info	app/vmalert/group.go:225	group "duplicatedGroupDiffFiles" started; interval=1ms; concurrency=1
2020-09-22T16:27:59.891Z	info	app/vmalert/group.go:235	group "duplicatedGroupDiffFiles": received stop signal
2020-09-22T16:27:59.891Z	info	app/vmalert/manager.go:84	reading rules configuration file from "config/testdata/rules0-good.rules"
2020-09-22T16:27:59.891Z	info	app/vmalert/group.go:225	group "TestGroup" started; interval=1ms; concurrency=1
2020-09-22T16:27:59.891Z	info	app/vmalert/group.go:225	group "groupGorSingleAlert" started; interval=1ms; concurrency=1
2020-09-22T16:27:59.892Z	info	app/vmalert/group.go:235	group "groupGorSingleAlert": received stop signal
2020-09-22T16:27:59.892Z	info	app/vmalert/group.go:235	group "TestGroup": received stop signal
2020-09-22T16:27:59.892Z	info	app/vmalert/manager.go:84	reading rules configuration file from "config/testdata/dir/rules1-good.rules"
2020-09-22T16:27:59.892Z	info	app/vmalert/group.go:225	group "duplicatedGroupDiffFiles" started; interval=1ms; concurrency=1
2020-09-22T16:27:59.892Z	info	app/vmalert/group.go:235	group "duplicatedGroupDiffFiles": received stop signal
2020-09-22T16:27:59.892Z	info	app/vmalert/group.go:225	group "duplicatedGroupDiffFiles" started; interval=1ms; concurrency=1
2020-09-22T16:27:59.892Z	info	app/vmalert/group.go:235	group "duplicatedGroupDiffFiles": received stop signal
2020-09-22T16:27:59.892Z	info	app/vmalert/manager.go:84	reading rules configuration file from "config/testdata/dir/rules1-bad.rules"
2020-09-22T16:27:59.892Z	info	app/vmalert/manager.go:84	reading rules configuration file from "config/testdata/dir/rules1-bad.rules"
2020-09-22T16:27:59.892Z	info	app/vmalert/manager.go:84	reading rules configuration file from "config/testdata/dir/rules1-good.rules"
2020-09-22T16:27:59.892Z	info	app/vmalert/group.go:225	group "groupTest" started; interval=1ms; concurrency=1
2020-09-22T16:27:59.893Z	info	app/vmalert/group.go:235	group "groupTest": received stop signal
2020-09-22T16:27:59.893Z	info	app/vmalert/manager.go:84	reading rules configuration file from "config/testdata/rules0-good.rules"
2020-09-22T16:27:59.893Z	info	app/vmalert/group.go:225	group "duplicatedGroupDiffFiles" started; interval=1ms; concurrency=1
2020-09-22T16:27:59.893Z	info	app/vmalert/group.go:235	group "duplicatedGroupDiffFiles": received stop signal
2020-09-22T16:27:59.893Z	info	app/vmalert/group.go:225	group "TestGroup" started; interval=1ms; concurrency=1
2020-09-22T16:27:59.893Z	info	app/vmalert/group.go:225	group "groupGorSingleAlert" started; interval=1ms; concurrency=1
2020-09-22T16:27:59.893Z	info	app/vmalert/manager.go:84	reading rules configuration file from "config/testdata/dir/rules0-good.rules"
2020-09-22T16:27:59.893Z	info	app/vmalert/manager.go:84	reading rules configuration file from "config/testdata/dir/rules0-bad.rules"
2020-09-22T16:27:59.893Z	info	app/vmalert/group.go:235	group "groupGorSingleAlert": received stop signal
2020-09-22T16:27:59.893Z	info	app/vmalert/group.go:235	group "TestGroup": received stop signal
2020-09-22T16:27:59.893Z	info	app/vmalert/group.go:225	group "TestGroup" started; interval=2s; concurrency=2
2020-09-22T16:27:59.893Z	info	app/vmalert/manager.go:84	reading rules configuration file from "config/testdata/dir/rules0-good.rules"
2020-09-22T16:27:59.893Z	info	app/vmalert/manager.go:84	reading rules configuration file from "config/testdata/dir/rules0-good.rules"
2020-09-22T16:27:59.893Z	info	app/vmalert/group.go:235	group "TestGroup": received stop signal
2020-09-22T16:27:59.893Z	info	app/vmalert/manager.go:84	reading rules configuration file from "config/testdata/rules1-good.rules"
2020-09-22T16:27:59.893Z	info	app/vmalert/manager.go:84	reading rules configuration file from "config/testdata/rules2-good.rules"
2020-09-22T16:27:59.893Z	info	app/vmalert/manager.go:84	reading rules configuration file from "config/testdata/dir/rules0-bad.rules"
2020-09-22T16:27:59.893Z	info	app/vmalert/manager.go:84	reading rules configuration file from "config/testdata/dir/rules1-bad.rules"
2020-09-22T16:27:59.893Z	info	app/vmalert/group.go:225	group "groupTest" started; interval=1ms; concurrency=1
2020-09-22T16:27:59.893Z	info	app/vmalert/group.go:235	group "groupTest": received stop signal
2020-09-22T16:27:59.893Z	info	app/vmalert/manager.go:84	reading rules configuration file from "config/testdata/dir/rules1-bad.rules"
2020-09-22T16:27:59.893Z	info	app/vmalert/group.go:225	group "TestGroup" started; interval=1ms; concurrency=1
2020-09-22T16:27:59.893Z	info	app/vmalert/group.go:225	group "groupGorSingleAlert" started; interval=1ms; concurrency=1
2020-09-22T16:27:59.894Z	info	app/vmalert/group.go:235	group "groupGorSingleAlert": received stop signal
2020-09-22T16:27:59.893Z	info	app/vmalert/manager.go:84	reading rules configuration file from "config/testdata/dir/rules1-good.rules"
2020-09-22T16:27:59.894Z	info	app/vmalert/manager.go:84	reading rules configuration file from "config/testdata/dir/rules1-bad.rules"
2020-09-22T16:27:59.894Z	info	app/vmalert/group.go:235	group "TestGroup": received stop signal
2020-09-22T16:27:59.894Z	info	app/vmalert/group.go:225	group "TestGroup" started; interval=2s; concurrency=2
2020-09-22T16:27:59.894Z	info	app/vmalert/group.go:235	group "TestGroup": received stop signal
2020-09-22T16:27:59.894Z	info	app/vmalert/group.go:225	group "duplicatedGroupDiffFiles" started; interval=1ms; concurrency=1
2020-09-22T16:27:59.894Z	info	app/vmalert/manager.go:84	reading rules configuration file from "config/testdata/dir/rules1-good.rules"
2020-09-22T16:27:59.894Z	info	app/vmalert/manager.go:84	reading rules configuration file from "config/testdata/rules1-good.rules"
2020-09-22T16:27:59.894Z	info	app/vmalert/group.go:235	group "duplicatedGroupDiffFiles": received stop signal
2020-09-22T16:27:59.895Z	info	app/vmalert/manager.go:84	reading rules configuration file from "config/testdata/rules2-good.rules"
2020-09-22T16:27:59.895Z	info	app/vmalert/group.go:225	group "duplicatedGroupDiffFiles" started; interval=1ms; concurrency=1
2020-09-22T16:27:59.895Z	info	app/vmalert/group.go:235	group "duplicatedGroupDiffFiles": received stop signal
2020-09-22T16:27:59.895Z	info	app/vmalert/manager.go:84	reading rules configuration file from "config/testdata/rules2-good.rules"
2020-09-22T16:27:59.895Z	info	app/vmalert/manager.go:84	reading rules configuration file from "config/testdata/dir/rules1-good.rules"
2020-09-22T16:27:59.895Z	info	app/vmalert/manager.go:84	reading rules configuration file from "config/testdata/rules1-good.rules"
2020-09-22T16:27:59.895Z	info	app/vmalert/group.go:225	group "TestGroup" started; interval=2s; concurrency=2
2020-09-22T16:27:59.895Z	info	app/vmalert/group.go:235	group "TestGroup": received stop signal
2020-09-22T16:27:59.896Z	info	app/vmalert/group.go:225	group "duplicatedGroupDiffFiles" started; interval=1ms; concurrency=1
2020-09-22T16:27:59.896Z	info	app/vmalert/group.go:235	group "duplicatedGroupDiffFiles": received stop signal
2020-09-22T16:27:59.896Z	info	app/vmalert/manager.go:84	reading rules configuration file from "config/testdata/dir/rules1-good.rules"
2020-09-22T16:27:59.896Z	info	app/vmalert/manager.go:84	reading rules configuration file from "config/testdata/rules0-good.rules"
2020-09-22T16:27:59.896Z	info	app/vmalert/manager.go:84	reading rules configuration file from "config/testdata/rules1-good.rules"
2020-09-22T16:27:59.896Z	info	app/vmalert/manager.go:84	reading rules configuration file from "config/testdata/rules2-good.rules"
2020-09-22T16:27:59.896Z	info	app/vmalert/group.go:225	group "groupTest" started; interval=1ms; concurrency=1
2020-09-22T16:27:59.896Z	info	app/vmalert/group.go:235	group "groupTest": received stop signal
2020-09-22T16:27:59.896Z	info	app/vmalert/manager.go:84	reading rules configuration file from "config/testdata/dir/rules1-bad.rules"
2020-09-22T16:27:59.896Z	info	app/vmalert/group.go:225	group "TestGroup" started; interval=1ms; concurrency=1
2020-09-22T16:27:59.896Z	info	app/vmalert/manager.go:84	reading rules configuration file from "config/testdata/rules2-good.rules"
2020-09-22T16:27:59.896Z	info	app/vmalert/group.go:225	group "groupGorSingleAlert" started; interval=1ms; concurrency=1
2020-09-22T16:27:59.896Z	info	app/vmalert/group.go:235	group "groupGorSingleAlert": received stop signal
2020-09-22T16:27:59.896Z	info	app/vmalert/group.go:235	group "TestGroup": received stop signal
2020-09-22T16:27:59.897Z	info	app/vmalert/group.go:225	group "groupTest" started; interval=1ms; concurrency=1
2020-09-22T16:27:59.897Z	info	app/vmalert/manager.go:84	reading rules configuration file from "config/testdata/dir/rules0-bad.rules"
2020-09-22T16:27:59.897Z	info	app/vmalert/group.go:235	group "groupTest": received stop signal
2020-09-22T16:27:59.897Z	info	app/vmalert/group.go:225	group "duplicatedGroupDiffFiles" started; interval=1ms; concurrency=1
2020-09-22T16:27:59.897Z	info	app/vmalert/group.go:235	group "duplicatedGroupDiffFiles": received stop signal
2020-09-22T16:27:59.897Z	info	app/vmalert/manager.go:84	reading rules configuration file from "config/testdata/dir/rules0-bad.rules"
2020-09-22T16:27:59.897Z	info	app/vmalert/group.go:225	group "TestGroup" started; interval=2s; concurrency=2
2020-09-22T16:27:59.897Z	info	app/vmalert/group.go:235	group "TestGroup": received stop signal
2020-09-22T16:27:59.897Z	info	app/vmalert/group.go:225	group "duplicatedGroupDiffFiles" started; interval=1ms; concurrency=1
2020-09-22T16:27:59.897Z	info	app/vmalert/group.go:235	group "duplicatedGroupDiffFiles": received stop signal
2020-09-22T16:27:59.897Z	info	app/vmalert/group.go:225	group "TestGroup" started; interval=2s; concurrency=2
2020-09-22T16:27:59.898Z	info	app/vmalert/group.go:235	group "TestGroup": received stop signal
2020-09-22T16:27:59.897Z	info	app/vmalert/manager.go:84	reading rules configuration file from "config/testdata/rules0-good.rules"
2020-09-22T16:27:59.898Z	info	app/vmalert/manager.go:84	reading rules configuration file from "config/testdata/dir/rules0-bad.rules"
2020-09-22T16:27:59.898Z	info	app/vmalert/group.go:225	group "duplicatedGroupDiffFiles" started; interval=1ms; concurrency=1
2020-09-22T16:27:59.898Z	info	app/vmalert/manager.go:84	reading rules configuration file from "config/testdata/rules2-good.rules"
2020-09-22T16:27:59.898Z	info	app/vmalert/group.go:235	group "duplicatedGroupDiffFiles": received stop signal
2020-09-22T16:27:59.898Z	info	app/vmalert/manager.go:84	reading rules configuration file from "config/testdata/dir/rules0-bad.rules"
2020-09-22T16:27:59.898Z	info	app/vmalert/group.go:225	group "groupGorSingleAlert" started; interval=1ms; concurrency=1
2020-09-22T16:27:59.898Z	info	app/vmalert/group.go:225	group "TestGroup" started; interval=1ms; concurrency=1
2020-09-22T16:27:59.898Z	info	app/vmalert/group.go:235	group "groupGorSingleAlert": received stop signal
2020-09-22T16:27:59.898Z	info	app/vmalert/manager.go:84	reading rules configuration file from "config/testdata/dir/rules1-bad.rules"
2020-09-22T16:27:59.898Z	info	app/vmalert/group.go:235	group "TestGroup": received stop signal
2020-09-22T16:27:59.898Z	info	app/vmalert/manager.go:84	reading rules configuration file from "config/testdata/rules1-good.rules"
2020-09-22T16:27:59.898Z	info	app/vmalert/manager.go:84	reading rules configuration file from "config/testdata/rules1-good.rules"
2020-09-22T16:27:59.898Z	info	app/vmalert/group.go:225	group "groupTest" started; interval=1ms; concurrency=1
2020-09-22T16:27:59.898Z	info	app/vmalert/manager.go:84	reading rules configuration file from "config/testdata/dir/rules1-bad.rules"
2020-09-22T16:27:59.898Z	info	app/vmalert/manager.go:84	reading rules configuration file from "config/testdata/dir/rules1-bad.rules"
2020-09-22T16:27:59.898Z	info	app/vmalert/group.go:235	group "groupTest": received stop signal
2020-09-22T16:27:59.898Z	info	app/vmalert/group.go:225	group "duplicatedGroupDiffFiles" started; interval=1ms; concurrency=1
2020-09-22T16:27:59.898Z	info	app/vmalert/manager.go:84	reading rules configuration file from "config/testdata/dir/rules0-bad.rules"
2020-09-22T16:27:59.898Z	info	app/vmalert/manager.go:84	reading rules configuration file from "config/testdata/dir/rules0-good.rules"
2020-09-22T16:27:59.899Z	info	app/vmalert/manager.go:84	reading rules configuration file from "config/testdata/rules2-good.rules"
2020-09-22T16:27:59.899Z	info	app/vmalert/group.go:235	group "duplicatedGroupDiffFiles": received stop signal
2020-09-22T16:27:59.899Z	info	app/vmalert/manager.go:84	reading rules configuration file from "config/testdata/dir/rules1-bad.rules"
2020-09-22T16:27:59.899Z	info	app/vmalert/group.go:225	group "groupTest" started; interval=1ms; concurrency=1
2020-09-22T16:27:59.899Z	info	app/vmalert/group.go:235	group "groupTest": received stop signal
2020-09-22T16:27:59.899Z	info	app/vmalert/manager.go:84	reading rules configuration file from "config/testdata/rules2-good.rules"
2020-09-22T16:27:59.899Z	info	app/vmalert/manager.go:84	reading rules configuration file from "config/testdata/dir/rules1-good.rules"
2020-09-22T16:27:59.899Z	info	app/vmalert/manager.go:84	reading rules configuration file from "config/testdata/rules0-good.rules"
2020-09-22T16:27:59.899Z	info	app/vmalert/manager.go:84	reading rules configuration file from "config/testdata/rules1-good.rules"
2020-09-22T16:27:59.899Z	info	app/vmalert/manager.go:84	reading rules configuration file from "config/testdata/rules2-good.rules"
2020-09-22T16:27:59.900Z	info	app/vmalert/manager.go:84	reading rules configuration file from "config/testdata/dir/rules1-good.rules"
2020-09-22T16:27:59.900Z	info	app/vmalert/group.go:225	group "TestGroup" started; interval=1ms; concurrency=1
2020-09-22T16:27:59.900Z	info	app/vmalert/group.go:225	group "groupGorSingleAlert" started; interval=1ms; concurrency=1
2020-09-22T16:27:59.900Z	info	app/vmalert/group.go:235	group "TestGroup": received stop signal
2020-09-22T16:27:59.900Z	info	app/vmalert/group.go:235	group "groupGorSingleAlert": received stop signal
2020-09-22T16:27:59.900Z	info	app/vmalert/group.go:225	group "TestGroup" started; interval=2s; concurrency=2
2020-09-22T16:27:59.900Z	info	app/vmalert/manager.go:84	reading rules configuration file from "config/testdata/dir/rules0-bad.rules"
2020-09-22T16:27:59.900Z	info	app/vmalert/manager.go:84	reading rules configuration file from "config/testdata/rules2-good.rules"
2020-09-22T16:27:59.900Z	info	app/vmalert/group.go:235	group "TestGroup": received stop signal
2020-09-22T16:27:59.900Z	info	app/vmalert/manager.go:84	reading rules configuration file from "config/testdata/rules1-good.rules"
2020-09-22T16:27:59.900Z	info	app/vmalert/group.go:225	group "duplicatedGroupDiffFiles" started; interval=1ms; concurrency=1
2020-09-22T16:27:59.900Z	info	app/vmalert/group.go:235	group "duplicatedGroupDiffFiles": received stop signal
2020-09-22T16:27:59.900Z	info	app/vmalert/manager.go:84	reading rules configuration file from "config/testdata/rules2-good.rules"
2020-09-22T16:27:59.900Z	info	app/vmalert/group.go:225	group "TestGroup" started; interval=1ms; concurrency=1
2020-09-22T16:27:59.900Z	info	app/vmalert/manager.go:84	reading rules configuration file from "config/testdata/dir/rules1-bad.rules"
2020-09-22T16:27:59.900Z	info	app/vmalert/group.go:225	group "groupGorSingleAlert" started; interval=1ms; concurrency=1
2020-09-22T16:27:59.901Z	info	app/vmalert/group.go:235	group "groupGorSingleAlert": received stop signal
2020-09-22T16:27:59.901Z	info	app/vmalert/group.go:235	group "TestGroup": received stop signal
2020-09-22T16:27:59.901Z	info	app/vmalert/group.go:225	group "TestGroup" started; interval=2s; concurrency=2
2020-09-22T16:27:59.901Z	info	app/vmalert/group.go:235	group "TestGroup": received stop signal
2020-09-22T16:27:59.901Z	info	app/vmalert/manager.go:84	reading rules configuration file from "config/testdata/dir/rules1-good.rules"
2020-09-22T16:27:59.901Z	info	app/vmalert/manager.go:84	reading rules configuration file from "config/testdata/rules1-good.rules"
2020-09-22T16:27:59.901Z	info	app/vmalert/group.go:225	group "groupTest" started; interval=1ms; concurrency=1
2020-09-22T16:27:59.901Z	info	app/vmalert/manager.go:84	reading rules configuration file from "config/testdata/rules1-good.rules"
2020-09-22T16:27:59.901Z	info	app/vmalert/manager.go:84	reading rules configuration file from "config/testdata/rules0-good.rules"
2020-09-22T16:27:59.901Z	info	app/vmalert/manager.go:84	reading rules configuration file from "config/testdata/dir/rules1-good.rules"
2020-09-22T16:27:59.901Z	info	app/vmalert/group.go:235	group "groupTest": received stop signal
2020-09-22T16:27:59.901Z	info	app/vmalert/manager.go:84	reading rules configuration file from "config/testdata/dir/rules0-good.rules"
2020-09-22T16:27:59.901Z	info	app/vmalert/group.go:225	group "duplicatedGroupDiffFiles" started; interval=1ms; concurrency=1
2020-09-22T16:27:59.901Z	info	app/vmalert/group.go:235	group "duplicatedGroupDiffFiles": received stop signal
2020-09-22T16:27:59.902Z	info	app/vmalert/group.go:225	group "groupTest" started; interval=1ms; concurrency=1
2020-09-22T16:27:59.902Z	info	app/vmalert/manager.go:84	reading rules configuration file from "config/testdata/dir/rules0-good.rules"
2020-09-22T16:27:59.902Z	info	app/vmalert/group.go:235	group "groupTest": received stop signal
2020-09-22T16:27:59.902Z	info	app/vmalert/group.go:225	group "duplicatedGroupDiffFiles" started; interval=1ms; concurrency=1
2020-09-22T16:27:59.902Z	info	app/vmalert/manager.go:84	reading rules configuration file from "config/testdata/dir/rules1-good.rules"
2020-09-22T16:27:59.902Z	info	app/vmalert/group.go:235	group "duplicatedGroupDiffFiles": received stop signal
2020-09-22T16:27:59.902Z	info	app/vmalert/manager.go:84	reading rules configuration file from "config/testdata/dir/rules1-good.rules"
2020-09-22T16:27:59.902Z	info	app/vmalert/group.go:225	group "TestGroup" started; interval=1ms; concurrency=1
2020-09-22T16:27:59.902Z	info	app/vmalert/group.go:225	group "groupGorSingleAlert" started; interval=1ms; concurrency=1
2020-09-22T16:27:59.902Z	info	app/vmalert/group.go:235	group "groupGorSingleAlert": received stop signal
2020-09-22T16:27:59.902Z	info	app/vmalert/group.go:235	group "TestGroup": received stop signal
2020-09-22T16:27:59.902Z	info	app/vmalert/manager.go:84	reading rules configuration file from "config/testdata/rules1-good.rules"
2020-09-22T16:27:59.902Z	info	app/vmalert/group.go:225	group "duplicatedGroupDiffFiles" started; interval=1ms; concurrency=1
2020-09-22T16:27:59.902Z	info	app/vmalert/group.go:235	group "duplicatedGroupDiffFiles": received stop signal
2020-09-22T16:27:59.902Z	info	app/vmalert/manager.go:84	reading rules configuration file from "config/testdata/dir/rules0-good.rules"
2020-09-22T16:27:59.902Z	info	app/vmalert/manager.go:84	reading rules configuration file from "config/testdata/rules2-good.rules"
2020-09-22T16:27:59.902Z	info	app/vmalert/group.go:225	group "TestGroup" started; interval=2s; concurrency=2
2020-09-22T16:27:59.903Z	info	app/vmalert/group.go:235	group "TestGroup": received stop signal
2020-09-22T16:27:59.903Z	info	app/vmalert/group.go:225	group "groupTest" started; interval=1ms; concurrency=1
2020-09-22T16:27:59.903Z	info	app/vmalert/manager.go:84	reading rules configuration file from "config/testdata/rules1-good.rules"
2020-09-22T16:27:59.903Z	info	app/vmalert/group.go:235	group "groupTest": received stop signal
2020-09-22T16:27:59.903Z	info	app/vmalert/group.go:225	group "TestGroup" started; interval=1ms; concurrency=1
2020-09-22T16:27:59.903Z	info	app/vmalert/manager.go:84	reading rules configuration file from "config/testdata/dir/rules1-good.rules"
2020-09-22T16:27:59.903Z	info	app/vmalert/group.go:225	group "groupGorSingleAlert" started; interval=1ms; concurrency=1
2020-09-22T16:27:59.903Z	info	app/vmalert/group.go:235	group "groupGorSingleAlert": received stop signal
2020-09-22T16:27:59.904Z	info	app/vmalert/group.go:235	group "TestGroup": received stop signal
2020-09-22T16:27:59.904Z	info	app/vmalert/group.go:225	group "TestGroup" started; interval=2s; concurrency=2
2020-09-22T16:27:59.904Z	info	app/vmalert/group.go:235	group "TestGroup": received stop signal
2020-09-22T16:27:59.904Z	info	app/vmalert/manager.go:84	reading rules configuration file from "config/testdata/rules0-good.rules"
2020-09-22T16:27:59.904Z	info	app/vmalert/manager.go:84	reading rules configuration file from "config/testdata/dir/rules0-good.rules"
2020-09-22T16:27:59.904Z	info	app/vmalert/group.go:225	group "duplicatedGroupDiffFiles" started; interval=1ms; concurrency=1
2020-09-22T16:27:59.904Z	info	app/vmalert/group.go:235	group "duplicatedGroupDiffFiles": received stop signal
2020-09-22T16:27:59.904Z	info	app/vmalert/group.go:225	group "TestGroup" started; interval=1ms; concurrency=1
2020-09-22T16:27:59.904Z	info	app/vmalert/group.go:225	group "groupGorSingleAlert" started; interval=1ms; concurrency=1
2020-09-22T16:27:59.904Z	info	app/vmalert/manager.go:84	reading rules configuration file from "config/testdata/rules1-good.rules"
2020-09-22T16:27:59.904Z	info	app/vmalert/manager.go:84	reading rules configuration file from "config/testdata/rules2-good.rules"
2020-09-22T16:27:59.904Z	info	app/vmalert/manager.go:84	reading rules configuration file from "config/testdata/rules0-good.rules"
2020-09-22T16:27:59.904Z	info	app/vmalert/group.go:235	group "groupGorSingleAlert": received stop signal
2020-09-22T16:27:59.904Z	info	app/vmalert/group.go:235	group "TestGroup": received stop signal
2020-09-22T16:27:59.904Z	info	app/vmalert/group.go:225	group "groupTest" started; interval=1ms; concurrency=1
2020-09-22T16:27:59.904Z	info	app/vmalert/manager.go:84	reading rules configuration file from "config/testdata/rules2-good.rules"
2020-09-22T16:27:59.904Z	info	app/vmalert/group.go:235	group "groupTest": received stop signal
2020-09-22T16:27:59.904Z	info	app/vmalert/manager.go:84	reading rules configuration file from "config/testdata/dir/rules0-bad.rules"
2020-09-22T16:27:59.904Z	info	app/vmalert/group.go:225	group "duplicatedGroupDiffFiles" started; interval=1ms; concurrency=1
2020-09-22T16:27:59.904Z	info	app/vmalert/group.go:235	group "duplicatedGroupDiffFiles": received stop signal
2020-09-22T16:27:59.904Z	info	app/vmalert/group.go:225	group "groupGorSingleAlert" started; interval=1ms; concurrency=1
2020-09-22T16:27:59.904Z	info	app/vmalert/manager.go:84	reading rules configuration file from "config/testdata/rules0-good.rules"
2020-09-22T16:27:59.905Z	info	app/vmalert/group.go:225	group "TestGroup" started; interval=1ms; concurrency=1
2020-09-22T16:27:59.905Z	info	app/vmalert/group.go:235	group "TestGroup": received stop signal
2020-09-22T16:27:59.905Z	info	app/vmalert/group.go:235	group "groupGorSingleAlert": received stop signal
2020-09-22T16:27:59.905Z	info	app/vmalert/group.go:225	group "duplicatedGroupDiffFiles" started; interval=1ms; concurrency=1
2020-09-22T16:27:59.905Z	info	app/vmalert/group.go:235	group "duplicatedGroupDiffFiles": received stop signal
2020-09-22T16:27:59.905Z	info	app/vmalert/manager.go:84	reading rules configuration file from "config/testdata/rules2-good.rules"
2020-09-22T16:27:59.905Z	info	app/vmalert/manager.go:84	reading rules configuration file from "config/testdata/rules1-good.rules"
2020-09-22T16:27:59.905Z	info	app/vmalert/manager.go:84	reading rules configuration file from "config/testdata/dir/rules1-good.rules"
2020-09-22T16:27:59.905Z	info	app/vmalert/manager.go:84	reading rules configuration file from "config/testdata/dir/rules1-bad.rules"
2020-09-22T16:27:59.905Z	info	app/vmalert/group.go:225	group "groupTest" started; interval=1ms; concurrency=1
2020-09-22T16:27:59.905Z	info	app/vmalert/group.go:235	group "groupTest": received stop signal
2020-09-22T16:27:59.905Z	info	app/vmalert/group.go:225	group "TestGroup" started; interval=1ms; concurrency=1
2020-09-22T16:27:59.905Z	info	app/vmalert/manager.go:84	reading rules configuration file from "config/testdata/dir/rules1-good.rules"
2020-09-22T16:27:59.905Z	info	app/vmalert/group.go:225	group "groupGorSingleAlert" started; interval=1ms; concurrency=1
2020-09-22T16:27:59.905Z	info	app/vmalert/group.go:235	group "TestGroup": received stop signal
2020-09-22T16:27:59.905Z	info	app/vmalert/group.go:235	group "groupGorSingleAlert": received stop signal
2020-09-22T16:27:59.905Z	info	app/vmalert/manager.go:84	reading rules configuration file from "config/testdata/dir/rules0-good.rules"
2020-09-22T16:27:59.905Z	info	app/vmalert/group.go:225	group "groupTest" started; interval=1ms; concurrency=1
2020-09-22T16:27:59.906Z	info	app/vmalert/group.go:235	group "groupTest": received stop signal
2020-09-22T16:27:59.906Z	info	app/vmalert/manager.go:84	reading rules configuration file from "config/testdata/dir/rules0-bad.rules"
2020-09-22T16:27:59.906Z	info	app/vmalert/group.go:225	group "duplicatedGroupDiffFiles" started; interval=1ms; concurrency=1
2020-09-22T16:27:59.906Z	info	app/vmalert/group.go:235	group "duplicatedGroupDiffFiles": received stop signal
2020-09-22T16:27:59.906Z	info	app/vmalert/manager.go:84	reading rules configuration file from "config/testdata/dir/rules1-good.rules"
2020-09-22T16:27:59.906Z	info	app/vmalert/group.go:225	group "groupTest" started; interval=1ms; concurrency=1
2020-09-22T16:27:59.906Z	info	app/vmalert/group.go:235	group "groupTest": received stop signal
2020-09-22T16:27:59.906Z	info	app/vmalert/manager.go:84	reading rules configuration file from "config/testdata/rules0-good.rules"
2020-09-22T16:27:59.906Z	info	app/vmalert/manager.go:84	reading rules configuration file from "config/testdata/rules0-good.rules"
2020-09-22T16:27:59.906Z	info	app/vmalert/group.go:225	group "groupGorSingleAlert" started; interval=1ms; concurrency=1
2020-09-22T16:27:59.906Z	info	app/vmalert/manager.go:84	reading rules configuration file from "config/testdata/rules1-good.rules"
2020-09-22T16:27:59.906Z	info	app/vmalert/group.go:225	group "TestGroup" started; interval=1ms; concurrency=1
2020-09-22T16:27:59.906Z	info	app/vmalert/group.go:235	group "groupGorSingleAlert": received stop signal
2020-09-22T16:27:59.906Z	info	app/vmalert/manager.go:84	reading rules configuration file from "config/testdata/rules0-good.rules"
2020-09-22T16:27:59.906Z	info	app/vmalert/group.go:235	group "TestGroup": received stop signal
2020-09-22T16:27:59.906Z	info	app/vmalert/group.go:225	group "duplicatedGroupDiffFiles" started; interval=1ms; concurrency=1
2020-09-22T16:27:59.906Z	info	app/vmalert/manager.go:84	reading rules configuration file from "config/testdata/rules1-good.rules"
2020-09-22T16:27:59.907Z	info	app/vmalert/group.go:235	group "duplicatedGroupDiffFiles": received stop signal
2020-09-22T16:27:59.907Z	info	app/vmalert/manager.go:84	reading rules configuration file from "config/testdata/rules1-good.rules"
2020-09-22T16:27:59.907Z	info	app/vmalert/manager.go:84	reading rules configuration file from "config/testdata/rules2-good.rules"
2020-09-22T16:27:59.907Z	info	app/vmalert/group.go:225	group "duplicatedGroupDiffFiles" started; interval=1ms; concurrency=1
2020-09-22T16:27:59.907Z	info	app/vmalert/manager.go:84	reading rules configuration file from "config/testdata/dir/rules1-bad.rules"
2020-09-22T16:27:59.907Z	info	app/vmalert/group.go:235	group "duplicatedGroupDiffFiles": received stop signal
2020-09-22T16:27:59.907Z	info	app/vmalert/group.go:225	group "TestGroup" started; interval=1ms; concurrency=1
2020-09-22T16:27:59.907Z	info	app/vmalert/manager.go:84	reading rules configuration file from "config/testdata/rules2-good.rules"
2020-09-22T16:27:59.907Z	info	app/vmalert/group.go:235	group "TestGroup": received stop signal
2020-09-22T16:27:59.907Z	info	app/vmalert/manager.go:84	reading rules configuration file from "config/testdata/rules2-good.rules"
2020-09-22T16:27:59.907Z	info	app/vmalert/group.go:225	group "groupGorSingleAlert" started; interval=1ms; concurrency=1
2020-09-22T16:27:59.907Z	info	app/vmalert/group.go:235	group "groupGorSingleAlert": received stop signal
2020-09-22T16:27:59.907Z	info	app/vmalert/group.go:225	group "duplicatedGroupDiffFiles" started; interval=1ms; concurrency=1
2020-09-22T16:27:59.907Z	info	app/vmalert/manager.go:84	reading rules configuration file from "config/testdata/dir/rules1-good.rules"
2020-09-22T16:27:59.907Z	info	app/vmalert/group.go:235	group "duplicatedGroupDiffFiles": received stop signal
2020-09-22T16:27:59.907Z	info	app/vmalert/manager.go:84	reading rules configuration file from "config/testdata/dir/rules1-good.rules"
2020-09-22T16:27:59.907Z	info	app/vmalert/group.go:225	group "duplicatedGroupDiffFiles" started; interval=1ms; concurrency=1
2020-09-22T16:27:59.907Z	info	app/vmalert/group.go:235	group "duplicatedGroupDiffFiles": received stop signal
2020-09-22T16:27:59.907Z	info	app/vmalert/manager.go:84	reading rules configuration file from "config/testdata/dir/rules0-good.rules"
2020-09-22T16:27:59.907Z	info	app/vmalert/group.go:225	group "TestGroup" started; interval=2s; concurrency=2
2020-09-22T16:27:59.908Z	info	app/vmalert/group.go:235	group "TestGroup": received stop signal
2020-09-22T16:27:59.908Z	info	app/vmalert/manager.go:84	reading rules configuration file from "config/testdata/rules2-good.rules"
2020-09-22T16:27:59.908Z	info	app/vmalert/group.go:225	group "groupTest" started; interval=1ms; concurrency=1
2020-09-22T16:27:59.908Z	info	app/vmalert/manager.go:84	reading rules configuration file from "config/testdata/dir/rules1-bad.rules"
2020-09-22T16:27:59.908Z	info	app/vmalert/group.go:235	group "groupTest": received stop signal
2020-09-22T16:27:59.908Z	info	app/vmalert/group.go:225	group "TestGroup" started; interval=1ms; concurrency=1
2020-09-22T16:27:59.908Z	info	app/vmalert/group.go:225	group "groupGorSingleAlert" started; interval=1ms; concurrency=1
2020-09-22T16:27:59.908Z	info	app/vmalert/manager.go:84	reading rules configuration file from "config/testdata/rules1-good.rules"
2020-09-22T16:27:59.908Z	info	app/vmalert/group.go:235	group "groupGorSingleAlert": received stop signal
2020-09-22T16:27:59.908Z	info	app/vmalert/manager.go:84	reading rules configuration file from "config/testdata/dir/rules0-bad.rules"
2020-09-22T16:27:59.908Z	info	app/vmalert/group.go:235	group "TestGroup": received stop signal
2020-09-22T16:27:59.908Z	info	app/vmalert/manager.go:84	reading rules configuration file from "config/testdata/dir/rules0-bad.rules"
2020-09-22T16:27:59.908Z	info	app/vmalert/manager.go:84	reading rules configuration file from "config/testdata/rules1-good.rules"
2020-09-22T16:27:59.908Z	info	app/vmalert/group.go:225	group "duplicatedGroupDiffFiles" started; interval=1ms; concurrency=1
2020-09-22T16:27:59.908Z	info	app/vmalert/manager.go:84	reading rules configuration file from "config/testdata/dir/rules1-bad.rules"
2020-09-22T16:27:59.908Z	info	app/vmalert/manager.go:84	reading rules configuration file from "config/testdata/dir/rules1-bad.rules"
2020-09-22T16:27:59.908Z	info	app/vmalert/group.go:235	group "duplicatedGroupDiffFiles": received stop signal
2020-09-22T16:27:59.909Z	info	app/vmalert/manager.go:84	reading rules configuration file from "config/testdata/rules0-good.rules"
2020-09-22T16:27:59.909Z	info	app/vmalert/group.go:225	group "groupTest" started; interval=1ms; concurrency=1
2020-09-22T16:27:59.909Z	info	app/vmalert/group.go:235	group "groupTest": received stop signal
2020-09-22T16:27:59.909Z	info	app/vmalert/group.go:225	group "duplicatedGroupDiffFiles" started; interval=1ms; concurrency=1
2020-09-22T16:27:59.909Z	info	app/vmalert/group.go:235	group "duplicatedGroupDiffFiles": received stop signal
2020-09-22T16:27:59.909Z	info	app/vmalert/manager.go:84	reading rules configuration file from "config/testdata/dir/rules0-bad.rules"
2020-09-22T16:27:59.909Z	info	app/vmalert/manager.go:84	reading rules configuration file from "config/testdata/rules0-good.rules"
2020-09-22T16:27:59.909Z	info	app/vmalert/manager.go:84	reading rules configuration file from "config/testdata/rules0-good.rules"
2020-09-22T16:27:59.909Z	info	app/vmalert/group.go:225	group "TestGroup" started; interval=1ms; concurrency=1
2020-09-22T16:27:59.909Z	info	app/vmalert/group.go:225	group "groupGorSingleAlert" started; interval=1ms; concurrency=1
2020-09-22T16:27:59.909Z	info	app/vmalert/group.go:235	group "TestGroup": received stop signal
2020-09-22T16:27:59.909Z	info	app/vmalert/manager.go:84	reading rules configuration file from "config/testdata/dir/rules1-good.rules"
2020-09-22T16:27:59.909Z	info	app/vmalert/group.go:235	group "groupGorSingleAlert": received stop signal
2020-09-22T16:27:59.909Z	info	app/vmalert/group.go:225	group "TestGroup" started; interval=2s; concurrency=2
2020-09-22T16:27:59.909Z	info	app/vmalert/manager.go:84	reading rules configuration file from "config/testdata/rules2-good.rules"
2020-09-22T16:27:59.909Z	info	app/vmalert/group.go:235	group "TestGroup": received stop signal
2020-09-22T16:27:59.909Z	info	app/vmalert/manager.go:84	reading rules configuration file from "config/testdata/dir/rules1-bad.rules"
2020-09-22T16:27:59.909Z	info	app/vmalert/manager.go:84	reading rules configuration file from "config/testdata/dir/rules1-bad.rules"
2020-09-22T16:27:59.909Z	info	app/vmalert/group.go:225	group "groupTest" started; interval=1ms; concurrency=1
2020-09-22T16:27:59.910Z	info	app/vmalert/group.go:235	group "groupTest": received stop signal
2020-09-22T16:27:59.910Z	info	app/vmalert/manager.go:84	reading rules configuration file from "config/testdata/dir/rules0-bad.rules"
2020-09-22T16:27:59.910Z	info	app/vmalert/group.go:225	group "groupGorSingleAlert" started; interval=1ms; concurrency=1
2020-09-22T16:27:59.910Z	info	app/vmalert/manager.go:84	reading rules configuration file from "config/testdata/rules2-good.rules"
2020-09-22T16:27:59.910Z	info	app/vmalert/manager.go:84	reading rules configuration file from "config/testdata/dir/rules0-good.rules"
2020-09-22T16:27:59.910Z	info	app/vmalert/group.go:235	group "groupGorSingleAlert": received stop signal
2020-09-22T16:27:59.910Z	info	app/vmalert/manager.go:84	reading rules configuration file from "config/testdata/dir/rules1-bad.rules"
2020-09-22T16:27:59.910Z	info	app/vmalert/group.go:225	group "TestGroup" started; interval=1ms; concurrency=1
2020-09-22T16:27:59.910Z	info	app/vmalert/group.go:235	group "TestGroup": received stop signal
2020-09-22T16:27:59.910Z	info	app/vmalert/group.go:225	group "TestGroup" started; interval=2s; concurrency=2
2020-09-22T16:27:59.910Z	info	app/vmalert/group.go:235	group "TestGroup": received stop signal
2020-09-22T16:27:59.910Z	info	app/vmalert/manager.go:84	reading rules configuration file from "config/testdata/dir/rules0-good.rules"
2020-09-22T16:27:59.910Z	info	app/vmalert/manager.go:84	reading rules configuration file from "config/testdata/dir/rules0-bad.rules"
2020-09-22T16:27:59.910Z	info	app/vmalert/manager.go:84	reading rules configuration file from "config/testdata/rules0-good.rules"
2020-09-22T16:27:59.910Z	info	app/vmalert/manager.go:84	reading rules configuration file from "config/testdata/dir/rules1-bad.rules"
2020-09-22T16:27:59.911Z	info	app/vmalert/manager.go:84	reading rules configuration file from "config/testdata/dir/rules1-good.rules"
2020-09-22T16:27:59.910Z	info	app/vmalert/manager.go:84	reading rules configuration file from "config/testdata/rules2-good.rules"
2020-09-22T16:27:59.911Z	info	app/vmalert/manager.go:84	reading rules configuration file from "config/testdata/dir/rules0-bad.rules"
2020-09-22T16:27:59.911Z	info	app/vmalert/manager.go:84	reading rules configuration file from "config/testdata/rules0-good.rules"
2020-09-22T16:27:59.910Z	info	app/vmalert/group.go:225	group "duplicatedGroupDiffFiles" started; interval=1ms; concurrency=1
2020-09-22T16:27:59.912Z	info	app/vmalert/group.go:235	group "duplicatedGroupDiffFiles": received stop signal
2020-09-22T16:27:59.912Z	info	app/vmalert/manager.go:84	reading rules configuration file from "config/testdata/rules1-good.rules"
2020-09-22T16:27:59.912Z	info	app/vmalert/group.go:225	group "groupGorSingleAlert" started; interval=1ms; concurrency=1
2020-09-22T16:27:59.912Z	info	app/vmalert/manager.go:84	reading rules configuration file from "config/testdata/dir/rules0-bad.rules"
2020-09-22T16:27:59.912Z	info	app/vmalert/group.go:225	group "TestGroup" started; interval=1ms; concurrency=1
2020-09-22T16:27:59.912Z	info	app/vmalert/group.go:235	group "TestGroup": received stop signal
2020-09-22T16:27:59.912Z	info	app/vmalert/manager.go:84	reading rules configuration file from "config/testdata/rules1-good.rules"
2020-09-22T16:27:59.912Z	info	app/vmalert/manager.go:84	reading rules configuration file from "config/testdata/rules2-good.rules"
2020-09-22T16:27:59.912Z	info	app/vmalert/manager.go:84	reading rules configuration file from "config/testdata/dir/rules1-good.rules"
2020-09-22T16:27:59.912Z	info	app/vmalert/group.go:235	group "groupGorSingleAlert": received stop signal
2020-09-22T16:27:59.912Z	info	app/vmalert/manager.go:84	reading rules configuration file from "config/testdata/dir/rules1-bad.rules"
2020-09-22T16:27:59.913Z	info	app/vmalert/group.go:225	group "groupTest" started; interval=1ms; concurrency=1
2020-09-22T16:27:59.913Z	info	app/vmalert/group.go:235	group "groupTest": received stop signal
2020-09-22T16:27:59.913Z	info	app/vmalert/manager.go:84	reading rules configuration file from "config/testdata/dir/rules1-good.rules"
2020-09-22T16:27:59.913Z	info	app/vmalert/group.go:225	group "TestGroup" started; interval=1ms; concurrency=1
2020-09-22T16:27:59.913Z	info	app/vmalert/manager.go:84	reading rules configuration file from "config/testdata/dir/rules0-good.rules"
2020-09-22T16:27:59.913Z	info	app/vmalert/group.go:225	group "groupGorSingleAlert" started; interval=1ms; concurrency=1
2020-09-22T16:27:59.913Z	info	app/vmalert/group.go:235	group "groupGorSingleAlert": received stop signal
2020-09-22T16:27:59.913Z	info	app/vmalert/group.go:235	group "TestGroup": received stop signal
2020-09-22T16:27:59.913Z	info	app/vmalert/manager.go:84	reading rules configuration file from "config/testdata/dir/rules0-good.rules"
2020-09-22T16:27:59.913Z	info	app/vmalert/manager.go:84	reading rules configuration file from "config/testdata/dir/rules1-good.rules"
2020-09-22T16:27:59.913Z	info	app/vmalert/group.go:225	group "duplicatedGroupDiffFiles" started; interval=1ms; concurrency=1
2020-09-22T16:27:59.913Z	info	app/vmalert/group.go:235	group "duplicatedGroupDiffFiles": received stop signal
2020-09-22T16:27:59.913Z	info	app/vmalert/group.go:225	group "groupGorSingleAlert" started; interval=1ms; concurrency=1
2020-09-22T16:27:59.913Z	info	app/vmalert/manager.go:84	reading rules configuration file from "config/testdata/dir/rules1-good.rules"
2020-09-22T16:27:59.913Z	info	app/vmalert/group.go:225	group "TestGroup" started; interval=1ms; concurrency=1
2020-09-22T16:27:59.913Z	info	app/vmalert/manager.go:84	reading rules configuration file from "config/testdata/rules2-good.rules"
2020-09-22T16:27:59.913Z	info	app/vmalert/group.go:235	group "groupGorSingleAlert": received stop signal
2020-09-22T16:27:59.913Z	info	app/vmalert/group.go:235	group "TestGroup": received stop signal
2020-09-22T16:27:59.913Z	info	app/vmalert/manager.go:84	reading rules configuration file from "config/testdata/rules2-good.rules"
2020-09-22T16:27:59.913Z	info	app/vmalert/group.go:225	group "duplicatedGroupDiffFiles" started; interval=1ms; concurrency=1
2020-09-22T16:27:59.913Z	info	app/vmalert/group.go:235	group "duplicatedGroupDiffFiles": received stop signal
2020-09-22T16:27:59.914Z	info	app/vmalert/manager.go:84	reading rules configuration file from "config/testdata/dir/rules1-bad.rules"
2020-09-22T16:27:59.914Z	info	app/vmalert/manager.go:84	reading rules configuration file from "config/testdata/rules2-good.rules"
2020-09-22T16:27:59.914Z	info	app/vmalert/group.go:225	group "TestGroup" started; interval=2s; concurrency=2
2020-09-22T16:27:59.914Z	info	app/vmalert/group.go:235	group "TestGroup": received stop signal
2020-09-22T16:27:59.914Z	info	app/vmalert/manager.go:84	reading rules configuration file from "config/testdata/dir/rules1-good.rules"
2020-09-22T16:27:59.914Z	info	app/vmalert/group.go:225	group "TestGroup" started; interval=1ms; concurrency=1
2020-09-22T16:27:59.914Z	info	app/vmalert/group.go:225	group "groupGorSingleAlert" started; interval=1ms; concurrency=1
2020-09-22T16:27:59.914Z	info	app/vmalert/manager.go:84	reading rules configuration file from "config/testdata/rules0-good.rules"
2020-09-22T16:27:59.914Z	info	app/vmalert/group.go:235	group "groupGorSingleAlert": received stop signal
2020-09-22T16:27:59.914Z	info	app/vmalert/group.go:235	group "TestGroup": received stop signal
2020-09-22T16:27:59.914Z	info	app/vmalert/group.go:225	group "groupTest" started; interval=1ms; concurrency=1
2020-09-22T16:27:59.914Z	info	app/vmalert/group.go:235	group "groupTest": received stop signal
2020-09-22T16:27:59.914Z	info	app/vmalert/manager.go:84	reading rules configuration file from "config/testdata/rules0-good.rules"
2020-09-22T16:27:59.915Z	info	app/vmalert/manager.go:84	reading rules configuration file from "config/testdata/rules0-good.rules"
2020-09-22T16:27:59.915Z	info	app/vmalert/group.go:225	group "duplicatedGroupDiffFiles" started; interval=1ms; concurrency=1
2020-09-22T16:27:59.915Z	info	app/vmalert/manager.go:84	reading rules configuration file from "config/testdata/rules1-good.rules"
2020-09-22T16:27:59.915Z	info	app/vmalert/group.go:235	group "duplicatedGroupDiffFiles": received stop signal
2020-09-22T16:27:59.915Z	info	app/vmalert/group.go:225	group "groupTest" started; interval=1ms; concurrency=1
2020-09-22T16:27:59.915Z	info	app/vmalert/manager.go:84	reading rules configuration file from "config/testdata/rules1-good.rules"
2020-09-22T16:27:59.915Z	info	app/vmalert/group.go:235	group "groupTest": received stop signal
2020-09-22T16:27:59.915Z	info	app/vmalert/group.go:225	group "TestGroup" started; interval=2s; concurrency=2
2020-09-22T16:27:59.915Z	info	app/vmalert/manager.go:84	reading rules configuration file from "config/testdata/dir/rules1-bad.rules"
2020-09-22T16:27:59.915Z	info	app/vmalert/group.go:235	group "TestGroup": received stop signal
2020-09-22T16:27:59.915Z	info	app/vmalert/group.go:225	group "groupTest" started; interval=1ms; concurrency=1
2020-09-22T16:27:59.915Z	info	app/vmalert/manager.go:84	reading rules configuration file from "config/testdata/rules0-good.rules"
2020-09-22T16:27:59.915Z	info	app/vmalert/group.go:235	group "groupTest": received stop signal
2020-09-22T16:27:59.915Z	info	app/vmalert/manager.go:84	reading rules configuration file from "config/testdata/rules0-good.rules"
2020-09-22T16:27:59.915Z	info	app/vmalert/group.go:225	group "TestGroup" started; interval=1ms; concurrency=1
2020-09-22T16:27:59.916Z	info	app/vmalert/manager.go:84	reading rules configuration file from "config/testdata/dir/rules0-good.rules"
2020-09-22T16:27:59.915Z	info	app/vmalert/group.go:225	group "groupGorSingleAlert" started; interval=1ms; concurrency=1
2020-09-22T16:27:59.916Z	info	app/vmalert/group.go:235	group "groupGorSingleAlert": received stop signal
2020-09-22T16:27:59.916Z	info	app/vmalert/group.go:235	group "TestGroup": received stop signal
2020-09-22T16:27:59.916Z	info	app/vmalert/group.go:225	group "groupTest" started; interval=1ms; concurrency=1
2020-09-22T16:27:59.916Z	info	app/vmalert/group.go:235	group "groupTest": received stop signal
2020-09-22T16:27:59.916Z	info	app/vmalert/manager.go:84	reading rules configuration file from "config/testdata/dir/rules1-bad.rules"
2020-09-22T16:27:59.916Z	info	app/vmalert/manager.go:84	reading rules configuration file from "config/testdata/rules0-good.rules"
2020-09-22T16:27:59.916Z	info	app/vmalert/group.go:225	group "TestGroup" started; interval=1ms; concurrency=1
2020-09-22T16:27:59.916Z	info	app/vmalert/group.go:225	group "groupGorSingleAlert" started; interval=1ms; concurrency=1
2020-09-22T16:27:59.916Z	info	app/vmalert/group.go:235	group "groupGorSingleAlert": received stop signal
2020-09-22T16:27:59.916Z	info	app/vmalert/group.go:235	group "TestGroup": received stop signal
2020-09-22T16:27:59.916Z	info	app/vmalert/group.go:225	group "groupTest" started; interval=1ms; concurrency=1
2020-09-22T16:27:59.916Z	info	app/vmalert/manager.go:84	reading rules configuration file from "config/testdata/rules2-good.rules"
2020-09-22T16:27:59.916Z	info	app/vmalert/group.go:235	group "groupTest": received stop signal
2020-09-22T16:27:59.916Z	info	app/vmalert/manager.go:84	reading rules configuration file from "config/testdata/dir/rules0-good.rules"
2020-09-22T16:27:59.917Z	info	app/vmalert/group.go:225	group "TestGroup" started; interval=2s; concurrency=2
2020-09-22T16:27:59.917Z	info	app/vmalert/group.go:235	group "TestGroup": received stop signal
2020-09-22T16:27:59.917Z	info	app/vmalert/group.go:225	group "groupTest" started; interval=1ms; concurrency=1
2020-09-22T16:27:59.917Z	info	app/vmalert/manager.go:84	reading rules configuration file from "config/testdata/dir/rules1-good.rules"
2020-09-22T16:27:59.917Z	info	app/vmalert/group.go:235	group "groupTest": received stop signal
2020-09-22T16:27:59.917Z	info	app/vmalert/group.go:225	group "duplicatedGroupDiffFiles" started; interval=1ms; concurrency=1
2020-09-22T16:27:59.917Z	info	app/vmalert/group.go:235	group "duplicatedGroupDiffFiles": received stop signal
2020-09-22T16:27:59.917Z	info	app/vmalert/manager.go:84	reading rules configuration file from "config/testdata/dir/rules1-good.rules"
2020-09-22T16:27:59.917Z	info	app/vmalert/group.go:225	group "groupTest" started; interval=1ms; concurrency=1
2020-09-22T16:27:59.917Z	info	app/vmalert/group.go:235	group "groupTest": received stop signal
2020-09-22T16:27:59.917Z	info	app/vmalert/group.go:225	group "duplicatedGroupDiffFiles" started; interval=1ms; concurrency=1
2020-09-22T16:27:59.917Z	info	app/vmalert/manager.go:84	reading rules configuration file from "config/testdata/rules2-good.rules"
2020-09-22T16:27:59.917Z	info	app/vmalert/manager.go:84	reading rules configuration file from "config/testdata/rules2-good.rules"
2020-09-22T16:27:59.917Z	info	app/vmalert/group.go:235	group "duplicatedGroupDiffFiles": received stop signal
2020-09-22T16:27:59.917Z	info	app/vmalert/manager.go:84	reading rules configuration file from "config/testdata/dir/rules0-bad.rules"
2020-09-22T16:27:59.917Z	info	app/vmalert/manager.go:84	reading rules configuration file from "config/testdata/rules0-good.rules"
2020-09-22T16:27:59.917Z	info	app/vmalert/group.go:225	group "TestGroup" started; interval=2s; concurrency=2
2020-09-22T16:27:59.917Z	info	app/vmalert/manager.go:84	reading rules configuration file from "config/testdata/rules2-good.rules"
2020-09-22T16:27:59.917Z	info	app/vmalert/group.go:235	group "TestGroup": received stop signal
2020-09-22T16:27:59.917Z	info	app/vmalert/manager.go:84	reading rules configuration file from "config/testdata/dir/rules1-good.rules"
2020-09-22T16:27:59.917Z	info	app/vmalert/manager.go:84	reading rules configuration file from "config/testdata/dir/rules1-good.rules"
2020-09-22T16:27:59.917Z	info	app/vmalert/group.go:225	group "TestGroup" started; interval=1ms; concurrency=1
2020-09-22T16:27:59.917Z	info	app/vmalert/manager.go:84	reading rules configuration file from "config/testdata/dir/rules0-good.rules"
2020-09-22T16:27:59.918Z	info	app/vmalert/manager.go:84	reading rules configuration file from "config/testdata/dir/rules1-bad.rules"
2020-09-22T16:27:59.917Z	info	app/vmalert/group.go:225	group "groupGorSingleAlert" started; interval=1ms; concurrency=1
2020-09-22T16:27:59.918Z	info	app/vmalert/group.go:235	group "groupGorSingleAlert": received stop signal
2020-09-22T16:27:59.918Z	info	app/vmalert/group.go:235	group "TestGroup": received stop signal
2020-09-22T16:27:59.918Z	info	app/vmalert/manager.go:84	reading rules configuration file from "config/testdata/rules0-good.rules"
2020-09-22T16:27:59.918Z	info	app/vmalert/manager.go:84	reading rules configuration file from "config/testdata/dir/rules1-good.rules"
2020-09-22T16:27:59.918Z	info	app/vmalert/group.go:225	group "TestGroup" started; interval=2s; concurrency=2
2020-09-22T16:27:59.918Z	info	app/vmalert/group.go:235	group "TestGroup": received stop signal
2020-09-22T16:27:59.918Z	info	app/vmalert/group.go:225	group "groupTest" started; interval=1ms; concurrency=1
2020-09-22T16:27:59.918Z	info	app/vmalert/group.go:235	group "groupTest": received stop signal
2020-09-22T16:27:59.918Z	info	app/vmalert/manager.go:84	reading rules configuration file from "config/testdata/dir/rules1-good.rules"
2020-09-22T16:27:59.918Z	info	app/vmalert/group.go:225	group "duplicatedGroupDiffFiles" started; interval=1ms; concurrency=1
2020-09-22T16:27:59.918Z	info	app/vmalert/manager.go:84	reading rules configuration file from "config/testdata/dir/rules1-bad.rules"
2020-09-22T16:27:59.918Z	info	app/vmalert/group.go:235	group "duplicatedGroupDiffFiles": received stop signal
2020-09-22T16:27:59.918Z	info	app/vmalert/manager.go:84	reading rules configuration file from "config/testdata/dir/rules0-bad.rules"
2020-09-22T16:27:59.918Z	info	app/vmalert/group.go:225	group "duplicatedGroupDiffFiles" started; interval=1ms; concurrency=1
2020-09-22T16:27:59.918Z	info	app/vmalert/manager.go:84	reading rules configuration file from "config/testdata/dir/rules1-good.rules"
2020-09-22T16:27:59.918Z	info	app/vmalert/group.go:235	group "duplicatedGroupDiffFiles": received stop signal
2020-09-22T16:27:59.919Z	info	app/vmalert/group.go:225	group "TestGroup" started; interval=2s; concurrency=2
2020-09-22T16:27:59.919Z	info	app/vmalert/manager.go:84	reading rules configuration file from "config/testdata/dir/rules1-good.rules"
2020-09-22T16:27:59.919Z	info	app/vmalert/group.go:235	group "TestGroup": received stop signal
2020-09-22T16:27:59.919Z	info	app/vmalert/group.go:225	group "duplicatedGroupDiffFiles" started; interval=1ms; concurrency=1
2020-09-22T16:27:59.919Z	info	app/vmalert/group.go:235	group "duplicatedGroupDiffFiles": received stop signal
2020-09-22T16:27:59.919Z	info	app/vmalert/manager.go:84	reading rules configuration file from "config/testdata/rules0-good.rules"
2020-09-22T16:27:59.919Z	info	app/vmalert/group.go:225	group "duplicatedGroupDiffFiles" started; interval=1ms; concurrency=1
2020-09-22T16:27:59.919Z	info	app/vmalert/group.go:235	group "duplicatedGroupDiffFiles": received stop signal
2020-09-22T16:27:59.919Z	info	app/vmalert/manager.go:84	reading rules configuration file from "config/testdata/dir/rules0-bad.rules"
2020-09-22T16:27:59.919Z	info	app/vmalert/manager.go:84	reading rules configuration file from "config/testdata/dir/rules0-good.rules"
2020-09-22T16:27:59.919Z	info	app/vmalert/group.go:225	group "groupTest" started; interval=1ms; concurrency=1
2020-09-22T16:27:59.919Z	info	app/vmalert/group.go:235	group "groupTest": received stop signal
2020-09-22T16:27:59.919Z	info	app/vmalert/manager.go:84	reading rules configuration file from "config/testdata/dir/rules0-bad.rules"
2020-09-22T16:27:59.919Z	info	app/vmalert/group.go:225	group "duplicatedGroupDiffFiles" started; interval=1ms; concurrency=1
2020-09-22T16:27:59.919Z	info	app/vmalert/manager.go:84	reading rules configuration file from "config/testdata/dir/rules1-bad.rules"
2020-09-22T16:27:59.919Z	info	app/vmalert/manager.go:84	reading rules configuration file from "config/testdata/rules0-good.rules"
2020-09-22T16:27:59.920Z	info	app/vmalert/group.go:235	group "duplicatedGroupDiffFiles": received stop signal
2020-09-22T16:27:59.920Z	info	app/vmalert/group.go:225	group "TestGroup" started; interval=2s; concurrency=2
2020-09-22T16:27:59.920Z	info	app/vmalert/manager.go:84	reading rules configuration file from "config/testdata/dir/rules0-good.rules"
2020-09-22T16:27:59.920Z	info	app/vmalert/group.go:235	group "TestGroup": received stop signal
2020-09-22T16:27:59.920Z	info	app/vmalert/manager.go:84	reading rules configuration file from "config/testdata/dir/rules0-good.rules"
2020-09-22T16:27:59.920Z	info	app/vmalert/group.go:225	group "duplicatedGroupDiffFiles" started; interval=1ms; concurrency=1
2020-09-22T16:27:59.920Z	info	app/vmalert/manager.go:84	reading rules configuration file from "config/testdata/rules1-good.rules"
2020-09-22T16:27:59.920Z	info	app/vmalert/group.go:235	group "duplicatedGroupDiffFiles": received stop signal
2020-09-22T16:27:59.920Z	info	app/vmalert/manager.go:84	reading rules configuration file from "config/testdata/rules0-good.rules"
2020-09-22T16:27:59.920Z	info	app/vmalert/manager.go:84	reading rules configuration file from "config/testdata/rules0-good.rules"
2020-09-22T16:27:59.920Z	info	app/vmalert/group.go:225	group "duplicatedGroupDiffFiles" started; interval=1ms; concurrency=1
2020-09-22T16:27:59.920Z	info	app/vmalert/group.go:235	group "duplicatedGroupDiffFiles": received stop signal
2020-09-22T16:27:59.920Z	info	app/vmalert/manager.go:84	reading rules configuration file from "config/testdata/dir/rules0-good.rules"
2020-09-22T16:27:59.920Z	info	app/vmalert/manager.go:84	reading rules configuration file from "config/testdata/rules2-good.rules"
2020-09-22T16:27:59.920Z	info	app/vmalert/manager.go:84	reading rules configuration file from "config/testdata/dir/rules1-bad.rules"
2020-09-22T16:27:59.920Z	info	app/vmalert/group.go:225	group "duplicatedGroupDiffFiles" started; interval=1ms; concurrency=1
2020-09-22T16:27:59.921Z	info	app/vmalert/group.go:235	group "duplicatedGroupDiffFiles": received stop signal
2020-09-22T16:27:59.921Z	info	app/vmalert/manager.go:84	reading rules configuration file from "config/testdata/rules1-good.rules"
2020-09-22T16:27:59.921Z	info	app/vmalert/manager.go:84	reading rules configuration file from "config/testdata/dir/rules0-bad.rules"
2020-09-22T16:27:59.921Z	info	app/vmalert/group.go:225	group "groupGorSingleAlert" started; interval=1ms; concurrency=1
2020-09-22T16:27:59.921Z	info	app/vmalert/group.go:225	group "TestGroup" started; interval=1ms; concurrency=1
2020-09-22T16:27:59.921Z	info	app/vmalert/manager.go:84	reading rules configuration file from "config/testdata/rules0-good.rules"
2020-09-22T16:27:59.921Z	info	app/vmalert/manager.go:84	reading rules configuration file from "config/testdata/dir/rules1-good.rules"
2020-09-22T16:27:59.921Z	info	app/vmalert/manager.go:84	reading rules configuration file from "config/testdata/rules0-good.rules"
2020-09-22T16:27:59.921Z	info	app/vmalert/group.go:235	group "groupGorSingleAlert": received stop signal
2020-09-22T16:27:59.921Z	info	app/vmalert/group.go:235	group "TestGroup": received stop signal
2020-09-22T16:27:59.921Z	info	app/vmalert/manager.go:84	reading rules configuration file from "config/testdata/rules0-good.rules"
2020-09-22T16:27:59.921Z	info	app/vmalert/group.go:225	group "duplicatedGroupDiffFiles" started; interval=1ms; concurrency=1
2020-09-22T16:27:59.921Z	info	app/vmalert/manager.go:84	reading rules configuration file from "config/testdata/rules0-good.rules"
2020-09-22T16:27:59.921Z	info	app/vmalert/group.go:235	group "duplicatedGroupDiffFiles": received stop signal
2020-09-22T16:27:59.921Z	info	app/vmalert/group.go:225	group "duplicatedGroupDiffFiles" started; interval=1ms; concurrency=1
2020-09-22T16:27:59.921Z	info	app/vmalert/group.go:235	group "duplicatedGroupDiffFiles": received stop signal
2020-09-22T16:27:59.921Z	info	app/vmalert/manager.go:84	reading rules configuration file from "config/testdata/dir/rules1-bad.rules"
2020-09-22T16:27:59.922Z	info	app/vmalert/manager.go:84	reading rules configuration file from "config/testdata/dir/rules1-bad.rules"
2020-09-22T16:27:59.922Z	info	app/vmalert/group.go:225	group "groupTest" started; interval=1ms; concurrency=1
2020-09-22T16:27:59.922Z	info	app/vmalert/group.go:235	group "groupTest": received stop signal
2020-09-22T16:27:59.922Z	info	app/vmalert/manager.go:84	reading rules configuration file from "config/testdata/dir/rules1-good.rules"
2020-09-22T16:27:59.922Z	info	app/vmalert/group.go:225	group "duplicatedGroupDiffFiles" started; interval=1ms; concurrency=1
2020-09-22T16:27:59.922Z	info	app/vmalert/group.go:235	group "duplicatedGroupDiffFiles": received stop signal
2020-09-22T16:27:59.922Z	info	app/vmalert/group.go:225	group "groupGorSingleAlert" started; interval=1ms; concurrency=1
2020-09-22T16:27:59.922Z	info	app/vmalert/manager.go:84	reading rules configuration file from "config/testdata/dir/rules0-bad.rules"
2020-09-22T16:27:59.922Z	info	app/vmalert/group.go:235	group "groupGorSingleAlert": received stop signal
2020-09-22T16:27:59.922Z	info	app/vmalert/group.go:225	group "TestGroup" started; interval=1ms; concurrency=1
2020-09-22T16:27:59.922Z	info	app/vmalert/group.go:235	group "TestGroup": received stop signal
2020-09-22T16:27:59.922Z	info	app/vmalert/group.go:225	group "TestGroup" started; interval=2s; concurrency=2
2020-09-22T16:27:59.923Z	info	app/vmalert/group.go:235	group "TestGroup": received stop signal
2020-09-22T16:27:59.923Z	info	app/vmalert/manager.go:84	reading rules configuration file from "config/testdata/rules2-good.rules"
2020-09-22T16:27:59.923Z	info	app/vmalert/group.go:225	group "TestGroup" started; interval=1ms; concurrency=1
2020-09-22T16:27:59.923Z	info	app/vmalert/group.go:225	group "groupGorSingleAlert" started; interval=1ms; concurrency=1
2020-09-22T16:27:59.923Z	info	app/vmalert/group.go:235	group "groupGorSingleAlert": received stop signal
2020-09-22T16:27:59.923Z	info	app/vmalert/group.go:235	group "TestGroup": received stop signal
2020-09-22T16:27:59.923Z	info	app/vmalert/group.go:225	group "TestGroup" started; interval=2s; concurrency=2
2020-09-22T16:27:59.923Z	info	app/vmalert/group.go:235	group "TestGroup": received stop signal
2020-09-22T16:27:59.923Z	info	app/vmalert/manager.go:84	reading rules configuration file from "config/testdata/dir/rules1-bad.rules"
2020-09-22T16:27:59.923Z	info	app/vmalert/manager.go:84	reading rules configuration file from "config/testdata/dir/rules1-bad.rules"
2020-09-22T16:27:59.923Z	info	app/vmalert/group.go:225	group "groupTest" started; interval=1ms; concurrency=1
2020-09-22T16:27:59.923Z	info	app/vmalert/group.go:235	group "groupTest": received stop signal
2020-09-22T16:27:59.923Z	info	app/vmalert/manager.go:84	reading rules configuration file from "config/testdata/rules2-good.rules"
2020-09-22T16:27:59.924Z	info	app/vmalert/manager.go:84	reading rules configuration file from "config/testdata/rules2-good.rules"
2020-09-22T16:27:59.924Z	info	app/vmalert/group.go:225	group "duplicatedGroupDiffFiles" started; interval=1ms; concurrency=1
2020-09-22T16:27:59.924Z	info	app/vmalert/manager.go:84	reading rules configuration file from "config/testdata/rules2-good.rules"
2020-09-22T16:27:59.924Z	info	app/vmalert/group.go:235	group "duplicatedGroupDiffFiles": received stop signal
2020-09-22T16:27:59.924Z	info	app/vmalert/manager.go:84	reading rules configuration file from "config/testdata/dir/rules0-bad.rules"
2020-09-22T16:27:59.924Z	info	app/vmalert/group.go:225	group "duplicatedGroupDiffFiles" started; interval=1ms; concurrency=1
2020-09-22T16:27:59.924Z	info	app/vmalert/manager.go:84	reading rules configuration file from "config/testdata/dir/rules0-bad.rules"
2020-09-22T16:27:59.924Z	info	app/vmalert/group.go:235	group "duplicatedGroupDiffFiles": received stop signal
2020-09-22T16:27:59.924Z	info	app/vmalert/group.go:225	group "groupGorSingleAlert" started; interval=1ms; concurrency=1
2020-09-22T16:27:59.924Z	info	app/vmalert/group.go:225	group "TestGroup" started; interval=1ms; concurrency=1
2020-09-22T16:27:59.924Z	info	app/vmalert/manager.go:84	reading rules configuration file from "config/testdata/dir/rules1-bad.rules"
2020-09-22T16:27:59.924Z	info	app/vmalert/group.go:235	group "TestGroup": received stop signal
2020-09-22T16:27:59.924Z	info	app/vmalert/group.go:235	group "groupGorSingleAlert": received stop signal
2020-09-22T16:27:59.924Z	info	app/vmalert/group.go:225	group "groupTest" started; interval=1ms; concurrency=1
2020-09-22T16:27:59.924Z	info	app/vmalert/manager.go:84	reading rules configuration file from "config/testdata/rules0-good.rules"
2020-09-22T16:27:59.924Z	info	app/vmalert/group.go:235	group "groupTest": received stop signal
2020-09-22T16:27:59.924Z	info	app/vmalert/group.go:225	group "duplicatedGroupDiffFiles" started; interval=1ms; concurrency=1
2020-09-22T16:27:59.925Z	info	app/vmalert/group.go:235	group "duplicatedGroupDiffFiles": received stop signal
2020-09-22T16:27:59.924Z	info	app/vmalert/manager.go:84	reading rules configuration file from "config/testdata/dir/rules0-bad.rules"
2020-09-22T16:27:59.925Z	info	app/vmalert/manager.go:84	reading rules configuration file from "config/testdata/rules0-good.rules"
2020-09-22T16:27:59.925Z	info	app/vmalert/group.go:225	group "groupTest" started; interval=1ms; concurrency=1
2020-09-22T16:27:59.925Z	info	app/vmalert/group.go:235	group "groupTest": received stop signal
2020-09-22T16:27:59.925Z	info	app/vmalert/manager.go:84	reading rules configuration file from "config/testdata/rules1-good.rules"
2020-09-22T16:27:59.925Z	info	app/vmalert/manager.go:84	reading rules configuration file from "config/testdata/dir/rules1-bad.rules"
2020-09-22T16:27:59.925Z	info	app/vmalert/manager.go:84	reading rules configuration file from "config/testdata/dir/rules1-bad.rules"
2020-09-22T16:27:59.925Z	info	app/vmalert/group.go:225	group "duplicatedGroupDiffFiles" started; interval=1ms; concurrency=1
2020-09-22T16:27:59.925Z	info	app/vmalert/manager.go:84	reading rules configuration file from "config/testdata/dir/rules0-good.rules"
2020-09-22T16:27:59.925Z	info	app/vmalert/group.go:235	group "duplicatedGroupDiffFiles": received stop signal
2020-09-22T16:27:59.925Z	info	app/vmalert/group.go:225	group "groupGorSingleAlert" started; interval=1ms; concurrency=1
2020-09-22T16:27:59.925Z	info	app/vmalert/group.go:235	group "groupGorSingleAlert": received stop signal
2020-09-22T16:27:59.925Z	info	app/vmalert/group.go:225	group "TestGroup" started; interval=1ms; concurrency=1
2020-09-22T16:27:59.925Z	info	app/vmalert/group.go:235	group "TestGroup": received stop signal
2020-09-22T16:27:59.925Z	info	app/vmalert/manager.go:84	reading rules configuration file from "config/testdata/dir/rules1-bad.rules"
2020-09-22T16:27:59.926Z	info	app/vmalert/manager.go:84	reading rules configuration file from "config/testdata/dir/rules0-good.rules"
2020-09-22T16:27:59.926Z	info	app/vmalert/manager.go:84	reading rules configuration file from "config/testdata/dir/rules1-good.rules"
2020-09-22T16:27:59.926Z	info	app/vmalert/manager.go:84	reading rules configuration file from "config/testdata/rules1-good.rules"
2020-09-22T16:27:59.926Z	info	app/vmalert/manager.go:84	reading rules configuration file from "config/testdata/rules2-good.rules"
2020-09-22T16:27:59.927Z	info	app/vmalert/manager.go:84	reading rules configuration file from "config/testdata/rules2-good.rules"
2020-09-22T16:27:59.927Z	info	app/vmalert/group.go:225	group "TestGroup" started; interval=2s; concurrency=2
2020-09-22T16:27:59.927Z	info	app/vmalert/group.go:235	group "TestGroup": received stop signal
2020-09-22T16:27:59.927Z	info	app/vmalert/group.go:225	group "groupGorSingleAlert" started; interval=1ms; concurrency=1
2020-09-22T16:27:59.927Z	info	app/vmalert/group.go:235	group "groupGorSingleAlert": received stop signal
2020-09-22T16:27:59.927Z	info	app/vmalert/group.go:225	group "TestGroup" started; interval=1ms; concurrency=1
2020-09-22T16:27:59.927Z	info	app/vmalert/manager.go:84	reading rules configuration file from "config/testdata/dir/rules0-good.rules"
2020-09-22T16:27:59.927Z	info	app/vmalert/group.go:235	group "TestGroup": received stop signal
2020-09-22T16:27:59.927Z	info	app/vmalert/manager.go:84	reading rules configuration file from "config/testdata/rules0-good.rules"
2020-09-22T16:27:59.927Z	info	app/vmalert/manager.go:84	reading rules configuration file from "config/testdata/rules1-good.rules"
2020-09-22T16:27:59.927Z	info	app/vmalert/group.go:225	group "duplicatedGroupDiffFiles" started; interval=1ms; concurrency=1
2020-09-22T16:27:59.927Z	info	app/vmalert/manager.go:84	reading rules configuration file from "config/testdata/rules0-good.rules"
2020-09-22T16:27:59.927Z	info	app/vmalert/group.go:235	group "duplicatedGroupDiffFiles": received stop signal
2020-09-22T16:27:59.927Z	info	app/vmalert/manager.go:84	reading rules configuration file from "config/testdata/rules0-good.rules"
2020-09-22T16:27:59.927Z	info	app/vmalert/group.go:225	group "TestGroup" started; interval=2s; concurrency=2
2020-09-22T16:27:59.927Z	info	app/vmalert/group.go:235	group "TestGroup": received stop signal
2020-09-22T16:27:59.928Z	info	app/vmalert/manager.go:84	reading rules configuration file from "config/testdata/rules0-good.rules"
2020-09-22T16:27:59.928Z	info	app/vmalert/group.go:225	group "duplicatedGroupDiffFiles" started; interval=1ms; concurrency=1
2020-09-22T16:27:59.928Z	info	app/vmalert/group.go:235	group "duplicatedGroupDiffFiles": received stop signal
2020-09-22T16:27:59.928Z	info	app/vmalert/manager.go:84	reading rules configuration file from "config/testdata/rules1-good.rules"
2020-09-22T16:27:59.928Z	info	app/vmalert/manager.go:84	reading rules configuration file from "config/testdata/dir/rules0-good.rules"
2020-09-22T16:27:59.928Z	info	app/vmalert/manager.go:84	reading rules configuration file from "config/testdata/dir/rules0-bad.rules"
2020-09-22T16:27:59.928Z	info	app/vmalert/group.go:225	group "groupTest" started; interval=1ms; concurrency=1
2020-09-22T16:27:59.928Z	info	app/vmalert/group.go:235	group "groupTest": received stop signal
2020-09-22T16:27:59.928Z	info	app/vmalert/manager.go:84	reading rules configuration file from "config/testdata/rules0-good.rules"
2020-09-22T16:27:59.928Z	info	app/vmalert/group.go:225	group "duplicatedGroupDiffFiles" started; interval=1ms; concurrency=1
2020-09-22T16:27:59.928Z	info	app/vmalert/group.go:235	group "duplicatedGroupDiffFiles": received stop signal
2020-09-22T16:27:59.928Z	info	app/vmalert/manager.go:84	reading rules configuration file from "config/testdata/dir/rules0-good.rules"
2020-09-22T16:27:59.928Z	info	app/vmalert/group.go:225	group "duplicatedGroupDiffFiles" started; interval=1ms; concurrency=1
2020-09-22T16:27:59.929Z	info	app/vmalert/manager.go:84	reading rules configuration file from "config/testdata/dir/rules1-good.rules"
2020-09-22T16:27:59.929Z	info	app/vmalert/group.go:235	group "duplicatedGroupDiffFiles": received stop signal
2020-09-22T16:27:59.929Z	info	app/vmalert/group.go:225	group "groupGorSingleAlert" started; interval=1ms; concurrency=1
2020-09-22T16:27:59.929Z	info	app/vmalert/group.go:225	group "TestGroup" started; interval=1ms; concurrency=1
2020-09-22T16:27:59.929Z	info	app/vmalert/manager.go:84	reading rules configuration file from "config/testdata/dir/rules1-bad.rules"
2020-09-22T16:27:59.929Z	info	app/vmalert/group.go:235	group "groupGorSingleAlert": received stop signal
2020-09-22T16:27:59.929Z	info	app/vmalert/group.go:235	group "TestGroup": received stop signal
2020-09-22T16:27:59.929Z	info	app/vmalert/manager.go:84	reading rules configuration file from "config/testdata/dir/rules0-good.rules"
2020-09-22T16:27:59.929Z	info	app/vmalert/group.go:225	group "duplicatedGroupDiffFiles" started; interval=1ms; concurrency=1
2020-09-22T16:27:59.929Z	info	app/vmalert/manager.go:84	reading rules configuration file from "config/testdata/rules2-good.rules"
2020-09-22T16:27:59.929Z	info	app/vmalert/group.go:235	group "duplicatedGroupDiffFiles": received stop signal
2020-09-22T16:27:59.929Z	info	app/vmalert/group.go:225	group "TestGroup" started; interval=2s; concurrency=2
2020-09-22T16:27:59.929Z	info	app/vmalert/manager.go:84	reading rules configuration file from "config/testdata/dir/rules1-good.rules"
2020-09-22T16:27:59.929Z	info	app/vmalert/group.go:235	group "TestGroup": received stop signal
2020-09-22T16:27:59.929Z	info	app/vmalert/group.go:225	group "duplicatedGroupDiffFiles" started; interval=1ms; concurrency=1
2020-09-22T16:27:59.930Z	info	app/vmalert/group.go:235	group "duplicatedGroupDiffFiles": received stop signal
2020-09-22T16:27:59.930Z	info	app/vmalert/manager.go:84	reading rules configuration file from "config/testdata/dir/rules0-good.rules"
2020-09-22T16:27:59.930Z	info	app/vmalert/manager.go:84	reading rules configuration file from "config/testdata/dir/rules1-bad.rules"
2020-09-22T16:27:59.930Z	info	app/vmalert/group.go:225	group "groupTest" started; interval=1ms; concurrency=1
2020-09-22T16:27:59.930Z	info	app/vmalert/group.go:235	group "groupTest": received stop signal
2020-09-22T16:27:59.930Z	info	app/vmalert/manager.go:84	reading rules configuration file from "config/testdata/dir/rules1-good.rules"
2020-09-22T16:27:59.930Z	info	app/vmalert/group.go:225	group "duplicatedGroupDiffFiles" started; interval=1ms; concurrency=1
2020-09-22T16:27:59.930Z	info	app/vmalert/group.go:235	group "duplicatedGroupDiffFiles": received stop signal
2020-09-22T16:27:59.930Z	info	app/vmalert/manager.go:84	reading rules configuration file from "config/testdata/dir/rules0-good.rules"
2020-09-22T16:27:59.930Z	info	app/vmalert/manager.go:84	reading rules configuration file from "config/testdata/rules1-good.rules"
2020-09-22T16:27:59.930Z	info	app/vmalert/group.go:225	group "duplicatedGroupDiffFiles" started; interval=1ms; concurrency=1
2020-09-22T16:27:59.930Z	info	app/vmalert/group.go:235	group "duplicatedGroupDiffFiles": received stop signal
2020-09-22T16:27:59.930Z	info	app/vmalert/manager.go:84	reading rules configuration file from "config/testdata/dir/rules1-bad.rules"
2020-09-22T16:27:59.930Z	info	app/vmalert/group.go:225	group "TestGroup" started; interval=1ms; concurrency=1
2020-09-22T16:27:59.930Z	info	app/vmalert/manager.go:84	reading rules configuration file from "config/testdata/dir/rules1-good.rules"
2020-09-22T16:27:59.930Z	info	app/vmalert/group.go:225	group "groupGorSingleAlert" started; interval=1ms; concurrency=1
2020-09-22T16:27:59.930Z	info	app/vmalert/manager.go:84	reading rules configuration file from "config/testdata/rules2-good.rules"
2020-09-22T16:27:59.931Z	info	app/vmalert/group.go:235	group "groupGorSingleAlert": received stop signal
2020-09-22T16:27:59.930Z	info	app/vmalert/manager.go:84	reading rules configuration file from "config/testdata/dir/rules0-bad.rules"
2020-09-22T16:27:59.931Z	info	app/vmalert/group.go:235	group "TestGroup": received stop signal
2020-09-22T16:27:59.931Z	info	app/vmalert/group.go:225	group "TestGroup" started; interval=2s; concurrency=2
2020-09-22T16:27:59.931Z	info	app/vmalert/manager.go:84	reading rules configuration file from "config/testdata/dir/rules1-good.rules"
2020-09-22T16:27:59.931Z	info	app/vmalert/group.go:235	group "TestGroup": received stop signal
2020-09-22T16:27:59.931Z	info	app/vmalert/manager.go:84	reading rules configuration file from "config/testdata/dir/rules0-good.rules"
2020-09-22T16:27:59.931Z	info	app/vmalert/group.go:225	group "groupTest" started; interval=1ms; concurrency=1
2020-09-22T16:27:59.931Z	info	app/vmalert/group.go:235	group "groupTest": received stop signal
2020-09-22T16:27:59.931Z	info	app/vmalert/manager.go:84	reading rules configuration file from "config/testdata/rules2-good.rules"
2020-09-22T16:27:59.931Z	info	app/vmalert/group.go:225	group "groupGorSingleAlert" started; interval=1ms; concurrency=1
2020-09-22T16:27:59.931Z	info	app/vmalert/group.go:235	group "groupGorSingleAlert": received stop signal
2020-09-22T16:27:59.931Z	info	app/vmalert/manager.go:84	reading rules configuration file from "config/testdata/dir/rules1-bad.rules"
2020-09-22T16:27:59.931Z	info	app/vmalert/group.go:225	group "TestGroup" started; interval=1ms; concurrency=1
2020-09-22T16:27:59.931Z	info	app/vmalert/group.go:235	group "TestGroup": received stop signal
2020-09-22T16:27:59.931Z	info	app/vmalert/group.go:225	group "duplicatedGroupDiffFiles" started; interval=1ms; concurrency=1
2020-09-22T16:27:59.931Z	info	app/vmalert/group.go:235	group "duplicatedGroupDiffFiles": received stop signal
2020-09-22T16:27:59.932Z	info	app/vmalert/manager.go:84	reading rules configuration file from "config/testdata/dir/rules0-good.rules"
2020-09-22T16:27:59.932Z	info	app/vmalert/manager.go:84	reading rules configuration file from "config/testdata/rules1-good.rules"
2020-09-22T16:27:59.932Z	info	app/vmalert/manager.go:84	reading rules configuration file from "config/testdata/rules2-good.rules"
2020-09-22T16:27:59.932Z	info	app/vmalert/group.go:225	group "duplicatedGroupDiffFiles" started; interval=1ms; concurrency=1
2020-09-22T16:27:59.932Z	info	app/vmalert/group.go:235	group "duplicatedGroupDiffFiles": received stop signal
2020-09-22T16:27:59.932Z	info	app/vmalert/manager.go:84	reading rules configuration file from "config/testdata/rules1-good.rules"
2020-09-22T16:27:59.932Z	info	app/vmalert/group.go:225	group "TestGroup" started; interval=1ms; concurrency=1
2020-09-22T16:27:59.932Z	info	app/vmalert/manager.go:84	reading rules configuration file from "config/testdata/dir/rules0-good.rules"
2020-09-22T16:27:59.932Z	info	app/vmalert/group.go:225	group "groupGorSingleAlert" started; interval=1ms; concurrency=1
2020-09-22T16:27:59.932Z	info	app/vmalert/group.go:235	group "groupGorSingleAlert": received stop signal
2020-09-22T16:27:59.933Z	info	app/vmalert/manager.go:84	reading rules configuration file from "config/testdata/dir/rules0-good.rules"
2020-09-22T16:27:59.933Z	info	app/vmalert/group.go:235	group "TestGroup": received stop signal
2020-09-22T16:27:59.933Z	info	app/vmalert/manager.go:84	reading rules configuration file from "config/testdata/dir/rules1-good.rules"
2020-09-22T16:27:59.933Z	info	app/vmalert/group.go:225	group "duplicatedGroupDiffFiles" started; interval=1ms; concurrency=1
2020-09-22T16:27:59.933Z	info	app/vmalert/manager.go:84	reading rules configuration file from "config/testdata/rules0-good.rules"
2020-09-22T16:27:59.933Z	info	app/vmalert/group.go:235	group "duplicatedGroupDiffFiles": received stop signal
2020-09-22T16:27:59.933Z	info	app/vmalert/manager.go:84	reading rules configuration file from "config/testdata/dir/rules0-bad.rules"
2020-09-22T16:27:59.933Z	info	app/vmalert/manager.go:84	reading rules configuration file from "config/testdata/dir/rules1-good.rules"
2020-09-22T16:27:59.933Z	info	app/vmalert/group.go:225	group "duplicatedGroupDiffFiles" started; interval=1ms; concurrency=1
2020-09-22T16:27:59.933Z	info	app/vmalert/group.go:235	group "duplicatedGroupDiffFiles": received stop signal
2020-09-22T16:27:59.933Z	info	app/vmalert/manager.go:84	reading rules configuration file from "config/testdata/rules0-good.rules"
2020-09-22T16:27:59.933Z	info	app/vmalert/manager.go:84	reading rules configuration file from "config/testdata/dir/rules0-good.rules"
2020-09-22T16:27:59.933Z	info	app/vmalert/group.go:225	group "groupTest" started; interval=1ms; concurrency=1
2020-09-22T16:27:59.933Z	info	app/vmalert/group.go:235	group "groupTest": received stop signal
2020-09-22T16:27:59.933Z	info	app/vmalert/group.go:225	group "duplicatedGroupDiffFiles" started; interval=1ms; concurrency=1
2020-09-22T16:27:59.934Z	info	app/vmalert/group.go:235	group "duplicatedGroupDiffFiles": received stop signal
2020-09-22T16:27:59.934Z	info	app/vmalert/manager.go:84	reading rules configuration file from "config/testdata/rules0-good.rules"
2020-09-22T16:27:59.934Z	info	app/vmalert/group.go:225	group "groupTest" started; interval=1ms; concurrency=1
2020-09-22T16:27:59.934Z	info	app/vmalert/group.go:235	group "groupTest": received stop signal
2020-09-22T16:27:59.934Z	info	app/vmalert/manager.go:84	reading rules configuration file from "config/testdata/dir/rules1-good.rules"
2020-09-22T16:27:59.934Z	info	app/vmalert/group.go:225	group "TestGroup" started; interval=2s; concurrency=2
2020-09-22T16:27:59.934Z	info	app/vmalert/group.go:235	group "TestGroup": received stop signal
2020-09-22T16:27:59.934Z	info	app/vmalert/group.go:225	group "duplicatedGroupDiffFiles" started; interval=1ms; concurrency=1
2020-09-22T16:27:59.934Z	info	app/vmalert/manager.go:84	reading rules configuration file from "config/testdata/dir/rules0-bad.rules"
2020-09-22T16:27:59.934Z	info	app/vmalert/manager.go:84	reading rules configuration file from "config/testdata/rules2-good.rules"
2020-09-22T16:27:59.934Z	info	app/vmalert/group.go:235	group "duplicatedGroupDiffFiles": received stop signal
2020-09-22T16:27:59.934Z	info	app/vmalert/manager.go:84	reading rules configuration file from "config/testdata/rules0-good.rules"
2020-09-22T16:27:59.934Z	info	app/vmalert/group.go:225	group "groupTest" started; interval=1ms; concurrency=1
2020-09-22T16:27:59.934Z	info	app/vmalert/group.go:235	group "groupTest": received stop signal
2020-09-22T16:27:59.934Z	info	app/vmalert/manager.go:84	reading rules configuration file from "config/testdata/dir/rules1-bad.rules"
2020-09-22T16:27:59.934Z	info	app/vmalert/group.go:225	group "groupGorSingleAlert" started; interval=1ms; concurrency=1
2020-09-22T16:27:59.934Z	info	app/vmalert/manager.go:84	reading rules configuration file from "config/testdata/rules2-good.rules"
2020-09-22T16:27:59.934Z	info	app/vmalert/manager.go:84	reading rules configuration file from "config/testdata/rules0-good.rules"
2020-09-22T16:27:59.934Z	info	app/vmalert/group.go:225	group "TestGroup" started; interval=1ms; concurrency=1
2020-09-22T16:27:59.935Z	info	app/vmalert/group.go:235	group "TestGroup": received stop signal
2020-09-22T16:27:59.935Z	info	app/vmalert/group.go:235	group "groupGorSingleAlert": received stop signal
2020-09-22T16:27:59.935Z	info	app/vmalert/manager.go:84	reading rules configuration file from "config/testdata/dir/rules0-bad.rules"
2020-09-22T16:27:59.935Z	info	app/vmalert/manager.go:84	reading rules configuration file from "config/testdata/dir/rules0-bad.rules"
2020-09-22T16:27:59.935Z	info	app/vmalert/group.go:225	group "groupTest" started; interval=1ms; concurrency=1
2020-09-22T16:27:59.935Z	info	app/vmalert/group.go:235	group "groupTest": received stop signal
2020-09-22T16:27:59.935Z	info	app/vmalert/group.go:225	group "duplicatedGroupDiffFiles" started; interval=1ms; concurrency=1
2020-09-22T16:27:59.935Z	info	app/vmalert/manager.go:84	reading rules configuration file from "config/testdata/dir/rules0-good.rules"
2020-09-22T16:27:59.935Z	info	app/vmalert/group.go:235	group "duplicatedGroupDiffFiles": received stop signal
2020-09-22T16:27:59.935Z	info	app/vmalert/manager.go:84	reading rules configuration file from "config/testdata/dir/rules0-good.rules"
2020-09-22T16:27:59.935Z	info	app/vmalert/group.go:225	group "duplicatedGroupDiffFiles" started; interval=1ms; concurrency=1
2020-09-22T16:27:59.935Z	info	app/vmalert/group.go:235	group "duplicatedGroupDiffFiles": received stop signal
2020-09-22T16:27:59.936Z	info	app/vmalert/manager.go:84	reading rules configuration file from "config/testdata/rules0-good.rules"
2020-09-22T16:27:59.936Z	info	app/vmalert/manager.go:84	reading rules configuration file from "config/testdata/dir/rules1-good.rules"
2020-09-22T16:27:59.936Z	info	app/vmalert/group.go:225	group "duplicatedGroupDiffFiles" started; interval=1ms; concurrency=1
2020-09-22T16:27:59.936Z	info	app/vmalert/group.go:235	group "duplicatedGroupDiffFiles": received stop signal
2020-09-22T16:27:59.936Z	info	app/vmalert/manager.go:84	reading rules configuration file from "config/testdata/rules2-good.rules"
2020-09-22T16:27:59.936Z	info	app/vmalert/group.go:225	group "TestGroup" started; interval=2s; concurrency=2
2020-09-22T16:27:59.936Z	info	app/vmalert/group.go:235	group "TestGroup": received stop signal
2020-09-22T16:27:59.936Z	info	app/vmalert/group.go:225	group "duplicatedGroupDiffFiles" started; interval=1ms; concurrency=1
2020-09-22T16:27:59.936Z	info	app/vmalert/manager.go:84	reading rules configuration file from "config/testdata/rules0-good.rules"
2020-09-22T16:27:59.936Z	info	app/vmalert/group.go:235	group "duplicatedGroupDiffFiles": received stop signal
2020-09-22T16:27:59.937Z	info	app/vmalert/manager.go:84	reading rules configuration file from "config/testdata/dir/rules0-good.rules"
2020-09-22T16:27:59.936Z	info	app/vmalert/manager.go:84	reading rules configuration file from "config/testdata/dir/rules1-good.rules"
2020-09-22T16:27:59.937Z	info	app/vmalert/group.go:225	group "groupGorSingleAlert" started; interval=1ms; concurrency=1
2020-09-22T16:27:59.937Z	info	app/vmalert/group.go:225	group "TestGroup" started; interval=1ms; concurrency=1
2020-09-22T16:27:59.937Z	info	app/vmalert/manager.go:84	reading rules configuration file from "config/testdata/dir/rules1-bad.rules"
2020-09-22T16:27:59.937Z	info	app/vmalert/manager.go:84	reading rules configuration file from "config/testdata/dir/rules0-bad.rules"
2020-09-22T16:27:59.937Z	info	app/vmalert/group.go:235	group "groupGorSingleAlert": received stop signal
2020-09-22T16:27:59.937Z	info	app/vmalert/manager.go:84	reading rules configuration file from "config/testdata/rules2-good.rules"
2020-09-22T16:27:59.937Z	info	app/vmalert/group.go:235	group "TestGroup": received stop signal
2020-09-22T16:27:59.937Z	info	app/vmalert/manager.go:84	reading rules configuration file from "config/testdata/rules0-good.rules"
2020-09-22T16:27:59.937Z	info	app/vmalert/group.go:225	group "groupTest" started; interval=1ms; concurrency=1
2020-09-22T16:27:59.938Z	info	app/vmalert/group.go:235	group "groupTest": received stop signal
2020-09-22T16:27:59.938Z	info	app/vmalert/group.go:225	group "duplicatedGroupDiffFiles" started; interval=1ms; concurrency=1
2020-09-22T16:27:59.938Z	info	app/vmalert/manager.go:84	reading rules configuration file from "config/testdata/rules2-good.rules"
2020-09-22T16:27:59.938Z	info	app/vmalert/group.go:235	group "duplicatedGroupDiffFiles": received stop signal
2020-09-22T16:27:59.938Z	info	app/vmalert/manager.go:84	reading rules configuration file from "config/testdata/dir/rules1-good.rules"
2020-09-22T16:27:59.938Z	info	app/vmalert/group.go:225	group "duplicatedGroupDiffFiles" started; interval=1ms; concurrency=1
2020-09-22T16:27:59.938Z	info	app/vmalert/group.go:235	group "duplicatedGroupDiffFiles": received stop signal
2020-09-22T16:27:59.938Z	info	app/vmalert/group.go:225	group "duplicatedGroupDiffFiles" started; interval=1ms; concurrency=1
2020-09-22T16:27:59.938Z	info	app/vmalert/group.go:235	group "duplicatedGroupDiffFiles": received stop signal
2020-09-22T16:27:59.938Z	info	app/vmalert/group.go:225	group "groupGorSingleAlert" started; interval=1ms; concurrency=1
2020-09-22T16:27:59.938Z	info	app/vmalert/manager.go:84	reading rules configuration file from "config/testdata/dir/rules0-good.rules"
2020-09-22T16:27:59.938Z	info	app/vmalert/group.go:235	group "groupGorSingleAlert": received stop signal
2020-09-22T16:27:59.938Z	info	app/vmalert/manager.go:84	reading rules configuration file from "config/testdata/dir/rules0-bad.rules"
2020-09-22T16:27:59.938Z	info	app/vmalert/manager.go:84	reading rules configuration file from "config/testdata/dir/rules1-good.rules"
2020-09-22T16:27:59.938Z	info	app/vmalert/group.go:225	group "TestGroup" started; interval=1ms; concurrency=1
2020-09-22T16:27:59.938Z	info	app/vmalert/group.go:235	group "TestGroup": received stop signal
2020-09-22T16:27:59.939Z	info	app/vmalert/group.go:225	group "duplicatedGroupDiffFiles" started; interval=1ms; concurrency=1
2020-09-22T16:27:59.939Z	info	app/vmalert/manager.go:84	reading rules configuration file from "config/testdata/dir/rules0-bad.rules"
2020-09-22T16:27:59.939Z	info	app/vmalert/group.go:235	group "duplicatedGroupDiffFiles": received stop signal
2020-09-22T16:27:59.939Z	info	app/vmalert/manager.go:84	reading rules configuration file from "config/testdata/dir/rules1-bad.rules"
2020-09-22T16:27:59.939Z	info	app/vmalert/group.go:225	group "groupGorSingleAlert" started; interval=1ms; concurrency=1
2020-09-22T16:27:59.939Z	info	app/vmalert/group.go:235	group "groupGorSingleAlert": received stop signal
2020-09-22T16:27:59.939Z	info	app/vmalert/group.go:225	group "TestGroup" started; interval=1ms; concurrency=1
2020-09-22T16:27:59.939Z	info	app/vmalert/manager.go:84	reading rules configuration file from "config/testdata/dir/rules1-bad.rules"
2020-09-22T16:27:59.939Z	info	app/vmalert/manager.go:84	reading rules configuration file from "config/testdata/rules1-good.rules"
2020-09-22T16:27:59.939Z	info	app/vmalert/group.go:235	group "TestGroup": received stop signal
2020-09-22T16:27:59.939Z	info	app/vmalert/manager.go:84	reading rules configuration file from "config/testdata/dir/rules1-good.rules"
2020-09-22T16:27:59.939Z	info	app/vmalert/group.go:225	group "TestGroup" started; interval=2s; concurrency=2
2020-09-22T16:27:59.939Z	info	app/vmalert/group.go:235	group "TestGroup": received stop signal
2020-09-22T16:27:59.939Z	info	app/vmalert/manager.go:84	reading rules configuration file from "config/testdata/rules1-good.rules"
2020-09-22T16:27:59.939Z	info	app/vmalert/manager.go:84	reading rules configuration file from "config/testdata/dir/rules0-bad.rules"
2020-09-22T16:27:59.939Z	info	app/vmalert/group.go:225	group "duplicatedGroupDiffFiles" started; interval=1ms; concurrency=1
2020-09-22T16:27:59.939Z	info	app/vmalert/group.go:235	group "duplicatedGroupDiffFiles": received stop signal
2020-09-22T16:27:59.939Z	info	app/vmalert/group.go:225	group "duplicatedGroupDiffFiles" started; interval=1ms; concurrency=1
2020-09-22T16:27:59.939Z	info	app/vmalert/manager.go:84	reading rules configuration file from "config/testdata/dir/rules1-good.rules"
2020-09-22T16:27:59.939Z	info	app/vmalert/group.go:235	group "duplicatedGroupDiffFiles": received stop signal
2020-09-22T16:27:59.939Z	info	app/vmalert/group.go:225	group "TestGroup" started; interval=2s; concurrency=2
2020-09-22T16:27:59.940Z	info	app/vmalert/manager.go:84	reading rules configuration file from "config/testdata/rules0-good.rules"
2020-09-22T16:27:59.940Z	info	app/vmalert/group.go:235	group "TestGroup": received stop signal
2020-09-22T16:27:59.940Z	info	app/vmalert/manager.go:84	reading rules configuration file from "config/testdata/rules2-good.rules"
2020-09-22T16:27:59.940Z	info	app/vmalert/group.go:225	group "duplicatedGroupDiffFiles" started; interval=1ms; concurrency=1
2020-09-22T16:27:59.940Z	info	app/vmalert/group.go:235	group "duplicatedGroupDiffFiles": received stop signal
2020-09-22T16:27:59.940Z	info	app/vmalert/manager.go:84	reading rules configuration file from "config/testdata/dir/rules0-bad.rules"
2020-09-22T16:27:59.940Z	info	app/vmalert/manager.go:84	reading rules configuration file from "config/testdata/dir/rules0-good.rules"
2020-09-22T16:27:59.940Z	info	app/vmalert/manager.go:84	reading rules configuration file from "config/testdata/dir/rules0-good.rules"
2020-09-22T16:27:59.940Z	info	app/vmalert/group.go:225	group "TestGroup" started; interval=1ms; concurrency=1
2020-09-22T16:27:59.940Z	info	app/vmalert/group.go:225	group "groupGorSingleAlert" started; interval=1ms; concurrency=1
2020-09-22T16:27:59.940Z	info	app/vmalert/group.go:235	group "groupGorSingleAlert": received stop signal
2020-09-22T16:27:59.940Z	info	app/vmalert/group.go:235	group "TestGroup": received stop signal
2020-09-22T16:27:59.940Z	info	app/vmalert/group.go:225	group "TestGroup" started; interval=2s; concurrency=2
2020-09-22T16:27:59.940Z	info	app/vmalert/manager.go:84	reading rules configuration file from "config/testdata/rules2-good.rules"
2020-09-22T16:27:59.941Z	info	app/vmalert/manager.go:84	reading rules configuration file from "config/testdata/dir/rules1-good.rules"
2020-09-22T16:27:59.941Z	info	app/vmalert/manager.go:84	reading rules configuration file from "config/testdata/dir/rules1-good.rules"
2020-09-22T16:27:59.940Z	info	app/vmalert/group.go:235	group "TestGroup": received stop signal
2020-09-22T16:27:59.941Z	info	app/vmalert/manager.go:84	reading rules configuration file from "config/testdata/dir/rules1-good.rules"
2020-09-22T16:27:59.941Z	info	app/vmalert/group.go:225	group "groupTest" started; interval=1ms; concurrency=1
2020-09-22T16:27:59.941Z	info	app/vmalert/manager.go:84	reading rules configuration file from "config/testdata/rules1-good.rules"
2020-09-22T16:27:59.941Z	info	app/vmalert/group.go:235	group "groupTest": received stop signal
2020-09-22T16:27:59.941Z	info	app/vmalert/group.go:225	group "duplicatedGroupDiffFiles" started; interval=1ms; concurrency=1
2020-09-22T16:27:59.941Z	info	app/vmalert/group.go:235	group "duplicatedGroupDiffFiles": received stop signal
2020-09-22T16:27:59.941Z	info	app/vmalert/manager.go:84	reading rules configuration file from "config/testdata/rules1-good.rules"
2020-09-22T16:27:59.941Z	info	app/vmalert/group.go:225	group "groupGorSingleAlert" started; interval=1ms; concurrency=1
2020-09-22T16:27:59.941Z	info	app/vmalert/group.go:235	group "groupGorSingleAlert": received stop signal
2020-09-22T16:27:59.941Z	info	app/vmalert/group.go:225	group "TestGroup" started; interval=1ms; concurrency=1
2020-09-22T16:27:59.941Z	info	app/vmalert/group.go:235	group "TestGroup": received stop signal
2020-09-22T16:27:59.941Z	info	app/vmalert/manager.go:84	reading rules configuration file from "config/testdata/dir/rules0-bad.rules"
2020-09-22T16:27:59.941Z	info	app/vmalert/manager.go:84	reading rules configuration file from "config/testdata/dir/rules1-bad.rules"
2020-09-22T16:27:59.942Z	info	app/vmalert/group.go:225	group "duplicatedGroupDiffFiles" started; interval=1ms; concurrency=1
2020-09-22T16:27:59.942Z	info	app/vmalert/manager.go:84	reading rules configuration file from "config/testdata/dir/rules0-good.rules"
2020-09-22T16:27:59.942Z	info	app/vmalert/group.go:235	group "duplicatedGroupDiffFiles": received stop signal
2020-09-22T16:27:59.942Z	info	app/vmalert/group.go:225	group "groupTest" started; interval=1ms; concurrency=1
2020-09-22T16:27:59.942Z	info	app/vmalert/manager.go:84	reading rules configuration file from "config/testdata/dir/rules0-bad.rules"
2020-09-22T16:27:59.942Z	info	app/vmalert/group.go:235	group "groupTest": received stop signal
2020-09-22T16:27:59.942Z	info	app/vmalert/manager.go:84	reading rules configuration file from "config/testdata/dir/rules0-good.rules"
2020-09-22T16:27:59.942Z	info	app/vmalert/group.go:225	group "duplicatedGroupDiffFiles" started; interval=1ms; concurrency=1
2020-09-22T16:27:59.942Z	info	app/vmalert/group.go:235	group "duplicatedGroupDiffFiles": received stop signal
2020-09-22T16:27:59.942Z	info	app/vmalert/manager.go:84	reading rules configuration file from "config/testdata/rules2-good.rules"
2020-09-22T16:27:59.942Z	info	app/vmalert/manager.go:84	reading rules configuration file from "config/testdata/rules0-good.rules"
2020-09-22T16:27:59.942Z	info	app/vmalert/group.go:225	group "TestGroup" started; interval=2s; concurrency=2
2020-09-22T16:27:59.942Z	info	app/vmalert/group.go:235	group "TestGroup": received stop signal
2020-09-22T16:27:59.942Z	info	app/vmalert/manager.go:84	reading rules configuration file from "config/testdata/rules0-good.rules"
2020-09-22T16:27:59.942Z	info	app/vmalert/manager.go:84	reading rules configuration file from "config/testdata/dir/rules0-good.rules"
2020-09-22T16:27:59.942Z	info	app/vmalert/manager.go:84	reading rules configuration file from "config/testdata/rules0-good.rules"
2020-09-22T16:27:59.942Z	info	app/vmalert/group.go:225	group "duplicatedGroupDiffFiles" started; interval=1ms; concurrency=1
2020-09-22T16:27:59.943Z	info	app/vmalert/group.go:235	group "duplicatedGroupDiffFiles": received stop signal
2020-09-22T16:27:59.943Z	info	app/vmalert/manager.go:84	reading rules configuration file from "config/testdata/dir/rules1-bad.rules"
2020-09-22T16:27:59.943Z	info	app/vmalert/manager.go:84	reading rules configuration file from "config/testdata/rules1-good.rules"
2020-09-22T16:27:59.943Z	info	app/vmalert/group.go:225	group "groupTest" started; interval=1ms; concurrency=1
2020-09-22T16:27:59.943Z	info	app/vmalert/group.go:235	group "groupTest": received stop signal
2020-09-22T16:27:59.943Z	info	app/vmalert/group.go:225	group "TestGroup" started; interval=2s; concurrency=2
2020-09-22T16:27:59.943Z	info	app/vmalert/group.go:235	group "TestGroup": received stop signal
2020-09-22T16:27:59.943Z	info	app/vmalert/manager.go:84	reading rules configuration file from "config/testdata/rules0-good.rules"
2020-09-22T16:27:59.943Z	info	app/vmalert/group.go:225	group "groupTest" started; interval=1ms; concurrency=1
2020-09-22T16:27:59.943Z	info	app/vmalert/group.go:235	group "groupTest": received stop signal
2020-09-22T16:27:59.944Z	info	app/vmalert/manager.go:84	reading rules configuration file from "config/testdata/rules0-good.rules"
2020-09-22T16:27:59.944Z	info	app/vmalert/manager.go:84	reading rules configuration file from "config/testdata/dir/rules1-good.rules"
2020-09-22T16:27:59.944Z	info	app/vmalert/group.go:225	group "TestGroup" started; interval=2s; concurrency=2
2020-09-22T16:27:59.944Z	info	app/vmalert/manager.go:84	reading rules configuration file from "config/testdata/dir/rules1-good.rules"
2020-09-22T16:27:59.944Z	info	app/vmalert/manager.go:84	reading rules configuration file from "config/testdata/dir/rules1-good.rules"
2020-09-22T16:27:59.944Z	info	app/vmalert/group.go:235	group "TestGroup": received stop signal
2020-09-22T16:27:59.944Z	info	app/vmalert/manager.go:84	reading rules configuration file from "config/testdata/dir/rules0-bad.rules"
2020-09-22T16:27:59.944Z	info	app/vmalert/group.go:225	group "duplicatedGroupDiffFiles" started; interval=1ms; concurrency=1
2020-09-22T16:27:59.944Z	info	app/vmalert/manager.go:84	reading rules configuration file from "config/testdata/rules1-good.rules"
2020-09-22T16:27:59.944Z	info	app/vmalert/group.go:235	group "duplicatedGroupDiffFiles": received stop signal
2020-09-22T16:27:59.944Z	info	app/vmalert/manager.go:84	reading rules configuration file from "config/testdata/rules0-good.rules"
2020-09-22T16:27:59.944Z	info	app/vmalert/group.go:225	group "TestGroup" started; interval=2s; concurrency=2
2020-09-22T16:27:59.944Z	info	app/vmalert/manager.go:84	reading rules configuration file from "config/testdata/rules0-good.rules"
2020-09-22T16:27:59.944Z	info	app/vmalert/manager.go:84	reading rules configuration file from "config/testdata/dir/rules1-good.rules"
2020-09-22T16:27:59.944Z	info	app/vmalert/group.go:235	group "TestGroup": received stop signal
2020-09-22T16:27:59.944Z	info	app/vmalert/group.go:225	group "groupTest" started; interval=1ms; concurrency=1
2020-09-22T16:27:59.945Z	info	app/vmalert/manager.go:84	reading rules configuration file from "config/testdata/dir/rules1-bad.rules"
2020-09-22T16:27:59.945Z	info	app/vmalert/group.go:235	group "groupTest": received stop signal
2020-09-22T16:27:59.945Z	info	app/vmalert/manager.go:84	reading rules configuration file from "config/testdata/dir/rules0-bad.rules"
2020-09-22T16:27:59.944Z	info	app/vmalert/manager.go:84	reading rules configuration file from "config/testdata/rules0-good.rules"
2020-09-22T16:27:59.945Z	info	app/vmalert/manager.go:84	reading rules configuration file from "config/testdata/rules0-good.rules"
2020-09-22T16:27:59.945Z	info	app/vmalert/manager.go:84	reading rules configuration file from "config/testdata/dir/rules0-good.rules"
2020-09-22T16:27:59.945Z	info	app/vmalert/group.go:225	group "TestGroup" started; interval=1ms; concurrency=1
2020-09-22T16:27:59.945Z	info	app/vmalert/group.go:225	group "groupGorSingleAlert" started; interval=1ms; concurrency=1
2020-09-22T16:27:59.945Z	info	app/vmalert/group.go:235	group "groupGorSingleAlert": received stop signal
2020-09-22T16:27:59.945Z	info	app/vmalert/manager.go:84	reading rules configuration file from "config/testdata/rules2-good.rules"
2020-09-22T16:27:59.945Z	info	app/vmalert/group.go:235	group "TestGroup": received stop signal
2020-09-22T16:27:59.945Z	info	app/vmalert/manager.go:84	reading rules configuration file from "config/testdata/dir/rules1-good.rules"
2020-09-22T16:27:59.946Z	info	app/vmalert/group.go:225	group "TestGroup" started; interval=2s; concurrency=2
2020-09-22T16:27:59.946Z	info	app/vmalert/manager.go:84	reading rules configuration file from "config/testdata/rules0-good.rules"
2020-09-22T16:27:59.946Z	info	app/vmalert/group.go:235	group "TestGroup": received stop signal
2020-09-22T16:27:59.946Z	info	app/vmalert/group.go:225	group "duplicatedGroupDiffFiles" started; interval=1ms; concurrency=1
2020-09-22T16:27:59.946Z	info	app/vmalert/manager.go:84	reading rules configuration file from "config/testdata/rules2-good.rules"
2020-09-22T16:27:59.946Z	info	app/vmalert/group.go:235	group "duplicatedGroupDiffFiles": received stop signal
2020-09-22T16:27:59.946Z	info	app/vmalert/manager.go:84	reading rules configuration file from "config/testdata/dir/rules0-good.rules"
2020-09-22T16:27:59.946Z	info	app/vmalert/group.go:225	group "groupGorSingleAlert" started; interval=1ms; concurrency=1
2020-09-22T16:27:59.946Z	info	app/vmalert/group.go:235	group "groupGorSingleAlert": received stop signal
2020-09-22T16:27:59.946Z	info	app/vmalert/group.go:225	group "TestGroup" started; interval=1ms; concurrency=1
2020-09-22T16:27:59.946Z	info	app/vmalert/manager.go:84	reading rules configuration file from "config/testdata/dir/rules0-bad.rules"
2020-09-22T16:27:59.946Z	info	app/vmalert/group.go:235	group "TestGroup": received stop signal
2020-09-22T16:27:59.946Z	info	app/vmalert/group.go:225	group "duplicatedGroupDiffFiles" started; interval=1ms; concurrency=1
2020-09-22T16:27:59.946Z	info	app/vmalert/manager.go:84	reading rules configuration file from "config/testdata/dir/rules0-bad.rules"
2020-09-22T16:27:59.946Z	info	app/vmalert/group.go:235	group "duplicatedGroupDiffFiles": received stop signal
2020-09-22T16:27:59.946Z	info	app/vmalert/group.go:225	group "duplicatedGroupDiffFiles" started; interval=1ms; concurrency=1
2020-09-22T16:27:59.946Z	info	app/vmalert/manager.go:84	reading rules configuration file from "config/testdata/rules1-good.rules"
2020-09-22T16:27:59.946Z	info	app/vmalert/group.go:235	group "duplicatedGroupDiffFiles": received stop signal
2020-09-22T16:27:59.946Z	info	app/vmalert/group.go:225	group "duplicatedGroupDiffFiles" started; interval=1ms; concurrency=1
2020-09-22T16:27:59.946Z	info	app/vmalert/group.go:235	group "duplicatedGroupDiffFiles": received stop signal
2020-09-22T16:27:59.947Z	info	app/vmalert/manager.go:84	reading rules configuration file from "config/testdata/rules0-good.rules"
2020-09-22T16:27:59.947Z	info	app/vmalert/manager.go:84	reading rules configuration file from "config/testdata/rules2-good.rules"
2020-09-22T16:27:59.947Z	info	app/vmalert/group.go:225	group "duplicatedGroupDiffFiles" started; interval=1ms; concurrency=1
2020-09-22T16:27:59.947Z	info	app/vmalert/group.go:235	group "duplicatedGroupDiffFiles": received stop signal
2020-09-22T16:27:59.947Z	info	app/vmalert/group.go:225	group "TestGroup" started; interval=2s; concurrency=2
2020-09-22T16:27:59.947Z	info	app/vmalert/group.go:235	group "TestGroup": received stop signal
2020-09-22T16:27:59.947Z	info	app/vmalert/manager.go:84	reading rules configuration file from "config/testdata/dir/rules1-bad.rules"
2020-09-22T16:27:59.947Z	info	app/vmalert/manager.go:84	reading rules configuration file from "config/testdata/dir/rules1-bad.rules"
2020-09-22T16:27:59.947Z	info	app/vmalert/group.go:225	group "groupTest" started; interval=1ms; concurrency=1
2020-09-22T16:27:59.947Z	info	app/vmalert/manager.go:84	reading rules configuration file from "config/testdata/dir/rules0-good.rules"
2020-09-22T16:27:59.947Z	info	app/vmalert/group.go:235	group "groupTest": received stop signal
2020-09-22T16:27:59.947Z	info	app/vmalert/manager.go:84	reading rules configuration file from "config/testdata/dir/rules1-bad.rules"
2020-09-22T16:27:59.947Z	info	app/vmalert/manager.go:84	reading rules configuration file from "config/testdata/rules1-good.rules"
2020-09-22T16:27:59.947Z	info	app/vmalert/group.go:225	group "TestGroup" started; interval=1ms; concurrency=1
2020-09-22T16:27:59.947Z	info	app/vmalert/group.go:235	group "TestGroup": received stop signal
2020-09-22T16:27:59.947Z	info	app/vmalert/manager.go:84	reading rules configuration file from "config/testdata/dir/rules1-bad.rules"
2020-09-22T16:27:59.947Z	info	app/vmalert/group.go:225	group "groupGorSingleAlert" started; interval=1ms; concurrency=1
2020-09-22T16:27:59.948Z	info	app/vmalert/group.go:235	group "groupGorSingleAlert": received stop signal
2020-09-22T16:27:59.948Z	info	app/vmalert/manager.go:84	reading rules configuration file from "config/testdata/rules2-good.rules"
2020-09-22T16:27:59.948Z	info	app/vmalert/group.go:225	group "duplicatedGroupDiffFiles" started; interval=1ms; concurrency=1
2020-09-22T16:27:59.948Z	info	app/vmalert/manager.go:84	reading rules configuration file from "config/testdata/dir/rules0-bad.rules"
2020-09-22T16:27:59.948Z	info	app/vmalert/group.go:235	group "duplicatedGroupDiffFiles": received stop signal
2020-09-22T16:27:59.948Z	info	app/vmalert/group.go:225	group "groupGorSingleAlert" started; interval=1ms; concurrency=1
2020-09-22T16:27:59.948Z	info	app/vmalert/group.go:235	group "groupGorSingleAlert": received stop signal
2020-09-22T16:27:59.948Z	info	app/vmalert/group.go:225	group "TestGroup" started; interval=1ms; concurrency=1
2020-09-22T16:27:59.949Z	info	app/vmalert/group.go:235	group "TestGroup": received stop signal
2020-09-22T16:27:59.949Z	info	app/vmalert/group.go:225	group "duplicatedGroupDiffFiles" started; interval=1ms; concurrency=1
2020-09-22T16:27:59.949Z	info	app/vmalert/group.go:235	group "duplicatedGroupDiffFiles": received stop signal
2020-09-22T16:27:59.949Z	info	app/vmalert/manager.go:84	reading rules configuration file from "config/testdata/dir/rules0-bad.rules"
2020-09-22T16:27:59.949Z	info	app/vmalert/manager.go:84	reading rules configuration file from "config/testdata/rules0-good.rules"
2020-09-22T16:27:59.949Z	info	app/vmalert/manager.go:84	reading rules configuration file from "config/testdata/rules2-good.rules"
2020-09-22T16:27:59.949Z	info	app/vmalert/manager.go:84	reading rules configuration file from "config/testdata/dir/rules0-bad.rules"
2020-09-22T16:27:59.949Z	info	app/vmalert/manager.go:84	reading rules configuration file from "config/testdata/rules1-good.rules"
2020-09-22T16:27:59.949Z	info	app/vmalert/group.go:225	group "TestGroup" started; interval=1ms; concurrency=1
2020-09-22T16:27:59.949Z	info	app/vmalert/group.go:235	group "TestGroup": received stop signal
2020-09-22T16:27:59.949Z	info	app/vmalert/group.go:225	group "groupGorSingleAlert" started; interval=1ms; concurrency=1
2020-09-22T16:27:59.949Z	info	app/vmalert/group.go:235	group "groupGorSingleAlert": received stop signal
2020-09-22T16:27:59.949Z	info	app/vmalert/manager.go:84	reading rules configuration file from "config/testdata/rules2-good.rules"
2020-09-22T16:27:59.949Z	info	app/vmalert/manager.go:84	reading rules configuration file from "config/testdata/dir/rules1-good.rules"
2020-09-22T16:27:59.949Z	info	app/vmalert/group.go:225	group "duplicatedGroupDiffFiles" started; interval=1ms; concurrency=1
2020-09-22T16:27:59.949Z	info	app/vmalert/manager.go:84	reading rules configuration file from "config/testdata/dir/rules1-bad.rules"
2020-09-22T16:27:59.950Z	info	app/vmalert/group.go:235	group "duplicatedGroupDiffFiles": received stop signal
2020-09-22T16:27:59.950Z	info	app/vmalert/manager.go:84	reading rules configuration file from "config/testdata/dir/rules0-bad.rules"
2020-09-22T16:27:59.950Z	info	app/vmalert/group.go:225	group "groupTest" started; interval=1ms; concurrency=1
2020-09-22T16:27:59.950Z	info	app/vmalert/group.go:235	group "groupTest": received stop signal
2020-09-22T16:27:59.950Z	info	app/vmalert/manager.go:84	reading rules configuration file from "config/testdata/dir/rules1-bad.rules"
2020-09-22T16:27:59.950Z	info	app/vmalert/group.go:225	group "groupGorSingleAlert" started; interval=1ms; concurrency=1
2020-09-22T16:27:59.950Z	info	app/vmalert/manager.go:84	reading rules configuration file from "config/testdata/rules2-good.rules"
2020-09-22T16:27:59.950Z	info	app/vmalert/group.go:235	group "groupGorSingleAlert": received stop signal
2020-09-22T16:27:59.950Z	info	app/vmalert/manager.go:84	reading rules configuration file from "config/testdata/dir/rules0-bad.rules"
2020-09-22T16:27:59.950Z	info	app/vmalert/group.go:225	group "TestGroup" started; interval=1ms; concurrency=1
2020-09-22T16:27:59.950Z	info	app/vmalert/group.go:235	group "TestGroup": received stop signal
2020-09-22T16:27:59.950Z	info	app/vmalert/manager.go:84	reading rules configuration file from "config/testdata/dir/rules0-good.rules"
2020-09-22T16:27:59.950Z	info	app/vmalert/group.go:225	group "duplicatedGroupDiffFiles" started; interval=1ms; concurrency=1
2020-09-22T16:27:59.951Z	info	app/vmalert/group.go:235	group "duplicatedGroupDiffFiles": received stop signal
2020-09-22T16:27:59.951Z	info	app/vmalert/group.go:225	group "TestGroup" started; interval=2s; concurrency=2
2020-09-22T16:27:59.951Z	info	app/vmalert/group.go:235	group "TestGroup": received stop signal
2020-09-22T16:27:59.951Z	info	app/vmalert/manager.go:84	reading rules configuration file from "config/testdata/dir/rules1-good.rules"
2020-09-22T16:27:59.951Z	info	app/vmalert/group.go:225	group "groupGorSingleAlert" started; interval=1ms; concurrency=1
2020-09-22T16:27:59.951Z	info	app/vmalert/group.go:235	group "groupGorSingleAlert": received stop signal
2020-09-22T16:27:59.951Z	info	app/vmalert/group.go:225	group "TestGroup" started; interval=1ms; concurrency=1
2020-09-22T16:27:59.951Z	info	app/vmalert/manager.go:84	reading rules configuration file from "config/testdata/dir/rules1-good.rules"
2020-09-22T16:27:59.951Z	info	app/vmalert/manager.go:84	reading rules configuration file from "config/testdata/dir/rules1-good.rules"
2020-09-22T16:27:59.951Z	info	app/vmalert/group.go:235	group "TestGroup": received stop signal
2020-09-22T16:27:59.951Z	info	app/vmalert/group.go:225	group "TestGroup" started; interval=2s; concurrency=2
2020-09-22T16:27:59.951Z	info	app/vmalert/group.go:235	group "TestGroup": received stop signal
2020-09-22T16:27:59.951Z	info	app/vmalert/manager.go:84	reading rules configuration file from "config/testdata/dir/rules0-good.rules"
2020-09-22T16:27:59.951Z	info	app/vmalert/manager.go:84	reading rules configuration file from "config/testdata/rules1-good.rules"
2020-09-22T16:27:59.951Z	info	app/vmalert/group.go:225	group "groupTest" started; interval=1ms; concurrency=1
2020-09-22T16:27:59.951Z	info	app/vmalert/manager.go:84	reading rules configuration file from "config/testdata/rules0-good.rules"
2020-09-22T16:27:59.951Z	info	app/vmalert/group.go:235	group "groupTest": received stop signal
2020-09-22T16:27:59.951Z	info	app/vmalert/group.go:225	group "TestGroup" started; interval=2s; concurrency=2
2020-09-22T16:27:59.951Z	info	app/vmalert/manager.go:84	reading rules configuration file from "config/testdata/dir/rules1-bad.rules"
2020-09-22T16:27:59.951Z	info	app/vmalert/manager.go:84	reading rules configuration file from "config/testdata/rules0-good.rules"
2020-09-22T16:27:59.951Z	info	app/vmalert/group.go:235	group "TestGroup": received stop signal
2020-09-22T16:27:59.951Z	info	app/vmalert/group.go:225	group "groupGorSingleAlert" started; interval=1ms; concurrency=1
2020-09-22T16:27:59.952Z	info	app/vmalert/group.go:225	group "TestGroup" started; interval=1ms; concurrency=1
2020-09-22T16:27:59.952Z	info	app/vmalert/group.go:235	group "groupGorSingleAlert": received stop signal
2020-09-22T16:27:59.951Z	info	app/vmalert/manager.go:84	reading rules configuration file from "config/testdata/rules2-good.rules"
2020-09-22T16:27:59.952Z	info	app/vmalert/group.go:235	group "TestGroup": received stop signal
2020-09-22T16:27:59.952Z	info	app/vmalert/group.go:225	group "duplicatedGroupDiffFiles" started; interval=1ms; concurrency=1
2020-09-22T16:27:59.952Z	info	app/vmalert/manager.go:84	reading rules configuration file from "config/testdata/dir/rules1-good.rules"
2020-09-22T16:27:59.952Z	info	app/vmalert/group.go:235	group "duplicatedGroupDiffFiles": received stop signal
2020-09-22T16:27:59.952Z	info	app/vmalert/group.go:225	group "groupTest" started; interval=1ms; concurrency=1
2020-09-22T16:27:59.952Z	info	app/vmalert/manager.go:84	reading rules configuration file from "config/testdata/rules2-good.rules"
2020-09-22T16:27:59.952Z	info	app/vmalert/group.go:235	group "groupTest": received stop signal
2020-09-22T16:27:59.952Z	info	app/vmalert/group.go:225	group "TestGroup" started; interval=2s; concurrency=2
2020-09-22T16:27:59.952Z	info	app/vmalert/manager.go:84	reading rules configuration file from "config/testdata/rules1-good.rules"
2020-09-22T16:27:59.952Z	info	app/vmalert/manager.go:84	reading rules configuration file from "config/testdata/rules2-good.rules"
2020-09-22T16:27:59.952Z	info	app/vmalert/group.go:235	group "TestGroup": received stop signal
2020-09-22T16:27:59.952Z	info	app/vmalert/group.go:225	group "groupTest" started; interval=1ms; concurrency=1
2020-09-22T16:27:59.952Z	info	app/vmalert/manager.go:84	reading rules configuration file from "config/testdata/rules1-good.rules"
2020-09-22T16:27:59.952Z	info	app/vmalert/group.go:235	group "groupTest": received stop signal
2020-09-22T16:27:59.952Z	info	app/vmalert/group.go:225	group "duplicatedGroupDiffFiles" started; interval=1ms; concurrency=1
2020-09-22T16:27:59.952Z	info	app/vmalert/manager.go:84	reading rules configuration file from "config/testdata/dir/rules1-good.rules"
2020-09-22T16:27:59.952Z	info	app/vmalert/group.go:235	group "duplicatedGroupDiffFiles": received stop signal
2020-09-22T16:27:59.952Z	info	app/vmalert/group.go:225	group "TestGroup" started; interval=1ms; concurrency=1
2020-09-22T16:27:59.952Z	info	app/vmalert/group.go:225	group "groupGorSingleAlert" started; interval=1ms; concurrency=1
2020-09-22T16:27:59.952Z	info	app/vmalert/manager.go:84	reading rules configuration file from "config/testdata/rules0-good.rules"
2020-09-22T16:27:59.952Z	info	app/vmalert/group.go:235	group "groupGorSingleAlert": received stop signal
2020-09-22T16:27:59.953Z	info	app/vmalert/group.go:235	group "TestGroup": received stop signal
2020-09-22T16:27:59.953Z	info	app/vmalert/manager.go:84	reading rules configuration file from "config/testdata/dir/rules1-bad.rules"
2020-09-22T16:27:59.953Z	info	app/vmalert/manager.go:84	reading rules configuration file from "config/testdata/dir/rules0-bad.rules"
2020-09-22T16:27:59.953Z	info	app/vmalert/group.go:225	group "TestGroup" started; interval=2s; concurrency=2
2020-09-22T16:27:59.953Z	info	app/vmalert/group.go:235	group "TestGroup": received stop signal
2020-09-22T16:27:59.953Z	info	app/vmalert/manager.go:84	reading rules configuration file from "config/testdata/dir/rules1-bad.rules"
2020-09-22T16:27:59.953Z	info	app/vmalert/group.go:225	group "groupTest" started; interval=1ms; concurrency=1
2020-09-22T16:27:59.953Z	info	app/vmalert/group.go:235	group "groupTest": received stop signal
2020-09-22T16:27:59.952Z	info	app/vmalert/manager.go:84	reading rules configuration file from "config/testdata/dir/rules0-bad.rules"
2020-09-22T16:27:59.953Z	info	app/vmalert/group.go:225	group "groupGorSingleAlert" started; interval=1ms; concurrency=1
2020-09-22T16:27:59.953Z	info	app/vmalert/group.go:225	group "TestGroup" started; interval=1ms; concurrency=1
2020-09-22T16:27:59.953Z	info	app/vmalert/manager.go:84	reading rules configuration file from "config/testdata/dir/rules1-bad.rules"
2020-09-22T16:27:59.953Z	info	app/vmalert/group.go:235	group "groupGorSingleAlert": received stop signal
2020-09-22T16:27:59.953Z	info	app/vmalert/group.go:235	group "TestGroup": received stop signal
2020-09-22T16:27:59.953Z	info	app/vmalert/group.go:225	group "duplicatedGroupDiffFiles" started; interval=1ms; concurrency=1
2020-09-22T16:27:59.953Z	info	app/vmalert/group.go:235	group "duplicatedGroupDiffFiles": received stop signal
2020-09-22T16:27:59.953Z	info	app/vmalert/manager.go:84	reading rules configuration file from "config/testdata/rules0-good.rules"
2020-09-22T16:27:59.953Z	info	app/vmalert/manager.go:84	reading rules configuration file from "config/testdata/dir/rules1-good.rules"
2020-09-22T16:27:59.954Z	info	app/vmalert/manager.go:84	reading rules configuration file from "config/testdata/rules1-good.rules"
2020-09-22T16:27:59.954Z	info	app/vmalert/group.go:225	group "duplicatedGroupDiffFiles" started; interval=1ms; concurrency=1
2020-09-22T16:27:59.954Z	info	app/vmalert/group.go:235	group "duplicatedGroupDiffFiles": received stop signal
2020-09-22T16:27:59.954Z	info	app/vmalert/group.go:225	group "groupTest" started; interval=1ms; concurrency=1
2020-09-22T16:27:59.954Z	info	app/vmalert/group.go:235	group "groupTest": received stop signal
2020-09-22T16:27:59.954Z	info	app/vmalert/manager.go:84	reading rules configuration file from "config/testdata/rules1-good.rules"
2020-09-22T16:27:59.954Z	info	app/vmalert/manager.go:84	reading rules configuration file from "config/testdata/rules1-good.rules"
2020-09-22T16:27:59.954Z	info	app/vmalert/group.go:225	group "duplicatedGroupDiffFiles" started; interval=1ms; concurrency=1
2020-09-22T16:27:59.954Z	info	app/vmalert/group.go:235	group "duplicatedGroupDiffFiles": received stop signal
2020-09-22T16:27:59.954Z	info	app/vmalert/manager.go:84	reading rules configuration file from "config/testdata/rules0-good.rules"
2020-09-22T16:27:59.955Z	info	app/vmalert/manager.go:84	reading rules configuration file from "config/testdata/rules1-good.rules"
2020-09-22T16:27:59.955Z	info	app/vmalert/manager.go:84	reading rules configuration file from "config/testdata/rules2-good.rules"
2020-09-22T16:27:59.955Z	info	app/vmalert/manager.go:84	reading rules configuration file from "config/testdata/dir/rules1-bad.rules"
2020-09-22T16:27:59.954Z	info	app/vmalert/group.go:225	group "groupTest" started; interval=1ms; concurrency=1
2020-09-22T16:27:59.955Z	info	app/vmalert/group.go:235	group "groupTest": received stop signal
2020-09-22T16:27:59.955Z	info	app/vmalert/group.go:225	group "groupGorSingleAlert" started; interval=1ms; concurrency=1
2020-09-22T16:27:59.955Z	info	app/vmalert/manager.go:84	reading rules configuration file from "config/testdata/dir/rules0-bad.rules"
2020-09-22T16:27:59.955Z	info	app/vmalert/group.go:225	group "TestGroup" started; interval=1ms; concurrency=1
2020-09-22T16:27:59.955Z	info	app/vmalert/manager.go:84	reading rules configuration file from "config/testdata/dir/rules1-good.rules"
2020-09-22T16:27:59.955Z	info	app/vmalert/manager.go:84	reading rules configuration file from "config/testdata/dir/rules0-good.rules"
2020-09-22T16:27:59.955Z	info	app/vmalert/group.go:235	group "groupGorSingleAlert": received stop signal
2020-09-22T16:27:59.956Z	info	app/vmalert/group.go:235	group "TestGroup": received stop signal
2020-09-22T16:27:59.956Z	info	app/vmalert/manager.go:84	reading rules configuration file from "config/testdata/rules2-good.rules"
2020-09-22T16:27:59.956Z	info	app/vmalert/group.go:225	group "TestGroup" started; interval=2s; concurrency=2
2020-09-22T16:27:59.956Z	info	app/vmalert/manager.go:84	reading rules configuration file from "config/testdata/rules2-good.rules"
2020-09-22T16:27:59.956Z	info	app/vmalert/group.go:235	group "TestGroup": received stop signal
2020-09-22T16:27:59.956Z	info	app/vmalert/manager.go:84	reading rules configuration file from "config/testdata/rules1-good.rules"
2020-09-22T16:27:59.956Z	info	app/vmalert/group.go:225	group "groupTest" started; interval=1ms; concurrency=1
2020-09-22T16:27:59.956Z	info	app/vmalert/manager.go:84	reading rules configuration file from "config/testdata/rules1-good.rules"
2020-09-22T16:27:59.956Z	info	app/vmalert/group.go:235	group "groupTest": received stop signal
2020-09-22T16:27:59.956Z	info	app/vmalert/manager.go:84	reading rules configuration file from "config/testdata/dir/rules0-bad.rules"
2020-09-22T16:27:59.956Z	info	app/vmalert/group.go:225	group "duplicatedGroupDiffFiles" started; interval=1ms; concurrency=1
2020-09-22T16:27:59.956Z	info	app/vmalert/manager.go:84	reading rules configuration file from "config/testdata/dir/rules1-good.rules"
2020-09-22T16:27:59.956Z	info	app/vmalert/group.go:235	group "duplicatedGroupDiffFiles": received stop signal
2020-09-22T16:27:59.957Z	info	app/vmalert/group.go:225	group "TestGroup" started; interval=1ms; concurrency=1
2020-09-22T16:27:59.957Z	info	app/vmalert/group.go:225	group "groupGorSingleAlert" started; interval=1ms; concurrency=1
2020-09-22T16:27:59.957Z	info	app/vmalert/group.go:235	group "groupGorSingleAlert": received stop signal
2020-09-22T16:27:59.957Z	info	app/vmalert/group.go:235	group "TestGroup": received stop signal
2020-09-22T16:27:59.956Z	info	app/vmalert/manager.go:84	reading rules configuration file from "config/testdata/dir/rules0-bad.rules"
2020-09-22T16:27:59.957Z	info	app/vmalert/group.go:225	group "duplicatedGroupDiffFiles" started; interval=1ms; concurrency=1
2020-09-22T16:27:59.957Z	info	app/vmalert/group.go:235	group "duplicatedGroupDiffFiles": received stop signal
2020-09-22T16:27:59.957Z	info	app/vmalert/group.go:225	group "TestGroup" started; interval=2s; concurrency=2
2020-09-22T16:27:59.957Z	info	app/vmalert/manager.go:84	reading rules configuration file from "config/testdata/dir/rules0-good.rules"
2020-09-22T16:27:59.957Z	info	app/vmalert/group.go:235	group "TestGroup": received stop signal
2020-09-22T16:27:59.957Z	info	app/vmalert/group.go:225	group "groupGorSingleAlert" started; interval=1ms; concurrency=1
2020-09-22T16:27:59.957Z	info	app/vmalert/group.go:225	group "TestGroup" started; interval=1ms; concurrency=1
2020-09-22T16:27:59.957Z	info	app/vmalert/manager.go:84	reading rules configuration file from "config/testdata/dir/rules0-bad.rules"
2020-09-22T16:27:59.957Z	info	app/vmalert/group.go:235	group "groupGorSingleAlert": received stop signal
2020-09-22T16:27:59.957Z	info	app/vmalert/group.go:235	group "TestGroup": received stop signal
2020-09-22T16:27:59.957Z	info	app/vmalert/manager.go:84	reading rules configuration file from "config/testdata/rules1-good.rules"
2020-09-22T16:27:59.958Z	info	app/vmalert/group.go:225	group "TestGroup" started; interval=2s; concurrency=2
2020-09-22T16:27:59.958Z	info	app/vmalert/manager.go:84	reading rules configuration file from "config/testdata/dir/rules0-good.rules"
2020-09-22T16:27:59.958Z	info	app/vmalert/manager.go:84	reading rules configuration file from "config/testdata/dir/rules0-good.rules"
2020-09-22T16:27:59.958Z	info	app/vmalert/group.go:235	group "TestGroup": received stop signal
2020-09-22T16:27:59.958Z	info	app/vmalert/group.go:225	group "groupTest" started; interval=1ms; concurrency=1
2020-09-22T16:27:59.958Z	info	app/vmalert/manager.go:84	reading rules configuration file from "config/testdata/dir/rules1-good.rules"
2020-09-22T16:27:59.958Z	info	app/vmalert/group.go:235	group "groupTest": received stop signal
2020-09-22T16:27:59.958Z	info	app/vmalert/manager.go:84	reading rules configuration file from "config/testdata/dir/rules1-good.rules"
2020-09-22T16:27:59.958Z	info	app/vmalert/manager.go:84	reading rules configuration file from "config/testdata/dir/rules0-bad.rules"
2020-09-22T16:27:59.958Z	info	app/vmalert/manager.go:84	reading rules configuration file from "config/testdata/dir/rules0-good.rules"
2020-09-22T16:27:59.958Z	info	app/vmalert/group.go:225	group "duplicatedGroupDiffFiles" started; interval=1ms; concurrency=1
2020-09-22T16:27:59.958Z	info	app/vmalert/group.go:235	group "duplicatedGroupDiffFiles": received stop signal
2020-09-22T16:27:59.958Z	info	app/vmalert/manager.go:84	reading rules configuration file from "config/testdata/dir/rules0-good.rules"
2020-09-22T16:27:59.958Z	info	app/vmalert/manager.go:84	reading rules configuration file from "config/testdata/dir/rules0-bad.rules"
2020-09-22T16:27:59.958Z	info	app/vmalert/group.go:225	group "duplicatedGroupDiffFiles" started; interval=1ms; concurrency=1
2020-09-22T16:27:59.959Z	info	app/vmalert/group.go:235	group "duplicatedGroupDiffFiles": received stop signal
2020-09-22T16:27:59.959Z	info	app/vmalert/group.go:225	group "groupGorSingleAlert" started; interval=1ms; concurrency=1
2020-09-22T16:27:59.959Z	info	app/vmalert/group.go:235	group "groupGorSingleAlert": received stop signal
2020-09-22T16:27:59.959Z	info	app/vmalert/group.go:225	group "TestGroup" started; interval=1ms; concurrency=1
2020-09-22T16:27:59.959Z	info	app/vmalert/manager.go:84	reading rules configuration file from "config/testdata/dir/rules0-good.rules"
2020-09-22T16:27:59.959Z	info	app/vmalert/group.go:235	group "TestGroup": received stop signal
2020-09-22T16:27:59.959Z	info	app/vmalert/group.go:225	group "TestGroup" started; interval=2s; concurrency=2
2020-09-22T16:27:59.959Z	info	app/vmalert/group.go:235	group "TestGroup": received stop signal
2020-09-22T16:27:59.959Z	info	app/vmalert/manager.go:84	reading rules configuration file from "config/testdata/dir/rules1-bad.rules"
2020-09-22T16:27:59.959Z	info	app/vmalert/manager.go:84	reading rules configuration file from "config/testdata/rules2-good.rules"
2020-09-22T16:27:59.959Z	info	app/vmalert/manager.go:84	reading rules configuration file from "config/testdata/rules1-good.rules"
2020-09-22T16:27:59.959Z	info	app/vmalert/manager.go:84	reading rules configuration file from "config/testdata/rules2-good.rules"
2020-09-22T16:27:59.959Z	info	app/vmalert/manager.go:84	reading rules configuration file from "config/testdata/dir/rules1-good.rules"
2020-09-22T16:27:59.959Z	info	app/vmalert/group.go:225	group "groupTest" started; interval=1ms; concurrency=1
2020-09-22T16:27:59.959Z	info	app/vmalert/group.go:235	group "groupTest": received stop signal
2020-09-22T16:27:59.959Z	info	app/vmalert/manager.go:84	reading rules configuration file from "config/testdata/dir/rules1-good.rules"
2020-09-22T16:27:59.959Z	info	app/vmalert/group.go:225	group "groupGorSingleAlert" started; interval=1ms; concurrency=1
2020-09-22T16:27:59.959Z	info	app/vmalert/group.go:235	group "groupGorSingleAlert": received stop signal
2020-09-22T16:27:59.959Z	info	app/vmalert/group.go:225	group "TestGroup" started; interval=1ms; concurrency=1
2020-09-22T16:27:59.960Z	info	app/vmalert/group.go:235	group "TestGroup": received stop signal
2020-09-22T16:27:59.960Z	info	app/vmalert/manager.go:84	reading rules configuration file from "config/testdata/dir/rules1-good.rules"
2020-09-22T16:27:59.960Z	info	app/vmalert/group.go:225	group "TestGroup" started; interval=2s; concurrency=2
2020-09-22T16:27:59.960Z	info	app/vmalert/manager.go:84	reading rules configuration file from "config/testdata/rules0-good.rules"
2020-09-22T16:27:59.960Z	info	app/vmalert/group.go:235	group "TestGroup": received stop signal
2020-09-22T16:27:59.960Z	info	app/vmalert/group.go:225	group "groupTest" started; interval=1ms; concurrency=1
2020-09-22T16:27:59.960Z	info	app/vmalert/group.go:235	group "groupTest": received stop signal
2020-09-22T16:27:59.960Z	info	app/vmalert/manager.go:84	reading rules configuration file from "config/testdata/dir/rules1-bad.rules"
2020-09-22T16:27:59.960Z	info	app/vmalert/group.go:225	group "TestGroup" started; interval=2s; concurrency=2
2020-09-22T16:27:59.960Z	info	app/vmalert/group.go:235	group "TestGroup": received stop signal
2020-09-22T16:27:59.960Z	info	app/vmalert/manager.go:84	reading rules configuration file from "config/testdata/dir/rules0-good.rules"
2020-09-22T16:27:59.960Z	info	app/vmalert/group.go:225	group "groupTest" started; interval=1ms; concurrency=1
2020-09-22T16:27:59.960Z	info	app/vmalert/manager.go:84	reading rules configuration file from "config/testdata/rules2-good.rules"
2020-09-22T16:27:59.960Z	info	app/vmalert/group.go:235	group "groupTest": received stop signal
2020-09-22T16:27:59.960Z	info	app/vmalert/manager.go:84	reading rules configuration file from "config/testdata/rules0-good.rules"
2020-09-22T16:27:59.960Z	info	app/vmalert/group.go:225	group "duplicatedGroupDiffFiles" started; interval=1ms; concurrency=1
2020-09-22T16:27:59.960Z	info	app/vmalert/group.go:235	group "duplicatedGroupDiffFiles": received stop signal
2020-09-22T16:27:59.960Z	info	app/vmalert/manager.go:84	reading rules configuration file from "config/testdata/rules1-good.rules"
2020-09-22T16:27:59.960Z	info	app/vmalert/group.go:225	group "groupTest" started; interval=1ms; concurrency=1
2020-09-22T16:27:59.961Z	info	app/vmalert/group.go:235	group "groupTest": received stop signal
2020-09-22T16:27:59.961Z	info	app/vmalert/manager.go:84	reading rules configuration file from "config/testdata/dir/rules0-good.rules"
2020-09-22T16:27:59.961Z	info	app/vmalert/group.go:225	group "TestGroup" started; interval=2s; concurrency=2
2020-09-22T16:27:59.961Z	info	app/vmalert/group.go:235	group "TestGroup": received stop signal
2020-09-22T16:27:59.961Z	info	app/vmalert/manager.go:84	reading rules configuration file from "config/testdata/rules1-good.rules"
2020-09-22T16:27:59.961Z	info	app/vmalert/group.go:225	group "groupTest" started; interval=1ms; concurrency=1
2020-09-22T16:27:59.961Z	info	app/vmalert/group.go:235	group "groupTest": received stop signal
2020-09-22T16:27:59.961Z	info	app/vmalert/manager.go:84	reading rules configuration file from "config/testdata/dir/rules1-bad.rules"
2020-09-22T16:27:59.961Z	info	app/vmalert/manager.go:84	reading rules configuration file from "config/testdata/dir/rules1-good.rules"
2020-09-22T16:27:59.961Z	info	app/vmalert/group.go:225	group "duplicatedGroupDiffFiles" started; interval=1ms; concurrency=1
2020-09-22T16:27:59.961Z	info	app/vmalert/group.go:235	group "duplicatedGroupDiffFiles": received stop signal
2020-09-22T16:27:59.961Z	info	app/vmalert/group.go:225	group "duplicatedGroupDiffFiles" started; interval=1ms; concurrency=1
2020-09-22T16:27:59.961Z	info	app/vmalert/group.go:235	group "duplicatedGroupDiffFiles": received stop signal
2020-09-22T16:27:59.961Z	info	app/vmalert/manager.go:84	reading rules configuration file from "config/testdata/rules1-good.rules"
2020-09-22T16:27:59.962Z	info	app/vmalert/manager.go:84	reading rules configuration file from "config/testdata/rules0-good.rules"
2020-09-22T16:27:59.962Z	info	app/vmalert/group.go:225	group "groupTest" started; interval=1ms; concurrency=1
2020-09-22T16:27:59.962Z	info	app/vmalert/group.go:235	group "groupTest": received stop signal
2020-09-22T16:27:59.962Z	info	app/vmalert/manager.go:84	reading rules configuration file from "config/testdata/rules1-good.rules"
2020-09-22T16:27:59.962Z	info	app/vmalert/manager.go:84	reading rules configuration file from "config/testdata/dir/rules0-good.rules"
2020-09-22T16:27:59.962Z	info	app/vmalert/group.go:225	group "duplicatedGroupDiffFiles" started; interval=1ms; concurrency=1
2020-09-22T16:27:59.962Z	info	app/vmalert/group.go:235	group "duplicatedGroupDiffFiles": received stop signal
2020-09-22T16:27:59.962Z	info	app/vmalert/group.go:225	group "TestGroup" started; interval=2s; concurrency=2
2020-09-22T16:27:59.962Z	info	app/vmalert/group.go:235	group "TestGroup": received stop signal
2020-09-22T16:27:59.962Z	info	app/vmalert/manager.go:84	reading rules configuration file from "config/testdata/dir/rules0-good.rules"
2020-09-22T16:27:59.962Z	info	app/vmalert/manager.go:84	reading rules configuration file from "config/testdata/dir/rules0-bad.rules"
2020-09-22T16:27:59.962Z	info	app/vmalert/manager.go:84	reading rules configuration file from "config/testdata/dir/rules1-good.rules"
2020-09-22T16:27:59.962Z	info	app/vmalert/group.go:225	group "groupTest" started; interval=1ms; concurrency=1
2020-09-22T16:27:59.962Z	info	app/vmalert/group.go:235	group "groupTest": received stop signal
2020-09-22T16:27:59.963Z	info	app/vmalert/group.go:225	group "groupGorSingleAlert" started; interval=1ms; concurrency=1
2020-09-22T16:27:59.963Z	info	app/vmalert/manager.go:84	reading rules configuration file from "config/testdata/dir/rules0-good.rules"
2020-09-22T16:27:59.963Z	info	app/vmalert/group.go:225	group "TestGroup" started; interval=1ms; concurrency=1
2020-09-22T16:27:59.963Z	info	app/vmalert/group.go:235	group "groupGorSingleAlert": received stop signal
2020-09-22T16:27:59.963Z	info	app/vmalert/group.go:235	group "TestGroup": received stop signal
2020-09-22T16:27:59.963Z	info	app/vmalert/manager.go:84	reading rules configuration file from "config/testdata/rules2-good.rules"
2020-09-22T16:27:59.963Z	info	app/vmalert/group.go:225	group "groupTest" started; interval=1ms; concurrency=1
2020-09-22T16:27:59.963Z	info	app/vmalert/group.go:235	group "groupTest": received stop signal
2020-09-22T16:27:59.963Z	info	app/vmalert/group.go:225	group "duplicatedGroupDiffFiles" started; interval=1ms; concurrency=1
2020-09-22T16:27:59.963Z	info	app/vmalert/manager.go:84	reading rules configuration file from "config/testdata/rules2-good.rules"
2020-09-22T16:27:59.963Z	info	app/vmalert/group.go:235	group "duplicatedGroupDiffFiles": received stop signal
2020-09-22T16:27:59.963Z	info	app/vmalert/manager.go:84	reading rules configuration file from "config/testdata/rules1-good.rules"
2020-09-22T16:27:59.963Z	info	app/vmalert/manager.go:84	reading rules configuration file from "config/testdata/dir/rules1-bad.rules"
2020-09-22T16:27:59.963Z	info	app/vmalert/group.go:225	group "groupGorSingleAlert" started; interval=1ms; concurrency=1
2020-09-22T16:27:59.963Z	info	app/vmalert/group.go:235	group "groupGorSingleAlert": received stop signal
2020-09-22T16:27:59.963Z	info	app/vmalert/group.go:225	group "TestGroup" started; interval=1ms; concurrency=1
2020-09-22T16:27:59.963Z	info	app/vmalert/group.go:235	group "TestGroup": received stop signal
2020-09-22T16:27:59.963Z	info	app/vmalert/group.go:225	group "duplicatedGroupDiffFiles" started; interval=1ms; concurrency=1
2020-09-22T16:27:59.963Z	info	app/vmalert/group.go:235	group "duplicatedGroupDiffFiles": received stop signal
2020-09-22T16:27:59.963Z	info	app/vmalert/manager.go:84	reading rules configuration file from "config/testdata/rules2-good.rules"
2020-09-22T16:27:59.963Z	info	app/vmalert/group.go:225	group "TestGroup" started; interval=2s; concurrency=2
2020-09-22T16:27:59.964Z	info	app/vmalert/group.go:235	group "TestGroup": received stop signal
2020-09-22T16:27:59.964Z	info	app/vmalert/group.go:225	group "groupTest" started; interval=1ms; concurrency=1
2020-09-22T16:27:59.964Z	info	app/vmalert/group.go:235	group "groupTest": received stop signal
2020-09-22T16:27:59.964Z	info	app/vmalert/manager.go:84	reading rules configuration file from "config/testdata/dir/rules1-bad.rules"
2020-09-22T16:27:59.964Z	info	app/vmalert/group.go:225	group "duplicatedGroupDiffFiles" started; interval=1ms; concurrency=1
2020-09-22T16:27:59.964Z	info	app/vmalert/manager.go:84	reading rules configuration file from "config/testdata/dir/rules1-good.rules"
2020-09-22T16:27:59.964Z	info	app/vmalert/group.go:235	group "duplicatedGroupDiffFiles": received stop signal
2020-09-22T16:27:59.964Z	info	app/vmalert/manager.go:84	reading rules configuration file from "config/testdata/dir/rules0-bad.rules"
2020-09-22T16:27:59.964Z	info	app/vmalert/group.go:225	group "groupTest" started; interval=1ms; concurrency=1
2020-09-22T16:27:59.964Z	info	app/vmalert/group.go:235	group "groupTest": received stop signal
2020-09-22T16:27:59.964Z	info	app/vmalert/manager.go:84	reading rules configuration file from "config/testdata/rules1-good.rules"
2020-09-22T16:27:59.964Z	info	app/vmalert/group.go:225	group "duplicatedGroupDiffFiles" started; interval=1ms; concurrency=1
2020-09-22T16:27:59.964Z	info	app/vmalert/group.go:235	group "duplicatedGroupDiffFiles": received stop signal
2020-09-22T16:27:59.964Z	info	app/vmalert/manager.go:84	reading rules configuration file from "config/testdata/dir/rules0-bad.rules"
2020-09-22T16:27:59.964Z	info	app/vmalert/group.go:225	group "TestGroup" started; interval=2s; concurrency=2
2020-09-22T16:27:59.964Z	info	app/vmalert/group.go:235	group "TestGroup": received stop signal
2020-09-22T16:27:59.964Z	info	app/vmalert/manager.go:84	reading rules configuration file from "config/testdata/rules2-good.rules"
2020-09-22T16:27:59.964Z	info	app/vmalert/group.go:225	group "duplicatedGroupDiffFiles" started; interval=1ms; concurrency=1
2020-09-22T16:27:59.964Z	info	app/vmalert/group.go:235	group "duplicatedGroupDiffFiles": received stop signal
2020-09-22T16:27:59.965Z	info	app/vmalert/group.go:225	group "groupGorSingleAlert" started; interval=1ms; concurrency=1
2020-09-22T16:27:59.965Z	info	app/vmalert/group.go:235	group "groupGorSingleAlert": received stop signal
2020-09-22T16:27:59.965Z	info	app/vmalert/group.go:225	group "TestGroup" started; interval=1ms; concurrency=1
2020-09-22T16:27:59.965Z	info	app/vmalert/group.go:235	group "TestGroup": received stop signal
2020-09-22T16:27:59.965Z	info	app/vmalert/manager.go:84	reading rules configuration file from "config/testdata/dir/rules1-bad.rules"
2020-09-22T16:27:59.965Z	info	app/vmalert/group.go:225	group "groupTest" started; interval=1ms; concurrency=1
2020-09-22T16:27:59.965Z	info	app/vmalert/manager.go:84	reading rules configuration file from "config/testdata/dir/rules0-bad.rules"
2020-09-22T16:27:59.965Z	info	app/vmalert/group.go:235	group "groupTest": received stop signal
2020-09-22T16:27:59.965Z	info	app/vmalert/group.go:225	group "TestGroup" started; interval=2s; concurrency=2
2020-09-22T16:27:59.965Z	info	app/vmalert/manager.go:84	reading rules configuration file from "config/testdata/rules1-good.rules"
2020-09-22T16:27:59.965Z	info	app/vmalert/group.go:235	group "TestGroup": received stop signal
2020-09-22T16:27:59.965Z	info	app/vmalert/group.go:225	group "groupTest" started; interval=1ms; concurrency=1
2020-09-22T16:27:59.965Z	info	app/vmalert/group.go:235	group "groupTest": received stop signal
2020-09-22T16:27:59.965Z	info	app/vmalert/manager.go:84	reading rules configuration file from "config/testdata/dir/rules1-bad.rules"
2020-09-22T16:27:59.965Z	info	app/vmalert/group.go:225	group "groupGorSingleAlert" started; interval=1ms; concurrency=1
2020-09-22T16:27:59.965Z	info	app/vmalert/manager.go:84	reading rules configuration file from "config/testdata/rules1-good.rules"
2020-09-22T16:27:59.965Z	info	app/vmalert/group.go:235	group "groupGorSingleAlert": received stop signal
2020-09-22T16:27:59.965Z	info	app/vmalert/group.go:225	group "TestGroup" started; interval=1ms; concurrency=1
2020-09-22T16:27:59.965Z	info	app/vmalert/group.go:235	group "TestGroup": received stop signal
2020-09-22T16:27:59.965Z	info	app/vmalert/manager.go:84	reading rules configuration file from "config/testdata/rules2-good.rules"
2020-09-22T16:27:59.965Z	info	app/vmalert/group.go:225	group "duplicatedGroupDiffFiles" started; interval=1ms; concurrency=1
2020-09-22T16:27:59.965Z	info	app/vmalert/group.go:235	group "duplicatedGroupDiffFiles": received stop signal
2020-09-22T16:27:59.965Z	info	app/vmalert/manager.go:84	reading rules configuration file from "config/testdata/rules1-good.rules"
2020-09-22T16:27:59.965Z	info	app/vmalert/manager.go:84	reading rules configuration file from "config/testdata/rules2-good.rules"
2020-09-22T16:27:59.966Z	info	app/vmalert/group.go:225	group "duplicatedGroupDiffFiles" started; interval=1ms; concurrency=1
2020-09-22T16:27:59.966Z	info	app/vmalert/group.go:235	group "duplicatedGroupDiffFiles": received stop signal
2020-09-22T16:27:59.966Z	info	app/vmalert/group.go:225	group "duplicatedGroupDiffFiles" started; interval=1ms; concurrency=1
2020-09-22T16:27:59.966Z	info	app/vmalert/group.go:235	group "duplicatedGroupDiffFiles": received stop signal
2020-09-22T16:27:59.966Z	info	app/vmalert/manager.go:84	reading rules configuration file from "config/testdata/rules0-good.rules"
2020-09-22T16:27:59.966Z	info	app/vmalert/group.go:225	group "groupTest" started; interval=1ms; concurrency=1
2020-09-22T16:27:59.966Z	info	app/vmalert/manager.go:84	reading rules configuration file from "config/testdata/dir/rules0-bad.rules"
2020-09-22T16:27:59.966Z	info	app/vmalert/group.go:235	group "groupTest": received stop signal
2020-09-22T16:27:59.966Z	info	app/vmalert/manager.go:84	reading rules configuration file from "config/testdata/dir/rules1-bad.rules"
2020-09-22T16:27:59.966Z	info	app/vmalert/manager.go:84	reading rules configuration file from "config/testdata/dir/rules0-good.rules"
2020-09-22T16:27:59.966Z	info	app/vmalert/manager.go:84	reading rules configuration file from "config/testdata/dir/rules0-good.rules"
2020-09-22T16:27:59.966Z	info	app/vmalert/group.go:225	group "TestGroup" started; interval=2s; concurrency=2
2020-09-22T16:27:59.966Z	info	app/vmalert/manager.go:84	reading rules configuration file from "config/testdata/dir/rules1-good.rules"
2020-09-22T16:27:59.966Z	info	app/vmalert/manager.go:84	reading rules configuration file from "config/testdata/dir/rules0-bad.rules"
2020-09-22T16:27:59.966Z	info	app/vmalert/group.go:235	group "TestGroup": received stop signal
2020-09-22T16:27:59.966Z	info	app/vmalert/manager.go:84	reading rules configuration file from "config/testdata/rules1-good.rules"
2020-09-22T16:27:59.967Z	info	app/vmalert/manager.go:84	reading rules configuration file from "config/testdata/rules1-good.rules"
2020-09-22T16:27:59.967Z	info	app/vmalert/group.go:225	group "duplicatedGroupDiffFiles" started; interval=1ms; concurrency=1
2020-09-22T16:27:59.967Z	info	app/vmalert/manager.go:84	reading rules configuration file from "config/testdata/rules1-good.rules"
2020-09-22T16:27:59.967Z	info	app/vmalert/group.go:235	group "duplicatedGroupDiffFiles": received stop signal
2020-09-22T16:27:59.967Z	info	app/vmalert/manager.go:84	reading rules configuration file from "config/testdata/rules0-good.rules"
2020-09-22T16:27:59.967Z	info	app/vmalert/group.go:225	group "groupGorSingleAlert" started; interval=1ms; concurrency=1
2020-09-22T16:27:59.967Z	info	app/vmalert/group.go:235	group "groupGorSingleAlert": received stop signal
2020-09-22T16:27:59.967Z	info	app/vmalert/manager.go:84	reading rules configuration file from "config/testdata/rules1-good.rules"
2020-09-22T16:27:59.967Z	info	app/vmalert/group.go:225	group "TestGroup" started; interval=1ms; concurrency=1
2020-09-22T16:27:59.967Z	info	app/vmalert/group.go:235	group "TestGroup": received stop signal
2020-09-22T16:27:59.968Z	info	app/vmalert/manager.go:84	reading rules configuration file from "config/testdata/dir/rules1-bad.rules"
2020-09-22T16:27:59.968Z	info	app/vmalert/group.go:225	group "duplicatedGroupDiffFiles" started; interval=1ms; concurrency=1
2020-09-22T16:27:59.968Z	info	app/vmalert/group.go:235	group "duplicatedGroupDiffFiles": received stop signal
2020-09-22T16:27:59.968Z	info	app/vmalert/manager.go:84	reading rules configuration file from "config/testdata/dir/rules0-bad.rules"
2020-09-22T16:27:59.968Z	info	app/vmalert/group.go:225	group "groupTest" started; interval=1ms; concurrency=1
2020-09-22T16:27:59.968Z	info	app/vmalert/group.go:235	group "groupTest": received stop signal
2020-09-22T16:27:59.968Z	info	app/vmalert/manager.go:84	reading rules configuration file from "config/testdata/dir/rules1-bad.rules"
2020-09-22T16:27:59.968Z	info	app/vmalert/group.go:225	group "duplicatedGroupDiffFiles" started; interval=1ms; concurrency=1
2020-09-22T16:27:59.968Z	info	app/vmalert/manager.go:84	reading rules configuration file from "config/testdata/dir/rules0-bad.rules"
2020-09-22T16:27:59.968Z	info	app/vmalert/group.go:235	group "duplicatedGroupDiffFiles": received stop signal
2020-09-22T16:27:59.968Z	info	app/vmalert/manager.go:84	reading rules configuration file from "config/testdata/dir/rules0-bad.rules"
2020-09-22T16:27:59.968Z	info	app/vmalert/group.go:225	group "groupTest" started; interval=1ms; concurrency=1
2020-09-22T16:27:59.968Z	info	app/vmalert/manager.go:84	reading rules configuration file from "config/testdata/rules0-good.rules"
2020-09-22T16:27:59.968Z	info	app/vmalert/group.go:235	group "groupTest": received stop signal
2020-09-22T16:27:59.968Z	info	app/vmalert/group.go:225	group "duplicatedGroupDiffFiles" started; interval=1ms; concurrency=1
2020-09-22T16:27:59.968Z	info	app/vmalert/group.go:235	group "duplicatedGroupDiffFiles": received stop signal
2020-09-22T16:27:59.969Z	info	app/vmalert/group.go:225	group "groupGorSingleAlert" started; interval=1ms; concurrency=1
2020-09-22T16:27:59.969Z	info	app/vmalert/group.go:235	group "groupGorSingleAlert": received stop signal
2020-09-22T16:27:59.969Z	info	app/vmalert/manager.go:84	reading rules configuration file from "config/testdata/dir/rules0-bad.rules"
2020-09-22T16:27:59.969Z	info	app/vmalert/group.go:225	group "TestGroup" started; interval=1ms; concurrency=1
2020-09-22T16:27:59.969Z	info	app/vmalert/group.go:235	group "TestGroup": received stop signal
2020-09-22T16:27:59.969Z	info	app/vmalert/manager.go:84	reading rules configuration file from "config/testdata/dir/rules0-good.rules"
2020-09-22T16:27:59.969Z	info	app/vmalert/group.go:225	group "duplicatedGroupDiffFiles" started; interval=1ms; concurrency=1
2020-09-22T16:27:59.969Z	info	app/vmalert/group.go:235	group "duplicatedGroupDiffFiles": received stop signal
2020-09-22T16:27:59.969Z	info	app/vmalert/manager.go:84	reading rules configuration file from "config/testdata/rules0-good.rules"
2020-09-22T16:27:59.969Z	info	app/vmalert/group.go:225	group "groupTest" started; interval=1ms; concurrency=1
2020-09-22T16:27:59.970Z	info	app/vmalert/group.go:235	group "groupTest": received stop signal
2020-09-22T16:27:59.969Z	info	app/vmalert/manager.go:84	reading rules configuration file from "config/testdata/dir/rules0-bad.rules"
2020-09-22T16:27:59.970Z	info	app/vmalert/group.go:225	group "duplicatedGroupDiffFiles" started; interval=1ms; concurrency=1
2020-09-22T16:27:59.970Z	info	app/vmalert/group.go:235	group "duplicatedGroupDiffFiles": received stop signal
2020-09-22T16:27:59.970Z	info	app/vmalert/group.go:225	group "duplicatedGroupDiffFiles" started; interval=1ms; concurrency=1
2020-09-22T16:27:59.970Z	info	app/vmalert/group.go:235	group "duplicatedGroupDiffFiles": received stop signal
2020-09-22T16:27:59.970Z	info	app/vmalert/manager.go:84	reading rules configuration file from "config/testdata/dir/rules0-good.rules"
2020-09-22T16:27:59.970Z	info	app/vmalert/manager.go:84	reading rules configuration file from "config/testdata/rules1-good.rules"
2020-09-22T16:27:59.970Z	info	app/vmalert/manager.go:84	reading rules configuration file from "config/testdata/rules0-good.rules"
2020-09-22T16:27:59.970Z	info	app/vmalert/manager.go:84	reading rules configuration file from "config/testdata/rules2-good.rules"
2020-09-22T16:27:59.970Z	info	app/vmalert/manager.go:84	reading rules configuration file from "config/testdata/rules0-good.rules"
2020-09-22T16:27:59.970Z	info	app/vmalert/group.go:225	group "duplicatedGroupDiffFiles" started; interval=1ms; concurrency=1
2020-09-22T16:27:59.971Z	info	app/vmalert/group.go:235	group "duplicatedGroupDiffFiles": received stop signal
2020-09-22T16:27:59.971Z	info	app/vmalert/group.go:225	group "groupTest" started; interval=1ms; concurrency=1
2020-09-22T16:27:59.971Z	info	app/vmalert/group.go:235	group "groupTest": received stop signal
2020-09-22T16:27:59.971Z	info	app/vmalert/manager.go:84	reading rules configuration file from "config/testdata/dir/rules0-good.rules"
2020-09-22T16:27:59.971Z	info	app/vmalert/manager.go:84	reading rules configuration file from "config/testdata/dir/rules1-good.rules"
2020-09-22T16:27:59.971Z	info	app/vmalert/manager.go:84	reading rules configuration file from "config/testdata/dir/rules1-bad.rules"
2020-09-22T16:27:59.971Z	info	app/vmalert/group.go:225	group "duplicatedGroupDiffFiles" started; interval=1ms; concurrency=1
2020-09-22T16:27:59.971Z	info	app/vmalert/manager.go:84	reading rules configuration file from "config/testdata/dir/rules0-bad.rules"
2020-09-22T16:27:59.971Z	info	app/vmalert/group.go:235	group "duplicatedGroupDiffFiles": received stop signal
2020-09-22T16:27:59.971Z	info	app/vmalert/group.go:225	group "duplicatedGroupDiffFiles" started; interval=1ms; concurrency=1
2020-09-22T16:27:59.971Z	info	app/vmalert/manager.go:84	reading rules configuration file from "config/testdata/dir/rules1-bad.rules"
2020-09-22T16:27:59.971Z	info	app/vmalert/group.go:235	group "duplicatedGroupDiffFiles": received stop signal
2020-09-22T16:27:59.971Z	info	app/vmalert/manager.go:84	reading rules configuration file from "config/testdata/dir/rules1-good.rules"
2020-09-22T16:27:59.971Z	info	app/vmalert/group.go:225	group "duplicatedGroupDiffFiles" started; interval=1ms; concurrency=1
2020-09-22T16:27:59.972Z	info	app/vmalert/group.go:235	group "duplicatedGroupDiffFiles": received stop signal
2020-09-22T16:27:59.971Z	info	app/vmalert/manager.go:84	reading rules configuration file from "config/testdata/rules1-good.rules"
2020-09-22T16:27:59.972Z	info	app/vmalert/manager.go:84	reading rules configuration file from "config/testdata/dir/rules0-bad.rules"
2020-09-22T16:27:59.972Z	info	app/vmalert/manager.go:84	reading rules configuration file from "config/testdata/rules1-good.rules"
2020-09-22T16:27:59.972Z	info	app/vmalert/manager.go:84	reading rules configuration file from "config/testdata/dir/rules0-bad.rules"
2020-09-22T16:27:59.972Z	info	app/vmalert/group.go:225	group "groupGorSingleAlert" started; interval=1ms; concurrency=1
2020-09-22T16:27:59.972Z	info	app/vmalert/group.go:235	group "groupGorSingleAlert": received stop signal
2020-09-22T16:27:59.972Z	info	app/vmalert/manager.go:84	reading rules configuration file from "config/testdata/dir/rules1-bad.rules"
2020-09-22T16:27:59.973Z	info	app/vmalert/manager.go:84	reading rules configuration file from "config/testdata/dir/rules0-bad.rules"
2020-09-22T16:27:59.972Z	info	app/vmalert/group.go:225	group "TestGroup" started; interval=1ms; concurrency=1
2020-09-22T16:27:59.973Z	info	app/vmalert/group.go:235	group "TestGroup": received stop signal
2020-09-22T16:27:59.973Z	info	app/vmalert/manager.go:84	reading rules configuration file from "config/testdata/dir/rules1-good.rules"
2020-09-22T16:27:59.973Z	info	app/vmalert/manager.go:84	reading rules configuration file from "config/testdata/dir/rules1-bad.rules"
2020-09-22T16:27:59.973Z	info	app/vmalert/group.go:225	group "TestGroup" started; interval=2s; concurrency=2
2020-09-22T16:27:59.973Z	info	app/vmalert/manager.go:84	reading rules configuration file from "config/testdata/rules1-good.rules"
2020-09-22T16:27:59.973Z	info	app/vmalert/group.go:235	group "TestGroup": received stop signal
2020-09-22T16:27:59.973Z	info	app/vmalert/group.go:225	group "duplicatedGroupDiffFiles" started; interval=1ms; concurrency=1
2020-09-22T16:27:59.973Z	info	app/vmalert/manager.go:84	reading rules configuration file from "config/testdata/dir/rules0-bad.rules"
2020-09-22T16:27:59.973Z	info	app/vmalert/group.go:235	group "duplicatedGroupDiffFiles": received stop signal
2020-09-22T16:27:59.973Z	info	app/vmalert/group.go:225	group "groupGorSingleAlert" started; interval=1ms; concurrency=1
2020-09-22T16:27:59.973Z	info	app/vmalert/group.go:235	group "groupGorSingleAlert": received stop signal
2020-09-22T16:27:59.973Z	info	app/vmalert/group.go:225	group "TestGroup" started; interval=1ms; concurrency=1
2020-09-22T16:27:59.973Z	info	app/vmalert/manager.go:84	reading rules configuration file from "config/testdata/dir/rules0-bad.rules"
2020-09-22T16:27:59.973Z	info	app/vmalert/group.go:235	group "TestGroup": received stop signal
2020-09-22T16:27:59.973Z	info	app/vmalert/manager.go:84	reading rules configuration file from "config/testdata/dir/rules0-bad.rules"
2020-09-22T16:27:59.973Z	info	app/vmalert/group.go:225	group "TestGroup" started; interval=2s; concurrency=2
2020-09-22T16:27:59.974Z	info	app/vmalert/manager.go:84	reading rules configuration file from "config/testdata/rules2-good.rules"
2020-09-22T16:27:59.973Z	info	app/vmalert/manager.go:84	reading rules configuration file from "config/testdata/dir/rules0-bad.rules"
2020-09-22T16:27:59.973Z	info	app/vmalert/group.go:235	group "TestGroup": received stop signal
2020-09-22T16:27:59.974Z	info	app/vmalert/group.go:225	group "TestGroup" started; interval=1ms; concurrency=1
2020-09-22T16:27:59.974Z	info	app/vmalert/group.go:235	group "TestGroup": received stop signal
2020-09-22T16:27:59.974Z	info	app/vmalert/group.go:225	group "groupGorSingleAlert" started; interval=1ms; concurrency=1
2020-09-22T16:27:59.974Z	info	app/vmalert/manager.go:84	reading rules configuration file from "config/testdata/rules0-good.rules"
2020-09-22T16:27:59.973Z	info	app/vmalert/manager.go:84	reading rules configuration file from "config/testdata/dir/rules1-good.rules"
2020-09-22T16:27:59.974Z	info	app/vmalert/group.go:235	group "groupGorSingleAlert": received stop signal
2020-09-22T16:27:59.974Z	info	app/vmalert/manager.go:84	reading rules configuration file from "config/testdata/rules2-good.rules"
2020-09-22T16:27:59.974Z	info	app/vmalert/group.go:225	group "TestGroup" started; interval=2s; concurrency=2
2020-09-22T16:27:59.974Z	info	app/vmalert/group.go:235	group "TestGroup": received stop signal
2020-09-22T16:27:59.974Z	info	app/vmalert/group.go:225	group "duplicatedGroupDiffFiles" started; interval=1ms; concurrency=1
2020-09-22T16:27:59.974Z	info	app/vmalert/manager.go:84	reading rules configuration file from "config/testdata/dir/rules1-good.rules"
2020-09-22T16:27:59.974Z	info	app/vmalert/group.go:235	group "duplicatedGroupDiffFiles": received stop signal
2020-09-22T16:27:59.974Z	info	app/vmalert/manager.go:84	reading rules configuration file from "config/testdata/rules0-good.rules"
2020-09-22T16:27:59.974Z	info	app/vmalert/group.go:225	group "groupGorSingleAlert" started; interval=1ms; concurrency=1
2020-09-22T16:27:59.974Z	info	app/vmalert/manager.go:84	reading rules configuration file from "config/testdata/rules0-good.rules"
2020-09-22T16:27:59.974Z	info	app/vmalert/group.go:225	group "TestGroup" started; interval=1ms; concurrency=1
2020-09-22T16:27:59.974Z	info	app/vmalert/group.go:235	group "groupGorSingleAlert": received stop signal
2020-09-22T16:27:59.975Z	info	app/vmalert/manager.go:84	reading rules configuration file from "config/testdata/dir/rules1-good.rules"
2020-09-22T16:27:59.975Z	info	app/vmalert/group.go:235	group "TestGroup": received stop signal
2020-09-22T16:27:59.975Z	info	app/vmalert/group.go:225	group "duplicatedGroupDiffFiles" started; interval=1ms; concurrency=1
2020-09-22T16:27:59.975Z	info	app/vmalert/group.go:235	group "duplicatedGroupDiffFiles": received stop signal
2020-09-22T16:27:59.975Z	info	app/vmalert/manager.go:84	reading rules configuration file from "config/testdata/dir/rules1-good.rules"
2020-09-22T16:27:59.975Z	info	app/vmalert/manager.go:84	reading rules configuration file from "config/testdata/dir/rules1-good.rules"
2020-09-22T16:27:59.975Z	info	app/vmalert/manager.go:84	reading rules configuration file from "config/testdata/dir/rules1-bad.rules"
2020-09-22T16:27:59.975Z	info	app/vmalert/group.go:225	group "TestGroup" started; interval=2s; concurrency=2
2020-09-22T16:27:59.975Z	info	app/vmalert/group.go:235	group "TestGroup": received stop signal
2020-09-22T16:27:59.975Z	info	app/vmalert/group.go:225	group "groupGorSingleAlert" started; interval=1ms; concurrency=1
2020-09-22T16:27:59.975Z	info	app/vmalert/group.go:235	group "groupGorSingleAlert": received stop signal
2020-09-22T16:27:59.975Z	info	app/vmalert/group.go:225	group "TestGroup" started; interval=1ms; concurrency=1
2020-09-22T16:27:59.975Z	info	app/vmalert/manager.go:84	reading rules configuration file from "config/testdata/rules0-good.rules"
2020-09-22T16:27:59.975Z	info	app/vmalert/group.go:235	group "TestGroup": received stop signal
2020-09-22T16:27:59.975Z	info	app/vmalert/group.go:225	group "TestGroup" started; interval=2s; concurrency=2
2020-09-22T16:27:59.975Z	info	app/vmalert/group.go:235	group "TestGroup": received stop signal
2020-09-22T16:27:59.975Z	info	app/vmalert/manager.go:84	reading rules configuration file from "config/testdata/dir/rules0-bad.rules"
2020-09-22T16:27:59.975Z	info	app/vmalert/manager.go:84	reading rules configuration file from "config/testdata/rules1-good.rules"
2020-09-22T16:27:59.975Z	info	app/vmalert/manager.go:84	reading rules configuration file from "config/testdata/rules2-good.rules"
2020-09-22T16:27:59.975Z	info	app/vmalert/group.go:225	group "groupTest" started; interval=1ms; concurrency=1
2020-09-22T16:27:59.975Z	info	app/vmalert/group.go:235	group "groupTest": received stop signal
2020-09-22T16:27:59.975Z	info	app/vmalert/group.go:225	group "TestGroup" started; interval=2s; concurrency=2
2020-09-22T16:27:59.975Z	info	app/vmalert/group.go:235	group "TestGroup": received stop signal
2020-09-22T16:27:59.975Z	info	app/vmalert/manager.go:84	reading rules configuration file from "config/testdata/dir/rules1-bad.rules"
2020-09-22T16:27:59.975Z	info	app/vmalert/manager.go:84	reading rules configuration file from "config/testdata/rules2-good.rules"
2020-09-22T16:27:59.975Z	info	app/vmalert/manager.go:84	reading rules configuration file from "config/testdata/dir/rules1-bad.rules"
2020-09-22T16:27:59.975Z	info	app/vmalert/group.go:225	group "groupTest" started; interval=1ms; concurrency=1
2020-09-22T16:27:59.976Z	info	app/vmalert/group.go:235	group "groupTest": received stop signal
2020-09-22T16:27:59.976Z	info	app/vmalert/manager.go:84	reading rules configuration file from "config/testdata/rules0-good.rules"
2020-09-22T16:27:59.976Z	info	app/vmalert/group.go:225	group "TestGroup" started; interval=2s; concurrency=2
2020-09-22T16:27:59.976Z	info	app/vmalert/manager.go:84	reading rules configuration file from "config/testdata/rules1-good.rules"
2020-09-22T16:27:59.976Z	info	app/vmalert/group.go:235	group "TestGroup": received stop signal
2020-09-22T16:27:59.976Z	info	app/vmalert/manager.go:84	reading rules configuration file from "config/testdata/rules2-good.rules"
2020-09-22T16:27:59.976Z	info	app/vmalert/manager.go:84	reading rules configuration file from "config/testdata/rules1-good.rules"
2020-09-22T16:27:59.976Z	info	app/vmalert/group.go:225	group "duplicatedGroupDiffFiles" started; interval=1ms; concurrency=1
2020-09-22T16:27:59.976Z	info	app/vmalert/manager.go:84	reading rules configuration file from "config/testdata/rules1-good.rules"
2020-09-22T16:27:59.976Z	info	app/vmalert/group.go:235	group "duplicatedGroupDiffFiles": received stop signal
2020-09-22T16:27:59.976Z	info	app/vmalert/manager.go:84	reading rules configuration file from "config/testdata/rules1-good.rules"
2020-09-22T16:27:59.976Z	info	app/vmalert/group.go:225	group "duplicatedGroupDiffFiles" started; interval=1ms; concurrency=1
2020-09-22T16:27:59.976Z	info	app/vmalert/group.go:235	group "duplicatedGroupDiffFiles": received stop signal
2020-09-22T16:27:59.976Z	info	app/vmalert/manager.go:84	reading rules configuration file from "config/testdata/dir/rules0-bad.rules"
2020-09-22T16:27:59.977Z	info	app/vmalert/group.go:225	group "groupGorSingleAlert" started; interval=1ms; concurrency=1
2020-09-22T16:27:59.977Z	info	app/vmalert/group.go:235	group "groupGorSingleAlert": received stop signal
2020-09-22T16:27:59.977Z	info	app/vmalert/manager.go:84	reading rules configuration file from "config/testdata/rules0-good.rules"
2020-09-22T16:27:59.976Z	info	app/vmalert/manager.go:84	reading rules configuration file from "config/testdata/rules1-good.rules"
2020-09-22T16:27:59.977Z	info	app/vmalert/group.go:225	group "TestGroup" started; interval=1ms; concurrency=1
2020-09-22T16:27:59.977Z	info	app/vmalert/group.go:235	group "TestGroup": received stop signal
2020-09-22T16:27:59.977Z	info	app/vmalert/group.go:225	group "duplicatedGroupDiffFiles" started; interval=1ms; concurrency=1
2020-09-22T16:27:59.977Z	info	app/vmalert/group.go:235	group "duplicatedGroupDiffFiles": received stop signal
2020-09-22T16:27:59.977Z	info	app/vmalert/group.go:225	group "groupTest" started; interval=1ms; concurrency=1
2020-09-22T16:27:59.977Z	info	app/vmalert/group.go:235	group "groupTest": received stop signal
2020-09-22T16:27:59.978Z	info	app/vmalert/manager.go:84	reading rules configuration file from "config/testdata/dir/rules0-bad.rules"
2020-09-22T16:27:59.977Z	info	app/vmalert/manager.go:84	reading rules configuration file from "config/testdata/rules2-good.rules"
2020-09-22T16:27:59.977Z	info	app/vmalert/manager.go:84	reading rules configuration file from "config/testdata/dir/rules0-bad.rules"
2020-09-22T16:27:59.978Z	info	app/vmalert/group.go:225	group "duplicatedGroupDiffFiles" started; interval=1ms; concurrency=1
2020-09-22T16:27:59.978Z	info	app/vmalert/group.go:235	group "duplicatedGroupDiffFiles": received stop signal
2020-09-22T16:27:59.978Z	info	app/vmalert/manager.go:84	reading rules configuration file from "config/testdata/rules0-good.rules"
2020-09-22T16:27:59.978Z	info	app/vmalert/group.go:225	group "duplicatedGroupDiffFiles" started; interval=1ms; concurrency=1
2020-09-22T16:27:59.978Z	info	app/vmalert/manager.go:84	reading rules configuration file from "config/testdata/dir/rules0-bad.rules"
2020-09-22T16:27:59.978Z	info	app/vmalert/group.go:235	group "duplicatedGroupDiffFiles": received stop signal
2020-09-22T16:27:59.978Z	info	app/vmalert/manager.go:84	reading rules configuration file from "config/testdata/rules2-good.rules"
2020-09-22T16:27:59.978Z	info	app/vmalert/group.go:225	group "TestGroup" started; interval=2s; concurrency=2
2020-09-22T16:27:59.978Z	info	app/vmalert/group.go:235	group "TestGroup": received stop signal
2020-09-22T16:27:59.979Z	info	app/vmalert/group.go:225	group "groupTest" started; interval=1ms; concurrency=1
2020-09-22T16:27:59.979Z	info	app/vmalert/group.go:235	group "groupTest": received stop signal
2020-09-22T16:27:59.979Z	info	app/vmalert/manager.go:84	reading rules configuration file from "config/testdata/rules0-good.rules"
2020-09-22T16:27:59.979Z	info	app/vmalert/group.go:225	group "TestGroup" started; interval=1ms; concurrency=1
2020-09-22T16:27:59.979Z	info	app/vmalert/manager.go:84	reading rules configuration file from "config/testdata/dir/rules0-good.rules"
2020-09-22T16:27:59.979Z	info	app/vmalert/group.go:225	group "groupGorSingleAlert" started; interval=1ms; concurrency=1
2020-09-22T16:27:59.979Z	info	app/vmalert/group.go:235	group "TestGroup": received stop signal
2020-09-22T16:27:59.979Z	info	app/vmalert/group.go:235	group "groupGorSingleAlert": received stop signal
2020-09-22T16:27:59.979Z	info	app/vmalert/group.go:225	group "groupTest" started; interval=1ms; concurrency=1
2020-09-22T16:27:59.979Z	info	app/vmalert/group.go:235	group "groupTest": received stop signal
2020-09-22T16:27:59.979Z	info	app/vmalert/manager.go:84	reading rules configuration file from "config/testdata/rules2-good.rules"
2020-09-22T16:27:59.979Z	info	app/vmalert/group.go:225	group "TestGroup" started; interval=1ms; concurrency=1
2020-09-22T16:27:59.979Z	info	app/vmalert/manager.go:84	reading rules configuration file from "config/testdata/rules2-good.rules"
2020-09-22T16:27:59.979Z	info	app/vmalert/group.go:225	group "groupGorSingleAlert" started; interval=1ms; concurrency=1
2020-09-22T16:27:59.979Z	info	app/vmalert/group.go:235	group "groupGorSingleAlert": received stop signal
2020-09-22T16:27:59.979Z	info	app/vmalert/manager.go:84	reading rules configuration file from "config/testdata/rules1-good.rules"
2020-09-22T16:27:59.979Z	info	app/vmalert/manager.go:84	reading rules configuration file from "config/testdata/dir/rules0-bad.rules"
2020-09-22T16:27:59.979Z	info	app/vmalert/group.go:235	group "TestGroup": received stop signal
2020-09-22T16:27:59.980Z	info	app/vmalert/group.go:225	group "TestGroup" started; interval=2s; concurrency=2
2020-09-22T16:27:59.980Z	info	app/vmalert/group.go:235	group "TestGroup": received stop signal
2020-09-22T16:27:59.980Z	info	app/vmalert/manager.go:84	reading rules configuration file from "config/testdata/dir/rules0-bad.rules"
2020-09-22T16:27:59.980Z	info	app/vmalert/group.go:225	group "duplicatedGroupDiffFiles" started; interval=1ms; concurrency=1
2020-09-22T16:27:59.980Z	info	app/vmalert/group.go:235	group "duplicatedGroupDiffFiles": received stop signal
2020-09-22T16:27:59.980Z	info	app/vmalert/group.go:225	group "duplicatedGroupDiffFiles" started; interval=1ms; concurrency=1
2020-09-22T16:27:59.980Z	info	app/vmalert/group.go:235	group "duplicatedGroupDiffFiles": received stop signal
2020-09-22T16:27:59.980Z	info	app/vmalert/manager.go:84	reading rules configuration file from "config/testdata/rules1-good.rules"
2020-09-22T16:27:59.980Z	info	app/vmalert/manager.go:84	reading rules configuration file from "config/testdata/rules0-good.rules"
2020-09-22T16:27:59.980Z	info	app/vmalert/group.go:225	group "groupTest" started; interval=1ms; concurrency=1
2020-09-22T16:27:59.980Z	info	app/vmalert/group.go:235	group "groupTest": received stop signal
2020-09-22T16:27:59.980Z	info	app/vmalert/group.go:225	group "duplicatedGroupDiffFiles" started; interval=1ms; concurrency=1
2020-09-22T16:27:59.980Z	info	app/vmalert/group.go:235	group "duplicatedGroupDiffFiles": received stop signal
2020-09-22T16:27:59.980Z	info	app/vmalert/manager.go:84	reading rules configuration file from "config/testdata/dir/rules0-good.rules"
2020-09-22T16:27:59.980Z	info	app/vmalert/group.go:225	group "groupGorSingleAlert" started; interval=1ms; concurrency=1
2020-09-22T16:27:59.980Z	info	app/vmalert/group.go:225	group "TestGroup" started; interval=1ms; concurrency=1
2020-09-22T16:27:59.980Z	info	app/vmalert/group.go:235	group "groupGorSingleAlert": received stop signal
2020-09-22T16:27:59.980Z	info	app/vmalert/group.go:235	group "TestGroup": received stop signal
2020-09-22T16:27:59.980Z	info	app/vmalert/group.go:225	group "duplicatedGroupDiffFiles" started; interval=1ms; concurrency=1
2020-09-22T16:27:59.980Z	info	app/vmalert/group.go:235	group "duplicatedGroupDiffFiles": received stop signal
2020-09-22T16:27:59.980Z	info	app/vmalert/manager.go:84	reading rules configuration file from "config/testdata/rules0-good.rules"
2020-09-22T16:27:59.980Z	info	app/vmalert/manager.go:84	reading rules configuration file from "config/testdata/rules0-good.rules"
2020-09-22T16:27:59.980Z	info	app/vmalert/group.go:225	group "groupGorSingleAlert" started; interval=1ms; concurrency=1
2020-09-22T16:27:59.980Z	info	app/vmalert/group.go:235	group "groupGorSingleAlert": received stop signal
2020-09-22T16:27:59.980Z	info	app/vmalert/manager.go:84	reading rules configuration file from "config/testdata/dir/rules1-good.rules"
2020-09-22T16:27:59.980Z	info	app/vmalert/group.go:225	group "TestGroup" started; interval=1ms; concurrency=1
2020-09-22T16:27:59.981Z	info	app/vmalert/group.go:235	group "TestGroup": received stop signal
2020-09-22T16:27:59.980Z	info	app/vmalert/manager.go:84	reading rules configuration file from "config/testdata/rules1-good.rules"
2020-09-22T16:27:59.981Z	info	app/vmalert/group.go:225	group "TestGroup" started; interval=2s; concurrency=2
2020-09-22T16:27:59.981Z	info	app/vmalert/group.go:235	group "TestGroup": received stop signal
2020-09-22T16:27:59.981Z	info	app/vmalert/manager.go:84	reading rules configuration file from "config/testdata/rules1-good.rules"
2020-09-22T16:27:59.981Z	info	app/vmalert/group.go:225	group "TestGroup" started; interval=1ms; concurrency=1
2020-09-22T16:27:59.981Z	info	app/vmalert/group.go:235	group "TestGroup": received stop signal
2020-09-22T16:27:59.981Z	info	app/vmalert/manager.go:84	reading rules configuration file from "config/testdata/dir/rules0-good.rules"
2020-09-22T16:27:59.981Z	info	app/vmalert/group.go:225	group "groupGorSingleAlert" started; interval=1ms; concurrency=1
2020-09-22T16:27:59.981Z	info	app/vmalert/group.go:235	group "groupGorSingleAlert": received stop signal
2020-09-22T16:27:59.981Z	info	app/vmalert/group.go:225	group "duplicatedGroupDiffFiles" started; interval=1ms; concurrency=1
2020-09-22T16:27:59.981Z	info	app/vmalert/group.go:235	group "duplicatedGroupDiffFiles": received stop signal
2020-09-22T16:27:59.981Z	info	app/vmalert/manager.go:84	reading rules configuration file from "config/testdata/dir/rules1-good.rules"
2020-09-22T16:27:59.981Z	info	app/vmalert/group.go:225	group "duplicatedGroupDiffFiles" started; interval=1ms; concurrency=1
2020-09-22T16:27:59.981Z	info	app/vmalert/group.go:235	group "duplicatedGroupDiffFiles": received stop signal
2020-09-22T16:27:59.981Z	info	app/vmalert/manager.go:84	reading rules configuration file from "config/testdata/dir/rules1-good.rules"
2020-09-22T16:27:59.981Z	info	app/vmalert/group.go:225	group "groupGorSingleAlert" started; interval=1ms; concurrency=1
2020-09-22T16:27:59.981Z	info	app/vmalert/group.go:225	group "TestGroup" started; interval=1ms; concurrency=1
2020-09-22T16:27:59.981Z	info	app/vmalert/manager.go:84	reading rules configuration file from "config/testdata/rules2-good.rules"
2020-09-22T16:27:59.981Z	info	app/vmalert/group.go:235	group "groupGorSingleAlert": received stop signal
2020-09-22T16:27:59.981Z	info	app/vmalert/group.go:235	group "TestGroup": received stop signal
2020-09-22T16:27:59.982Z	info	app/vmalert/manager.go:84	reading rules configuration file from "config/testdata/dir/rules0-bad.rules"
2020-09-22T16:27:59.982Z	info	app/vmalert/group.go:225	group "duplicatedGroupDiffFiles" started; interval=1ms; concurrency=1
2020-09-22T16:27:59.982Z	info	app/vmalert/group.go:235	group "duplicatedGroupDiffFiles": received stop signal
2020-09-22T16:27:59.982Z	info	app/vmalert/group.go:225	group "TestGroup" started; interval=1ms; concurrency=1
2020-09-22T16:27:59.982Z	info	app/vmalert/manager.go:84	reading rules configuration file from "config/testdata/rules1-good.rules"
2020-09-22T16:27:59.982Z	info	app/vmalert/group.go:225	group "groupGorSingleAlert" started; interval=1ms; concurrency=1
2020-09-22T16:27:59.982Z	info	app/vmalert/group.go:235	group "groupGorSingleAlert": received stop signal
2020-09-22T16:27:59.982Z	info	app/vmalert/group.go:235	group "TestGroup": received stop signal
2020-09-22T16:27:59.982Z	info	app/vmalert/group.go:225	group "duplicatedGroupDiffFiles" started; interval=1ms; concurrency=1
2020-09-22T16:27:59.982Z	info	app/vmalert/group.go:235	group "duplicatedGroupDiffFiles": received stop signal
2020-09-22T16:27:59.982Z	info	app/vmalert/manager.go:84	reading rules configuration file from "config/testdata/rules2-good.rules"
2020-09-22T16:27:59.982Z	info	app/vmalert/group.go:225	group "groupTest" started; interval=1ms; concurrency=1
2020-09-22T16:27:59.982Z	info	app/vmalert/group.go:235	group "groupTest": received stop signal
2020-09-22T16:27:59.982Z	info	app/vmalert/manager.go:84	reading rules configuration file from "config/testdata/dir/rules1-good.rules"
2020-09-22T16:27:59.982Z	info	app/vmalert/group.go:225	group "TestGroup" started; interval=2s; concurrency=2
2020-09-22T16:27:59.982Z	info	app/vmalert/manager.go:84	reading rules configuration file from "config/testdata/dir/rules1-good.rules"
2020-09-22T16:27:59.982Z	info	app/vmalert/group.go:235	group "TestGroup": received stop signal
2020-09-22T16:27:59.982Z	info	app/vmalert/manager.go:84	reading rules configuration file from "config/testdata/dir/rules1-good.rules"
2020-09-22T16:27:59.982Z	info	app/vmalert/group.go:225	group "duplicatedGroupDiffFiles" started; interval=1ms; concurrency=1
2020-09-22T16:27:59.982Z	info	app/vmalert/group.go:235	group "duplicatedGroupDiffFiles": received stop signal
2020-09-22T16:27:59.983Z	info	app/vmalert/manager.go:84	reading rules configuration file from "config/testdata/rules1-good.rules"
2020-09-22T16:27:59.983Z	info	app/vmalert/group.go:225	group "groupGorSingleAlert" started; interval=1ms; concurrency=1
2020-09-22T16:27:59.983Z	info	app/vmalert/group.go:225	group "TestGroup" started; interval=1ms; concurrency=1
2020-09-22T16:27:59.983Z	info	app/vmalert/manager.go:84	reading rules configuration file from "config/testdata/dir/rules0-good.rules"
2020-09-22T16:27:59.983Z	info	app/vmalert/manager.go:84	reading rules configuration file from "config/testdata/dir/rules0-bad.rules"
2020-09-22T16:27:59.983Z	info	app/vmalert/group.go:235	group "TestGroup": received stop signal
2020-09-22T16:27:59.983Z	info	app/vmalert/group.go:235	group "groupGorSingleAlert": received stop signal
2020-09-22T16:27:59.983Z	info	app/vmalert/manager.go:84	reading rules configuration file from "config/testdata/rules0-good.rules"
2020-09-22T16:27:59.983Z	info	app/vmalert/group.go:225	group "duplicatedGroupDiffFiles" started; interval=1ms; concurrency=1
2020-09-22T16:27:59.983Z	info	app/vmalert/group.go:235	group "duplicatedGroupDiffFiles": received stop signal
2020-09-22T16:27:59.983Z	info	app/vmalert/manager.go:84	reading rules configuration file from "config/testdata/dir/rules0-good.rules"
2020-09-22T16:27:59.983Z	info	app/vmalert/manager.go:84	reading rules configuration file from "config/testdata/rules2-good.rules"
2020-09-22T16:27:59.983Z	info	app/vmalert/group.go:225	group "groupTest" started; interval=1ms; concurrency=1
2020-09-22T16:27:59.983Z	info	app/vmalert/group.go:235	group "groupTest": received stop signal
2020-09-22T16:27:59.983Z	info	app/vmalert/group.go:225	group "duplicatedGroupDiffFiles" started; interval=1ms; concurrency=1
2020-09-22T16:27:59.983Z	info	app/vmalert/group.go:235	group "duplicatedGroupDiffFiles": received stop signal
2020-09-22T16:27:59.984Z	info	app/vmalert/manager.go:84	reading rules configuration file from "config/testdata/dir/rules0-good.rules"
2020-09-22T16:27:59.984Z	info	app/vmalert/group.go:225	group "groupTest" started; interval=1ms; concurrency=1
2020-09-22T16:27:59.984Z	info	app/vmalert/group.go:235	group "groupTest": received stop signal
2020-09-22T16:27:59.984Z	info	app/vmalert/manager.go:84	reading rules configuration file from "config/testdata/rules0-good.rules"
2020-09-22T16:27:59.984Z	info	app/vmalert/group.go:225	group "groupGorSingleAlert" started; interval=1ms; concurrency=1
2020-09-22T16:27:59.984Z	info	app/vmalert/manager.go:84	reading rules configuration file from "config/testdata/dir/rules1-good.rules"
2020-09-22T16:27:59.984Z	info	app/vmalert/group.go:235	group "groupGorSingleAlert": received stop signal
2020-09-22T16:27:59.984Z	info	app/vmalert/group.go:225	group "TestGroup" started; interval=1ms; concurrency=1
2020-09-22T16:27:59.985Z	info	app/vmalert/group.go:235	group "TestGroup": received stop signal
2020-09-22T16:27:59.985Z	info	app/vmalert/group.go:225	group "duplicatedGroupDiffFiles" started; interval=1ms; concurrency=1
2020-09-22T16:27:59.985Z	info	app/vmalert/group.go:235	group "duplicatedGroupDiffFiles": received stop signal
2020-09-22T16:27:59.985Z	info	app/vmalert/manager.go:84	reading rules configuration file from "config/testdata/dir/rules0-bad.rules"
2020-09-22T16:27:59.985Z	info	app/vmalert/group.go:225	group "duplicatedGroupDiffFiles" started; interval=1ms; concurrency=1
2020-09-22T16:27:59.985Z	info	app/vmalert/group.go:235	group "duplicatedGroupDiffFiles": received stop signal
2020-09-22T16:27:59.985Z	info	app/vmalert/group.go:225	group "groupTest" started; interval=1ms; concurrency=1
2020-09-22T16:27:59.985Z	info	app/vmalert/group.go:235	group "groupTest": received stop signal
2020-09-22T16:27:59.985Z	info	app/vmalert/manager.go:84	reading rules configuration file from "config/testdata/dir/rules0-good.rules"
2020-09-22T16:27:59.985Z	info	app/vmalert/manager.go:84	reading rules configuration file from "config/testdata/rules0-good.rules"
2020-09-22T16:27:59.985Z	info	app/vmalert/group.go:225	group "duplicatedGroupDiffFiles" started; interval=1ms; concurrency=1
2020-09-22T16:27:59.985Z	info	app/vmalert/group.go:235	group "duplicatedGroupDiffFiles": received stop signal
2020-09-22T16:27:59.985Z	info	app/vmalert/manager.go:84	reading rules configuration file from "config/testdata/rules2-good.rules"
2020-09-22T16:27:59.985Z	info	app/vmalert/group.go:225	group "TestGroup" started; interval=1ms; concurrency=1
2020-09-22T16:27:59.985Z	info	app/vmalert/group.go:225	group "groupGorSingleAlert" started; interval=1ms; concurrency=1
2020-09-22T16:27:59.985Z	info	app/vmalert/group.go:235	group "groupGorSingleAlert": received stop signal
2020-09-22T16:27:59.986Z	info	app/vmalert/group.go:235	group "TestGroup": received stop signal
2020-09-22T16:27:59.986Z	info	app/vmalert/group.go:225	group "duplicatedGroupDiffFiles" started; interval=1ms; concurrency=1
2020-09-22T16:27:59.986Z	info	app/vmalert/manager.go:84	reading rules configuration file from "config/testdata/rules1-good.rules"
2020-09-22T16:27:59.986Z	info	app/vmalert/group.go:235	group "duplicatedGroupDiffFiles": received stop signal
2020-09-22T16:27:59.986Z	info	app/vmalert/group.go:225	group "duplicatedGroupDiffFiles" started; interval=1ms; concurrency=1
2020-09-22T16:27:59.986Z	info	app/vmalert/manager.go:84	reading rules configuration file from "config/testdata/rules1-good.rules"
2020-09-22T16:27:59.986Z	info	app/vmalert/group.go:235	group "duplicatedGroupDiffFiles": received stop signal
2020-09-22T16:27:59.986Z	info	app/vmalert/group.go:225	group "groupGorSingleAlert" started; interval=1ms; concurrency=1
2020-09-22T16:27:59.986Z	info	app/vmalert/group.go:225	group "TestGroup" started; interval=1ms; concurrency=1
2020-09-22T16:27:59.986Z	info	app/vmalert/group.go:235	group "groupGorSingleAlert": received stop signal
2020-09-22T16:27:59.986Z	info	app/vmalert/manager.go:84	reading rules configuration file from "config/testdata/dir/rules0-bad.rules"
2020-09-22T16:27:59.986Z	info	app/vmalert/group.go:235	group "TestGroup": received stop signal
2020-09-22T16:27:59.986Z	info	app/vmalert/group.go:225	group "duplicatedGroupDiffFiles" started; interval=1ms; concurrency=1
2020-09-22T16:27:59.986Z	info	app/vmalert/manager.go:84	reading rules configuration file from "config/testdata/dir/rules0-bad.rules"
2020-09-22T16:27:59.986Z	info	app/vmalert/group.go:235	group "duplicatedGroupDiffFiles": received stop signal
2020-09-22T16:27:59.986Z	info	app/vmalert/group.go:225	group "groupGorSingleAlert" started; interval=1ms; concurrency=1
2020-09-22T16:27:59.986Z	info	app/vmalert/group.go:225	group "TestGroup" started; interval=1ms; concurrency=1
2020-09-22T16:27:59.986Z	info	app/vmalert/manager.go:84	reading rules configuration file from "config/testdata/dir/rules0-good.rules"
2020-09-22T16:27:59.986Z	info	app/vmalert/group.go:235	group "groupGorSingleAlert": received stop signal
2020-09-22T16:27:59.987Z	info	app/vmalert/group.go:235	group "TestGroup": received stop signal
2020-09-22T16:27:59.987Z	info	app/vmalert/group.go:225	group "duplicatedGroupDiffFiles" started; interval=1ms; concurrency=1
2020-09-22T16:27:59.987Z	info	app/vmalert/manager.go:84	reading rules configuration file from "config/testdata/rules1-good.rules"
2020-09-22T16:27:59.987Z	info	app/vmalert/group.go:235	group "duplicatedGroupDiffFiles": received stop signal
2020-09-22T16:27:59.987Z	info	app/vmalert/manager.go:84	reading rules configuration file from "config/testdata/rules1-good.rules"
2020-09-22T16:27:59.987Z	info	app/vmalert/group.go:225	group "TestGroup" started; interval=1ms; concurrency=1
2020-09-22T16:27:59.987Z	info	app/vmalert/group.go:225	group "groupGorSingleAlert" started; interval=1ms; concurrency=1
2020-09-22T16:27:59.987Z	info	app/vmalert/group.go:235	group "groupGorSingleAlert": received stop signal
2020-09-22T16:27:59.987Z	info	app/vmalert/group.go:235	group "TestGroup": received stop signal
2020-09-22T16:27:59.987Z	info	app/vmalert/group.go:225	group "TestGroup" started; interval=2s; concurrency=2
2020-09-22T16:27:59.987Z	info	app/vmalert/group.go:235	group "TestGroup": received stop signal
2020-09-22T16:27:59.987Z	info	app/vmalert/manager.go:84	reading rules configuration file from "config/testdata/dir/rules1-bad.rules"
2020-09-22T16:27:59.987Z	info	app/vmalert/manager.go:84	reading rules configuration file from "config/testdata/dir/rules1-good.rules"
2020-09-22T16:27:59.988Z	info	app/vmalert/group.go:225	group "TestGroup" started; interval=1ms; concurrency=1
2020-09-22T16:27:59.988Z	info	app/vmalert/group.go:225	group "groupGorSingleAlert" started; interval=1ms; concurrency=1
2020-09-22T16:27:59.988Z	info	app/vmalert/group.go:235	group "groupGorSingleAlert": received stop signal
2020-09-22T16:27:59.988Z	info	app/vmalert/group.go:235	group "TestGroup": received stop signal
2020-09-22T16:27:59.988Z	info	app/vmalert/group.go:225	group "TestGroup" started; interval=2s; concurrency=2
2020-09-22T16:27:59.988Z	info	app/vmalert/manager.go:84	reading rules configuration file from "config/testdata/dir/rules0-good.rules"
2020-09-22T16:27:59.988Z	info	app/vmalert/group.go:235	group "TestGroup": received stop signal
2020-09-22T16:27:59.988Z	info	app/vmalert/manager.go:84	reading rules configuration file from "config/testdata/dir/rules1-bad.rules"
2020-09-22T16:27:59.988Z	info	app/vmalert/manager.go:84	reading rules configuration file from "config/testdata/dir/rules0-good.rules"
2020-09-22T16:27:59.988Z	info	app/vmalert/group.go:225	group "groupGorSingleAlert" started; interval=1ms; concurrency=1
2020-09-22T16:27:59.988Z	info	app/vmalert/group.go:225	group "TestGroup" started; interval=1ms; concurrency=1
2020-09-22T16:27:59.988Z	info	app/vmalert/group.go:235	group "groupGorSingleAlert": received stop signal
2020-09-22T16:27:59.988Z	info	app/vmalert/group.go:235	group "TestGroup": received stop signal
2020-09-22T16:27:59.988Z	info	app/vmalert/group.go:225	group "TestGroup" started; interval=2s; concurrency=2
2020-09-22T16:27:59.988Z	info	app/vmalert/group.go:235	group "TestGroup": received stop signal
2020-09-22T16:27:59.988Z	info	app/vmalert/group.go:225	group "duplicatedGroupDiffFiles" started; interval=1ms; concurrency=1
2020-09-22T16:27:59.988Z	info	app/vmalert/group.go:235	group "duplicatedGroupDiffFiles": received stop signal
2020-09-22T16:27:59.988Z	info	app/vmalert/manager.go:84	reading rules configuration file from "config/testdata/rules1-good.rules"
2020-09-22T16:27:59.988Z	info	app/vmalert/group.go:225	group "TestGroup" started; interval=2s; concurrency=2
2020-09-22T16:27:59.988Z	info	app/vmalert/group.go:235	group "TestGroup": received stop signal
2020-09-22T16:27:59.988Z	info	app/vmalert/manager.go:84	reading rules configuration file from "config/testdata/dir/rules1-good.rules"
2020-09-22T16:27:59.988Z	info	app/vmalert/manager.go:84	reading rules configuration file from "config/testdata/rules0-good.rules"
2020-09-22T16:27:59.988Z	info	app/vmalert/group.go:225	group "duplicatedGroupDiffFiles" started; interval=1ms; concurrency=1
2020-09-22T16:27:59.988Z	info	app/vmalert/manager.go:84	reading rules configuration file from "config/testdata/rules2-good.rules"
2020-09-22T16:27:59.988Z	info	app/vmalert/group.go:235	group "duplicatedGroupDiffFiles": received stop signal
2020-09-22T16:27:59.988Z	info	app/vmalert/group.go:225	group "groupGorSingleAlert" started; interval=1ms; concurrency=1
2020-09-22T16:27:59.988Z	info	app/vmalert/manager.go:84	reading rules configuration file from "config/testdata/rules2-good.rules"
2020-09-22T16:27:59.988Z	info	app/vmalert/group.go:225	group "TestGroup" started; interval=1ms; concurrency=1
2020-09-22T16:27:59.988Z	info	app/vmalert/manager.go:84	reading rules configuration file from "config/testdata/dir/rules1-good.rules"
2020-09-22T16:27:59.988Z	info	app/vmalert/group.go:235	group "TestGroup": received stop signal
2020-09-22T16:27:59.988Z	info	app/vmalert/group.go:235	group "groupGorSingleAlert": received stop signal
2020-09-22T16:27:59.989Z	info	app/vmalert/manager.go:84	reading rules configuration file from "config/testdata/rules1-good.rules"
2020-09-22T16:27:59.989Z	info	app/vmalert/group.go:225	group "TestGroup" started; interval=2s; concurrency=2
2020-09-22T16:27:59.989Z	info	app/vmalert/group.go:235	group "TestGroup": received stop signal
2020-09-22T16:27:59.989Z	info	app/vmalert/group.go:225	group "groupGorSingleAlert" started; interval=1ms; concurrency=1
2020-09-22T16:27:59.989Z	info	app/vmalert/group.go:235	group "groupGorSingleAlert": received stop signal
2020-09-22T16:27:59.989Z	info	app/vmalert/group.go:225	group "TestGroup" started; interval=1ms; concurrency=1
2020-09-22T16:27:59.989Z	info	app/vmalert/group.go:235	group "TestGroup": received stop signal
2020-09-22T16:27:59.989Z	info	app/vmalert/manager.go:84	reading rules configuration file from "config/testdata/dir/rules1-good.rules"
2020-09-22T16:27:59.989Z	info	app/vmalert/manager.go:84	reading rules configuration file from "config/testdata/dir/rules0-bad.rules"
2020-09-22T16:27:59.989Z	info	app/vmalert/group.go:225	group "duplicatedGroupDiffFiles" started; interval=1ms; concurrency=1
2020-09-22T16:27:59.989Z	info	app/vmalert/manager.go:84	reading rules configuration file from "config/testdata/rules0-good.rules"
2020-09-22T16:27:59.989Z	info	app/vmalert/group.go:235	group "duplicatedGroupDiffFiles": received stop signal
2020-09-22T16:27:59.989Z	info	app/vmalert/group.go:225	group "duplicatedGroupDiffFiles" started; interval=1ms; concurrency=1
2020-09-22T16:27:59.989Z	info	app/vmalert/group.go:235	group "duplicatedGroupDiffFiles": received stop signal
2020-09-22T16:27:59.989Z	info	app/vmalert/manager.go:84	reading rules configuration file from "config/testdata/rules0-good.rules"
2020-09-22T16:27:59.989Z	info	app/vmalert/group.go:225	group "duplicatedGroupDiffFiles" started; interval=1ms; concurrency=1
2020-09-22T16:27:59.989Z	info	app/vmalert/manager.go:84	reading rules configuration file from "config/testdata/rules0-good.rules"
2020-09-22T16:27:59.990Z	info	app/vmalert/group.go:235	group "duplicatedGroupDiffFiles": received stop signal
2020-09-22T16:27:59.990Z	info	app/vmalert/manager.go:84	reading rules configuration file from "config/testdata/dir/rules0-good.rules"
2020-09-22T16:27:59.990Z	info	app/vmalert/group.go:225	group "duplicatedGroupDiffFiles" started; interval=1ms; concurrency=1
2020-09-22T16:27:59.990Z	info	app/vmalert/group.go:235	group "duplicatedGroupDiffFiles": received stop signal
2020-09-22T16:27:59.990Z	info	app/vmalert/manager.go:84	reading rules configuration file from "config/testdata/dir/rules1-good.rules"
2020-09-22T16:27:59.990Z	info	app/vmalert/manager.go:84	reading rules configuration file from "config/testdata/dir/rules0-good.rules"
2020-09-22T16:27:59.990Z	info	app/vmalert/manager.go:84	reading rules configuration file from "config/testdata/rules2-good.rules"
2020-09-22T16:27:59.990Z	info	app/vmalert/group.go:225	group "groupTest" started; interval=1ms; concurrency=1
2020-09-22T16:27:59.990Z	info	app/vmalert/group.go:235	group "groupTest": received stop signal
2020-09-22T16:27:59.990Z	info	app/vmalert/manager.go:84	reading rules configuration file from "config/testdata/rules0-good.rules"
2020-09-22T16:27:59.990Z	info	app/vmalert/manager.go:84	reading rules configuration file from "config/testdata/dir/rules1-bad.rules"
2020-09-22T16:27:59.990Z	info	app/vmalert/group.go:225	group "duplicatedGroupDiffFiles" started; interval=1ms; concurrency=1
2020-09-22T16:27:59.990Z	info	app/vmalert/group.go:235	group "duplicatedGroupDiffFiles": received stop signal
2020-09-22T16:27:59.990Z	info	app/vmalert/manager.go:84	reading rules configuration file from "config/testdata/rules1-good.rules"
2020-09-22T16:27:59.990Z	info	app/vmalert/group.go:225	group "groupTest" started; interval=1ms; concurrency=1
2020-09-22T16:27:59.991Z	info	app/vmalert/group.go:235	group "groupTest": received stop signal
2020-09-22T16:27:59.991Z	info	app/vmalert/manager.go:84	reading rules configuration file from "config/testdata/rules2-good.rules"
2020-09-22T16:27:59.991Z	info	app/vmalert/group.go:225	group "TestGroup" started; interval=2s; concurrency=2
2020-09-22T16:27:59.991Z	info	app/vmalert/group.go:235	group "TestGroup": received stop signal
2020-09-22T16:27:59.991Z	info	app/vmalert/manager.go:84	reading rules configuration file from "config/testdata/dir/rules0-good.rules"
2020-09-22T16:27:59.991Z	info	app/vmalert/group.go:225	group "groupTest" started; interval=1ms; concurrency=1
2020-09-22T16:27:59.991Z	info	app/vmalert/group.go:235	group "groupTest": received stop signal
2020-09-22T16:27:59.991Z	info	app/vmalert/manager.go:84	reading rules configuration file from "config/testdata/dir/rules1-good.rules"
2020-09-22T16:27:59.991Z	info	app/vmalert/group.go:225	group "duplicatedGroupDiffFiles" started; interval=1ms; concurrency=1
2020-09-22T16:27:59.992Z	info	app/vmalert/group.go:235	group "duplicatedGroupDiffFiles": received stop signal
2020-09-22T16:27:59.992Z	info	app/vmalert/group.go:225	group "groupTest" started; interval=1ms; concurrency=1
2020-09-22T16:27:59.992Z	info	app/vmalert/group.go:235	group "groupTest": received stop signal
2020-09-22T16:27:59.992Z	info	app/vmalert/manager.go:84	reading rules configuration file from "config/testdata/rules1-good.rules"
2020-09-22T16:27:59.992Z	info	app/vmalert/group.go:225	group "TestGroup" started; interval=2s; concurrency=2
2020-09-22T16:27:59.992Z	info	app/vmalert/manager.go:84	reading rules configuration file from "config/testdata/dir/rules0-bad.rules"
2020-09-22T16:27:59.992Z	info	app/vmalert/group.go:235	group "TestGroup": received stop signal
2020-09-22T16:27:59.992Z	info	app/vmalert/manager.go:84	reading rules configuration file from "config/testdata/rules0-good.rules"
2020-09-22T16:27:59.992Z	info	app/vmalert/group.go:225	group "TestGroup" started; interval=1ms; concurrency=1
2020-09-22T16:27:59.992Z	info	app/vmalert/group.go:225	group "groupGorSingleAlert" started; interval=1ms; concurrency=1
2020-09-22T16:27:59.992Z	info	app/vmalert/group.go:235	group "TestGroup": received stop signal
2020-09-22T16:27:59.992Z	info	app/vmalert/group.go:235	group "groupGorSingleAlert": received stop signal
2020-09-22T16:27:59.992Z	info	app/vmalert/manager.go:84	reading rules configuration file from "config/testdata/rules0-good.rules"
2020-09-22T16:27:59.992Z	info	app/vmalert/group.go:225	group "TestGroup" started; interval=2s; concurrency=2
2020-09-22T16:27:59.992Z	info	app/vmalert/group.go:235	group "TestGroup": received stop signal
2020-09-22T16:27:59.992Z	info	app/vmalert/manager.go:84	reading rules configuration file from "config/testdata/rules2-good.rules"
2020-09-22T16:27:59.992Z	info	app/vmalert/group.go:225	group "groupTest" started; interval=1ms; concurrency=1
2020-09-22T16:27:59.992Z	info	app/vmalert/group.go:235	group "groupTest": received stop signal
2020-09-22T16:27:59.992Z	info	app/vmalert/manager.go:84	reading rules configuration file from "config/testdata/dir/rules1-bad.rules"
2020-09-22T16:27:59.992Z	info	app/vmalert/group.go:225	group "duplicatedGroupDiffFiles" started; interval=1ms; concurrency=1
2020-09-22T16:27:59.992Z	info	app/vmalert/manager.go:84	reading rules configuration file from "config/testdata/dir/rules1-good.rules"
2020-09-22T16:27:59.992Z	info	app/vmalert/manager.go:84	reading rules configuration file from "config/testdata/dir/rules0-bad.rules"
2020-09-22T16:27:59.992Z	info	app/vmalert/group.go:235	group "duplicatedGroupDiffFiles": received stop signal
2020-09-22T16:27:59.993Z	info	app/vmalert/group.go:225	group "TestGroup" started; interval=1ms; concurrency=1
2020-09-22T16:27:59.992Z	info	app/vmalert/manager.go:84	reading rules configuration file from "config/testdata/dir/rules0-bad.rules"
2020-09-22T16:27:59.994Z	info	app/vmalert/manager.go:84	reading rules configuration file from "config/testdata/rules2-good.rules"
2020-09-22T16:27:59.994Z	info	app/vmalert/group.go:225	group "groupGorSingleAlert" started; interval=1ms; concurrency=1
2020-09-22T16:27:59.994Z	info	app/vmalert/group.go:235	group "groupGorSingleAlert": received stop signal
2020-09-22T16:27:59.994Z	info	app/vmalert/group.go:235	group "TestGroup": received stop signal
2020-09-22T16:27:59.994Z	info	app/vmalert/group.go:225	group "duplicatedGroupDiffFiles" started; interval=1ms; concurrency=1
2020-09-22T16:27:59.994Z	info	app/vmalert/manager.go:84	reading rules configuration file from "config/testdata/dir/rules1-bad.rules"
2020-09-22T16:27:59.994Z	info	app/vmalert/group.go:235	group "duplicatedGroupDiffFiles": received stop signal
2020-09-22T16:27:59.994Z	info	app/vmalert/manager.go:84	reading rules configuration file from "config/testdata/dir/rules1-bad.rules"
2020-09-22T16:27:59.994Z	info	app/vmalert/manager.go:84	reading rules configuration file from "config/testdata/rules2-good.rules"
2020-09-22T16:27:59.994Z	info	app/vmalert/group.go:225	group "TestGroup" started; interval=2s; concurrency=2
2020-09-22T16:27:59.994Z	info	app/vmalert/group.go:235	group "TestGroup": received stop signal
2020-09-22T16:27:59.994Z	info	app/vmalert/manager.go:84	reading rules configuration file from "config/testdata/dir/rules0-bad.rules"
2020-09-22T16:27:59.994Z	info	app/vmalert/group.go:225	group "groupTest" started; interval=1ms; concurrency=1
2020-09-22T16:27:59.994Z	info	app/vmalert/manager.go:84	reading rules configuration file from "config/testdata/dir/rules0-good.rules"
2020-09-22T16:27:59.994Z	info	app/vmalert/group.go:235	group "groupTest": received stop signal
2020-09-22T16:27:59.995Z	info	app/vmalert/manager.go:84	reading rules configuration file from "config/testdata/dir/rules1-bad.rules"
2020-09-22T16:27:59.995Z	info	app/vmalert/group.go:225	group "groupGorSingleAlert" started; interval=1ms; concurrency=1
2020-09-22T16:27:59.995Z	info	app/vmalert/group.go:225	group "TestGroup" started; interval=1ms; concurrency=1
2020-09-22T16:27:59.995Z	info	app/vmalert/group.go:235	group "TestGroup": received stop signal
2020-09-22T16:27:59.995Z	info	app/vmalert/manager.go:84	reading rules configuration file from "config/testdata/rules0-good.rules"
2020-09-22T16:27:59.995Z	info	app/vmalert/group.go:235	group "groupGorSingleAlert": received stop signal
2020-09-22T16:27:59.995Z	info	app/vmalert/manager.go:84	reading rules configuration file from "config/testdata/dir/rules1-bad.rules"
2020-09-22T16:27:59.995Z	info	app/vmalert/group.go:225	group "TestGroup" started; interval=2s; concurrency=2
2020-09-22T16:27:59.995Z	info	app/vmalert/manager.go:84	reading rules configuration file from "config/testdata/dir/rules0-good.rules"
2020-09-22T16:27:59.995Z	info	app/vmalert/group.go:235	group "TestGroup": received stop signal
2020-09-22T16:27:59.995Z	info	app/vmalert/group.go:225	group "duplicatedGroupDiffFiles" started; interval=1ms; concurrency=1
2020-09-22T16:27:59.995Z	info	app/vmalert/group.go:235	group "duplicatedGroupDiffFiles": received stop signal
2020-09-22T16:27:59.995Z	info	app/vmalert/manager.go:84	reading rules configuration file from "config/testdata/rules1-good.rules"
2020-09-22T16:27:59.995Z	info	app/vmalert/group.go:225	group "TestGroup" started; interval=2s; concurrency=2
2020-09-22T16:27:59.995Z	info	app/vmalert/manager.go:84	reading rules configuration file from "config/testdata/rules2-good.rules"
2020-09-22T16:27:59.995Z	info	app/vmalert/manager.go:84	reading rules configuration file from "config/testdata/dir/rules0-bad.rules"
2020-09-22T16:27:59.995Z	info	app/vmalert/group.go:235	group "TestGroup": received stop signal
2020-09-22T16:27:59.995Z	info	app/vmalert/manager.go:84	reading rules configuration file from "config/testdata/rules1-good.rules"
2020-09-22T16:27:59.995Z	info	app/vmalert/manager.go:84	reading rules configuration file from "config/testdata/rules2-good.rules"
2020-09-22T16:27:59.995Z	info	app/vmalert/group.go:225	group "duplicatedGroupDiffFiles" started; interval=1ms; concurrency=1
2020-09-22T16:27:59.995Z	info	app/vmalert/group.go:235	group "duplicatedGroupDiffFiles": received stop signal
2020-09-22T16:27:59.995Z	info	app/vmalert/group.go:225	group "groupTest" started; interval=1ms; concurrency=1
2020-09-22T16:27:59.995Z	info	app/vmalert/group.go:235	group "groupTest": received stop signal
2020-09-22T16:27:59.995Z	info	app/vmalert/manager.go:84	reading rules configuration file from "config/testdata/dir/rules1-bad.rules"
2020-09-22T16:27:59.996Z	info	app/vmalert/group.go:225	group "duplicatedGroupDiffFiles" started; interval=1ms; concurrency=1
2020-09-22T16:27:59.996Z	info	app/vmalert/group.go:235	group "duplicatedGroupDiffFiles": received stop signal
2020-09-22T16:27:59.996Z	info	app/vmalert/group.go:225	group "groupTest" started; interval=1ms; concurrency=1
2020-09-22T16:27:59.996Z	info	app/vmalert/manager.go:84	reading rules configuration file from "config/testdata/rules1-good.rules"
2020-09-22T16:27:59.996Z	info	app/vmalert/manager.go:84	reading rules configuration file from "config/testdata/dir/rules1-good.rules"
2020-09-22T16:27:59.996Z	info	app/vmalert/group.go:235	group "groupTest": received stop signal
2020-09-22T16:27:59.996Z	info	app/vmalert/group.go:225	group "TestGroup" started; interval=2s; concurrency=2
2020-09-22T16:27:59.996Z	info	app/vmalert/group.go:235	group "TestGroup": received stop signal
2020-09-22T16:27:59.996Z	info	app/vmalert/manager.go:84	reading rules configuration file from "config/testdata/dir/rules0-bad.rules"
2020-09-22T16:27:59.996Z	info	app/vmalert/group.go:225	group "groupGorSingleAlert" started; interval=1ms; concurrency=1
2020-09-22T16:27:59.996Z	info	app/vmalert/group.go:225	group "TestGroup" started; interval=1ms; concurrency=1
2020-09-22T16:27:59.996Z	info	app/vmalert/group.go:235	group "groupGorSingleAlert": received stop signal
2020-09-22T16:27:59.996Z	info	app/vmalert/manager.go:84	reading rules configuration file from "config/testdata/dir/rules1-good.rules"
2020-09-22T16:27:59.996Z	info	app/vmalert/group.go:235	group "TestGroup": received stop signal
2020-09-22T16:27:59.996Z	info	app/vmalert/manager.go:84	reading rules configuration file from "config/testdata/dir/rules0-good.rules"
2020-09-22T16:27:59.996Z	info	app/vmalert/manager.go:84	reading rules configuration file from "config/testdata/dir/rules0-bad.rules"
2020-09-22T16:27:59.996Z	info	app/vmalert/group.go:225	group "duplicatedGroupDiffFiles" started; interval=1ms; concurrency=1
2020-09-22T16:27:59.997Z	info	app/vmalert/group.go:235	group "duplicatedGroupDiffFiles": received stop signal
2020-09-22T16:27:59.997Z	info	app/vmalert/manager.go:84	reading rules configuration file from "config/testdata/dir/rules0-good.rules"
2020-09-22T16:27:59.997Z	info	app/vmalert/group.go:225	group "duplicatedGroupDiffFiles" started; interval=1ms; concurrency=1
2020-09-22T16:27:59.997Z	info	app/vmalert/manager.go:84	reading rules configuration file from "config/testdata/dir/rules0-good.rules"
2020-09-22T16:27:59.997Z	info	app/vmalert/group.go:235	group "duplicatedGroupDiffFiles": received stop signal
2020-09-22T16:27:59.997Z	info	app/vmalert/group.go:225	group "groupTest" started; interval=1ms; concurrency=1
2020-09-22T16:27:59.997Z	info	app/vmalert/manager.go:84	reading rules configuration file from "config/testdata/dir/rules0-good.rules"
2020-09-22T16:27:59.997Z	info	app/vmalert/group.go:235	group "groupTest": received stop signal
2020-09-22T16:27:59.997Z	info	app/vmalert/manager.go:84	reading rules configuration file from "config/testdata/dir/rules0-bad.rules"
2020-09-22T16:27:59.997Z	info	app/vmalert/manager.go:84	reading rules configuration file from "config/testdata/dir/rules0-bad.rules"
2020-09-22T16:27:59.997Z	info	app/vmalert/group.go:225	group "duplicatedGroupDiffFiles" started; interval=1ms; concurrency=1
2020-09-22T16:27:59.997Z	info	app/vmalert/group.go:235	group "duplicatedGroupDiffFiles": received stop signal
2020-09-22T16:27:59.997Z	info	app/vmalert/manager.go:84	reading rules configuration file from "config/testdata/rules1-good.rules"
2020-09-22T16:27:59.997Z	info	app/vmalert/group.go:225	group "groupTest" started; interval=1ms; concurrency=1
2020-09-22T16:27:59.997Z	info	app/vmalert/group.go:235	group "groupTest": received stop signal
2020-09-22T16:27:59.997Z	info	app/vmalert/group.go:225	group "duplicatedGroupDiffFiles" started; interval=1ms; concurrency=1
2020-09-22T16:27:59.997Z	info	app/vmalert/group.go:235	group "duplicatedGroupDiffFiles": received stop signal
2020-09-22T16:27:59.997Z	info	app/vmalert/manager.go:84	reading rules configuration file from "config/testdata/rules1-good.rules"
2020-09-22T16:27:59.998Z	info	app/vmalert/manager.go:84	reading rules configuration file from "config/testdata/dir/rules1-bad.rules"
2020-09-22T16:27:59.998Z	info	app/vmalert/group.go:225	group "duplicatedGroupDiffFiles" started; interval=1ms; concurrency=1
2020-09-22T16:27:59.998Z	info	app/vmalert/group.go:235	group "duplicatedGroupDiffFiles": received stop signal
2020-09-22T16:27:59.998Z	info	app/vmalert/manager.go:84	reading rules configuration file from "config/testdata/rules0-good.rules"
2020-09-22T16:27:59.998Z	info	app/vmalert/group.go:225	group "groupTest" started; interval=1ms; concurrency=1
2020-09-22T16:27:59.998Z	info	app/vmalert/manager.go:84	reading rules configuration file from "config/testdata/dir/rules1-bad.rules"
2020-09-22T16:27:59.998Z	info	app/vmalert/group.go:235	group "groupTest": received stop signal
2020-09-22T16:27:59.998Z	info	app/vmalert/manager.go:84	reading rules configuration file from "config/testdata/rules2-good.rules"
2020-09-22T16:27:59.998Z	info	app/vmalert/group.go:225	group "TestGroup" started; interval=1ms; concurrency=1
2020-09-22T16:27:59.998Z	info	app/vmalert/group.go:225	group "groupGorSingleAlert" started; interval=1ms; concurrency=1
2020-09-22T16:27:59.998Z	info	app/vmalert/manager.go:84	reading rules configuration file from "config/testdata/rules1-good.rules"
2020-09-22T16:27:59.998Z	info	app/vmalert/group.go:235	group "groupGorSingleAlert": received stop signal
2020-09-22T16:27:59.998Z	info	app/vmalert/manager.go:84	reading rules configuration file from "config/testdata/dir/rules0-good.rules"
2020-09-22T16:27:59.998Z	info	app/vmalert/manager.go:84	reading rules configuration file from "config/testdata/dir/rules0-bad.rules"
2020-09-22T16:27:59.998Z	info	app/vmalert/group.go:235	group "TestGroup": received stop signal
2020-09-22T16:27:59.999Z	info	app/vmalert/manager.go:84	reading rules configuration file from "config/testdata/dir/rules1-good.rules"
2020-09-22T16:27:59.999Z	info	app/vmalert/group.go:225	group "TestGroup" started; interval=2s; concurrency=2
2020-09-22T16:27:59.999Z	info	app/vmalert/group.go:235	group "TestGroup": received stop signal
2020-09-22T16:27:59.999Z	info	app/vmalert/manager.go:84	reading rules configuration file from "config/testdata/dir/rules1-good.rules"
2020-09-22T16:27:59.999Z	info	app/vmalert/manager.go:84	reading rules configuration file from "config/testdata/rules0-good.rules"
2020-09-22T16:27:59.999Z	info	app/vmalert/group.go:225	group "groupTest" started; interval=1ms; concurrency=1
2020-09-22T16:27:59.999Z	info	app/vmalert/manager.go:84	reading rules configuration file from "config/testdata/rules2-good.rules"
2020-09-22T16:27:59.999Z	info	app/vmalert/group.go:235	group "groupTest": received stop signal
2020-09-22T16:27:59.999Z	info	app/vmalert/manager.go:84	reading rules configuration file from "config/testdata/dir/rules0-good.rules"
2020-09-22T16:27:59.999Z	info	app/vmalert/group.go:225	group "duplicatedGroupDiffFiles" started; interval=1ms; concurrency=1
2020-09-22T16:27:59.999Z	info	app/vmalert/group.go:235	group "duplicatedGroupDiffFiles": received stop signal
2020-09-22T16:27:59.999Z	info	app/vmalert/manager.go:84	reading rules configuration file from "config/testdata/dir/rules0-good.rules"
2020-09-22T16:27:59.999Z	info	app/vmalert/group.go:225	group "TestGroup" started; interval=2s; concurrency=2
2020-09-22T16:27:59.999Z	info	app/vmalert/manager.go:84	reading rules configuration file from "config/testdata/dir/rules1-bad.rules"
2020-09-22T16:27:59.999Z	info	app/vmalert/group.go:235	group "TestGroup": received stop signal
2020-09-22T16:28:00.000Z	info	app/vmalert/group.go:225	group "groupGorSingleAlert" started; interval=1ms; concurrency=1
2020-09-22T16:28:00.000Z	info	app/vmalert/group.go:235	group "groupGorSingleAlert": received stop signal
2020-09-22T16:28:00.000Z	info	app/vmalert/manager.go:84	reading rules configuration file from "config/testdata/dir/rules0-good.rules"
2020-09-22T16:28:00.000Z	info	app/vmalert/group.go:225	group "TestGroup" started; interval=1ms; concurrency=1
2020-09-22T16:28:00.000Z	info	app/vmalert/group.go:235	group "TestGroup": received stop signal
2020-09-22T16:28:00.000Z	info	app/vmalert/group.go:225	group "TestGroup" started; interval=2s; concurrency=2
2020-09-22T16:28:00.000Z	info	app/vmalert/group.go:235	group "TestGroup": received stop signal
2020-09-22T16:28:00.000Z	info	app/vmalert/manager.go:84	reading rules configuration file from "config/testdata/dir/rules0-bad.rules"
2020-09-22T16:28:00.000Z	info	app/vmalert/group.go:225	group "TestGroup" started; interval=1ms; concurrency=1
2020-09-22T16:28:00.000Z	info	app/vmalert/group.go:225	group "groupGorSingleAlert" started; interval=1ms; concurrency=1
2020-09-22T16:28:00.000Z	info	app/vmalert/manager.go:84	reading rules configuration file from "config/testdata/dir/rules0-good.rules"
2020-09-22T16:28:00.000Z	info	app/vmalert/group.go:235	group "groupGorSingleAlert": received stop signal
2020-09-22T16:28:00.000Z	info	app/vmalert/group.go:235	group "TestGroup": received stop signal
2020-09-22T16:28:00.000Z	info	app/vmalert/group.go:225	group "duplicatedGroupDiffFiles" started; interval=1ms; concurrency=1
2020-09-22T16:28:00.000Z	info	app/vmalert/group.go:235	group "duplicatedGroupDiffFiles": received stop signal
2020-09-22T16:28:00.000Z	info	app/vmalert/manager.go:84	reading rules configuration file from "config/testdata/dir/rules1-bad.rules"
2020-09-22T16:28:00.000Z	info	app/vmalert/manager.go:84	reading rules configuration file from "config/testdata/dir/rules0-bad.rules"
2020-09-22T16:28:00.000Z	info	app/vmalert/group.go:225	group "duplicatedGroupDiffFiles" started; interval=1ms; concurrency=1
2020-09-22T16:28:00.000Z	info	app/vmalert/group.go:235	group "duplicatedGroupDiffFiles": received stop signal
2020-09-22T16:28:00.000Z	info	app/vmalert/manager.go:84	reading rules configuration file from "config/testdata/dir/rules0-bad.rules"
2020-09-22T16:28:00.000Z	info	app/vmalert/group.go:225	group "groupTest" started; interval=1ms; concurrency=1
2020-09-22T16:28:00.000Z	info	app/vmalert/group.go:235	group "groupTest": received stop signal
2020-09-22T16:28:00.000Z	info	app/vmalert/group.go:225	group "TestGroup" started; interval=2s; concurrency=2
2020-09-22T16:28:00.000Z	info	app/vmalert/manager.go:84	reading rules configuration file from "config/testdata/dir/rules0-bad.rules"
2020-09-22T16:28:00.000Z	info	app/vmalert/group.go:235	group "TestGroup": received stop signal
2020-09-22T16:28:00.001Z	info	app/vmalert/group.go:225	group "groupTest" started; interval=1ms; concurrency=1
2020-09-22T16:28:00.001Z	info	app/vmalert/manager.go:84	reading rules configuration file from "config/testdata/dir/rules1-bad.rules"
2020-09-22T16:28:00.001Z	info	app/vmalert/group.go:235	group "groupTest": received stop signal
2020-09-22T16:28:00.001Z	info	app/vmalert/manager.go:84	reading rules configuration file from "config/testdata/rules2-good.rules"
2020-09-22T16:28:00.001Z	info	app/vmalert/manager.go:84	reading rules configuration file from "config/testdata/rules0-good.rules"
2020-09-22T16:28:00.001Z	info	app/vmalert/group.go:225	group "TestGroup" started; interval=1ms; concurrency=1
2020-09-22T16:28:00.001Z	info	app/vmalert/group.go:225	group "groupGorSingleAlert" started; interval=1ms; concurrency=1
2020-09-22T16:28:00.001Z	info	app/vmalert/group.go:235	group "groupGorSingleAlert": received stop signal
2020-09-22T16:28:00.001Z	info	app/vmalert/manager.go:84	reading rules configuration file from "config/testdata/dir/rules0-bad.rules"
2020-09-22T16:28:00.001Z	info	app/vmalert/group.go:235	group "TestGroup": received stop signal
2020-09-22T16:28:00.001Z	info	app/vmalert/manager.go:84	reading rules configuration file from "config/testdata/rules0-good.rules"
2020-09-22T16:28:00.001Z	info	app/vmalert/group.go:225	group "duplicatedGroupDiffFiles" started; interval=1ms; concurrency=1
2020-09-22T16:28:00.001Z	info	app/vmalert/manager.go:84	reading rules configuration file from "config/testdata/rules2-good.rules"
2020-09-22T16:28:00.001Z	info	app/vmalert/group.go:235	group "duplicatedGroupDiffFiles": received stop signal
2020-09-22T16:28:00.001Z	info	app/vmalert/group.go:225	group "groupGorSingleAlert" started; interval=1ms; concurrency=1
2020-09-22T16:28:00.001Z	info	app/vmalert/manager.go:84	reading rules configuration file from "config/testdata/rules2-good.rules"
2020-09-22T16:28:00.001Z	info	app/vmalert/manager.go:84	reading rules configuration file from "config/testdata/rules0-good.rules"
2020-09-22T16:28:00.001Z	info	app/vmalert/group.go:225	group "TestGroup" started; interval=1ms; concurrency=1
2020-09-22T16:28:00.001Z	info	app/vmalert/group.go:235	group "groupGorSingleAlert": received stop signal
2020-09-22T16:28:00.001Z	info	app/vmalert/group.go:235	group "TestGroup": received stop signal
2020-09-22T16:28:00.001Z	info	app/vmalert/group.go:225	group "TestGroup" started; interval=2s; concurrency=2
2020-09-22T16:28:00.002Z	info	app/vmalert/manager.go:84	reading rules configuration file from "config/testdata/rules2-good.rules"
2020-09-22T16:28:00.002Z	info	app/vmalert/group.go:235	group "TestGroup": received stop signal
2020-09-22T16:28:00.001Z	info	app/vmalert/manager.go:84	reading rules configuration file from "config/testdata/dir/rules0-good.rules"
2020-09-22T16:28:00.002Z	info	app/vmalert/manager.go:84	reading rules configuration file from "config/testdata/dir/rules1-bad.rules"
2020-09-22T16:28:00.002Z	info	app/vmalert/group.go:225	group "duplicatedGroupDiffFiles" started; interval=1ms; concurrency=1
2020-09-22T16:28:00.002Z	info	app/vmalert/group.go:235	group "duplicatedGroupDiffFiles": received stop signal
2020-09-22T16:28:00.002Z	info	app/vmalert/group.go:225	group "TestGroup" started; interval=2s; concurrency=2
2020-09-22T16:28:00.002Z	info	app/vmalert/group.go:235	group "TestGroup": received stop signal
2020-09-22T16:28:00.002Z	info	app/vmalert/manager.go:84	reading rules configuration file from "config/testdata/dir/rules0-bad.rules"
2020-09-22T16:28:00.002Z	info	app/vmalert/manager.go:84	reading rules configuration file from "config/testdata/rules2-good.rules"
2020-09-22T16:28:00.002Z	info	app/vmalert/manager.go:84	reading rules configuration file from "config/testdata/rules1-good.rules"
2020-09-22T16:28:00.002Z	info	app/vmalert/manager.go:84	reading rules configuration file from "config/testdata/dir/rules0-good.rules"
2020-09-22T16:28:00.002Z	info	app/vmalert/group.go:225	group "groupTest" started; interval=1ms; concurrency=1
2020-09-22T16:28:00.002Z	info	app/vmalert/group.go:235	group "groupTest": received stop signal
2020-09-22T16:28:00.002Z	info	app/vmalert/manager.go:84	reading rules configuration file from "config/testdata/dir/rules1-bad.rules"
2020-09-22T16:28:00.002Z	info	app/vmalert/group.go:225	group "TestGroup" started; interval=2s; concurrency=2
2020-09-22T16:28:00.002Z	info	app/vmalert/group.go:235	group "TestGroup": received stop signal
2020-09-22T16:28:00.002Z	info	app/vmalert/group.go:225	group "duplicatedGroupDiffFiles" started; interval=1ms; concurrency=1
2020-09-22T16:28:00.003Z	info	app/vmalert/group.go:235	group "duplicatedGroupDiffFiles": received stop signal
2020-09-22T16:28:00.002Z	info	app/vmalert/manager.go:84	reading rules configuration file from "config/testdata/rules0-good.rules"
2020-09-22T16:28:00.003Z	info	app/vmalert/group.go:225	group "groupGorSingleAlert" started; interval=1ms; concurrency=1
2020-09-22T16:28:00.003Z	info	app/vmalert/group.go:235	group "groupGorSingleAlert": received stop signal
2020-09-22T16:28:00.003Z	info	app/vmalert/group.go:225	group "TestGroup" started; interval=1ms; concurrency=1
2020-09-22T16:28:00.003Z	info	app/vmalert/manager.go:84	reading rules configuration file from "config/testdata/dir/rules0-good.rules"
2020-09-22T16:28:00.003Z	info	app/vmalert/manager.go:84	reading rules configuration file from "config/testdata/rules0-good.rules"
2020-09-22T16:28:00.004Z	info	app/vmalert/group.go:235	group "TestGroup": received stop signal
2020-09-22T16:28:00.004Z	info	app/vmalert/manager.go:84	reading rules configuration file from "config/testdata/rules0-good.rules"
2020-09-22T16:28:00.004Z	info	app/vmalert/manager.go:84	reading rules configuration file from "config/testdata/dir/rules0-good.rules"
2020-09-22T16:28:00.004Z	info	app/vmalert/manager.go:84	reading rules configuration file from "config/testdata/rules0-good.rules"
2020-09-22T16:28:00.004Z	info	app/vmalert/group.go:225	group "duplicatedGroupDiffFiles" started; interval=1ms; concurrency=1
2020-09-22T16:28:00.004Z	info	app/vmalert/group.go:235	group "duplicatedGroupDiffFiles": received stop signal
2020-09-22T16:28:00.004Z	info	app/vmalert/group.go:225	group "groupGorSingleAlert" started; interval=1ms; concurrency=1
2020-09-22T16:28:00.004Z	info	app/vmalert/group.go:235	group "groupGorSingleAlert": received stop signal
2020-09-22T16:28:00.004Z	info	app/vmalert/group.go:225	group "TestGroup" started; interval=1ms; concurrency=1
2020-09-22T16:28:00.004Z	info	app/vmalert/manager.go:84	reading rules configuration file from "config/testdata/dir/rules1-good.rules"
2020-09-22T16:28:00.004Z	info	app/vmalert/group.go:235	group "TestGroup": received stop signal
2020-09-22T16:28:00.004Z	info	app/vmalert/manager.go:84	reading rules configuration file from "config/testdata/dir/rules1-bad.rules"
2020-09-22T16:28:00.004Z	info	app/vmalert/group.go:225	group "duplicatedGroupDiffFiles" started; interval=1ms; concurrency=1
2020-09-22T16:28:00.004Z	info	app/vmalert/group.go:235	group "duplicatedGroupDiffFiles": received stop signal
2020-09-22T16:28:00.004Z	info	app/vmalert/manager.go:84	reading rules configuration file from "config/testdata/dir/rules0-good.rules"
2020-09-22T16:28:00.004Z	info	app/vmalert/group.go:225	group "duplicatedGroupDiffFiles" started; interval=1ms; concurrency=1
2020-09-22T16:28:00.004Z	info	app/vmalert/group.go:235	group "duplicatedGroupDiffFiles": received stop signal
2020-09-22T16:28:00.004Z	info	app/vmalert/manager.go:84	reading rules configuration file from "config/testdata/rules2-good.rules"
2020-09-22T16:28:00.005Z	info	app/vmalert/group.go:225	group "TestGroup" started; interval=2s; concurrency=2
2020-09-22T16:28:00.005Z	info	app/vmalert/group.go:235	group "TestGroup": received stop signal
2020-09-22T16:28:00.005Z	info	app/vmalert/group.go:225	group "groupTest" started; interval=1ms; concurrency=1
2020-09-22T16:28:00.005Z	info	app/vmalert/group.go:235	group "groupTest": received stop signal
2020-09-22T16:28:00.005Z	info	app/vmalert/manager.go:84	reading rules configuration file from "config/testdata/dir/rules0-good.rules"
2020-09-22T16:28:00.005Z	info	app/vmalert/manager.go:84	reading rules configuration file from "config/testdata/dir/rules0-good.rules"
2020-09-22T16:28:00.005Z	info	app/vmalert/group.go:225	group "TestGroup" started; interval=1ms; concurrency=1
2020-09-22T16:28:00.005Z	info	app/vmalert/manager.go:84	reading rules configuration file from "config/testdata/rules0-good.rules"
2020-09-22T16:28:00.005Z	info	app/vmalert/group.go:225	group "groupGorSingleAlert" started; interval=1ms; concurrency=1
2020-09-22T16:28:00.005Z	info	app/vmalert/group.go:235	group "groupGorSingleAlert": received stop signal
2020-09-22T16:28:00.005Z	info	app/vmalert/group.go:235	group "TestGroup": received stop signal
2020-09-22T16:28:00.005Z	info	app/vmalert/manager.go:84	reading rules configuration file from "config/testdata/rules0-good.rules"
2020-09-22T16:28:00.005Z	info	app/vmalert/group.go:225	group "TestGroup" started; interval=2s; concurrency=2
2020-09-22T16:28:00.005Z	info	app/vmalert/group.go:235	group "TestGroup": received stop signal
2020-09-22T16:28:00.005Z	info	app/vmalert/group.go:225	group "groupTest" started; interval=1ms; concurrency=1
2020-09-22T16:28:00.005Z	info	app/vmalert/manager.go:84	reading rules configuration file from "config/testdata/dir/rules1-good.rules"
2020-09-22T16:28:00.005Z	info	app/vmalert/group.go:235	group "groupTest": received stop signal
2020-09-22T16:28:00.005Z	info	app/vmalert/group.go:225	group "TestGroup" started; interval=2s; concurrency=2
2020-09-22T16:28:00.005Z	info	app/vmalert/group.go:235	group "TestGroup": received stop signal
2020-09-22T16:28:00.005Z	info	app/vmalert/manager.go:84	reading rules configuration file from "config/testdata/rules2-good.rules"
2020-09-22T16:28:00.005Z	info	app/vmalert/manager.go:84	reading rules configuration file from "config/testdata/dir/rules0-bad.rules"
2020-09-22T16:28:00.005Z	info	app/vmalert/manager.go:84	reading rules configuration file from "config/testdata/rules0-good.rules"
2020-09-22T16:28:00.005Z	info	app/vmalert/group.go:225	group "duplicatedGroupDiffFiles" started; interval=1ms; concurrency=1
2020-09-22T16:28:00.005Z	info	app/vmalert/group.go:235	group "duplicatedGroupDiffFiles": received stop signal
2020-09-22T16:28:00.005Z	info	app/vmalert/group.go:225	group "duplicatedGroupDiffFiles" started; interval=1ms; concurrency=1
2020-09-22T16:28:00.006Z	info	app/vmalert/group.go:235	group "duplicatedGroupDiffFiles": received stop signal
2020-09-22T16:28:00.006Z	info	app/vmalert/manager.go:84	reading rules configuration file from "config/testdata/dir/rules0-good.rules"
2020-09-22T16:28:00.006Z	info	app/vmalert/group.go:225	group "duplicatedGroupDiffFiles" started; interval=1ms; concurrency=1
2020-09-22T16:28:00.006Z	info	app/vmalert/group.go:235	group "duplicatedGroupDiffFiles": received stop signal
2020-09-22T16:28:00.006Z	info	app/vmalert/group.go:225	group "TestGroup" started; interval=2s; concurrency=2
2020-09-22T16:28:00.006Z	info	app/vmalert/group.go:235	group "TestGroup": received stop signal
2020-09-22T16:28:00.006Z	info	app/vmalert/manager.go:84	reading rules configuration file from "config/testdata/rules0-good.rules"
2020-09-22T16:28:00.006Z	info	app/vmalert/manager.go:84	reading rules configuration file from "config/testdata/rules0-good.rules"
2020-09-22T16:28:00.006Z	info	app/vmalert/manager.go:84	reading rules configuration file from "config/testdata/dir/rules0-good.rules"
2020-09-22T16:28:00.006Z	info	app/vmalert/group.go:225	group "duplicatedGroupDiffFiles" started; interval=1ms; concurrency=1
2020-09-22T16:28:00.006Z	info	app/vmalert/group.go:235	group "duplicatedGroupDiffFiles": received stop signal
2020-09-22T16:28:00.006Z	info	app/vmalert/manager.go:84	reading rules configuration file from "config/testdata/rules2-good.rules"
2020-09-22T16:28:00.006Z	info	app/vmalert/manager.go:84	reading rules configuration file from "config/testdata/rules0-good.rules"
2020-09-22T16:28:00.006Z	info	app/vmalert/group.go:225	group "duplicatedGroupDiffFiles" started; interval=1ms; concurrency=1
2020-09-22T16:28:00.006Z	info	app/vmalert/group.go:235	group "duplicatedGroupDiffFiles": received stop signal
2020-09-22T16:28:00.006Z	info	app/vmalert/manager.go:84	reading rules configuration file from "config/testdata/rules0-good.rules"
2020-09-22T16:28:00.006Z	info	app/vmalert/group.go:225	group "TestGroup" started; interval=2s; concurrency=2
2020-09-22T16:28:00.007Z	info	app/vmalert/group.go:235	group "TestGroup": received stop signal
2020-09-22T16:28:00.007Z	info	app/vmalert/manager.go:84	reading rules configuration file from "config/testdata/dir/rules1-bad.rules"
2020-09-22T16:28:00.007Z	info	app/vmalert/group.go:225	group "duplicatedGroupDiffFiles" started; interval=1ms; concurrency=1
2020-09-22T16:28:00.007Z	info	app/vmalert/group.go:235	group "duplicatedGroupDiffFiles": received stop signal
2020-09-22T16:28:00.007Z	info	app/vmalert/manager.go:84	reading rules configuration file from "config/testdata/rules0-good.rules"
2020-09-22T16:28:00.007Z	info	app/vmalert/group.go:225	group "groupTest" started; interval=1ms; concurrency=1
2020-09-22T16:28:00.007Z	info	app/vmalert/group.go:235	group "groupTest": received stop signal
2020-09-22T16:28:00.007Z	info	app/vmalert/manager.go:84	reading rules configuration file from "config/testdata/dir/rules0-good.rules"
2020-09-22T16:28:00.007Z	info	app/vmalert/group.go:225	group "TestGroup" started; interval=1ms; concurrency=1
2020-09-22T16:28:00.007Z	info	app/vmalert/group.go:225	group "groupGorSingleAlert" started; interval=1ms; concurrency=1
2020-09-22T16:28:00.007Z	info	app/vmalert/group.go:235	group "groupGorSingleAlert": received stop signal
2020-09-22T16:28:00.007Z	info	app/vmalert/manager.go:84	reading rules configuration file from "config/testdata/dir/rules0-bad.rules"
2020-09-22T16:28:00.007Z	info	app/vmalert/manager.go:84	reading rules configuration file from "config/testdata/rules0-good.rules"
2020-09-22T16:28:00.007Z	info	app/vmalert/manager.go:84	reading rules configuration file from "config/testdata/dir/rules0-bad.rules"
2020-09-22T16:28:00.007Z	info	app/vmalert/group.go:235	group "TestGroup": received stop signal
2020-09-22T16:28:00.008Z	info	app/vmalert/group.go:225	group "TestGroup" started; interval=2s; concurrency=2
2020-09-22T16:28:00.008Z	info	app/vmalert/manager.go:84	reading rules configuration file from "config/testdata/dir/rules1-bad.rules"
2020-09-22T16:28:00.008Z	info	app/vmalert/manager.go:84	reading rules configuration file from "config/testdata/dir/rules1-bad.rules"
2020-09-22T16:28:00.008Z	info	app/vmalert/group.go:235	group "TestGroup": received stop signal
2020-09-22T16:28:00.008Z	info	app/vmalert/group.go:225	group "duplicatedGroupDiffFiles" started; interval=1ms; concurrency=1
2020-09-22T16:28:00.008Z	info	app/vmalert/group.go:235	group "duplicatedGroupDiffFiles": received stop signal
2020-09-22T16:28:00.008Z	info	app/vmalert/manager.go:84	reading rules configuration file from "config/testdata/rules0-good.rules"
2020-09-22T16:28:00.008Z	info	app/vmalert/manager.go:84	reading rules configuration file from "config/testdata/dir/rules0-bad.rules"
2020-09-22T16:28:00.008Z	info	app/vmalert/group.go:225	group "groupGorSingleAlert" started; interval=1ms; concurrency=1
2020-09-22T16:28:00.009Z	info	app/vmalert/group.go:225	group "TestGroup" started; interval=1ms; concurrency=1
2020-09-22T16:28:00.009Z	info	app/vmalert/manager.go:84	reading rules configuration file from "config/testdata/rules0-good.rules"
2020-09-22T16:28:00.009Z	info	app/vmalert/group.go:235	group "TestGroup": received stop signal
2020-09-22T16:28:00.009Z	info	app/vmalert/manager.go:84	reading rules configuration file from "config/testdata/rules0-good.rules"
2020-09-22T16:28:00.009Z	info	app/vmalert/group.go:235	group "groupGorSingleAlert": received stop signal
2020-09-22T16:28:00.009Z	info	app/vmalert/manager.go:84	reading rules configuration file from "config/testdata/rules0-good.rules"
2020-09-22T16:28:00.009Z	info	app/vmalert/manager.go:84	reading rules configuration file from "config/testdata/dir/rules1-bad.rules"
2020-09-22T16:28:00.009Z	info	app/vmalert/group.go:225	group "duplicatedGroupDiffFiles" started; interval=1ms; concurrency=1
2020-09-22T16:28:00.009Z	info	app/vmalert/manager.go:84	reading rules configuration file from "config/testdata/dir/rules1-good.rules"
2020-09-22T16:28:00.009Z	info	app/vmalert/group.go:235	group "duplicatedGroupDiffFiles": received stop signal
2020-09-22T16:28:00.009Z	info	app/vmalert/manager.go:84	reading rules configuration file from "config/testdata/dir/rules0-good.rules"
2020-09-22T16:28:00.009Z	info	app/vmalert/group.go:225	group "duplicatedGroupDiffFiles" started; interval=1ms; concurrency=1
2020-09-22T16:28:00.009Z	info	app/vmalert/group.go:235	group "duplicatedGroupDiffFiles": received stop signal
2020-09-22T16:28:00.009Z	info	app/vmalert/manager.go:84	reading rules configuration file from "config/testdata/dir/rules1-bad.rules"
2020-09-22T16:28:00.009Z	info	app/vmalert/group.go:225	group "TestGroup" started; interval=1ms; concurrency=1
2020-09-22T16:28:00.009Z	info	app/vmalert/group.go:225	group "groupGorSingleAlert" started; interval=1ms; concurrency=1
2020-09-22T16:28:00.009Z	info	app/vmalert/group.go:235	group "groupGorSingleAlert": received stop signal
2020-09-22T16:28:00.009Z	info	app/vmalert/group.go:235	group "TestGroup": received stop signal
2020-09-22T16:28:00.009Z	info	app/vmalert/manager.go:84	reading rules configuration file from "config/testdata/dir/rules1-bad.rules"
2020-09-22T16:28:00.009Z	info	app/vmalert/group.go:225	group "duplicatedGroupDiffFiles" started; interval=1ms; concurrency=1
2020-09-22T16:28:00.009Z	info	app/vmalert/manager.go:84	reading rules configuration file from "config/testdata/rules2-good.rules"
2020-09-22T16:28:00.009Z	info	app/vmalert/group.go:235	group "duplicatedGroupDiffFiles": received stop signal
2020-09-22T16:28:00.009Z	info	app/vmalert/manager.go:84	reading rules configuration file from "config/testdata/rules1-good.rules"
2020-09-22T16:28:00.010Z	info	app/vmalert/group.go:225	group "duplicatedGroupDiffFiles" started; interval=1ms; concurrency=1
2020-09-22T16:28:00.010Z	info	app/vmalert/group.go:235	group "duplicatedGroupDiffFiles": received stop signal
2020-09-22T16:28:00.010Z	info	app/vmalert/manager.go:84	reading rules configuration file from "config/testdata/dir/rules0-bad.rules"
2020-09-22T16:28:00.010Z	info	app/vmalert/manager.go:84	reading rules configuration file from "config/testdata/rules0-good.rules"
2020-09-22T16:28:00.010Z	info	app/vmalert/group.go:225	group "TestGroup" started; interval=1ms; concurrency=1
2020-09-22T16:28:00.010Z	info	app/vmalert/group.go:235	group "TestGroup": received stop signal
2020-09-22T16:28:00.010Z	info	app/vmalert/group.go:225	group "groupGorSingleAlert" started; interval=1ms; concurrency=1
2020-09-22T16:28:00.010Z	info	app/vmalert/group.go:235	group "groupGorSingleAlert": received stop signal
2020-09-22T16:28:00.010Z	info	app/vmalert/manager.go:84	reading rules configuration file from "config/testdata/rules2-good.rules"
2020-09-22T16:28:00.010Z	info	app/vmalert/manager.go:84	reading rules configuration file from "config/testdata/rules2-good.rules"
2020-09-22T16:28:00.011Z	info	app/vmalert/manager.go:84	reading rules configuration file from "config/testdata/rules1-good.rules"
2020-09-22T16:28:00.011Z	info	app/vmalert/manager.go:84	reading rules configuration file from "config/testdata/rules2-good.rules"
2020-09-22T16:28:00.011Z	info	app/vmalert/group.go:225	group "duplicatedGroupDiffFiles" started; interval=1ms; concurrency=1
2020-09-22T16:28:00.011Z	info	app/vmalert/group.go:235	group "duplicatedGroupDiffFiles": received stop signal
2020-09-22T16:28:00.011Z	info	app/vmalert/manager.go:84	reading rules configuration file from "config/testdata/dir/rules1-bad.rules"
2020-09-22T16:28:00.011Z	info	app/vmalert/manager.go:84	reading rules configuration file from "config/testdata/dir/rules1-good.rules"
2020-09-22T16:28:00.011Z	info	app/vmalert/manager.go:84	reading rules configuration file from "config/testdata/dir/rules1-bad.rules"
2020-09-22T16:28:00.011Z	info	app/vmalert/group.go:225	group "TestGroup" started; interval=2s; concurrency=2
2020-09-22T16:28:00.011Z	info	app/vmalert/group.go:235	group "TestGroup": received stop signal
2020-09-22T16:28:00.011Z	info	app/vmalert/group.go:225	group "duplicatedGroupDiffFiles" started; interval=1ms; concurrency=1
2020-09-22T16:28:00.011Z	info	app/vmalert/group.go:235	group "duplicatedGroupDiffFiles": received stop signal
2020-09-22T16:28:00.011Z	info	app/vmalert/manager.go:84	reading rules configuration file from "config/testdata/rules1-good.rules"
2020-09-22T16:28:00.011Z	info	app/vmalert/manager.go:84	reading rules configuration file from "config/testdata/rules2-good.rules"
2020-09-22T16:28:00.011Z	info	app/vmalert/group.go:225	group "TestGroup" started; interval=2s; concurrency=2
2020-09-22T16:28:00.012Z	info	app/vmalert/group.go:235	group "TestGroup": received stop signal
2020-09-22T16:28:00.012Z	info	app/vmalert/group.go:225	group "duplicatedGroupDiffFiles" started; interval=1ms; concurrency=1
2020-09-22T16:28:00.012Z	info	app/vmalert/manager.go:84	reading rules configuration file from "config/testdata/rules1-good.rules"
2020-09-22T16:28:00.012Z	info	app/vmalert/group.go:235	group "duplicatedGroupDiffFiles": received stop signal
2020-09-22T16:28:00.012Z	info	app/vmalert/manager.go:84	reading rules configuration file from "config/testdata/dir/rules1-bad.rules"
2020-09-22T16:28:00.012Z	info	app/vmalert/group.go:225	group "TestGroup" started; interval=2s; concurrency=2
2020-09-22T16:28:00.012Z	info	app/vmalert/group.go:235	group "TestGroup": received stop signal
2020-09-22T16:28:00.012Z	info	app/vmalert/manager.go:84	reading rules configuration file from "config/testdata/rules0-good.rules"
2020-09-22T16:28:00.012Z	info	app/vmalert/group.go:225	group "duplicatedGroupDiffFiles" started; interval=1ms; concurrency=1
2020-09-22T16:28:00.012Z	info	app/vmalert/group.go:235	group "duplicatedGroupDiffFiles": received stop signal
2020-09-22T16:28:00.012Z	info	app/vmalert/group.go:225	group "groupGorSingleAlert" started; interval=1ms; concurrency=1
2020-09-22T16:28:00.012Z	info	app/vmalert/group.go:225	group "TestGroup" started; interval=1ms; concurrency=1
2020-09-22T16:28:00.012Z	info	app/vmalert/manager.go:84	reading rules configuration file from "config/testdata/dir/rules0-good.rules"
2020-09-22T16:28:00.012Z	info	app/vmalert/group.go:235	group "groupGorSingleAlert": received stop signal
2020-09-22T16:28:00.012Z	info	app/vmalert/manager.go:84	reading rules configuration file from "config/testdata/dir/rules0-bad.rules"
2020-09-22T16:28:00.012Z	info	app/vmalert/group.go:235	group "TestGroup": received stop signal
2020-09-22T16:28:00.013Z	info	app/vmalert/manager.go:84	reading rules configuration file from "config/testdata/rules1-good.rules"
2020-09-22T16:28:00.013Z	info	app/vmalert/group.go:225	group "duplicatedGroupDiffFiles" started; interval=1ms; concurrency=1
2020-09-22T16:28:00.013Z	info	app/vmalert/group.go:235	group "duplicatedGroupDiffFiles": received stop signal
2020-09-22T16:28:00.013Z	info	app/vmalert/manager.go:84	reading rules configuration file from "config/testdata/rules1-good.rules"
2020-09-22T16:28:00.013Z	info	app/vmalert/group.go:225	group "groupTest" started; interval=1ms; concurrency=1
2020-09-22T16:28:00.013Z	info	app/vmalert/group.go:235	group "groupTest": received stop signal
2020-09-22T16:28:00.013Z	info	app/vmalert/group.go:225	group "duplicatedGroupDiffFiles" started; interval=1ms; concurrency=1
2020-09-22T16:28:00.013Z	info	app/vmalert/manager.go:84	reading rules configuration file from "config/testdata/dir/rules0-good.rules"
2020-09-22T16:28:00.013Z	info	app/vmalert/group.go:235	group "duplicatedGroupDiffFiles": received stop signal
2020-09-22T16:28:00.014Z	info	app/vmalert/manager.go:84	reading rules configuration file from "config/testdata/rules0-good.rules"
2020-09-22T16:28:00.014Z	info	app/vmalert/group.go:225	group "groupGorSingleAlert" started; interval=1ms; concurrency=1
2020-09-22T16:28:00.014Z	info	app/vmalert/group.go:235	group "groupGorSingleAlert": received stop signal
2020-09-22T16:28:00.014Z	info	app/vmalert/manager.go:84	reading rules configuration file from "config/testdata/rules0-good.rules"
2020-09-22T16:28:00.014Z	info	app/vmalert/manager.go:84	reading rules configuration file from "config/testdata/rules0-good.rules"
2020-09-22T16:28:00.014Z	info	app/vmalert/manager.go:84	reading rules configuration file from "config/testdata/dir/rules0-bad.rules"
2020-09-22T16:28:00.014Z	info	app/vmalert/group.go:225	group "TestGroup" started; interval=1ms; concurrency=1
2020-09-22T16:28:00.014Z	info	app/vmalert/group.go:235	group "TestGroup": received stop signal
2020-09-22T16:28:00.014Z	info	app/vmalert/group.go:225	group "groupTest" started; interval=1ms; concurrency=1
2020-09-22T16:28:00.014Z	info	app/vmalert/manager.go:84	reading rules configuration file from "config/testdata/rules1-good.rules"
2020-09-22T16:28:00.014Z	info	app/vmalert/manager.go:84	reading rules configuration file from "config/testdata/rules0-good.rules"
2020-09-22T16:28:00.014Z	info	app/vmalert/manager.go:84	reading rules configuration file from "config/testdata/rules0-good.rules"
2020-09-22T16:28:00.014Z	info	app/vmalert/group.go:235	group "groupTest": received stop signal
2020-09-22T16:28:00.014Z	info	app/vmalert/group.go:225	group "TestGroup" started; interval=2s; concurrency=2
2020-09-22T16:28:00.014Z	info	app/vmalert/manager.go:84	reading rules configuration file from "config/testdata/rules1-good.rules"
2020-09-22T16:28:00.014Z	info	app/vmalert/group.go:235	group "TestGroup": received stop signal
2020-09-22T16:28:00.014Z	info	app/vmalert/manager.go:84	reading rules configuration file from "config/testdata/dir/rules1-good.rules"
2020-09-22T16:28:00.014Z	info	app/vmalert/group.go:225	group "duplicatedGroupDiffFiles" started; interval=1ms; concurrency=1
2020-09-22T16:28:00.014Z	info	app/vmalert/group.go:235	group "duplicatedGroupDiffFiles": received stop signal
2020-09-22T16:28:00.014Z	info	app/vmalert/group.go:225	group "groupGorSingleAlert" started; interval=1ms; concurrency=1
2020-09-22T16:28:00.014Z	info	app/vmalert/group.go:235	group "groupGorSingleAlert": received stop signal
2020-09-22T16:28:00.014Z	info	app/vmalert/group.go:225	group "TestGroup" started; interval=1ms; concurrency=1
2020-09-22T16:28:00.014Z	info	app/vmalert/group.go:235	group "TestGroup": received stop signal
2020-09-22T16:28:00.014Z	info	app/vmalert/manager.go:84	reading rules configuration file from "config/testdata/rules0-good.rules"
2020-09-22T16:28:00.014Z	info	app/vmalert/manager.go:84	reading rules configuration file from "config/testdata/rules1-good.rules"
2020-09-22T16:28:00.014Z	info	app/vmalert/manager.go:84	reading rules configuration file from "config/testdata/dir/rules1-good.rules"
2020-09-22T16:28:00.014Z	info	app/vmalert/group.go:225	group "duplicatedGroupDiffFiles" started; interval=1ms; concurrency=1
2020-09-22T16:28:00.015Z	info	app/vmalert/group.go:235	group "duplicatedGroupDiffFiles": received stop signal
2020-09-22T16:28:00.015Z	info	app/vmalert/group.go:225	group "groupGorSingleAlert" started; interval=1ms; concurrency=1
2020-09-22T16:28:00.015Z	info	app/vmalert/group.go:225	group "TestGroup" started; interval=1ms; concurrency=1
2020-09-22T16:28:00.015Z	info	app/vmalert/group.go:235	group "groupGorSingleAlert": received stop signal
2020-09-22T16:28:00.015Z	info	app/vmalert/manager.go:84	reading rules configuration file from "config/testdata/rules0-good.rules"
2020-09-22T16:28:00.015Z	info	app/vmalert/group.go:235	group "TestGroup": received stop signal
2020-09-22T16:28:00.015Z	info	app/vmalert/group.go:225	group "groupTest" started; interval=1ms; concurrency=1
2020-09-22T16:28:00.015Z	info	app/vmalert/group.go:235	group "groupTest": received stop signal
2020-09-22T16:28:00.015Z	info	app/vmalert/manager.go:84	reading rules configuration file from "config/testdata/rules2-good.rules"
2020-09-22T16:28:00.015Z	info	app/vmalert/group.go:225	group "duplicatedGroupDiffFiles" started; interval=1ms; concurrency=1
2020-09-22T16:28:00.015Z	info	app/vmalert/manager.go:84	reading rules configuration file from "config/testdata/dir/rules1-bad.rules"
2020-09-22T16:28:00.015Z	info	app/vmalert/group.go:235	group "duplicatedGroupDiffFiles": received stop signal
2020-09-22T16:28:00.016Z	info	app/vmalert/group.go:225	group "TestGroup" started; interval=2s; concurrency=2
2020-09-22T16:28:00.016Z	info	app/vmalert/group.go:235	group "TestGroup": received stop signal
2020-09-22T16:28:00.016Z	info	app/vmalert/manager.go:84	reading rules configuration file from "config/testdata/dir/rules0-bad.rules"
2020-09-22T16:28:00.016Z	info	app/vmalert/manager.go:84	reading rules configuration file from "config/testdata/rules1-good.rules"
2020-09-22T16:28:00.016Z	info	app/vmalert/group.go:225	group "duplicatedGroupDiffFiles" started; interval=1ms; concurrency=1
2020-09-22T16:28:00.016Z	info	app/vmalert/manager.go:84	reading rules configuration file from "config/testdata/rules2-good.rules"
2020-09-22T16:28:00.016Z	info	app/vmalert/group.go:235	group "duplicatedGroupDiffFiles": received stop signal
2020-09-22T16:28:00.016Z	info	app/vmalert/manager.go:84	reading rules configuration file from "config/testdata/rules1-good.rules"
2020-09-22T16:28:00.016Z	info	app/vmalert/group.go:225	group "duplicatedGroupDiffFiles" started; interval=1ms; concurrency=1
2020-09-22T16:28:00.016Z	info	app/vmalert/group.go:235	group "duplicatedGroupDiffFiles": received stop signal
2020-09-22T16:28:00.016Z	info	app/vmalert/group.go:225	group "groupGorSingleAlert" started; interval=1ms; concurrency=1
2020-09-22T16:28:00.016Z	info	app/vmalert/group.go:235	group "groupGorSingleAlert": received stop signal
2020-09-22T16:28:00.016Z	info	app/vmalert/manager.go:84	reading rules configuration file from "config/testdata/rules1-good.rules"
2020-09-22T16:28:00.016Z	info	app/vmalert/group.go:225	group "TestGroup" started; interval=1ms; concurrency=1
2020-09-22T16:28:00.016Z	info	app/vmalert/group.go:235	group "TestGroup": received stop signal
2020-09-22T16:28:00.016Z	info	app/vmalert/group.go:225	group "TestGroup" started; interval=2s; concurrency=2
2020-09-22T16:28:00.016Z	info	app/vmalert/group.go:235	group "TestGroup": received stop signal
2020-09-22T16:28:00.016Z	info	app/vmalert/manager.go:84	reading rules configuration file from "config/testdata/dir/rules0-bad.rules"
2020-09-22T16:28:00.016Z	info	app/vmalert/group.go:225	group "groupTest" started; interval=1ms; concurrency=1
2020-09-22T16:28:00.016Z	info	app/vmalert/group.go:235	group "groupTest": received stop signal
2020-09-22T16:28:00.016Z	info	app/vmalert/manager.go:84	reading rules configuration file from "config/testdata/rules1-good.rules"
2020-09-22T16:28:00.016Z	info	app/vmalert/group.go:225	group "TestGroup" started; interval=2s; concurrency=2
2020-09-22T16:28:00.016Z	info	app/vmalert/group.go:235	group "TestGroup": received stop signal
2020-09-22T16:28:00.016Z	info	app/vmalert/group.go:225	group "groupGorSingleAlert" started; interval=1ms; concurrency=1
2020-09-22T16:28:00.016Z	info	app/vmalert/group.go:235	group "groupGorSingleAlert": received stop signal
2020-09-22T16:28:00.016Z	info	app/vmalert/group.go:225	group "TestGroup" started; interval=1ms; concurrency=1
2020-09-22T16:28:00.016Z	info	app/vmalert/group.go:235	group "TestGroup": received stop signal
2020-09-22T16:28:00.016Z	info	app/vmalert/manager.go:84	reading rules configuration file from "config/testdata/dir/rules0-good.rules"
2020-09-22T16:28:00.017Z	info	app/vmalert/manager.go:84	reading rules configuration file from "config/testdata/dir/rules0-good.rules"
2020-09-22T16:28:00.016Z	info	app/vmalert/manager.go:84	reading rules configuration file from "config/testdata/rules1-good.rules"
2020-09-22T16:28:00.016Z	info	app/vmalert/group.go:225	group "TestGroup" started; interval=2s; concurrency=2
2020-09-22T16:28:00.017Z	info	app/vmalert/group.go:235	group "TestGroup": received stop signal
2020-09-22T16:28:00.017Z	info	app/vmalert/group.go:225	group "duplicatedGroupDiffFiles" started; interval=1ms; concurrency=1
2020-09-22T16:28:00.017Z	info	app/vmalert/manager.go:84	reading rules configuration file from "config/testdata/dir/rules1-bad.rules"
2020-09-22T16:28:00.017Z	info	app/vmalert/manager.go:84	reading rules configuration file from "config/testdata/dir/rules1-bad.rules"
2020-09-22T16:28:00.017Z	info	app/vmalert/group.go:235	group "duplicatedGroupDiffFiles": received stop signal
2020-09-22T16:28:00.017Z	info	app/vmalert/group.go:225	group "groupTest" started; interval=1ms; concurrency=1
2020-09-22T16:28:00.017Z	info	app/vmalert/group.go:235	group "groupTest": received stop signal
2020-09-22T16:28:00.017Z	info	app/vmalert/manager.go:84	reading rules configuration file from "config/testdata/dir/rules1-bad.rules"
2020-09-22T16:28:00.017Z	info	app/vmalert/manager.go:84	reading rules configuration file from "config/testdata/dir/rules0-bad.rules"
2020-09-22T16:28:00.017Z	info	app/vmalert/group.go:225	group "TestGroup" started; interval=1ms; concurrency=1
2020-09-22T16:28:00.017Z	info	app/vmalert/manager.go:84	reading rules configuration file from "config/testdata/rules2-good.rules"
2020-09-22T16:28:00.017Z	info	app/vmalert/manager.go:84	reading rules configuration file from "config/testdata/dir/rules0-good.rules"
2020-09-22T16:28:00.017Z	info	app/vmalert/group.go:225	group "groupGorSingleAlert" started; interval=1ms; concurrency=1
2020-09-22T16:28:00.017Z	info	app/vmalert/group.go:235	group "groupGorSingleAlert": received stop signal
2020-09-22T16:28:00.017Z	info	app/vmalert/group.go:235	group "TestGroup": received stop signal
2020-09-22T16:28:00.018Z	info	app/vmalert/manager.go:84	reading rules configuration file from "config/testdata/rules0-good.rules"
2020-09-22T16:28:00.018Z	info	app/vmalert/group.go:225	group "TestGroup" started; interval=2s; concurrency=2
2020-09-22T16:28:00.018Z	info	app/vmalert/group.go:235	group "TestGroup": received stop signal
2020-09-22T16:28:00.018Z	info	app/vmalert/group.go:225	group "duplicatedGroupDiffFiles" started; interval=1ms; concurrency=1
2020-09-22T16:28:00.018Z	info	app/vmalert/group.go:235	group "duplicatedGroupDiffFiles": received stop signal
2020-09-22T16:28:00.018Z	info	app/vmalert/group.go:225	group "groupGorSingleAlert" started; interval=1ms; concurrency=1
2020-09-22T16:28:00.018Z	info	app/vmalert/group.go:235	group "groupGorSingleAlert": received stop signal
2020-09-22T16:28:00.018Z	info	app/vmalert/group.go:225	group "TestGroup" started; interval=1ms; concurrency=1
2020-09-22T16:28:00.018Z	info	app/vmalert/group.go:235	group "TestGroup": received stop signal
2020-09-22T16:28:00.018Z	info	app/vmalert/manager.go:84	reading rules configuration file from "config/testdata/rules1-good.rules"
2020-09-22T16:28:00.018Z	info	app/vmalert/group.go:225	group "duplicatedGroupDiffFiles" started; interval=1ms; concurrency=1
2020-09-22T16:28:00.018Z	info	app/vmalert/group.go:235	group "duplicatedGroupDiffFiles": received stop signal
2020-09-22T16:28:00.018Z	info	app/vmalert/manager.go:84	reading rules configuration file from "config/testdata/dir/rules1-good.rules"
2020-09-22T16:28:00.018Z	info	app/vmalert/manager.go:84	reading rules configuration file from "config/testdata/dir/rules1-bad.rules"
2020-09-22T16:28:00.018Z	info	app/vmalert/group.go:225	group "duplicatedGroupDiffFiles" started; interval=1ms; concurrency=1
2020-09-22T16:28:00.018Z	info	app/vmalert/manager.go:84	reading rules configuration file from "config/testdata/dir/rules1-bad.rules"
2020-09-22T16:28:00.018Z	info	app/vmalert/group.go:235	group "duplicatedGroupDiffFiles": received stop signal
2020-09-22T16:28:00.018Z	info	app/vmalert/manager.go:84	reading rules configuration file from "config/testdata/dir/rules0-bad.rules"
2020-09-22T16:28:00.018Z	info	app/vmalert/manager.go:84	reading rules configuration file from "config/testdata/rules2-good.rules"
2020-09-22T16:28:00.018Z	info	app/vmalert/group.go:225	group "duplicatedGroupDiffFiles" started; interval=1ms; concurrency=1
2020-09-22T16:28:00.019Z	info	app/vmalert/manager.go:84	reading rules configuration file from "config/testdata/rules2-good.rules"
2020-09-22T16:28:00.019Z	info	app/vmalert/manager.go:84	reading rules configuration file from "config/testdata/dir/rules0-bad.rules"
2020-09-22T16:28:00.019Z	info	app/vmalert/group.go:235	group "duplicatedGroupDiffFiles": received stop signal
2020-09-22T16:28:00.019Z	info	app/vmalert/manager.go:84	reading rules configuration file from "config/testdata/rules1-good.rules"
2020-09-22T16:28:00.019Z	info	app/vmalert/group.go:225	group "duplicatedGroupDiffFiles" started; interval=1ms; concurrency=1
2020-09-22T16:28:00.019Z	info	app/vmalert/group.go:235	group "duplicatedGroupDiffFiles": received stop signal
2020-09-22T16:28:00.019Z	info	app/vmalert/group.go:225	group "TestGroup" started; interval=2s; concurrency=2
2020-09-22T16:28:00.019Z	info	app/vmalert/group.go:235	group "TestGroup": received stop signal
2020-09-22T16:28:00.019Z	info	app/vmalert/manager.go:84	reading rules configuration file from "config/testdata/dir/rules0-good.rules"
2020-09-22T16:28:00.019Z	info	app/vmalert/group.go:225	group "groupGorSingleAlert" started; interval=1ms; concurrency=1
2020-09-22T16:28:00.019Z	info	app/vmalert/manager.go:84	reading rules configuration file from "config/testdata/rules2-good.rules"
2020-09-22T16:28:00.019Z	info	app/vmalert/manager.go:84	reading rules configuration file from "config/testdata/dir/rules1-good.rules"
2020-09-22T16:28:00.019Z	info	app/vmalert/group.go:225	group "TestGroup" started; interval=1ms; concurrency=1
2020-09-22T16:28:00.019Z	info	app/vmalert/group.go:235	group "TestGroup": received stop signal
2020-09-22T16:28:00.019Z	info	app/vmalert/group.go:235	group "groupGorSingleAlert": received stop signal
2020-09-22T16:28:00.019Z	info	app/vmalert/manager.go:84	reading rules configuration file from "config/testdata/rules1-good.rules"
2020-09-22T16:28:00.019Z	info	app/vmalert/group.go:225	group "groupTest" started; interval=1ms; concurrency=1
2020-09-22T16:28:00.019Z	info	app/vmalert/manager.go:84	reading rules configuration file from "config/testdata/dir/rules1-good.rules"
2020-09-22T16:28:00.019Z	info	app/vmalert/group.go:235	group "groupTest": received stop signal
2020-09-22T16:28:00.020Z	info	app/vmalert/manager.go:84	reading rules configuration file from "config/testdata/rules2-good.rules"
2020-09-22T16:28:00.020Z	info	app/vmalert/group.go:225	group "duplicatedGroupDiffFiles" started; interval=1ms; concurrency=1
2020-09-22T16:28:00.020Z	info	app/vmalert/group.go:235	group "duplicatedGroupDiffFiles": received stop signal
2020-09-22T16:28:00.020Z	info	app/vmalert/manager.go:84	reading rules configuration file from "config/testdata/rules1-good.rules"
2020-09-22T16:28:00.020Z	info	app/vmalert/group.go:225	group "duplicatedGroupDiffFiles" started; interval=1ms; concurrency=1
2020-09-22T16:28:00.020Z	info	app/vmalert/manager.go:84	reading rules configuration file from "config/testdata/dir/rules0-bad.rules"
2020-09-22T16:28:00.020Z	info	app/vmalert/group.go:235	group "duplicatedGroupDiffFiles": received stop signal
2020-09-22T16:28:00.020Z	info	app/vmalert/group.go:225	group "duplicatedGroupDiffFiles" started; interval=1ms; concurrency=1
2020-09-22T16:28:00.020Z	info	app/vmalert/manager.go:84	reading rules configuration file from "config/testdata/dir/rules1-bad.rules"
2020-09-22T16:28:00.020Z	info	app/vmalert/group.go:235	group "duplicatedGroupDiffFiles": received stop signal
2020-09-22T16:28:00.020Z	info	app/vmalert/manager.go:84	reading rules configuration file from "config/testdata/rules2-good.rules"
2020-09-22T16:28:00.021Z	info	app/vmalert/group.go:225	group "duplicatedGroupDiffFiles" started; interval=1ms; concurrency=1
2020-09-22T16:28:00.021Z	info	app/vmalert/group.go:235	group "duplicatedGroupDiffFiles": received stop signal
2020-09-22T16:28:00.021Z	info	app/vmalert/manager.go:84	reading rules configuration file from "config/testdata/dir/rules1-good.rules"
2020-09-22T16:28:00.021Z	info	app/vmalert/group.go:225	group "groupTest" started; interval=1ms; concurrency=1
2020-09-22T16:28:00.021Z	info	app/vmalert/manager.go:84	reading rules configuration file from "config/testdata/dir/rules0-good.rules"
2020-09-22T16:28:00.021Z	info	app/vmalert/group.go:235	group "groupTest": received stop signal
2020-09-22T16:28:00.021Z	info	app/vmalert/manager.go:84	reading rules configuration file from "config/testdata/dir/rules0-good.rules"
2020-09-22T16:28:00.021Z	info	app/vmalert/group.go:225	group "TestGroup" started; interval=2s; concurrency=2
2020-09-22T16:28:00.021Z	info	app/vmalert/group.go:235	group "TestGroup": received stop signal
2020-09-22T16:28:00.021Z	info	app/vmalert/group.go:225	group "groupTest" started; interval=1ms; concurrency=1
2020-09-22T16:28:00.021Z	info	app/vmalert/manager.go:84	reading rules configuration file from "config/testdata/rules1-good.rules"
2020-09-22T16:28:00.021Z	info	app/vmalert/manager.go:84	reading rules configuration file from "config/testdata/dir/rules1-bad.rules"
2020-09-22T16:28:00.021Z	info	app/vmalert/group.go:235	group "groupTest": received stop signal
2020-09-22T16:28:00.021Z	info	app/vmalert/manager.go:84	reading rules configuration file from "config/testdata/dir/rules1-bad.rules"
2020-09-22T16:28:00.021Z	info	app/vmalert/group.go:225	group "TestGroup" started; interval=2s; concurrency=2
2020-09-22T16:28:00.021Z	info	app/vmalert/group.go:235	group "TestGroup": received stop signal
2020-09-22T16:28:00.021Z	info	app/vmalert/manager.go:84	reading rules configuration file from "config/testdata/dir/rules0-good.rules"
2020-09-22T16:28:00.022Z	info	app/vmalert/group.go:225	group "duplicatedGroupDiffFiles" started; interval=1ms; concurrency=1
2020-09-22T16:28:00.022Z	info	app/vmalert/group.go:235	group "duplicatedGroupDiffFiles": received stop signal
2020-09-22T16:28:00.022Z	info	app/vmalert/manager.go:84	reading rules configuration file from "config/testdata/dir/rules0-bad.rules"
2020-09-22T16:28:00.022Z	info	app/vmalert/group.go:225	group "duplicatedGroupDiffFiles" started; interval=1ms; concurrency=1
2020-09-22T16:28:00.022Z	info	app/vmalert/group.go:235	group "duplicatedGroupDiffFiles": received stop signal
2020-09-22T16:28:00.022Z	info	app/vmalert/group.go:225	group "duplicatedGroupDiffFiles" started; interval=1ms; concurrency=1
2020-09-22T16:28:00.022Z	info	app/vmalert/group.go:235	group "duplicatedGroupDiffFiles": received stop signal
2020-09-22T16:28:00.022Z	info	app/vmalert/group.go:225	group "duplicatedGroupDiffFiles" started; interval=1ms; concurrency=1
2020-09-22T16:28:00.022Z	info	app/vmalert/group.go:235	group "duplicatedGroupDiffFiles": received stop signal
2020-09-22T16:28:00.022Z	info	app/vmalert/manager.go:84	reading rules configuration file from "config/testdata/dir/rules1-good.rules"
2020-09-22T16:28:00.022Z	info	app/vmalert/group.go:225	group "TestGroup" started; interval=2s; concurrency=2
2020-09-22T16:28:00.022Z	info	app/vmalert/manager.go:84	reading rules configuration file from "config/testdata/dir/rules0-good.rules"
2020-09-22T16:28:00.022Z	info	app/vmalert/group.go:235	group "TestGroup": received stop signal
2020-09-22T16:28:00.022Z	info	app/vmalert/manager.go:84	reading rules configuration file from "config/testdata/dir/rules1-good.rules"
2020-09-22T16:28:00.022Z	info	app/vmalert/manager.go:84	reading rules configuration file from "config/testdata/rules1-good.rules"
2020-09-22T16:28:00.022Z	info	app/vmalert/group.go:225	group "duplicatedGroupDiffFiles" started; interval=1ms; concurrency=1
2020-09-22T16:28:00.022Z	info	app/vmalert/manager.go:84	reading rules configuration file from "config/testdata/rules1-good.rules"
2020-09-22T16:28:00.022Z	info	app/vmalert/group.go:235	group "duplicatedGroupDiffFiles": received stop signal
2020-09-22T16:28:00.022Z	info	app/vmalert/group.go:225	group "groupGorSingleAlert" started; interval=1ms; concurrency=1
2020-09-22T16:28:00.022Z	info	app/vmalert/group.go:235	group "groupGorSingleAlert": received stop signal
2020-09-22T16:28:00.022Z	info	app/vmalert/manager.go:84	reading rules configuration file from "config/testdata/dir/rules0-bad.rules"
2020-09-22T16:28:00.022Z	info	app/vmalert/manager.go:84	reading rules configuration file from "config/testdata/rules2-good.rules"
2020-09-22T16:28:00.022Z	info	app/vmalert/group.go:225	group "TestGroup" started; interval=1ms; concurrency=1
2020-09-22T16:28:00.022Z	info	app/vmalert/group.go:235	group "TestGroup": received stop signal
2020-09-22T16:28:00.022Z	info	app/vmalert/group.go:225	group "duplicatedGroupDiffFiles" started; interval=1ms; concurrency=1
2020-09-22T16:28:00.022Z	info	app/vmalert/group.go:235	group "duplicatedGroupDiffFiles": received stop signal
2020-09-22T16:28:00.022Z	info	app/vmalert/manager.go:84	reading rules configuration file from "config/testdata/dir/rules1-good.rules"
2020-09-22T16:28:00.022Z	info	app/vmalert/manager.go:84	reading rules configuration file from "config/testdata/rules0-good.rules"
2020-09-22T16:28:00.022Z	info	app/vmalert/manager.go:84	reading rules configuration file from "config/testdata/dir/rules1-good.rules"
2020-09-22T16:28:00.022Z	info	app/vmalert/manager.go:84	reading rules configuration file from "config/testdata/dir/rules1-bad.rules"
2020-09-22T16:28:00.022Z	info	app/vmalert/manager.go:84	reading rules configuration file from "config/testdata/dir/rules0-bad.rules"
2020-09-22T16:28:00.023Z	info	app/vmalert/group.go:225	group "duplicatedGroupDiffFiles" started; interval=1ms; concurrency=1
2020-09-22T16:28:00.023Z	info	app/vmalert/group.go:235	group "duplicatedGroupDiffFiles": received stop signal
2020-09-22T16:28:00.023Z	info	app/vmalert/manager.go:84	reading rules configuration file from "config/testdata/dir/rules0-good.rules"
2020-09-22T16:28:00.023Z	info	app/vmalert/manager.go:84	reading rules configuration file from "config/testdata/dir/rules0-good.rules"
2020-09-22T16:28:00.023Z	info	app/vmalert/manager.go:84	reading rules configuration file from "config/testdata/dir/rules0-bad.rules"
2020-09-22T16:28:00.023Z	info	app/vmalert/group.go:225	group "groupGorSingleAlert" started; interval=1ms; concurrency=1
2020-09-22T16:28:00.023Z	info	app/vmalert/group.go:235	group "groupGorSingleAlert": received stop signal
2020-09-22T16:28:00.023Z	info	app/vmalert/group.go:225	group "TestGroup" started; interval=1ms; concurrency=1
2020-09-22T16:28:00.024Z	info	app/vmalert/group.go:235	group "TestGroup": received stop signal
2020-09-22T16:28:00.024Z	info	app/vmalert/manager.go:84	reading rules configuration file from "config/testdata/dir/rules1-good.rules"
2020-09-22T16:28:00.024Z	info	app/vmalert/group.go:225	group "duplicatedGroupDiffFiles" started; interval=1ms; concurrency=1
2020-09-22T16:28:00.024Z	info	app/vmalert/manager.go:84	reading rules configuration file from "config/testdata/rules0-good.rules"
2020-09-22T16:28:00.024Z	info	app/vmalert/group.go:235	group "duplicatedGroupDiffFiles": received stop signal
2020-09-22T16:28:00.024Z	info	app/vmalert/manager.go:84	reading rules configuration file from "config/testdata/dir/rules1-bad.rules"
2020-09-22T16:28:00.024Z	info	app/vmalert/group.go:225	group "TestGroup" started; interval=1ms; concurrency=1
2020-09-22T16:28:00.024Z	info	app/vmalert/manager.go:84	reading rules configuration file from "config/testdata/rules0-good.rules"
2020-09-22T16:28:00.024Z	info	app/vmalert/group.go:225	group "groupGorSingleAlert" started; interval=1ms; concurrency=1
2020-09-22T16:28:00.024Z	info	app/vmalert/group.go:235	group "groupGorSingleAlert": received stop signal
2020-09-22T16:28:00.024Z	info	app/vmalert/group.go:235	group "TestGroup": received stop signal
2020-09-22T16:28:00.024Z	info	app/vmalert/group.go:225	group "duplicatedGroupDiffFiles" started; interval=1ms; concurrency=1
2020-09-22T16:28:00.024Z	info	app/vmalert/group.go:235	group "duplicatedGroupDiffFiles": received stop signal
2020-09-22T16:28:00.024Z	info	app/vmalert/manager.go:84	reading rules configuration file from "config/testdata/rules0-good.rules"
2020-09-22T16:28:00.024Z	info	app/vmalert/group.go:225	group "TestGroup" started; interval=2s; concurrency=2
2020-09-22T16:28:00.024Z	info	app/vmalert/group.go:235	group "TestGroup": received stop signal
2020-09-22T16:28:00.024Z	info	app/vmalert/manager.go:84	reading rules configuration file from "config/testdata/rules0-good.rules"
2020-09-22T16:28:00.024Z	info	app/vmalert/group.go:225	group "duplicatedGroupDiffFiles" started; interval=1ms; concurrency=1
2020-09-22T16:28:00.024Z	info	app/vmalert/group.go:235	group "duplicatedGroupDiffFiles": received stop signal
2020-09-22T16:28:00.024Z	info	app/vmalert/manager.go:84	reading rules configuration file from "config/testdata/dir/rules1-bad.rules"
2020-09-22T16:28:00.024Z	info	app/vmalert/manager.go:84	reading rules configuration file from "config/testdata/rules1-good.rules"
2020-09-22T16:28:00.025Z	info	app/vmalert/manager.go:84	reading rules configuration file from "config/testdata/dir/rules0-good.rules"
2020-09-22T16:28:00.025Z	info	app/vmalert/group.go:225	group "TestGroup" started; interval=2s; concurrency=2
2020-09-22T16:28:00.025Z	info	app/vmalert/group.go:235	group "TestGroup": received stop signal
2020-09-22T16:28:00.025Z	info	app/vmalert/manager.go:84	reading rules configuration file from "config/testdata/dir/rules1-good.rules"
2020-09-22T16:28:00.025Z	info	app/vmalert/group.go:225	group "groupGorSingleAlert" started; interval=1ms; concurrency=1
2020-09-22T16:28:00.025Z	info	app/vmalert/group.go:225	group "TestGroup" started; interval=1ms; concurrency=1
2020-09-22T16:28:00.025Z	info	app/vmalert/group.go:235	group "groupGorSingleAlert": received stop signal
2020-09-22T16:28:00.025Z	info	app/vmalert/group.go:235	group "TestGroup": received stop signal
2020-09-22T16:28:00.025Z	info	app/vmalert/group.go:225	group "duplicatedGroupDiffFiles" started; interval=1ms; concurrency=1
2020-09-22T16:28:00.025Z	info	app/vmalert/group.go:235	group "duplicatedGroupDiffFiles": received stop signal
2020-09-22T16:28:00.025Z	info	app/vmalert/manager.go:84	reading rules configuration file from "config/testdata/rules1-good.rules"
2020-09-22T16:28:00.025Z	info	app/vmalert/group.go:225	group "groupGorSingleAlert" started; interval=1ms; concurrency=1
2020-09-22T16:28:00.025Z	info	app/vmalert/group.go:235	group "groupGorSingleAlert": received stop signal
2020-09-22T16:28:00.025Z	info	app/vmalert/group.go:225	group "TestGroup" started; interval=1ms; concurrency=1
2020-09-22T16:28:00.025Z	info	app/vmalert/group.go:235	group "TestGroup": received stop signal
2020-09-22T16:28:00.025Z	info	app/vmalert/manager.go:84	reading rules configuration file from "config/testdata/dir/rules1-bad.rules"
2020-09-22T16:28:00.026Z	info	app/vmalert/manager.go:84	reading rules configuration file from "config/testdata/dir/rules0-bad.rules"
2020-09-22T16:28:00.026Z	info	app/vmalert/group.go:225	group "TestGroup" started; interval=2s; concurrency=2
2020-09-22T16:28:00.026Z	info	app/vmalert/group.go:235	group "TestGroup": received stop signal
2020-09-22T16:28:00.025Z	info	app/vmalert/manager.go:84	reading rules configuration file from "config/testdata/dir/rules1-bad.rules"
2020-09-22T16:28:00.026Z	info	app/vmalert/group.go:225	group "groupTest" started; interval=1ms; concurrency=1
2020-09-22T16:28:00.026Z	info	app/vmalert/group.go:235	group "groupTest": received stop signal
2020-09-22T16:28:00.026Z	info	app/vmalert/manager.go:84	reading rules configuration file from "config/testdata/dir/rules1-bad.rules"
2020-09-22T16:28:00.026Z	info	app/vmalert/manager.go:84	reading rules configuration file from "config/testdata/dir/rules0-bad.rules"
2020-09-22T16:28:00.026Z	info	app/vmalert/manager.go:84	reading rules configuration file from "config/testdata/rules0-good.rules"
2020-09-22T16:28:00.026Z	info	app/vmalert/manager.go:84	reading rules configuration file from "config/testdata/dir/rules1-good.rules"
2020-09-22T16:28:00.026Z	info	app/vmalert/group.go:225	group "duplicatedGroupDiffFiles" started; interval=1ms; concurrency=1
2020-09-22T16:28:00.026Z	info	app/vmalert/group.go:235	group "duplicatedGroupDiffFiles": received stop signal
2020-09-22T16:28:00.026Z	info	app/vmalert/manager.go:84	reading rules configuration file from "config/testdata/rules2-good.rules"
2020-09-22T16:28:00.026Z	info	app/vmalert/manager.go:84	reading rules configuration file from "config/testdata/dir/rules0-bad.rules"
2020-09-22T16:28:00.026Z	info	app/vmalert/group.go:225	group "duplicatedGroupDiffFiles" started; interval=1ms; concurrency=1
2020-09-22T16:28:00.026Z	info	app/vmalert/group.go:235	group "duplicatedGroupDiffFiles": received stop signal
2020-09-22T16:28:00.027Z	info	app/vmalert/group.go:225	group "duplicatedGroupDiffFiles" started; interval=1ms; concurrency=1
2020-09-22T16:28:00.027Z	info	app/vmalert/group.go:235	group "duplicatedGroupDiffFiles": received stop signal
2020-09-22T16:28:00.027Z	info	app/vmalert/group.go:225	group "TestGroup" started; interval=2s; concurrency=2
2020-09-22T16:28:00.027Z	info	app/vmalert/manager.go:84	reading rules configuration file from "config/testdata/rules0-good.rules"
2020-09-22T16:28:00.027Z	info	app/vmalert/manager.go:84	reading rules configuration file from "config/testdata/dir/rules0-good.rules"
2020-09-22T16:28:00.027Z	info	app/vmalert/manager.go:84	reading rules configuration file from "config/testdata/dir/rules1-good.rules"
2020-09-22T16:28:00.027Z	info	app/vmalert/group.go:235	group "TestGroup": received stop signal
2020-09-22T16:28:00.027Z	info	app/vmalert/manager.go:84	reading rules configuration file from "config/testdata/dir/rules0-good.rules"
2020-09-22T16:28:00.027Z	info	app/vmalert/manager.go:84	reading rules configuration file from "config/testdata/rules1-good.rules"
2020-09-22T16:28:00.027Z	info	app/vmalert/group.go:225	group "groupTest" started; interval=1ms; concurrency=1
2020-09-22T16:28:00.027Z	info	app/vmalert/group.go:235	group "groupTest": received stop signal
2020-09-22T16:28:00.027Z	info	app/vmalert/group.go:225	group "duplicatedGroupDiffFiles" started; interval=1ms; concurrency=1
2020-09-22T16:28:00.027Z	info	app/vmalert/group.go:235	group "duplicatedGroupDiffFiles": received stop signal
2020-09-22T16:28:00.027Z	info	app/vmalert/manager.go:84	reading rules configuration file from "config/testdata/dir/rules0-bad.rules"
2020-09-22T16:28:00.027Z	info	app/vmalert/manager.go:84	reading rules configuration file from "config/testdata/dir/rules0-good.rules"
2020-09-22T16:28:00.028Z	info	app/vmalert/group.go:225	group "duplicatedGroupDiffFiles" started; interval=1ms; concurrency=1
2020-09-22T16:28:00.028Z	info	app/vmalert/manager.go:84	reading rules configuration file from "config/testdata/rules2-good.rules"
2020-09-22T16:28:00.028Z	info	app/vmalert/group.go:235	group "duplicatedGroupDiffFiles": received stop signal
2020-09-22T16:28:00.028Z	info	app/vmalert/group.go:225	group "duplicatedGroupDiffFiles" started; interval=1ms; concurrency=1
2020-09-22T16:28:00.028Z	info	app/vmalert/group.go:235	group "duplicatedGroupDiffFiles": received stop signal
2020-09-22T16:28:00.028Z	info	app/vmalert/manager.go:84	reading rules configuration file from "config/testdata/dir/rules0-good.rules"
2020-09-22T16:28:00.028Z	info	app/vmalert/manager.go:84	reading rules configuration file from "config/testdata/dir/rules0-good.rules"
2020-09-22T16:28:00.028Z	info	app/vmalert/manager.go:84	reading rules configuration file from "config/testdata/dir/rules0-bad.rules"
2020-09-22T16:28:00.028Z	info	app/vmalert/group.go:225	group "duplicatedGroupDiffFiles" started; interval=1ms; concurrency=1
2020-09-22T16:28:00.028Z	info	app/vmalert/group.go:235	group "duplicatedGroupDiffFiles": received stop signal
2020-09-22T16:28:00.028Z	info	app/vmalert/group.go:225	group "groupGorSingleAlert" started; interval=1ms; concurrency=1
2020-09-22T16:28:00.028Z	info	app/vmalert/group.go:235	group "groupGorSingleAlert": received stop signal
2020-09-22T16:28:00.028Z	info	app/vmalert/manager.go:84	reading rules configuration file from "config/testdata/rules1-good.rules"
2020-09-22T16:28:00.029Z	info	app/vmalert/group.go:225	group "TestGroup" started; interval=1ms; concurrency=1
2020-09-22T16:28:00.029Z	info	app/vmalert/group.go:235	group "TestGroup": received stop signal
2020-09-22T16:28:00.029Z	info	app/vmalert/group.go:225	group "duplicatedGroupDiffFiles" started; interval=1ms; concurrency=1
2020-09-22T16:28:00.029Z	info	app/vmalert/group.go:235	group "duplicatedGroupDiffFiles": received stop signal
2020-09-22T16:28:00.029Z	info	app/vmalert/manager.go:84	reading rules configuration file from "config/testdata/dir/rules0-bad.rules"
2020-09-22T16:28:00.029Z	info	app/vmalert/group.go:225	group "TestGroup" started; interval=2s; concurrency=2
2020-09-22T16:28:00.029Z	info	app/vmalert/manager.go:84	reading rules configuration file from "config/testdata/dir/rules0-good.rules"
2020-09-22T16:28:00.029Z	info	app/vmalert/group.go:235	group "TestGroup": received stop signal
2020-09-22T16:28:00.029Z	info	app/vmalert/manager.go:84	reading rules configuration file from "config/testdata/rules2-good.rules"
2020-09-22T16:28:00.029Z	info	app/vmalert/group.go:225	group "groupTest" started; interval=1ms; concurrency=1
2020-09-22T16:28:00.029Z	info	app/vmalert/group.go:235	group "groupTest": received stop signal
2020-09-22T16:28:00.029Z	info	app/vmalert/group.go:225	group "duplicatedGroupDiffFiles" started; interval=1ms; concurrency=1
2020-09-22T16:28:00.029Z	info	app/vmalert/manager.go:84	reading rules configuration file from "config/testdata/rules2-good.rules"
2020-09-22T16:28:00.029Z	info	app/vmalert/group.go:235	group "duplicatedGroupDiffFiles": received stop signal
2020-09-22T16:28:00.029Z	info	app/vmalert/manager.go:84	reading rules configuration file from "config/testdata/dir/rules0-bad.rules"
2020-09-22T16:28:00.029Z	info	app/vmalert/manager.go:84	reading rules configuration file from "config/testdata/rules2-good.rules"
2020-09-22T16:28:00.029Z	info	app/vmalert/group.go:225	group "groupTest" started; interval=1ms; concurrency=1
2020-09-22T16:28:00.029Z	info	app/vmalert/group.go:235	group "groupTest": received stop signal
2020-09-22T16:28:00.029Z	info	app/vmalert/manager.go:84	reading rules configuration file from "config/testdata/rules1-good.rules"
2020-09-22T16:28:00.029Z	info	app/vmalert/group.go:225	group "duplicatedGroupDiffFiles" started; interval=1ms; concurrency=1
2020-09-22T16:28:00.029Z	info	app/vmalert/group.go:235	group "duplicatedGroupDiffFiles": received stop signal
2020-09-22T16:28:00.029Z	info	app/vmalert/group.go:225	group "groupTest" started; interval=1ms; concurrency=1
2020-09-22T16:28:00.029Z	info	app/vmalert/group.go:235	group "groupTest": received stop signal
2020-09-22T16:28:00.029Z	info	app/vmalert/group.go:225	group "TestGroup" started; interval=2s; concurrency=2
2020-09-22T16:28:00.029Z	info	app/vmalert/manager.go:84	reading rules configuration file from "config/testdata/rules1-good.rules"
2020-09-22T16:28:00.029Z	info	app/vmalert/group.go:235	group "TestGroup": received stop signal
2020-09-22T16:28:00.029Z	info	app/vmalert/group.go:225	group "groupGorSingleAlert" started; interval=1ms; concurrency=1
2020-09-22T16:28:00.029Z	info	app/vmalert/group.go:225	group "TestGroup" started; interval=1ms; concurrency=1
2020-09-22T16:28:00.029Z	info	app/vmalert/group.go:235	group "groupGorSingleAlert": received stop signal
2020-09-22T16:28:00.030Z	info	app/vmalert/manager.go:84	reading rules configuration file from "config/testdata/dir/rules1-good.rules"
2020-09-22T16:28:00.030Z	info	app/vmalert/group.go:235	group "TestGroup": received stop signal
2020-09-22T16:28:00.030Z	info	app/vmalert/manager.go:84	reading rules configuration file from "config/testdata/rules2-good.rules"
2020-09-22T16:28:00.030Z	info	app/vmalert/manager.go:84	reading rules configuration file from "config/testdata/rules1-good.rules"
2020-09-22T16:28:00.030Z	info	app/vmalert/group.go:225	group "duplicatedGroupDiffFiles" started; interval=1ms; concurrency=1
2020-09-22T16:28:00.030Z	info	app/vmalert/group.go:235	group "duplicatedGroupDiffFiles": received stop signal
2020-09-22T16:28:00.030Z	info	app/vmalert/group.go:225	group "groupGorSingleAlert" started; interval=1ms; concurrency=1
2020-09-22T16:28:00.030Z	info	app/vmalert/group.go:235	group "groupGorSingleAlert": received stop signal
2020-09-22T16:28:00.030Z	info	app/vmalert/group.go:225	group "TestGroup" started; interval=1ms; concurrency=1
2020-09-22T16:28:00.030Z	info	app/vmalert/group.go:235	group "TestGroup": received stop signal
2020-09-22T16:28:00.030Z	info	app/vmalert/manager.go:84	reading rules configuration file from "config/testdata/rules1-good.rules"
2020-09-22T16:28:00.030Z	info	app/vmalert/manager.go:84	reading rules configuration file from "config/testdata/rules1-good.rules"
2020-09-22T16:28:00.030Z	info	app/vmalert/group.go:225	group "TestGroup" started; interval=2s; concurrency=2
2020-09-22T16:28:00.030Z	info	app/vmalert/group.go:235	group "TestGroup": received stop signal
2020-09-22T16:28:00.030Z	info	app/vmalert/manager.go:84	reading rules configuration file from "config/testdata/dir/rules0-bad.rules"
2020-09-22T16:28:00.030Z	info	app/vmalert/group.go:225	group "groupGorSingleAlert" started; interval=1ms; concurrency=1
2020-09-22T16:28:00.030Z	info	app/vmalert/group.go:225	group "TestGroup" started; interval=1ms; concurrency=1
2020-09-22T16:28:00.030Z	info	app/vmalert/manager.go:84	reading rules configuration file from "config/testdata/rules2-good.rules"
2020-09-22T16:28:00.030Z	info	app/vmalert/group.go:235	group "TestGroup": received stop signal
2020-09-22T16:28:00.030Z	info	app/vmalert/group.go:235	group "groupGorSingleAlert": received stop signal
2020-09-22T16:28:00.030Z	info	app/vmalert/manager.go:84	reading rules configuration file from "config/testdata/dir/rules0-good.rules"
2020-09-22T16:28:00.030Z	info	app/vmalert/manager.go:84	reading rules configuration file from "config/testdata/dir/rules0-good.rules"
2020-09-22T16:28:00.030Z	info	app/vmalert/group.go:225	group "duplicatedGroupDiffFiles" started; interval=1ms; concurrency=1
2020-09-22T16:28:00.030Z	info	app/vmalert/group.go:235	group "duplicatedGroupDiffFiles": received stop signal
2020-09-22T16:28:00.030Z	info	app/vmalert/group.go:225	group "groupTest" started; interval=1ms; concurrency=1
2020-09-22T16:28:00.030Z	info	app/vmalert/manager.go:84	reading rules configuration file from "config/testdata/rules0-good.rules"
2020-09-22T16:28:00.030Z	info	app/vmalert/group.go:235	group "groupTest": received stop signal
2020-09-22T16:28:00.030Z	info	app/vmalert/group.go:225	group "duplicatedGroupDiffFiles" started; interval=1ms; concurrency=1
2020-09-22T16:28:00.030Z	info	app/vmalert/group.go:235	group "duplicatedGroupDiffFiles": received stop signal
2020-09-22T16:28:00.030Z	info	app/vmalert/group.go:225	group "groupGorSingleAlert" started; interval=1ms; concurrency=1
2020-09-22T16:28:00.030Z	info	app/vmalert/group.go:225	group "TestGroup" started; interval=1ms; concurrency=1
2020-09-22T16:28:00.030Z	info	app/vmalert/manager.go:84	reading rules configuration file from "config/testdata/dir/rules1-bad.rules"
2020-09-22T16:28:00.030Z	info	app/vmalert/group.go:235	group "groupGorSingleAlert": received stop signal
2020-09-22T16:28:00.031Z	info	app/vmalert/group.go:235	group "TestGroup": received stop signal
2020-09-22T16:28:00.031Z	info	app/vmalert/manager.go:84	reading rules configuration file from "config/testdata/dir/rules1-good.rules"
2020-09-22T16:28:00.031Z	info	app/vmalert/group.go:225	group "duplicatedGroupDiffFiles" started; interval=1ms; concurrency=1
2020-09-22T16:28:00.031Z	info	app/vmalert/group.go:235	group "duplicatedGroupDiffFiles": received stop signal
2020-09-22T16:28:00.031Z	info	app/vmalert/manager.go:84	reading rules configuration file from "config/testdata/dir/rules1-good.rules"
2020-09-22T16:28:00.031Z	info	app/vmalert/group.go:225	group "groupGorSingleAlert" started; interval=1ms; concurrency=1
2020-09-22T16:28:00.031Z	info	app/vmalert/manager.go:84	reading rules configuration file from "config/testdata/dir/rules1-good.rules"
2020-09-22T16:28:00.031Z	info	app/vmalert/manager.go:84	reading rules configuration file from "config/testdata/dir/rules0-good.rules"
2020-09-22T16:28:00.031Z	info	app/vmalert/manager.go:84	reading rules configuration file from "config/testdata/rules1-good.rules"
2020-09-22T16:28:00.031Z	info	app/vmalert/group.go:235	group "groupGorSingleAlert": received stop signal
2020-09-22T16:28:00.031Z	info	app/vmalert/group.go:225	group "TestGroup" started; interval=1ms; concurrency=1
2020-09-22T16:28:00.031Z	info	app/vmalert/group.go:235	group "TestGroup": received stop signal
2020-09-22T16:28:00.031Z	info	app/vmalert/group.go:225	group "TestGroup" started; interval=2s; concurrency=2
2020-09-22T16:28:00.031Z	info	app/vmalert/group.go:235	group "TestGroup": received stop signal
2020-09-22T16:28:00.031Z	info	app/vmalert/group.go:225	group "groupTest" started; interval=1ms; concurrency=1
2020-09-22T16:28:00.031Z	info	app/vmalert/manager.go:84	reading rules configuration file from "config/testdata/dir/rules0-good.rules"
2020-09-22T16:28:00.031Z	info	app/vmalert/group.go:235	group "groupTest": received stop signal
2020-09-22T16:28:00.031Z	info	app/vmalert/group.go:225	group "duplicatedGroupDiffFiles" started; interval=1ms; concurrency=1
2020-09-22T16:28:00.031Z	info	app/vmalert/group.go:235	group "duplicatedGroupDiffFiles": received stop signal
2020-09-22T16:28:00.032Z	info	app/vmalert/group.go:225	group "TestGroup" started; interval=2s; concurrency=2
2020-09-22T16:28:00.032Z	info	app/vmalert/group.go:235	group "TestGroup": received stop signal
2020-09-22T16:28:00.032Z	info	app/vmalert/group.go:225	group "duplicatedGroupDiffFiles" started; interval=1ms; concurrency=1
2020-09-22T16:28:00.032Z	info	app/vmalert/group.go:235	group "duplicatedGroupDiffFiles": received stop signal
2020-09-22T16:28:00.032Z	info	app/vmalert/manager.go:84	reading rules configuration file from "config/testdata/rules1-good.rules"
2020-09-22T16:28:00.032Z	info	app/vmalert/group.go:225	group "groupTest" started; interval=1ms; concurrency=1
2020-09-22T16:28:00.032Z	info	app/vmalert/manager.go:84	reading rules configuration file from "config/testdata/dir/rules1-bad.rules"
2020-09-22T16:28:00.032Z	info	app/vmalert/group.go:235	group "groupTest": received stop signal
2020-09-22T16:28:00.032Z	info	app/vmalert/manager.go:84	reading rules configuration file from "config/testdata/dir/rules1-good.rules"
2020-09-22T16:28:00.031Z	info	app/vmalert/manager.go:84	reading rules configuration file from "config/testdata/rules1-good.rules"
2020-09-22T16:28:00.032Z	info	app/vmalert/group.go:225	group "groupGorSingleAlert" started; interval=1ms; concurrency=1
2020-09-22T16:28:00.032Z	info	app/vmalert/group.go:235	group "groupGorSingleAlert": received stop signal
2020-09-22T16:28:00.032Z	info	app/vmalert/group.go:225	group "TestGroup" started; interval=1ms; concurrency=1
2020-09-22T16:28:00.032Z	info	app/vmalert/group.go:235	group "TestGroup": received stop signal
2020-09-22T16:28:00.032Z	info	app/vmalert/group.go:225	group "TestGroup" started; interval=2s; concurrency=2
2020-09-22T16:28:00.032Z	info	app/vmalert/group.go:235	group "TestGroup": received stop signal
2020-09-22T16:28:00.032Z	info	app/vmalert/manager.go:84	reading rules configuration file from "config/testdata/dir/rules1-good.rules"
2020-09-22T16:28:00.032Z	info	app/vmalert/manager.go:84	reading rules configuration file from "config/testdata/rules1-good.rules"
2020-09-22T16:28:00.032Z	info	app/vmalert/manager.go:84	reading rules configuration file from "config/testdata/rules0-good.rules"
2020-09-22T16:28:00.032Z	info	app/vmalert/group.go:225	group "groupTest" started; interval=1ms; concurrency=1
2020-09-22T16:28:00.032Z	info	app/vmalert/group.go:235	group "groupTest": received stop signal
2020-09-22T16:28:00.032Z	info	app/vmalert/group.go:225	group "duplicatedGroupDiffFiles" started; interval=1ms; concurrency=1
2020-09-22T16:28:00.032Z	info	app/vmalert/manager.go:84	reading rules configuration file from "config/testdata/dir/rules1-good.rules"
2020-09-22T16:28:00.032Z	info	app/vmalert/group.go:235	group "duplicatedGroupDiffFiles": received stop signal
2020-09-22T16:28:00.032Z	info	app/vmalert/group.go:225	group "TestGroup" started; interval=1ms; concurrency=1
2020-09-22T16:28:00.032Z	info	app/vmalert/group.go:235	group "TestGroup": received stop signal
2020-09-22T16:28:00.032Z	info	app/vmalert/manager.go:84	reading rules configuration file from "config/testdata/dir/rules0-good.rules"
2020-09-22T16:28:00.033Z	info	app/vmalert/group.go:225	group "groupGorSingleAlert" started; interval=1ms; concurrency=1
2020-09-22T16:28:00.033Z	info	app/vmalert/group.go:235	group "groupGorSingleAlert": received stop signal
2020-09-22T16:28:00.033Z	info	app/vmalert/manager.go:84	reading rules configuration file from "config/testdata/rules0-good.rules"
2020-09-22T16:28:00.033Z	info	app/vmalert/manager.go:84	reading rules configuration file from "config/testdata/dir/rules1-good.rules"
2020-09-22T16:28:00.033Z	info	app/vmalert/group.go:225	group "TestGroup" started; interval=2s; concurrency=2
2020-09-22T16:28:00.033Z	info	app/vmalert/group.go:235	group "TestGroup": received stop signal
2020-09-22T16:28:00.033Z	info	app/vmalert/group.go:225	group "duplicatedGroupDiffFiles" started; interval=1ms; concurrency=1
2020-09-22T16:28:00.033Z	info	app/vmalert/manager.go:84	reading rules configuration file from "config/testdata/dir/rules1-bad.rules"
2020-09-22T16:28:00.033Z	info	app/vmalert/manager.go:84	reading rules configuration file from "config/testdata/dir/rules0-good.rules"
2020-09-22T16:28:00.033Z	info	app/vmalert/group.go:235	group "duplicatedGroupDiffFiles": received stop signal
2020-09-22T16:28:00.033Z	info	app/vmalert/manager.go:84	reading rules configuration file from "config/testdata/rules0-good.rules"
2020-09-22T16:28:00.033Z	info	app/vmalert/group.go:225	group "TestGroup" started; interval=2s; concurrency=2
2020-09-22T16:28:00.033Z	info	app/vmalert/manager.go:84	reading rules configuration file from "config/testdata/rules0-good.rules"
2020-09-22T16:28:00.033Z	info	app/vmalert/group.go:235	group "TestGroup": received stop signal
2020-09-22T16:28:00.033Z	info	app/vmalert/manager.go:84	reading rules configuration file from "config/testdata/dir/rules1-good.rules"
2020-09-22T16:28:00.034Z	info	app/vmalert/group.go:225	group "duplicatedGroupDiffFiles" started; interval=1ms; concurrency=1
2020-09-22T16:28:00.034Z	info	app/vmalert/group.go:235	group "duplicatedGroupDiffFiles": received stop signal
2020-09-22T16:28:00.034Z	info	app/vmalert/group.go:225	group "groupTest" started; interval=1ms; concurrency=1
2020-09-22T16:28:00.034Z	info	app/vmalert/group.go:235	group "groupTest": received stop signal
2020-09-22T16:28:00.034Z	info	app/vmalert/group.go:225	group "duplicatedGroupDiffFiles" started; interval=1ms; concurrency=1
2020-09-22T16:28:00.034Z	info	app/vmalert/group.go:235	group "duplicatedGroupDiffFiles": received stop signal
2020-09-22T16:28:00.034Z	info	app/vmalert/manager.go:84	reading rules configuration file from "config/testdata/dir/rules1-bad.rules"
2020-09-22T16:28:00.034Z	info	app/vmalert/group.go:225	group "TestGroup" started; interval=2s; concurrency=2
2020-09-22T16:28:00.034Z	info	app/vmalert/group.go:235	group "TestGroup": received stop signal
2020-09-22T16:28:00.034Z	info	app/vmalert/manager.go:84	reading rules configuration file from "config/testdata/dir/rules1-bad.rules"
2020-09-22T16:28:00.034Z	info	app/vmalert/group.go:225	group "groupGorSingleAlert" started; interval=1ms; concurrency=1
2020-09-22T16:28:00.034Z	info	app/vmalert/group.go:225	group "TestGroup" started; interval=1ms; concurrency=1
2020-09-22T16:28:00.034Z	info	app/vmalert/group.go:235	group "groupGorSingleAlert": received stop signal
2020-09-22T16:28:00.034Z	info	app/vmalert/manager.go:84	reading rules configuration file from "config/testdata/dir/rules0-bad.rules"
2020-09-22T16:28:00.034Z	info	app/vmalert/group.go:235	group "TestGroup": received stop signal
2020-09-22T16:28:00.034Z	info	app/vmalert/manager.go:84	reading rules configuration file from "config/testdata/rules2-good.rules"
2020-09-22T16:28:00.034Z	info	app/vmalert/group.go:225	group "duplicatedGroupDiffFiles" started; interval=1ms; concurrency=1
2020-09-22T16:28:00.034Z	info	app/vmalert/group.go:235	group "duplicatedGroupDiffFiles": received stop signal
2020-09-22T16:28:00.034Z	info	app/vmalert/manager.go:84	reading rules configuration file from "config/testdata/dir/rules1-bad.rules"
2020-09-22T16:28:00.034Z	info	app/vmalert/manager.go:84	reading rules configuration file from "config/testdata/dir/rules1-good.rules"
2020-09-22T16:28:00.034Z	info	app/vmalert/group.go:225	group "groupTest" started; interval=1ms; concurrency=1
2020-09-22T16:28:00.035Z	info	app/vmalert/group.go:235	group "groupTest": received stop signal
2020-09-22T16:28:00.035Z	info	app/vmalert/group.go:225	group "groupGorSingleAlert" started; interval=1ms; concurrency=1
2020-09-22T16:28:00.035Z	info	app/vmalert/group.go:235	group "groupGorSingleAlert": received stop signal
2020-09-22T16:28:00.035Z	info	app/vmalert/manager.go:84	reading rules configuration file from "config/testdata/rules1-good.rules"
2020-09-22T16:28:00.035Z	info	app/vmalert/group.go:225	group "TestGroup" started; interval=1ms; concurrency=1
2020-09-22T16:28:00.035Z	info	app/vmalert/group.go:235	group "TestGroup": received stop signal
2020-09-22T16:28:00.035Z	info	app/vmalert/manager.go:84	reading rules configuration file from "config/testdata/dir/rules0-bad.rules"
2020-09-22T16:28:00.035Z	info	app/vmalert/group.go:225	group "groupTest" started; interval=1ms; concurrency=1
2020-09-22T16:28:00.035Z	info	app/vmalert/manager.go:84	reading rules configuration file from "config/testdata/rules2-good.rules"
2020-09-22T16:28:00.035Z	info	app/vmalert/group.go:235	group "groupTest": received stop signal
2020-09-22T16:28:00.035Z	info	app/vmalert/manager.go:84	reading rules configuration file from "config/testdata/dir/rules1-bad.rules"
2020-09-22T16:28:00.035Z	info	app/vmalert/manager.go:84	reading rules configuration file from "config/testdata/rules1-good.rules"
2020-09-22T16:28:00.035Z	info	app/vmalert/manager.go:84	reading rules configuration file from "config/testdata/rules0-good.rules"
2020-09-22T16:28:00.035Z	info	app/vmalert/group.go:225	group "TestGroup" started; interval=2s; concurrency=2
2020-09-22T16:28:00.035Z	info	app/vmalert/group.go:235	group "TestGroup": received stop signal
2020-09-22T16:28:00.035Z	info	app/vmalert/manager.go:84	reading rules configuration file from "config/testdata/rules0-good.rules"
2020-09-22T16:28:00.035Z	info	app/vmalert/manager.go:84	reading rules configuration file from "config/testdata/rules2-good.rules"
2020-09-22T16:28:00.036Z	info	app/vmalert/manager.go:84	reading rules configuration file from "config/testdata/rules2-good.rules"
2020-09-22T16:28:00.035Z	info	app/vmalert/group.go:225	group "groupTest" started; interval=1ms; concurrency=1
2020-09-22T16:28:00.036Z	info	app/vmalert/group.go:235	group "groupTest": received stop signal
2020-09-22T16:28:00.036Z	info	app/vmalert/group.go:225	group "TestGroup" started; interval=2s; concurrency=2
2020-09-22T16:28:00.036Z	info	app/vmalert/group.go:235	group "TestGroup": received stop signal
2020-09-22T16:28:00.036Z	info	app/vmalert/manager.go:84	reading rules configuration file from "config/testdata/rules1-good.rules"
2020-09-22T16:28:00.036Z	info	app/vmalert/manager.go:84	reading rules configuration file from "config/testdata/dir/rules0-bad.rules"
2020-09-22T16:28:00.036Z	info	app/vmalert/group.go:225	group "duplicatedGroupDiffFiles" started; interval=1ms; concurrency=1
2020-09-22T16:28:00.036Z	info	app/vmalert/group.go:235	group "duplicatedGroupDiffFiles": received stop signal
2020-09-22T16:28:00.036Z	info	app/vmalert/group.go:225	group "groupTest" started; interval=1ms; concurrency=1
2020-09-22T16:28:00.036Z	info	app/vmalert/group.go:235	group "groupTest": received stop signal
2020-09-22T16:28:00.036Z	info	app/vmalert/manager.go:84	reading rules configuration file from "config/testdata/rules0-good.rules"
2020-09-22T16:28:00.036Z	info	app/vmalert/group.go:225	group "TestGroup" started; interval=1ms; concurrency=1
2020-09-22T16:28:00.036Z	info	app/vmalert/manager.go:84	reading rules configuration file from "config/testdata/rules1-good.rules"
2020-09-22T16:28:00.036Z	info	app/vmalert/group.go:225	group "groupGorSingleAlert" started; interval=1ms; concurrency=1
2020-09-22T16:28:00.037Z	info	app/vmalert/group.go:235	group "groupGorSingleAlert": received stop signal
2020-09-22T16:28:00.037Z	info	app/vmalert/group.go:235	group "TestGroup": received stop signal
2020-09-22T16:28:00.037Z	info	app/vmalert/group.go:225	group "TestGroup" started; interval=2s; concurrency=2
2020-09-22T16:28:00.037Z	info	app/vmalert/group.go:235	group "TestGroup": received stop signal
2020-09-22T16:28:00.037Z	info	app/vmalert/manager.go:84	reading rules configuration file from "config/testdata/dir/rules1-good.rules"
2020-09-22T16:28:00.037Z	info	app/vmalert/group.go:225	group "duplicatedGroupDiffFiles" started; interval=1ms; concurrency=1
2020-09-22T16:28:00.037Z	info	app/vmalert/manager.go:84	reading rules configuration file from "config/testdata/rules2-good.rules"
2020-09-22T16:28:00.037Z	info	app/vmalert/group.go:235	group "duplicatedGroupDiffFiles": received stop signal
2020-09-22T16:28:00.037Z	info	app/vmalert/group.go:225	group "duplicatedGroupDiffFiles" started; interval=1ms; concurrency=1
2020-09-22T16:28:00.037Z	info	app/vmalert/manager.go:84	reading rules configuration file from "config/testdata/dir/rules0-bad.rules"
2020-09-22T16:28:00.037Z	info	app/vmalert/manager.go:84	reading rules configuration file from "config/testdata/rules2-good.rules"
2020-09-22T16:28:00.037Z	info	app/vmalert/group.go:235	group "duplicatedGroupDiffFiles": received stop signal
2020-09-22T16:28:00.038Z	info	app/vmalert/manager.go:84	reading rules configuration file from "config/testdata/dir/rules1-bad.rules"
2020-09-22T16:28:00.038Z	info	app/vmalert/group.go:225	group "duplicatedGroupDiffFiles" started; interval=1ms; concurrency=1
2020-09-22T16:28:00.038Z	info	app/vmalert/group.go:235	group "duplicatedGroupDiffFiles": received stop signal
2020-09-22T16:28:00.038Z	info	app/vmalert/manager.go:84	reading rules configuration file from "config/testdata/dir/rules0-good.rules"
2020-09-22T16:28:00.038Z	info	app/vmalert/group.go:225	group "groupTest" started; interval=1ms; concurrency=1
2020-09-22T16:28:00.038Z	info	app/vmalert/manager.go:84	reading rules configuration file from "config/testdata/dir/rules0-bad.rules"
2020-09-22T16:28:00.038Z	info	app/vmalert/group.go:235	group "groupTest": received stop signal
2020-09-22T16:28:00.038Z	info	app/vmalert/group.go:225	group "duplicatedGroupDiffFiles" started; interval=1ms; concurrency=1
2020-09-22T16:28:00.038Z	info	app/vmalert/manager.go:84	reading rules configuration file from "config/testdata/rules2-good.rules"
2020-09-22T16:28:00.038Z	info	app/vmalert/group.go:235	group "duplicatedGroupDiffFiles": received stop signal
2020-09-22T16:28:00.039Z	info	app/vmalert/manager.go:84	reading rules configuration file from "config/testdata/dir/rules1-good.rules"
2020-09-22T16:28:00.039Z	info	app/vmalert/group.go:225	group "TestGroup" started; interval=2s; concurrency=2
2020-09-22T16:28:00.039Z	info	app/vmalert/group.go:235	group "TestGroup": received stop signal
2020-09-22T16:28:00.039Z	info	app/vmalert/group.go:225	group "groupTest" started; interval=1ms; concurrency=1
2020-09-22T16:28:00.039Z	info	app/vmalert/manager.go:84	reading rules configuration file from "config/testdata/rules0-good.rules"
2020-09-22T16:28:00.039Z	info	app/vmalert/group.go:235	group "groupTest": received stop signal
2020-09-22T16:28:00.039Z	info	app/vmalert/group.go:225	group "TestGroup" started; interval=2s; concurrency=2
2020-09-22T16:28:00.039Z	info	app/vmalert/group.go:235	group "TestGroup": received stop signal
2020-09-22T16:28:00.039Z	info	app/vmalert/manager.go:84	reading rules configuration file from "config/testdata/dir/rules1-good.rules"
2020-09-22T16:28:00.039Z	info	app/vmalert/group.go:225	group "duplicatedGroupDiffFiles" started; interval=1ms; concurrency=1
2020-09-22T16:28:00.039Z	info	app/vmalert/group.go:235	group "duplicatedGroupDiffFiles": received stop signal
2020-09-22T16:28:00.039Z	info	app/vmalert/manager.go:84	reading rules configuration file from "config/testdata/dir/rules1-good.rules"
2020-09-22T16:28:00.040Z	info	app/vmalert/manager.go:84	reading rules configuration file from "config/testdata/rules0-good.rules"
2020-09-22T16:28:00.040Z	info	app/vmalert/manager.go:84	reading rules configuration file from "config/testdata/dir/rules1-bad.rules"
2020-09-22T16:28:00.040Z	info	app/vmalert/manager.go:84	reading rules configuration file from "config/testdata/rules1-good.rules"
2020-09-22T16:28:00.040Z	info	app/vmalert/group.go:225	group "duplicatedGroupDiffFiles" started; interval=1ms; concurrency=1
2020-09-22T16:28:00.040Z	info	app/vmalert/group.go:235	group "duplicatedGroupDiffFiles": received stop signal
2020-09-22T16:28:00.040Z	info	app/vmalert/manager.go:84	reading rules configuration file from "config/testdata/rules2-good.rules"
2020-09-22T16:28:00.040Z	info	app/vmalert/manager.go:84	reading rules configuration file from "config/testdata/rules2-good.rules"
2020-09-22T16:28:00.040Z	info	app/vmalert/group.go:225	group "duplicatedGroupDiffFiles" started; interval=1ms; concurrency=1
2020-09-22T16:28:00.040Z	info	app/vmalert/manager.go:84	reading rules configuration file from "config/testdata/dir/rules1-bad.rules"
2020-09-22T16:28:00.040Z	info	app/vmalert/group.go:235	group "duplicatedGroupDiffFiles": received stop signal
2020-09-22T16:28:00.040Z	info	app/vmalert/manager.go:84	reading rules configuration file from "config/testdata/rules0-good.rules"
2020-09-22T16:28:00.040Z	info	app/vmalert/group.go:225	group "groupTest" started; interval=1ms; concurrency=1
2020-09-22T16:28:00.040Z	info	app/vmalert/group.go:235	group "groupTest": received stop signal
2020-09-22T16:28:00.041Z	info	app/vmalert/manager.go:84	reading rules configuration file from "config/testdata/dir/rules1-bad.rules"
2020-09-22T16:28:00.041Z	info	app/vmalert/group.go:225	group "duplicatedGroupDiffFiles" started; interval=1ms; concurrency=1
2020-09-22T16:28:00.041Z	info	app/vmalert/group.go:235	group "duplicatedGroupDiffFiles": received stop signal
2020-09-22T16:28:00.041Z	info	app/vmalert/group.go:225	group "duplicatedGroupDiffFiles" started; interval=1ms; concurrency=1
2020-09-22T16:28:00.041Z	info	app/vmalert/manager.go:84	reading rules configuration file from "config/testdata/dir/rules0-bad.rules"
2020-09-22T16:28:00.041Z	info	app/vmalert/group.go:235	group "duplicatedGroupDiffFiles": received stop signal
2020-09-22T16:28:00.041Z	info	app/vmalert/manager.go:84	reading rules configuration file from "config/testdata/dir/rules1-bad.rules"
2020-09-22T16:28:00.041Z	info	app/vmalert/manager.go:84	reading rules configuration file from "config/testdata/rules1-good.rules"
2020-09-22T16:28:00.041Z	info	app/vmalert/group.go:225	group "TestGroup" started; interval=2s; concurrency=2
2020-09-22T16:28:00.041Z	info	app/vmalert/group.go:235	group "TestGroup": received stop signal
2020-09-22T16:28:00.041Z	info	app/vmalert/group.go:225	group "duplicatedGroupDiffFiles" started; interval=1ms; concurrency=1
2020-09-22T16:28:00.041Z	info	app/vmalert/group.go:235	group "duplicatedGroupDiffFiles": received stop signal
2020-09-22T16:28:00.041Z	info	app/vmalert/manager.go:84	reading rules configuration file from "config/testdata/dir/rules1-good.rules"
2020-09-22T16:28:00.042Z	info	app/vmalert/manager.go:84	reading rules configuration file from "config/testdata/dir/rules0-good.rules"
2020-09-22T16:28:00.042Z	info	app/vmalert/group.go:225	group "groupTest" started; interval=1ms; concurrency=1
2020-09-22T16:28:00.042Z	info	app/vmalert/group.go:235	group "groupTest": received stop signal
2020-09-22T16:28:00.042Z	info	app/vmalert/group.go:225	group "duplicatedGroupDiffFiles" started; interval=1ms; concurrency=1
2020-09-22T16:28:00.042Z	info	app/vmalert/group.go:235	group "duplicatedGroupDiffFiles": received stop signal
2020-09-22T16:28:00.042Z	info	app/vmalert/manager.go:84	reading rules configuration file from "config/testdata/rules0-good.rules"
2020-09-22T16:28:00.042Z	info	app/vmalert/group.go:225	group "groupGorSingleAlert" started; interval=1ms; concurrency=1
2020-09-22T16:28:00.042Z	info	app/vmalert/group.go:235	group "groupGorSingleAlert": received stop signal
2020-09-22T16:28:00.042Z	info	app/vmalert/group.go:225	group "TestGroup" started; interval=1ms; concurrency=1
2020-09-22T16:28:00.042Z	info	app/vmalert/manager.go:84	reading rules configuration file from "config/testdata/rules1-good.rules"
2020-09-22T16:28:00.042Z	info	app/vmalert/group.go:235	group "TestGroup": received stop signal
2020-09-22T16:28:00.042Z	info	app/vmalert/manager.go:84	reading rules configuration file from "config/testdata/dir/rules1-good.rules"
2020-09-22T16:28:00.042Z	info	app/vmalert/group.go:225	group "TestGroup" started; interval=2s; concurrency=2
2020-09-22T16:28:00.042Z	info	app/vmalert/group.go:235	group "TestGroup": received stop signal
2020-09-22T16:28:00.042Z	info	app/vmalert/group.go:225	group "duplicatedGroupDiffFiles" started; interval=1ms; concurrency=1
2020-09-22T16:28:00.043Z	info	app/vmalert/group.go:235	group "duplicatedGroupDiffFiles": received stop signal
2020-09-22T16:28:00.042Z	info	app/vmalert/manager.go:84	reading rules configuration file from "config/testdata/dir/rules1-good.rules"
2020-09-22T16:28:00.043Z	info	app/vmalert/manager.go:84	reading rules configuration file from "config/testdata/dir/rules0-good.rules"
2020-09-22T16:28:00.043Z	info	app/vmalert/manager.go:84	reading rules configuration file from "config/testdata/dir/rules1-bad.rules"
2020-09-22T16:28:00.043Z	info	app/vmalert/group.go:225	group "groupTest" started; interval=1ms; concurrency=1
2020-09-22T16:28:00.042Z	info	app/vmalert/manager.go:84	reading rules configuration file from "config/testdata/dir/rules0-good.rules"
2020-09-22T16:28:00.043Z	info	app/vmalert/group.go:235	group "groupTest": received stop signal
2020-09-22T16:28:00.043Z	info	app/vmalert/manager.go:84	reading rules configuration file from "config/testdata/dir/rules1-good.rules"
2020-09-22T16:28:00.043Z	info	app/vmalert/group.go:225	group "groupGorSingleAlert" started; interval=1ms; concurrency=1
2020-09-22T16:28:00.043Z	info	app/vmalert/group.go:235	group "groupGorSingleAlert": received stop signal
2020-09-22T16:28:00.043Z	info	app/vmalert/manager.go:84	reading rules configuration file from "config/testdata/dir/rules0-good.rules"
2020-09-22T16:28:00.043Z	info	app/vmalert/manager.go:84	reading rules configuration file from "config/testdata/rules2-good.rules"
2020-09-22T16:28:00.044Z	info	app/vmalert/group.go:225	group "TestGroup" started; interval=1ms; concurrency=1
2020-09-22T16:28:00.044Z	info	app/vmalert/group.go:235	group "TestGroup": received stop signal
2020-09-22T16:28:00.044Z	info	app/vmalert/group.go:225	group "groupTest" started; interval=1ms; concurrency=1
2020-09-22T16:28:00.044Z	info	app/vmalert/group.go:235	group "groupTest": received stop signal
2020-09-22T16:28:00.044Z	info	app/vmalert/manager.go:84	reading rules configuration file from "config/testdata/dir/rules1-good.rules"
2020-09-22T16:28:00.044Z	info	app/vmalert/group.go:225	group "TestGroup" started; interval=2s; concurrency=2
2020-09-22T16:28:00.044Z	info	app/vmalert/group.go:235	group "TestGroup": received stop signal
2020-09-22T16:28:00.044Z	info	app/vmalert/group.go:225	group "groupGorSingleAlert" started; interval=1ms; concurrency=1
2020-09-22T16:28:00.044Z	info	app/vmalert/group.go:225	group "TestGroup" started; interval=1ms; concurrency=1
2020-09-22T16:28:00.044Z	info	app/vmalert/manager.go:84	reading rules configuration file from "config/testdata/dir/rules0-good.rules"
2020-09-22T16:28:00.044Z	info	app/vmalert/group.go:235	group "TestGroup": received stop signal
2020-09-22T16:28:00.044Z	info	app/vmalert/group.go:235	group "groupGorSingleAlert": received stop signal
2020-09-22T16:28:00.044Z	info	app/vmalert/group.go:225	group "duplicatedGroupDiffFiles" started; interval=1ms; concurrency=1
2020-09-22T16:28:00.044Z	info	app/vmalert/manager.go:84	reading rules configuration file from "config/testdata/rules0-good.rules"
2020-09-22T16:28:00.044Z	info	app/vmalert/group.go:235	group "duplicatedGroupDiffFiles": received stop signal
2020-09-22T16:28:00.044Z	info	app/vmalert/manager.go:84	reading rules configuration file from "config/testdata/dir/rules1-good.rules"
2020-09-22T16:28:00.044Z	info	app/vmalert/manager.go:84	reading rules configuration file from "config/testdata/dir/rules0-good.rules"
2020-09-22T16:28:00.044Z	info	app/vmalert/group.go:225	group "groupTest" started; interval=1ms; concurrency=1
2020-09-22T16:28:00.044Z	info	app/vmalert/group.go:235	group "groupTest": received stop signal
2020-09-22T16:28:00.045Z	info	app/vmalert/group.go:225	group "duplicatedGroupDiffFiles" started; interval=1ms; concurrency=1
2020-09-22T16:28:00.045Z	info	app/vmalert/group.go:235	group "duplicatedGroupDiffFiles": received stop signal
2020-09-22T16:28:00.045Z	info	app/vmalert/manager.go:84	reading rules configuration file from "config/testdata/rules1-good.rules"
2020-09-22T16:28:00.045Z	info	app/vmalert/manager.go:84	reading rules configuration file from "config/testdata/dir/rules0-bad.rules"
2020-09-22T16:28:00.045Z	info	app/vmalert/group.go:225	group "duplicatedGroupDiffFiles" started; interval=1ms; concurrency=1
2020-09-22T16:28:00.045Z	info	app/vmalert/manager.go:84	reading rules configuration file from "config/testdata/dir/rules1-good.rules"
2020-09-22T16:28:00.045Z	info	app/vmalert/group.go:235	group "duplicatedGroupDiffFiles": received stop signal
2020-09-22T16:28:00.045Z	info	app/vmalert/group.go:225	group "TestGroup" started; interval=2s; concurrency=2
2020-09-22T16:28:00.045Z	info	app/vmalert/group.go:235	group "TestGroup": received stop signal
2020-09-22T16:28:00.045Z	info	app/vmalert/manager.go:84	reading rules configuration file from "config/testdata/rules2-good.rules"
2020-09-22T16:28:00.045Z	info	app/vmalert/manager.go:84	reading rules configuration file from "config/testdata/dir/rules1-bad.rules"
2020-09-22T16:28:00.045Z	info	app/vmalert/group.go:225	group "duplicatedGroupDiffFiles" started; interval=1ms; concurrency=1
2020-09-22T16:28:00.045Z	info	app/vmalert/group.go:235	group "duplicatedGroupDiffFiles": received stop signal
2020-09-22T16:28:00.045Z	info	app/vmalert/group.go:225	group "TestGroup" started; interval=2s; concurrency=2
2020-09-22T16:28:00.045Z	info	app/vmalert/manager.go:84	reading rules configuration file from "config/testdata/dir/rules1-good.rules"
2020-09-22T16:28:00.045Z	info	app/vmalert/group.go:235	group "TestGroup": received stop signal
2020-09-22T16:28:00.046Z	info	app/vmalert/group.go:225	group "groupTest" started; interval=1ms; concurrency=1
2020-09-22T16:28:00.046Z	info	app/vmalert/group.go:235	group "groupTest": received stop signal
2020-09-22T16:28:00.046Z	info	app/vmalert/manager.go:84	reading rules configuration file from "config/testdata/dir/rules1-bad.rules"
2020-09-22T16:28:00.046Z	info	app/vmalert/manager.go:84	reading rules configuration file from "config/testdata/rules2-good.rules"
2020-09-22T16:28:00.046Z	info	app/vmalert/group.go:225	group "TestGroup" started; interval=2s; concurrency=2
2020-09-22T16:28:00.046Z	info	app/vmalert/manager.go:84	reading rules configuration file from "config/testdata/rules2-good.rules"
2020-09-22T16:28:00.046Z	info	app/vmalert/group.go:235	group "TestGroup": received stop signal
2020-09-22T16:28:00.046Z	info	app/vmalert/group.go:225	group "groupTest" started; interval=1ms; concurrency=1
2020-09-22T16:28:00.046Z	info	app/vmalert/manager.go:84	reading rules configuration file from "config/testdata/rules0-good.rules"
2020-09-22T16:28:00.046Z	info	app/vmalert/group.go:235	group "groupTest": received stop signal
2020-09-22T16:28:00.046Z	info	app/vmalert/manager.go:84	reading rules configuration file from "config/testdata/rules1-good.rules"
2020-09-22T16:28:00.046Z	info	app/vmalert/manager.go:84	reading rules configuration file from "config/testdata/dir/rules0-bad.rules"
2020-09-22T16:28:00.046Z	info	app/vmalert/group.go:225	group "TestGroup" started; interval=2s; concurrency=2
2020-09-22T16:28:00.046Z	info	app/vmalert/group.go:235	group "TestGroup": received stop signal
2020-09-22T16:28:00.046Z	info	app/vmalert/group.go:225	group "duplicatedGroupDiffFiles" started; interval=1ms; concurrency=1
2020-09-22T16:28:00.046Z	info	app/vmalert/group.go:235	group "duplicatedGroupDiffFiles": received stop signal
2020-09-22T16:28:00.046Z	info	app/vmalert/manager.go:84	reading rules configuration file from "config/testdata/rules1-good.rules"
2020-09-22T16:28:00.046Z	info	app/vmalert/group.go:225	group "duplicatedGroupDiffFiles" started; interval=1ms; concurrency=1
2020-09-22T16:28:00.046Z	info	app/vmalert/group.go:235	group "duplicatedGroupDiffFiles": received stop signal
2020-09-22T16:28:00.047Z	info	app/vmalert/manager.go:84	reading rules configuration file from "config/testdata/dir/rules0-good.rules"
2020-09-22T16:28:00.047Z	info	app/vmalert/manager.go:84	reading rules configuration file from "config/testdata/dir/rules0-bad.rules"
2020-09-22T16:28:00.047Z	info	app/vmalert/group.go:225	group "groupTest" started; interval=1ms; concurrency=1
2020-09-22T16:28:00.047Z	info	app/vmalert/manager.go:84	reading rules configuration file from "config/testdata/dir/rules0-good.rules"
2020-09-22T16:28:00.047Z	info	app/vmalert/group.go:235	group "groupTest": received stop signal
2020-09-22T16:28:00.047Z	info	app/vmalert/group.go:225	group "TestGroup" started; interval=2s; concurrency=2
2020-09-22T16:28:00.047Z	info	app/vmalert/manager.go:84	reading rules configuration file from "config/testdata/rules2-good.rules"
2020-09-22T16:28:00.047Z	info	app/vmalert/group.go:235	group "TestGroup": received stop signal
2020-09-22T16:28:00.047Z	info	app/vmalert/group.go:225	group "duplicatedGroupDiffFiles" started; interval=1ms; concurrency=1
2020-09-22T16:28:00.047Z	info	app/vmalert/manager.go:84	reading rules configuration file from "config/testdata/rules0-good.rules"
2020-09-22T16:28:00.047Z	info	app/vmalert/group.go:235	group "duplicatedGroupDiffFiles": received stop signal
2020-09-22T16:28:00.047Z	info	app/vmalert/manager.go:84	reading rules configuration file from "config/testdata/rules2-good.rules"
2020-09-22T16:28:00.047Z	info	app/vmalert/manager.go:84	reading rules configuration file from "config/testdata/rules2-good.rules"
2020-09-22T16:28:00.047Z	info	app/vmalert/group.go:225	group "groupTest" started; interval=1ms; concurrency=1
2020-09-22T16:28:00.047Z	info	app/vmalert/group.go:235	group "groupTest": received stop signal
2020-09-22T16:28:00.047Z	info	app/vmalert/group.go:225	group "groupGorSingleAlert" started; interval=1ms; concurrency=1
2020-09-22T16:28:00.047Z	info	app/vmalert/manager.go:84	reading rules configuration file from "config/testdata/dir/rules0-bad.rules"
2020-09-22T16:28:00.047Z	info	app/vmalert/group.go:225	group "TestGroup" started; interval=1ms; concurrency=1
2020-09-22T16:28:00.047Z	info	app/vmalert/group.go:235	group "TestGroup": received stop signal
2020-09-22T16:28:00.048Z	info	app/vmalert/group.go:235	group "groupGorSingleAlert": received stop signal
2020-09-22T16:28:00.048Z	info	app/vmalert/group.go:225	group "groupTest" started; interval=1ms; concurrency=1
2020-09-22T16:28:00.048Z	info	app/vmalert/group.go:235	group "groupTest": received stop signal
2020-09-22T16:28:00.048Z	info	app/vmalert/manager.go:84	reading rules configuration file from "config/testdata/rules0-good.rules"
2020-09-22T16:28:00.048Z	info	app/vmalert/group.go:225	group "groupGorSingleAlert" started; interval=1ms; concurrency=1
2020-09-22T16:28:00.048Z	info	app/vmalert/group.go:225	group "TestGroup" started; interval=1ms; concurrency=1
2020-09-22T16:28:00.048Z	info	app/vmalert/group.go:235	group "TestGroup": received stop signal
2020-09-22T16:28:00.048Z	info	app/vmalert/group.go:235	group "groupGorSingleAlert": received stop signal
2020-09-22T16:28:00.048Z	info	app/vmalert/manager.go:84	reading rules configuration file from "config/testdata/dir/rules0-bad.rules"
2020-09-22T16:28:00.048Z	info	app/vmalert/group.go:225	group "duplicatedGroupDiffFiles" started; interval=1ms; concurrency=1
2020-09-22T16:28:00.048Z	info	app/vmalert/group.go:235	group "duplicatedGroupDiffFiles": received stop signal
2020-09-22T16:28:00.048Z	info	app/vmalert/group.go:225	group "TestGroup" started; interval=2s; concurrency=2
2020-09-22T16:28:00.048Z	info	app/vmalert/group.go:235	group "TestGroup": received stop signal
2020-09-22T16:28:00.048Z	info	app/vmalert/manager.go:84	reading rules configuration file from "config/testdata/rules0-good.rules"
2020-09-22T16:28:00.048Z	info	app/vmalert/manager.go:84	reading rules configuration file from "config/testdata/dir/rules1-good.rules"
2020-09-22T16:28:00.048Z	info	app/vmalert/group.go:225	group "groupGorSingleAlert" started; interval=1ms; concurrency=1
2020-09-22T16:28:00.048Z	info	app/vmalert/group.go:225	group "TestGroup" started; interval=1ms; concurrency=1
2020-09-22T16:28:00.048Z	info	app/vmalert/group.go:235	group "groupGorSingleAlert": received stop signal
2020-09-22T16:28:00.048Z	info	app/vmalert/manager.go:84	reading rules configuration file from "config/testdata/rules0-good.rules"
2020-09-22T16:28:00.048Z	info	app/vmalert/group.go:235	group "TestGroup": received stop signal
2020-09-22T16:28:00.049Z	info	app/vmalert/group.go:225	group "groupTest" started; interval=1ms; concurrency=1
2020-09-22T16:28:00.049Z	info	app/vmalert/group.go:235	group "groupTest": received stop signal
2020-09-22T16:28:00.049Z	info	app/vmalert/group.go:225	group "duplicatedGroupDiffFiles" started; interval=1ms; concurrency=1
2020-09-22T16:28:00.049Z	info	app/vmalert/group.go:235	group "duplicatedGroupDiffFiles": received stop signal
2020-09-22T16:28:00.049Z	info	app/vmalert/group.go:225	group "groupGorSingleAlert" started; interval=1ms; concurrency=1
2020-09-22T16:28:00.049Z	info	app/vmalert/manager.go:84	reading rules configuration file from "config/testdata/dir/rules1-good.rules"
2020-09-22T16:28:00.049Z	info	app/vmalert/group.go:235	group "groupGorSingleAlert": received stop signal
2020-09-22T16:28:00.049Z	info	app/vmalert/group.go:225	group "TestGroup" started; interval=1ms; concurrency=1
2020-09-22T16:28:00.049Z	info	app/vmalert/group.go:235	group "TestGroup": received stop signal
2020-09-22T16:28:00.050Z	info	app/vmalert/manager.go:84	reading rules configuration file from "config/testdata/rules0-good.rules"
2020-09-22T16:28:00.050Z	info	app/vmalert/group.go:225	group "duplicatedGroupDiffFiles" started; interval=1ms; concurrency=1
2020-09-22T16:28:00.050Z	info	app/vmalert/group.go:235	group "duplicatedGroupDiffFiles": received stop signal
2020-09-22T16:28:00.050Z	info	app/vmalert/group.go:225	group "duplicatedGroupDiffFiles" started; interval=1ms; concurrency=1
2020-09-22T16:28:00.050Z	info	app/vmalert/manager.go:84	reading rules configuration file from "config/testdata/dir/rules1-good.rules"
2020-09-22T16:28:00.050Z	info	app/vmalert/group.go:235	group "duplicatedGroupDiffFiles": received stop signal
2020-09-22T16:28:00.050Z	info	app/vmalert/group.go:225	group "groupTest" started; interval=1ms; concurrency=1
2020-09-22T16:28:00.050Z	info	app/vmalert/manager.go:84	reading rules configuration file from "config/testdata/rules1-good.rules"
2020-09-22T16:28:00.050Z	info	app/vmalert/group.go:235	group "groupTest": received stop signal
2020-09-22T16:28:00.050Z	info	app/vmalert/manager.go:84	reading rules configuration file from "config/testdata/rules1-good.rules"
2020-09-22T16:28:00.050Z	info	app/vmalert/manager.go:84	reading rules configuration file from "config/testdata/dir/rules1-bad.rules"
2020-09-22T16:28:00.050Z	info	app/vmalert/group.go:225	group "TestGroup" started; interval=2s; concurrency=2
2020-09-22T16:28:00.050Z	info	app/vmalert/group.go:235	group "TestGroup": received stop signal
2020-09-22T16:28:00.050Z	info	app/vmalert/group.go:225	group "duplicatedGroupDiffFiles" started; interval=1ms; concurrency=1
2020-09-22T16:28:00.050Z	info	app/vmalert/group.go:235	group "duplicatedGroupDiffFiles": received stop signal
2020-09-22T16:28:00.050Z	info	app/vmalert/manager.go:84	reading rules configuration file from "config/testdata/rules1-good.rules"
2020-09-22T16:28:00.051Z	info	app/vmalert/group.go:225	group "groupGorSingleAlert" started; interval=1ms; concurrency=1
2020-09-22T16:28:00.051Z	info	app/vmalert/manager.go:84	reading rules configuration file from "config/testdata/dir/rules0-good.rules"
2020-09-22T16:28:00.051Z	info	app/vmalert/group.go:235	group "groupGorSingleAlert": received stop signal
2020-09-22T16:28:00.051Z	info	app/vmalert/group.go:225	group "TestGroup" started; interval=1ms; concurrency=1
2020-09-22T16:28:00.051Z	info	app/vmalert/group.go:235	group "TestGroup": received stop signal
2020-09-22T16:28:00.051Z	info	app/vmalert/manager.go:84	reading rules configuration file from "config/testdata/rules1-good.rules"
2020-09-22T16:28:00.051Z	info	app/vmalert/group.go:225	group "groupTest" started; interval=1ms; concurrency=1
2020-09-22T16:28:00.051Z	info	app/vmalert/group.go:235	group "groupTest": received stop signal
2020-09-22T16:28:00.051Z	info	app/vmalert/group.go:225	group "groupGorSingleAlert" started; interval=1ms; concurrency=1
2020-09-22T16:28:00.051Z	info	app/vmalert/group.go:235	group "groupGorSingleAlert": received stop signal
2020-09-22T16:28:00.051Z	info	app/vmalert/manager.go:84	reading rules configuration file from "config/testdata/rules1-good.rules"
2020-09-22T16:28:00.051Z	info	app/vmalert/group.go:225	group "TestGroup" started; interval=1ms; concurrency=1
2020-09-22T16:28:00.052Z	info	app/vmalert/group.go:235	group "TestGroup": received stop signal
2020-09-22T16:28:00.052Z	info	app/vmalert/group.go:225	group "duplicatedGroupDiffFiles" started; interval=1ms; concurrency=1
2020-09-22T16:28:00.052Z	info	app/vmalert/manager.go:84	reading rules configuration file from "config/testdata/dir/rules1-bad.rules"
2020-09-22T16:28:00.052Z	info	app/vmalert/manager.go:84	reading rules configuration file from "config/testdata/rules0-good.rules"
2020-09-22T16:28:00.052Z	info	app/vmalert/manager.go:84	reading rules configuration file from "config/testdata/dir/rules1-good.rules"
2020-09-22T16:28:00.052Z	info	app/vmalert/manager.go:84	reading rules configuration file from "config/testdata/rules1-good.rules"
2020-09-22T16:28:00.052Z	info	app/vmalert/group.go:235	group "duplicatedGroupDiffFiles": received stop signal
2020-09-22T16:28:00.052Z	info	app/vmalert/group.go:225	group "groupTest" started; interval=1ms; concurrency=1
2020-09-22T16:28:00.052Z	info	app/vmalert/group.go:235	group "groupTest": received stop signal
2020-09-22T16:28:00.052Z	info	app/vmalert/manager.go:84	reading rules configuration file from "config/testdata/dir/rules0-bad.rules"
2020-09-22T16:28:00.052Z	info	app/vmalert/group.go:225	group "duplicatedGroupDiffFiles" started; interval=1ms; concurrency=1
2020-09-22T16:28:00.052Z	info	app/vmalert/group.go:235	group "duplicatedGroupDiffFiles": received stop signal
2020-09-22T16:28:00.053Z	info	app/vmalert/group.go:225	group "TestGroup" started; interval=2s; concurrency=2
2020-09-22T16:28:00.053Z	info	app/vmalert/group.go:235	group "TestGroup": received stop signal
2020-09-22T16:28:00.053Z	info	app/vmalert/group.go:225	group "TestGroup" started; interval=1ms; concurrency=1
2020-09-22T16:28:00.053Z	info	app/vmalert/group.go:235	group "TestGroup": received stop signal
2020-09-22T16:28:00.053Z	info	app/vmalert/group.go:225	group "groupGorSingleAlert" started; interval=1ms; concurrency=1
2020-09-22T16:28:00.053Z	info	app/vmalert/group.go:235	group "groupGorSingleAlert": received stop signal
2020-09-22T16:28:00.053Z	info	app/vmalert/manager.go:84	reading rules configuration file from "config/testdata/dir/rules0-good.rules"
2020-09-22T16:28:00.053Z	info	app/vmalert/manager.go:84	reading rules configuration file from "config/testdata/rules2-good.rules"
2020-09-22T16:28:00.053Z	info	app/vmalert/group.go:225	group "groupTest" started; interval=1ms; concurrency=1
2020-09-22T16:28:00.053Z	info	app/vmalert/manager.go:84	reading rules configuration file from "config/testdata/dir/rules1-good.rules"
2020-09-22T16:28:00.053Z	info	app/vmalert/group.go:235	group "groupTest": received stop signal
2020-09-22T16:28:00.053Z	info	app/vmalert/manager.go:84	reading rules configuration file from "config/testdata/dir/rules1-bad.rules"
2020-09-22T16:28:00.053Z	info	app/vmalert/group.go:225	group "TestGroup" started; interval=2s; concurrency=2
2020-09-22T16:28:00.054Z	info	app/vmalert/manager.go:84	reading rules configuration file from "config/testdata/rules2-good.rules"
2020-09-22T16:28:00.054Z	info	app/vmalert/group.go:235	group "TestGroup": received stop signal
2020-09-22T16:28:00.054Z	info	app/vmalert/group.go:225	group "TestGroup" started; interval=1ms; concurrency=1
2020-09-22T16:28:00.054Z	info	app/vmalert/manager.go:84	reading rules configuration file from "config/testdata/rules0-good.rules"
2020-09-22T16:28:00.054Z	info	app/vmalert/group.go:225	group "groupGorSingleAlert" started; interval=1ms; concurrency=1
2020-09-22T16:28:00.054Z	info	app/vmalert/manager.go:84	reading rules configuration file from "config/testdata/rules0-good.rules"
2020-09-22T16:28:00.054Z	info	app/vmalert/group.go:235	group "groupGorSingleAlert": received stop signal
2020-09-22T16:28:00.054Z	info	app/vmalert/group.go:235	group "TestGroup": received stop signal
2020-09-22T16:28:00.054Z	info	app/vmalert/group.go:225	group "groupTest" started; interval=1ms; concurrency=1
2020-09-22T16:28:00.054Z	info	app/vmalert/group.go:235	group "groupTest": received stop signal
2020-09-22T16:28:00.054Z	info	app/vmalert/manager.go:84	reading rules configuration file from "config/testdata/rules2-good.rules"
2020-09-22T16:28:00.054Z	info	app/vmalert/manager.go:84	reading rules configuration file from "config/testdata/dir/rules1-good.rules"
2020-09-22T16:28:00.054Z	info	app/vmalert/manager.go:84	reading rules configuration file from "config/testdata/rules1-good.rules"
2020-09-22T16:28:00.054Z	info	app/vmalert/group.go:225	group "TestGroup" started; interval=1ms; concurrency=1
2020-09-22T16:28:00.054Z	info	app/vmalert/group.go:235	group "TestGroup": received stop signal
2020-09-22T16:28:00.054Z	info	app/vmalert/manager.go:84	reading rules configuration file from "config/testdata/dir/rules1-good.rules"
2020-09-22T16:28:00.055Z	info	app/vmalert/group.go:225	group "groupGorSingleAlert" started; interval=1ms; concurrency=1
2020-09-22T16:28:00.055Z	info	app/vmalert/group.go:235	group "groupGorSingleAlert": received stop signal
2020-09-22T16:28:00.055Z	info	app/vmalert/group.go:225	group "TestGroup" started; interval=2s; concurrency=2
2020-09-22T16:28:00.055Z	info	app/vmalert/manager.go:84	reading rules configuration file from "config/testdata/rules1-good.rules"
2020-09-22T16:28:00.055Z	info	app/vmalert/group.go:235	group "TestGroup": received stop signal
2020-09-22T16:28:00.055Z	info	app/vmalert/group.go:225	group "groupTest" started; interval=1ms; concurrency=1
2020-09-22T16:28:00.055Z	info	app/vmalert/group.go:235	group "groupTest": received stop signal
2020-09-22T16:28:00.055Z	info	app/vmalert/manager.go:84	reading rules configuration file from "config/testdata/dir/rules0-bad.rules"
2020-09-22T16:28:00.055Z	info	app/vmalert/group.go:225	group "TestGroup" started; interval=1ms; concurrency=1
2020-09-22T16:28:00.055Z	info	app/vmalert/manager.go:84	reading rules configuration file from "config/testdata/dir/rules1-bad.rules"
2020-09-22T16:28:00.055Z	info	app/vmalert/group.go:225	group "groupGorSingleAlert" started; interval=1ms; concurrency=1
2020-09-22T16:28:00.055Z	info	app/vmalert/group.go:235	group "TestGroup": received stop signal
2020-09-22T16:28:00.055Z	info	app/vmalert/group.go:235	group "groupGorSingleAlert": received stop signal
2020-09-22T16:28:00.055Z	info	app/vmalert/manager.go:84	reading rules configuration file from "config/testdata/dir/rules1-bad.rules"
2020-09-22T16:28:00.055Z	info	app/vmalert/manager.go:84	reading rules configuration file from "config/testdata/dir/rules0-bad.rules"
2020-09-22T16:28:00.055Z	info	app/vmalert/group.go:225	group "TestGroup" started; interval=2s; concurrency=2
2020-09-22T16:28:00.055Z	info	app/vmalert/group.go:235	group "TestGroup": received stop signal
2020-09-22T16:28:00.055Z	info	app/vmalert/group.go:225	group "groupGorSingleAlert" started; interval=1ms; concurrency=1
2020-09-22T16:28:00.055Z	info	app/vmalert/group.go:235	group "groupGorSingleAlert": received stop signal
2020-09-22T16:28:00.055Z	info	app/vmalert/manager.go:84	reading rules configuration file from "config/testdata/dir/rules1-good.rules"
2020-09-22T16:28:00.055Z	info	app/vmalert/group.go:225	group "TestGroup" started; interval=1ms; concurrency=1
2020-09-22T16:28:00.055Z	info	app/vmalert/group.go:235	group "TestGroup": received stop signal
2020-09-22T16:28:00.055Z	info	app/vmalert/group.go:225	group "TestGroup" started; interval=2s; concurrency=2
2020-09-22T16:28:00.055Z	info	app/vmalert/manager.go:84	reading rules configuration file from "config/testdata/rules2-good.rules"
2020-09-22T16:28:00.055Z	info	app/vmalert/group.go:235	group "TestGroup": received stop signal
2020-09-22T16:28:00.055Z	info	app/vmalert/manager.go:84	reading rules configuration file from "config/testdata/rules1-good.rules"
2020-09-22T16:28:00.056Z	info	app/vmalert/group.go:225	group "duplicatedGroupDiffFiles" started; interval=1ms; concurrency=1
2020-09-22T16:28:00.056Z	info	app/vmalert/manager.go:84	reading rules configuration file from "config/testdata/rules0-good.rules"
2020-09-22T16:28:00.056Z	info	app/vmalert/group.go:235	group "duplicatedGroupDiffFiles": received stop signal
2020-09-22T16:28:00.056Z	info	app/vmalert/manager.go:84	reading rules configuration file from "config/testdata/rules0-good.rules"
2020-09-22T16:28:00.056Z	info	app/vmalert/group.go:225	group "groupTest" started; interval=1ms; concurrency=1
2020-09-22T16:28:00.056Z	info	app/vmalert/manager.go:84	reading rules configuration file from "config/testdata/dir/rules1-good.rules"
2020-09-22T16:28:00.056Z	info	app/vmalert/group.go:235	group "groupTest": received stop signal
2020-09-22T16:28:00.056Z	info	app/vmalert/group.go:225	group "TestGroup" started; interval=2s; concurrency=2
2020-09-22T16:28:00.057Z	info	app/vmalert/group.go:235	group "TestGroup": received stop signal
2020-09-22T16:28:00.057Z	info	app/vmalert/group.go:225	group "TestGroup" started; interval=1ms; concurrency=1
2020-09-22T16:28:00.057Z	info	app/vmalert/group.go:225	group "groupGorSingleAlert" started; interval=1ms; concurrency=1
2020-09-22T16:28:00.057Z	info	app/vmalert/manager.go:84	reading rules configuration file from "config/testdata/rules2-good.rules"
2020-09-22T16:28:00.057Z	info	app/vmalert/group.go:235	group "groupGorSingleAlert": received stop signal
2020-09-22T16:28:00.057Z	info	app/vmalert/manager.go:84	reading rules configuration file from "config/testdata/rules1-good.rules"
2020-09-22T16:28:00.057Z	info	app/vmalert/group.go:235	group "TestGroup": received stop signal
2020-09-22T16:28:00.057Z	info	app/vmalert/group.go:225	group "TestGroup" started; interval=2s; concurrency=2
2020-09-22T16:28:00.057Z	info	app/vmalert/manager.go:84	reading rules configuration file from "config/testdata/dir/rules0-good.rules"
2020-09-22T16:28:00.057Z	info	app/vmalert/group.go:235	group "TestGroup": received stop signal
2020-09-22T16:28:00.057Z	info	app/vmalert/manager.go:84	reading rules configuration file from "config/testdata/rules0-good.rules"
2020-09-22T16:28:00.057Z	info	app/vmalert/group.go:225	group "groupTest" started; interval=1ms; concurrency=1
2020-09-22T16:28:00.057Z	info	app/vmalert/group.go:235	group "groupTest": received stop signal
2020-09-22T16:28:00.057Z	info	app/vmalert/group.go:225	group "groupGorSingleAlert" started; interval=1ms; concurrency=1
2020-09-22T16:28:00.057Z	info	app/vmalert/group.go:235	group "groupGorSingleAlert": received stop signal
2020-09-22T16:28:00.057Z	info	app/vmalert/group.go:225	group "TestGroup" started; interval=1ms; concurrency=1
2020-09-22T16:28:00.057Z	info	app/vmalert/group.go:235	group "TestGroup": received stop signal
2020-09-22T16:28:00.057Z	info	app/vmalert/group.go:225	group "duplicatedGroupDiffFiles" started; interval=1ms; concurrency=1
2020-09-22T16:28:00.057Z	info	app/vmalert/group.go:235	group "duplicatedGroupDiffFiles": received stop signal
2020-09-22T16:28:00.057Z	info	app/vmalert/manager.go:84	reading rules configuration file from "config/testdata/dir/rules1-good.rules"
2020-09-22T16:28:00.057Z	info	app/vmalert/group.go:225	group "groupTest" started; interval=1ms; concurrency=1
2020-09-22T16:28:00.057Z	info	app/vmalert/group.go:235	group "groupTest": received stop signal
2020-09-22T16:28:00.057Z	info	app/vmalert/group.go:225	group "duplicatedGroupDiffFiles" started; interval=1ms; concurrency=1
2020-09-22T16:28:00.057Z	info	app/vmalert/group.go:235	group "duplicatedGroupDiffFiles": received stop signal
2020-09-22T16:28:00.058Z	info	app/vmalert/group.go:225	group "duplicatedGroupDiffFiles" started; interval=1ms; concurrency=1
2020-09-22T16:28:00.058Z	info	app/vmalert/group.go:235	group "duplicatedGroupDiffFiles": received stop signal
2020-09-22T16:28:00.058Z	info	app/vmalert/group.go:225	group "TestGroup" started; interval=1ms; concurrency=1
2020-09-22T16:28:00.058Z	info	app/vmalert/manager.go:84	reading rules configuration file from "config/testdata/dir/rules1-good.rules"
2020-09-22T16:28:00.058Z	info	app/vmalert/group.go:225	group "groupGorSingleAlert" started; interval=1ms; concurrency=1
2020-09-22T16:28:00.058Z	info	app/vmalert/group.go:235	group "groupGorSingleAlert": received stop signal
2020-09-22T16:28:00.058Z	info	app/vmalert/group.go:235	group "TestGroup": received stop signal
2020-09-22T16:28:00.058Z	info	app/vmalert/group.go:225	group "TestGroup" started; interval=2s; concurrency=2
2020-09-22T16:28:00.058Z	info	app/vmalert/manager.go:84	reading rules configuration file from "config/testdata/rules2-good.rules"
2020-09-22T16:28:00.058Z	info	app/vmalert/group.go:235	group "TestGroup": received stop signal
2020-09-22T16:28:00.058Z	info	app/vmalert/group.go:225	group "duplicatedGroupDiffFiles" started; interval=1ms; concurrency=1
2020-09-22T16:28:00.058Z	info	app/vmalert/group.go:235	group "duplicatedGroupDiffFiles": received stop signal
2020-09-22T16:28:00.058Z	info	app/vmalert/group.go:225	group "TestGroup" started; interval=2s; concurrency=2
2020-09-22T16:28:00.058Z	info	app/vmalert/manager.go:84	reading rules configuration file from "config/testdata/rules1-good.rules"
2020-09-22T16:28:00.058Z	info	app/vmalert/group.go:235	group "TestGroup": received stop signal
2020-09-22T16:28:00.058Z	info	app/vmalert/group.go:225	group "duplicatedGroupDiffFiles" started; interval=1ms; concurrency=1
2020-09-22T16:28:00.058Z	info	app/vmalert/group.go:235	group "duplicatedGroupDiffFiles": received stop signal
2020-09-22T16:28:00.058Z	info	app/vmalert/manager.go:84	reading rules configuration file from "config/testdata/dir/rules1-good.rules"
2020-09-22T16:28:00.058Z	info	app/vmalert/group.go:225	group "duplicatedGroupDiffFiles" started; interval=1ms; concurrency=1
2020-09-22T16:28:00.058Z	info	app/vmalert/group.go:235	group "duplicatedGroupDiffFiles": received stop signal
2020-09-22T16:28:00.058Z	info	app/vmalert/manager.go:84	reading rules configuration file from "config/testdata/rules2-good.rules"
2020-09-22T16:28:00.058Z	info	app/vmalert/manager.go:84	reading rules configuration file from "config/testdata/dir/rules0-good.rules"
2020-09-22T16:28:00.058Z	info	app/vmalert/group.go:225	group "duplicatedGroupDiffFiles" started; interval=1ms; concurrency=1
2020-09-22T16:28:00.058Z	info	app/vmalert/group.go:235	group "duplicatedGroupDiffFiles": received stop signal
2020-09-22T16:28:00.058Z	info	app/vmalert/group.go:225	group "TestGroup" started; interval=2s; concurrency=2
2020-09-22T16:28:00.058Z	info	app/vmalert/group.go:235	group "TestGroup": received stop signal
2020-09-22T16:28:00.058Z	info	app/vmalert/manager.go:84	reading rules configuration file from "config/testdata/dir/rules1-bad.rules"
2020-09-22T16:28:00.059Z	info	app/vmalert/manager.go:84	reading rules configuration file from "config/testdata/rules1-good.rules"
2020-09-22T16:28:00.059Z	info	app/vmalert/group.go:225	group "groupGorSingleAlert" started; interval=1ms; concurrency=1
2020-09-22T16:28:00.059Z	info	app/vmalert/group.go:225	group "TestGroup" started; interval=1ms; concurrency=1
2020-09-22T16:28:00.059Z	info	app/vmalert/group.go:235	group "groupGorSingleAlert": received stop signal
2020-09-22T16:28:00.060Z	info	app/vmalert/group.go:235	group "TestGroup": received stop signal
2020-09-22T16:28:00.060Z	info	app/vmalert/manager.go:84	reading rules configuration file from "config/testdata/dir/rules1-bad.rules"
2020-09-22T16:28:00.060Z	info	app/vmalert/group.go:225	group "TestGroup" started; interval=2s; concurrency=2
2020-09-22T16:28:00.060Z	info	app/vmalert/group.go:235	group "TestGroup": received stop signal
2020-09-22T16:28:00.060Z	info	app/vmalert/manager.go:84	reading rules configuration file from "config/testdata/dir/rules1-bad.rules"
2020-09-22T16:28:00.060Z	info	app/vmalert/group.go:225	group "duplicatedGroupDiffFiles" started; interval=1ms; concurrency=1
2020-09-22T16:28:00.060Z	info	app/vmalert/group.go:235	group "duplicatedGroupDiffFiles": received stop signal
2020-09-22T16:28:00.060Z	info	app/vmalert/manager.go:84	reading rules configuration file from "config/testdata/dir/rules0-good.rules"
2020-09-22T16:28:00.060Z	info	app/vmalert/group.go:225	group "duplicatedGroupDiffFiles" started; interval=1ms; concurrency=1
2020-09-22T16:28:00.060Z	info	app/vmalert/group.go:235	group "duplicatedGroupDiffFiles": received stop signal
2020-09-22T16:28:00.060Z	info	app/vmalert/manager.go:84	reading rules configuration file from "config/testdata/dir/rules0-good.rules"
2020-09-22T16:28:00.060Z	info	app/vmalert/group.go:225	group "duplicatedGroupDiffFiles" started; interval=1ms; concurrency=1
2020-09-22T16:28:00.060Z	info	app/vmalert/group.go:235	group "duplicatedGroupDiffFiles": received stop signal
2020-09-22T16:28:00.060Z	info	app/vmalert/group.go:225	group "groupGorSingleAlert" started; interval=1ms; concurrency=1
2020-09-22T16:28:00.060Z	info	app/vmalert/group.go:235	group "groupGorSingleAlert": received stop signal
2020-09-22T16:28:00.061Z	info	app/vmalert/group.go:225	group "TestGroup" started; interval=1ms; concurrency=1
2020-09-22T16:28:00.061Z	info	app/vmalert/group.go:235	group "TestGroup": received stop signal
2020-09-22T16:28:00.061Z	info	app/vmalert/manager.go:84	reading rules configuration file from "config/testdata/dir/rules0-good.rules"
2020-09-22T16:28:00.061Z	info	app/vmalert/group.go:225	group "groupTest" started; interval=1ms; concurrency=1
2020-09-22T16:28:00.061Z	info	app/vmalert/group.go:235	group "groupTest": received stop signal
2020-09-22T16:28:00.061Z	info	app/vmalert/manager.go:84	reading rules configuration file from "config/testdata/dir/rules1-good.rules"
2020-09-22T16:28:00.061Z	info	app/vmalert/group.go:225	group "TestGroup" started; interval=1ms; concurrency=1
2020-09-22T16:28:00.061Z	info	app/vmalert/group.go:225	group "groupGorSingleAlert" started; interval=1ms; concurrency=1
2020-09-22T16:28:00.061Z	info	app/vmalert/group.go:235	group "groupGorSingleAlert": received stop signal
2020-09-22T16:28:00.061Z	info	app/vmalert/group.go:235	group "TestGroup": received stop signal
2020-09-22T16:28:00.061Z	info	app/vmalert/group.go:225	group "TestGroup" started; interval=2s; concurrency=2
2020-09-22T16:28:00.061Z	info	app/vmalert/group.go:235	group "TestGroup": received stop signal
2020-09-22T16:28:00.061Z	info	app/vmalert/manager.go:84	reading rules configuration file from "config/testdata/dir/rules1-bad.rules"
2020-09-22T16:28:00.061Z	info	app/vmalert/group.go:225	group "duplicatedGroupDiffFiles" started; interval=1ms; concurrency=1
2020-09-22T16:28:00.061Z	info	app/vmalert/group.go:235	group "duplicatedGroupDiffFiles": received stop signal
2020-09-22T16:28:00.061Z	info	app/vmalert/manager.go:84	reading rules configuration file from "config/testdata/rules1-good.rules"
2020-09-22T16:28:00.061Z	info	app/vmalert/group.go:225	group "groupTest" started; interval=1ms; concurrency=1
2020-09-22T16:28:00.061Z	info	app/vmalert/group.go:235	group "groupTest": received stop signal
2020-09-22T16:28:00.061Z	info	app/vmalert/manager.go:84	reading rules configuration file from "config/testdata/rules0-good.rules"
2020-09-22T16:28:00.062Z	info	app/vmalert/group.go:225	group "duplicatedGroupDiffFiles" started; interval=1ms; concurrency=1
2020-09-22T16:28:00.062Z	info	app/vmalert/group.go:235	group "duplicatedGroupDiffFiles": received stop signal
2020-09-22T16:28:00.062Z	info	app/vmalert/manager.go:84	reading rules configuration file from "config/testdata/dir/rules0-bad.rules"
2020-09-22T16:28:00.062Z	info	app/vmalert/group.go:225	group "groupTest" started; interval=1ms; concurrency=1
2020-09-22T16:28:00.062Z	info	app/vmalert/manager.go:84	reading rules configuration file from "config/testdata/rules0-good.rules"
2020-09-22T16:28:00.062Z	info	app/vmalert/group.go:235	group "groupTest": received stop signal
2020-09-22T16:28:00.062Z	info	app/vmalert/group.go:225	group "duplicatedGroupDiffFiles" started; interval=1ms; concurrency=1
2020-09-22T16:28:00.062Z	info	app/vmalert/manager.go:84	reading rules configuration file from "config/testdata/dir/rules0-bad.rules"
2020-09-22T16:28:00.062Z	info	app/vmalert/group.go:235	group "duplicatedGroupDiffFiles": received stop signal
2020-09-22T16:28:00.062Z	info	app/vmalert/group.go:225	group "groupTest" started; interval=1ms; concurrency=1
2020-09-22T16:28:00.062Z	info	app/vmalert/group.go:235	group "groupTest": received stop signal
2020-09-22T16:28:00.062Z	info	app/vmalert/group.go:225	group "duplicatedGroupDiffFiles" started; interval=1ms; concurrency=1
2020-09-22T16:28:00.062Z	info	app/vmalert/group.go:235	group "duplicatedGroupDiffFiles": received stop signal
2020-09-22T16:28:00.062Z	info	app/vmalert/manager.go:84	reading rules configuration file from "config/testdata/dir/rules1-bad.rules"
2020-09-22T16:28:00.062Z	info	app/vmalert/manager.go:84	reading rules configuration file from "config/testdata/dir/rules1-good.rules"
2020-09-22T16:28:00.062Z	info	app/vmalert/group.go:225	group "duplicatedGroupDiffFiles" started; interval=1ms; concurrency=1
2020-09-22T16:28:00.062Z	info	app/vmalert/manager.go:84	reading rules configuration file from "config/testdata/rules1-good.rules"
2020-09-22T16:28:00.062Z	info	app/vmalert/group.go:235	group "duplicatedGroupDiffFiles": received stop signal
2020-09-22T16:28:00.062Z	info	app/vmalert/group.go:225	group "duplicatedGroupDiffFiles" started; interval=1ms; concurrency=1
2020-09-22T16:28:00.063Z	info	app/vmalert/group.go:235	group "duplicatedGroupDiffFiles": received stop signal
2020-09-22T16:28:00.062Z	info	app/vmalert/manager.go:84	reading rules configuration file from "config/testdata/rules2-good.rules"
2020-09-22T16:28:00.063Z	info	app/vmalert/manager.go:84	reading rules configuration file from "config/testdata/dir/rules1-bad.rules"
2020-09-22T16:28:00.063Z	info	app/vmalert/manager.go:84	reading rules configuration file from "config/testdata/dir/rules1-good.rules"
2020-09-22T16:28:00.063Z	info	app/vmalert/group.go:225	group "groupGorSingleAlert" started; interval=1ms; concurrency=1
2020-09-22T16:28:00.063Z	info	app/vmalert/group.go:225	group "TestGroup" started; interval=1ms; concurrency=1
2020-09-22T16:28:00.063Z	info	app/vmalert/group.go:235	group "groupGorSingleAlert": received stop signal
2020-09-22T16:28:00.063Z	info	app/vmalert/group.go:235	group "TestGroup": received stop signal
2020-09-22T16:28:00.063Z	info	app/vmalert/manager.go:84	reading rules configuration file from "config/testdata/dir/rules0-good.rules"
2020-09-22T16:28:00.063Z	info	app/vmalert/group.go:225	group "groupTest" started; interval=1ms; concurrency=1
2020-09-22T16:28:00.063Z	info	app/vmalert/group.go:235	group "groupTest": received stop signal
2020-09-22T16:28:00.063Z	info	app/vmalert/group.go:225	group "duplicatedGroupDiffFiles" started; interval=1ms; concurrency=1
2020-09-22T16:28:00.063Z	info	app/vmalert/group.go:235	group "duplicatedGroupDiffFiles": received stop signal
2020-09-22T16:28:00.063Z	info	app/vmalert/manager.go:84	reading rules configuration file from "config/testdata/rules1-good.rules"
2020-09-22T16:28:00.064Z	info	app/vmalert/group.go:225	group "groupGorSingleAlert" started; interval=1ms; concurrency=1
2020-09-22T16:28:00.064Z	info	app/vmalert/group.go:235	group "groupGorSingleAlert": received stop signal
2020-09-22T16:28:00.064Z	info	app/vmalert/group.go:225	group "TestGroup" started; interval=1ms; concurrency=1
2020-09-22T16:28:00.064Z	info	app/vmalert/manager.go:84	reading rules configuration file from "config/testdata/rules1-good.rules"
2020-09-22T16:28:00.064Z	info	app/vmalert/group.go:235	group "TestGroup": received stop signal
2020-09-22T16:28:00.064Z	info	app/vmalert/group.go:225	group "duplicatedGroupDiffFiles" started; interval=1ms; concurrency=1
2020-09-22T16:28:00.064Z	info	app/vmalert/manager.go:84	reading rules configuration file from "config/testdata/dir/rules0-good.rules"
2020-09-22T16:28:00.064Z	info	app/vmalert/group.go:235	group "duplicatedGroupDiffFiles": received stop signal
2020-09-22T16:28:00.064Z	info	app/vmalert/manager.go:84	reading rules configuration file from "config/testdata/rules2-good.rules"
2020-09-22T16:28:00.064Z	info	app/vmalert/group.go:225	group "TestGroup" started; interval=2s; concurrency=2
2020-09-22T16:28:00.065Z	info	app/vmalert/manager.go:84	reading rules configuration file from "config/testdata/rules1-good.rules"
2020-09-22T16:28:00.065Z	info	app/vmalert/group.go:235	group "TestGroup": received stop signal
2020-09-22T16:28:00.065Z	info	app/vmalert/group.go:225	group "duplicatedGroupDiffFiles" started; interval=1ms; concurrency=1
2020-09-22T16:28:00.065Z	info	app/vmalert/group.go:235	group "duplicatedGroupDiffFiles": received stop signal
2020-09-22T16:28:00.065Z	info	app/vmalert/manager.go:84	reading rules configuration file from "config/testdata/dir/rules0-good.rules"
2020-09-22T16:28:00.065Z	info	app/vmalert/manager.go:84	reading rules configuration file from "config/testdata/dir/rules1-bad.rules"
2020-09-22T16:28:00.065Z	info	app/vmalert/group.go:225	group "TestGroup" started; interval=1ms; concurrency=1
2020-09-22T16:28:00.065Z	info	app/vmalert/group.go:225	group "groupGorSingleAlert" started; interval=1ms; concurrency=1
2020-09-22T16:28:00.065Z	info	app/vmalert/group.go:235	group "groupGorSingleAlert": received stop signal
2020-09-22T16:28:00.065Z	info	app/vmalert/group.go:235	group "TestGroup": received stop signal
2020-09-22T16:28:00.066Z	info	app/vmalert/manager.go:84	reading rules configuration file from "config/testdata/dir/rules0-good.rules"
2020-09-22T16:28:00.065Z	info	app/vmalert/group.go:225	group "TestGroup" started; interval=2s; concurrency=2
2020-09-22T16:28:00.066Z	info	app/vmalert/group.go:235	group "TestGroup": received stop signal
2020-09-22T16:28:00.066Z	info	app/vmalert/group.go:225	group "groupGorSingleAlert" started; interval=1ms; concurrency=1
2020-09-22T16:28:00.066Z	info	app/vmalert/group.go:235	group "groupGorSingleAlert": received stop signal
2020-09-22T16:28:00.066Z	info	app/vmalert/group.go:225	group "TestGroup" started; interval=1ms; concurrency=1
2020-09-22T16:28:00.066Z	info	app/vmalert/group.go:235	group "TestGroup": received stop signal
2020-09-22T16:28:00.066Z	info	app/vmalert/manager.go:84	reading rules configuration file from "config/testdata/dir/rules1-good.rules"
2020-09-22T16:28:00.066Z	info	app/vmalert/group.go:225	group "duplicatedGroupDiffFiles" started; interval=1ms; concurrency=1
2020-09-22T16:28:00.066Z	info	app/vmalert/group.go:235	group "duplicatedGroupDiffFiles": received stop signal
2020-09-22T16:28:00.066Z	info	app/vmalert/manager.go:84	reading rules configuration file from "config/testdata/rules2-good.rules"
2020-09-22T16:28:00.066Z	info	app/vmalert/group.go:225	group "groupTest" started; interval=1ms; concurrency=1
2020-09-22T16:28:00.066Z	info	app/vmalert/group.go:235	group "groupTest": received stop signal
2020-09-22T16:28:00.066Z	info	app/vmalert/manager.go:84	reading rules configuration file from "config/testdata/dir/rules1-bad.rules"
2020-09-22T16:28:00.066Z	info	app/vmalert/manager.go:84	reading rules configuration file from "config/testdata/dir/rules1-good.rules"
2020-09-22T16:28:00.066Z	info	app/vmalert/group.go:225	group "TestGroup" started; interval=2s; concurrency=2
2020-09-22T16:28:00.066Z	info	app/vmalert/group.go:235	group "TestGroup": received stop signal
2020-09-22T16:28:00.066Z	info	app/vmalert/manager.go:84	reading rules configuration file from "config/testdata/dir/rules1-good.rules"
2020-09-22T16:28:00.066Z	info	app/vmalert/group.go:225	group "duplicatedGroupDiffFiles" started; interval=1ms; concurrency=1
2020-09-22T16:28:00.066Z	info	app/vmalert/manager.go:84	reading rules configuration file from "config/testdata/rules1-good.rules"
2020-09-22T16:28:00.066Z	info	app/vmalert/group.go:235	group "duplicatedGroupDiffFiles": received stop signal
2020-09-22T16:28:00.066Z	info	app/vmalert/manager.go:84	reading rules configuration file from "config/testdata/rules1-good.rules"
2020-09-22T16:28:00.067Z	info	app/vmalert/group.go:225	group "groupGorSingleAlert" started; interval=1ms; concurrency=1
2020-09-22T16:28:00.067Z	info	app/vmalert/group.go:235	group "groupGorSingleAlert": received stop signal
2020-09-22T16:28:00.067Z	info	app/vmalert/group.go:225	group "TestGroup" started; interval=1ms; concurrency=1
2020-09-22T16:28:00.067Z	info	app/vmalert/group.go:235	group "TestGroup": received stop signal
2020-09-22T16:28:00.067Z	info	app/vmalert/group.go:225	group "TestGroup" started; interval=2s; concurrency=2
2020-09-22T16:28:00.067Z	info	app/vmalert/group.go:235	group "TestGroup": received stop signal
2020-09-22T16:28:00.067Z	info	app/vmalert/manager.go:84	reading rules configuration file from "config/testdata/dir/rules1-good.rules"
2020-09-22T16:28:00.067Z	info	app/vmalert/manager.go:84	reading rules configuration file from "config/testdata/dir/rules1-bad.rules"
2020-09-22T16:28:00.067Z	info	app/vmalert/manager.go:84	reading rules configuration file from "config/testdata/dir/rules1-good.rules"
2020-09-22T16:28:00.067Z	info	app/vmalert/group.go:225	group "duplicatedGroupDiffFiles" started; interval=1ms; concurrency=1
2020-09-22T16:28:00.067Z	info	app/vmalert/group.go:235	group "duplicatedGroupDiffFiles": received stop signal
2020-09-22T16:28:00.067Z	info	app/vmalert/group.go:225	group "TestGroup" started; interval=2s; concurrency=2
2020-09-22T16:28:00.067Z	info	app/vmalert/manager.go:84	reading rules configuration file from "config/testdata/dir/rules0-good.rules"
2020-09-22T16:28:00.067Z	info	app/vmalert/group.go:235	group "TestGroup": received stop signal
2020-09-22T16:28:00.067Z	info	app/vmalert/manager.go:84	reading rules configuration file from "config/testdata/rules2-good.rules"
2020-09-22T16:28:00.067Z	info	app/vmalert/group.go:225	group "groupTest" started; interval=1ms; concurrency=1
2020-09-22T16:28:00.067Z	info	app/vmalert/manager.go:84	reading rules configuration file from "config/testdata/rules0-good.rules"
2020-09-22T16:28:00.067Z	info	app/vmalert/group.go:235	group "groupTest": received stop signal
2020-09-22T16:28:00.067Z	info	app/vmalert/manager.go:84	reading rules configuration file from "config/testdata/rules2-good.rules"
2020-09-22T16:28:00.067Z	info	app/vmalert/group.go:225	group "groupGorSingleAlert" started; interval=1ms; concurrency=1
2020-09-22T16:28:00.067Z	info	app/vmalert/group.go:235	group "groupGorSingleAlert": received stop signal
2020-09-22T16:28:00.067Z	info	app/vmalert/group.go:225	group "TestGroup" started; interval=1ms; concurrency=1
2020-09-22T16:28:00.068Z	info	app/vmalert/group.go:235	group "TestGroup": received stop signal
2020-09-22T16:28:00.068Z	info	app/vmalert/manager.go:84	reading rules configuration file from "config/testdata/dir/rules0-bad.rules"
2020-09-22T16:28:00.068Z	info	app/vmalert/group.go:225	group "duplicatedGroupDiffFiles" started; interval=1ms; concurrency=1
2020-09-22T16:28:00.068Z	info	app/vmalert/group.go:235	group "duplicatedGroupDiffFiles": received stop signal
2020-09-22T16:28:00.068Z	info	app/vmalert/manager.go:84	reading rules configuration file from "config/testdata/dir/rules0-good.rules"
2020-09-22T16:28:00.068Z	info	app/vmalert/group.go:225	group "TestGroup" started; interval=2s; concurrency=2
2020-09-22T16:28:00.068Z	info	app/vmalert/group.go:235	group "TestGroup": received stop signal
2020-09-22T16:28:00.068Z	info	app/vmalert/manager.go:84	reading rules configuration file from "config/testdata/rules0-good.rules"
2020-09-22T16:28:00.068Z	info	app/vmalert/group.go:225	group "duplicatedGroupDiffFiles" started; interval=1ms; concurrency=1
2020-09-22T16:28:00.068Z	info	app/vmalert/group.go:235	group "duplicatedGroupDiffFiles": received stop signal
2020-09-22T16:28:00.068Z	info	app/vmalert/group.go:225	group "TestGroup" started; interval=2s; concurrency=2
2020-09-22T16:28:00.068Z	info	app/vmalert/group.go:235	group "TestGroup": received stop signal
2020-09-22T16:28:00.068Z	info	app/vmalert/group.go:225	group "groupTest" started; interval=1ms; concurrency=1
2020-09-22T16:28:00.068Z	info	app/vmalert/group.go:235	group "groupTest": received stop signal
2020-09-22T16:28:00.068Z	info	app/vmalert/manager.go:84	reading rules configuration file from "config/testdata/dir/rules1-bad.rules"
2020-09-22T16:28:00.068Z	info	app/vmalert/group.go:225	group "duplicatedGroupDiffFiles" started; interval=1ms; concurrency=1
2020-09-22T16:28:00.069Z	info	app/vmalert/group.go:235	group "duplicatedGroupDiffFiles": received stop signal
2020-09-22T16:28:00.069Z	info	app/vmalert/group.go:225	group "groupTest" started; interval=1ms; concurrency=1
2020-09-22T16:28:00.069Z	info	app/vmalert/group.go:235	group "groupTest": received stop signal
2020-09-22T16:28:00.069Z	info	app/vmalert/manager.go:84	reading rules configuration file from "config/testdata/rules2-good.rules"
2020-09-22T16:28:00.069Z	info	app/vmalert/manager.go:84	reading rules configuration file from "config/testdata/rules0-good.rules"
2020-09-22T16:28:00.069Z	info	app/vmalert/group.go:225	group "duplicatedGroupDiffFiles" started; interval=1ms; concurrency=1
2020-09-22T16:28:00.069Z	info	app/vmalert/manager.go:84	reading rules configuration file from "config/testdata/dir/rules0-good.rules"
2020-09-22T16:28:00.069Z	info	app/vmalert/group.go:235	group "duplicatedGroupDiffFiles": received stop signal
2020-09-22T16:28:00.069Z	info	app/vmalert/group.go:225	group "groupTest" started; interval=1ms; concurrency=1
2020-09-22T16:28:00.069Z	info	app/vmalert/group.go:235	group "groupTest": received stop signal
2020-09-22T16:28:00.069Z	info	app/vmalert/manager.go:84	reading rules configuration file from "config/testdata/dir/rules1-good.rules"
2020-09-22T16:28:00.069Z	info	app/vmalert/manager.go:84	reading rules configuration file from "config/testdata/dir/rules1-good.rules"
2020-09-22T16:28:00.069Z	info	app/vmalert/manager.go:84	reading rules configuration file from "config/testdata/dir/rules1-bad.rules"
2020-09-22T16:28:00.070Z	info	app/vmalert/group.go:225	group "duplicatedGroupDiffFiles" started; interval=1ms; concurrency=1
2020-09-22T16:28:00.070Z	info	app/vmalert/group.go:235	group "duplicatedGroupDiffFiles": received stop signal
2020-09-22T16:28:00.070Z	info	app/vmalert/group.go:225	group "groupGorSingleAlert" started; interval=1ms; concurrency=1
2020-09-22T16:28:00.070Z	info	app/vmalert/group.go:225	group "TestGroup" started; interval=1ms; concurrency=1
2020-09-22T16:28:00.070Z	info	app/vmalert/group.go:235	group "groupGorSingleAlert": received stop signal
2020-09-22T16:28:00.070Z	info	app/vmalert/group.go:235	group "TestGroup": received stop signal
2020-09-22T16:28:00.070Z	info	app/vmalert/group.go:225	group "duplicatedGroupDiffFiles" started; interval=1ms; concurrency=1
2020-09-22T16:28:00.070Z	info	app/vmalert/manager.go:84	reading rules configuration file from "config/testdata/dir/rules1-good.rules"
2020-09-22T16:28:00.070Z	info	app/vmalert/group.go:235	group "duplicatedGroupDiffFiles": received stop signal
2020-09-22T16:28:00.070Z	info	app/vmalert/manager.go:84	reading rules configuration file from "config/testdata/dir/rules1-bad.rules"
2020-09-22T16:28:00.070Z	info	app/vmalert/group.go:225	group "TestGroup" started; interval=2s; concurrency=2
2020-09-22T16:28:00.070Z	info	app/vmalert/manager.go:84	reading rules configuration file from "config/testdata/dir/rules0-good.rules"
2020-09-22T16:28:00.070Z	info	app/vmalert/group.go:235	group "TestGroup": received stop signal
2020-09-22T16:28:00.070Z	info	app/vmalert/group.go:225	group "duplicatedGroupDiffFiles" started; interval=1ms; concurrency=1
2020-09-22T16:28:00.070Z	info	app/vmalert/manager.go:84	reading rules configuration file from "config/testdata/dir/rules1-bad.rules"
2020-09-22T16:28:00.070Z	info	app/vmalert/group.go:235	group "duplicatedGroupDiffFiles": received stop signal
2020-09-22T16:28:00.071Z	info	app/vmalert/group.go:225	group "duplicatedGroupDiffFiles" started; interval=1ms; concurrency=1
2020-09-22T16:28:00.071Z	info	app/vmalert/group.go:235	group "duplicatedGroupDiffFiles": received stop signal
2020-09-22T16:28:00.071Z	info	app/vmalert/manager.go:84	reading rules configuration file from "config/testdata/rules0-good.rules"
2020-09-22T16:28:00.071Z	info	app/vmalert/manager.go:84	reading rules configuration file from "config/testdata/dir/rules1-good.rules"
2020-09-22T16:28:00.071Z	info	app/vmalert/group.go:225	group "groupGorSingleAlert" started; interval=1ms; concurrency=1
2020-09-22T16:28:00.071Z	info	app/vmalert/manager.go:84	reading rules configuration file from "config/testdata/dir/rules0-bad.rules"
2020-09-22T16:28:00.071Z	info	app/vmalert/group.go:235	group "groupGorSingleAlert": received stop signal
2020-09-22T16:28:00.071Z	info	app/vmalert/manager.go:84	reading rules configuration file from "config/testdata/dir/rules0-good.rules"
2020-09-22T16:28:00.071Z	info	app/vmalert/manager.go:84	reading rules configuration file from "config/testdata/dir/rules1-good.rules"
2020-09-22T16:28:00.071Z	info	app/vmalert/group.go:225	group "TestGroup" started; interval=1ms; concurrency=1
2020-09-22T16:28:00.071Z	info	app/vmalert/group.go:235	group "TestGroup": received stop signal
2020-09-22T16:28:00.071Z	info	app/vmalert/group.go:225	group "TestGroup" started; interval=2s; concurrency=2
2020-09-22T16:28:00.071Z	info	app/vmalert/group.go:235	group "TestGroup": received stop signal
2020-09-22T16:28:00.071Z	info	app/vmalert/group.go:225	group "groupTest" started; interval=1ms; concurrency=1
2020-09-22T16:28:00.071Z	info	app/vmalert/group.go:235	group "groupTest": received stop signal
2020-09-22T16:28:00.071Z	info	app/vmalert/manager.go:84	reading rules configuration file from "config/testdata/dir/rules1-good.rules"
2020-09-22T16:28:00.071Z	info	app/vmalert/group.go:225	group "TestGroup" started; interval=1ms; concurrency=1
2020-09-22T16:28:00.071Z	info	app/vmalert/manager.go:84	reading rules configuration file from "config/testdata/dir/rules1-bad.rules"
2020-09-22T16:28:00.072Z	info	app/vmalert/manager.go:84	reading rules configuration file from "config/testdata/rules2-good.rules"
2020-09-22T16:28:00.072Z	info	app/vmalert/group.go:225	group "groupGorSingleAlert" started; interval=1ms; concurrency=1
2020-09-22T16:28:00.072Z	info	app/vmalert/group.go:235	group "groupGorSingleAlert": received stop signal
2020-09-22T16:28:00.072Z	info	app/vmalert/manager.go:84	reading rules configuration file from "config/testdata/dir/rules0-bad.rules"
2020-09-22T16:28:00.072Z	info	app/vmalert/group.go:235	group "TestGroup": received stop signal
2020-09-22T16:28:00.072Z	info	app/vmalert/manager.go:84	reading rules configuration file from "config/testdata/dir/rules1-bad.rules"
2020-09-22T16:28:00.072Z	info	app/vmalert/manager.go:84	reading rules configuration file from "config/testdata/dir/rules1-good.rules"
2020-09-22T16:28:00.073Z	info	app/vmalert/group.go:225	group "duplicatedGroupDiffFiles" started; interval=1ms; concurrency=1
2020-09-22T16:28:00.073Z	info	app/vmalert/group.go:235	group "duplicatedGroupDiffFiles": received stop signal
2020-09-22T16:28:00.073Z	info	app/vmalert/group.go:225	group "TestGroup" started; interval=2s; concurrency=2
2020-09-22T16:28:00.073Z	info	app/vmalert/manager.go:84	reading rules configuration file from "config/testdata/rules2-good.rules"
2020-09-22T16:28:00.073Z	info	app/vmalert/manager.go:84	reading rules configuration file from "config/testdata/dir/rules0-good.rules"
2020-09-22T16:28:00.073Z	info	app/vmalert/manager.go:84	reading rules configuration file from "config/testdata/dir/rules1-bad.rules"
2020-09-22T16:28:00.073Z	info	app/vmalert/manager.go:84	reading rules configuration file from "config/testdata/dir/rules1-bad.rules"
2020-09-22T16:28:00.073Z	info	app/vmalert/group.go:235	group "TestGroup": received stop signal
2020-09-22T16:28:00.073Z	info	app/vmalert/group.go:225	group "duplicatedGroupDiffFiles" started; interval=1ms; concurrency=1
2020-09-22T16:28:00.073Z	info	app/vmalert/manager.go:84	reading rules configuration file from "config/testdata/rules0-good.rules"
2020-09-22T16:28:00.073Z	info	app/vmalert/group.go:235	group "duplicatedGroupDiffFiles": received stop signal
2020-09-22T16:28:00.073Z	info	app/vmalert/manager.go:84	reading rules configuration file from "config/testdata/dir/rules0-good.rules"
2020-09-22T16:28:00.073Z	info	app/vmalert/manager.go:84	reading rules configuration file from "config/testdata/rules2-good.rules"
2020-09-22T16:28:00.073Z	info	app/vmalert/group.go:225	group "TestGroup" started; interval=2s; concurrency=2
2020-09-22T16:28:00.073Z	info	app/vmalert/group.go:235	group "TestGroup": received stop signal
2020-09-22T16:28:00.074Z	info	app/vmalert/group.go:225	group "groupGorSingleAlert" started; interval=1ms; concurrency=1
2020-09-22T16:28:00.074Z	info	app/vmalert/group.go:235	group "groupGorSingleAlert": received stop signal
2020-09-22T16:28:00.074Z	info	app/vmalert/manager.go:84	reading rules configuration file from "config/testdata/rules2-good.rules"
2020-09-22T16:28:00.074Z	info	app/vmalert/manager.go:84	reading rules configuration file from "config/testdata/rules1-good.rules"
2020-09-22T16:28:00.074Z	info	app/vmalert/group.go:225	group "TestGroup" started; interval=1ms; concurrency=1
2020-09-22T16:28:00.074Z	info	app/vmalert/group.go:235	group "TestGroup": received stop signal
2020-09-22T16:28:00.074Z	info	app/vmalert/manager.go:84	reading rules configuration file from "config/testdata/dir/rules0-good.rules"
2020-09-22T16:28:00.074Z	info	app/vmalert/group.go:225	group "duplicatedGroupDiffFiles" started; interval=1ms; concurrency=1
2020-09-22T16:28:00.074Z	info	app/vmalert/manager.go:84	reading rules configuration file from "config/testdata/dir/rules1-bad.rules"
2020-09-22T16:28:00.074Z	info	app/vmalert/manager.go:84	reading rules configuration file from "config/testdata/rules0-good.rules"
2020-09-22T16:28:00.074Z	info	app/vmalert/group.go:235	group "duplicatedGroupDiffFiles": received stop signal
2020-09-22T16:28:00.074Z	info	app/vmalert/group.go:225	group "duplicatedGroupDiffFiles" started; interval=1ms; concurrency=1
2020-09-22T16:28:00.074Z	info	app/vmalert/group.go:235	group "duplicatedGroupDiffFiles": received stop signal
2020-09-22T16:28:00.074Z	info	app/vmalert/manager.go:84	reading rules configuration file from "config/testdata/rules0-good.rules"
2020-09-22T16:28:00.074Z	info	app/vmalert/manager.go:84	reading rules configuration file from "config/testdata/dir/rules1-bad.rules"
2020-09-22T16:28:00.074Z	info	app/vmalert/group.go:225	group "duplicatedGroupDiffFiles" started; interval=1ms; concurrency=1
2020-09-22T16:28:00.074Z	info	app/vmalert/manager.go:84	reading rules configuration file from "config/testdata/dir/rules0-bad.rules"
2020-09-22T16:28:00.074Z	info	app/vmalert/group.go:235	group "duplicatedGroupDiffFiles": received stop signal
2020-09-22T16:28:00.074Z	info	app/vmalert/manager.go:84	reading rules configuration file from "config/testdata/dir/rules0-good.rules"
2020-09-22T16:28:00.074Z	info	app/vmalert/group.go:225	group "groupGorSingleAlert" started; interval=1ms; concurrency=1
2020-09-22T16:28:00.074Z	info	app/vmalert/group.go:225	group "TestGroup" started; interval=1ms; concurrency=1
2020-09-22T16:28:00.075Z	info	app/vmalert/manager.go:84	reading rules configuration file from "config/testdata/dir/rules1-bad.rules"
2020-09-22T16:28:00.074Z	info	app/vmalert/manager.go:84	reading rules configuration file from "config/testdata/dir/rules1-good.rules"
2020-09-22T16:28:00.075Z	info	app/vmalert/manager.go:84	reading rules configuration file from "config/testdata/rules1-good.rules"
2020-09-22T16:28:00.075Z	info	app/vmalert/group.go:235	group "groupGorSingleAlert": received stop signal
2020-09-22T16:28:00.075Z	info	app/vmalert/group.go:235	group "TestGroup": received stop signal
2020-09-22T16:28:00.076Z	info	app/vmalert/group.go:225	group "duplicatedGroupDiffFiles" started; interval=1ms; concurrency=1
2020-09-22T16:28:00.076Z	info	app/vmalert/group.go:235	group "duplicatedGroupDiffFiles": received stop signal
2020-09-22T16:28:00.076Z	info	app/vmalert/manager.go:84	reading rules configuration file from "config/testdata/rules1-good.rules"
2020-09-22T16:28:00.076Z	info	app/vmalert/group.go:225	group "duplicatedGroupDiffFiles" started; interval=1ms; concurrency=1
2020-09-22T16:28:00.076Z	info	app/vmalert/manager.go:84	reading rules configuration file from "config/testdata/dir/rules0-good.rules"
2020-09-22T16:28:00.076Z	info	app/vmalert/group.go:235	group "duplicatedGroupDiffFiles": received stop signal
2020-09-22T16:28:00.076Z	info	app/vmalert/group.go:225	group "TestGroup" started; interval=2s; concurrency=2
2020-09-22T16:28:00.076Z	info	app/vmalert/manager.go:84	reading rules configuration file from "config/testdata/dir/rules1-good.rules"
2020-09-22T16:28:00.076Z	info	app/vmalert/manager.go:84	reading rules configuration file from "config/testdata/dir/rules0-good.rules"
2020-09-22T16:28:00.076Z	info	app/vmalert/group.go:235	group "TestGroup": received stop signal
2020-09-22T16:28:00.076Z	info	app/vmalert/group.go:225	group "duplicatedGroupDiffFiles" started; interval=1ms; concurrency=1
2020-09-22T16:28:00.077Z	info	app/vmalert/manager.go:84	reading rules configuration file from "config/testdata/dir/rules1-good.rules"
2020-09-22T16:28:00.077Z	info	app/vmalert/manager.go:84	reading rules configuration file from "config/testdata/rules1-good.rules"
2020-09-22T16:28:00.077Z	info	app/vmalert/manager.go:84	reading rules configuration file from "config/testdata/rules0-good.rules"
2020-09-22T16:28:00.077Z	info	app/vmalert/group.go:235	group "duplicatedGroupDiffFiles": received stop signal
2020-09-22T16:28:00.077Z	info	app/vmalert/manager.go:84	reading rules configuration file from "config/testdata/dir/rules0-bad.rules"
2020-09-22T16:28:00.077Z	info	app/vmalert/group.go:225	group "groupGorSingleAlert" started; interval=1ms; concurrency=1
2020-09-22T16:28:00.077Z	info	app/vmalert/manager.go:84	reading rules configuration file from "config/testdata/rules0-good.rules"
2020-09-22T16:28:00.077Z	info	app/vmalert/group.go:235	group "groupGorSingleAlert": received stop signal
2020-09-22T16:28:00.077Z	info	app/vmalert/group.go:225	group "TestGroup" started; interval=1ms; concurrency=1
2020-09-22T16:28:00.077Z	info	app/vmalert/group.go:235	group "TestGroup": received stop signal
2020-09-22T16:28:00.078Z	info	app/vmalert/group.go:225	group "TestGroup" started; interval=2s; concurrency=2
2020-09-22T16:28:00.078Z	info	app/vmalert/group.go:235	group "TestGroup": received stop signal
2020-09-22T16:28:00.078Z	info	app/vmalert/manager.go:84	reading rules configuration file from "config/testdata/dir/rules0-bad.rules"
2020-09-22T16:28:00.078Z	info	app/vmalert/manager.go:84	reading rules configuration file from "config/testdata/rules0-good.rules"
2020-09-22T16:28:00.078Z	info	app/vmalert/group.go:225	group "TestGroup" started; interval=1ms; concurrency=1
2020-09-22T16:28:00.078Z	info	app/vmalert/group.go:225	group "groupGorSingleAlert" started; interval=1ms; concurrency=1
2020-09-22T16:28:00.078Z	info	app/vmalert/group.go:235	group "groupGorSingleAlert": received stop signal
2020-09-22T16:28:00.078Z	info	app/vmalert/group.go:235	group "TestGroup": received stop signal
2020-09-22T16:28:00.078Z	info	app/vmalert/group.go:225	group "TestGroup" started; interval=2s; concurrency=2
2020-09-22T16:28:00.078Z	info	app/vmalert/manager.go:84	reading rules configuration file from "config/testdata/rules2-good.rules"
2020-09-22T16:28:00.078Z	info	app/vmalert/group.go:235	group "TestGroup": received stop signal
2020-09-22T16:28:00.078Z	info	app/vmalert/manager.go:84	reading rules configuration file from "config/testdata/dir/rules0-bad.rules"
2020-09-22T16:28:00.078Z	info	app/vmalert/group.go:225	group "TestGroup" started; interval=1ms; concurrency=1
2020-09-22T16:28:00.078Z	info	app/vmalert/group.go:225	group "groupGorSingleAlert" started; interval=1ms; concurrency=1
2020-09-22T16:28:00.078Z	info	app/vmalert/manager.go:84	reading rules configuration file from "config/testdata/dir/rules1-bad.rules"
2020-09-22T16:28:00.078Z	info	app/vmalert/group.go:235	group "groupGorSingleAlert": received stop signal
2020-09-22T16:28:00.078Z	info	app/vmalert/manager.go:84	reading rules configuration file from "config/testdata/dir/rules1-good.rules"
2020-09-22T16:28:00.078Z	info	app/vmalert/group.go:235	group "TestGroup": received stop signal
2020-09-22T16:28:00.079Z	info	app/vmalert/group.go:225	group "duplicatedGroupDiffFiles" started; interval=1ms; concurrency=1
2020-09-22T16:28:00.079Z	info	app/vmalert/group.go:235	group "duplicatedGroupDiffFiles": received stop signal
2020-09-22T16:28:00.079Z	info	app/vmalert/manager.go:84	reading rules configuration file from "config/testdata/dir/rules1-bad.rules"
2020-09-22T16:28:00.079Z	info	app/vmalert/group.go:225	group "groupGorSingleAlert" started; interval=1ms; concurrency=1
2020-09-22T16:28:00.079Z	info	app/vmalert/group.go:235	group "groupGorSingleAlert": received stop signal
2020-09-22T16:28:00.079Z	info	app/vmalert/group.go:225	group "TestGroup" started; interval=1ms; concurrency=1
2020-09-22T16:28:00.079Z	info	app/vmalert/group.go:235	group "TestGroup": received stop signal
2020-09-22T16:28:00.079Z	info	app/vmalert/group.go:225	group "duplicatedGroupDiffFiles" started; interval=1ms; concurrency=1
2020-09-22T16:28:00.079Z	info	app/vmalert/group.go:235	group "duplicatedGroupDiffFiles": received stop signal
2020-09-22T16:28:00.079Z	info	app/vmalert/manager.go:84	reading rules configuration file from "config/testdata/dir/rules0-good.rules"
2020-09-22T16:28:00.079Z	info	app/vmalert/group.go:225	group "groupGorSingleAlert" started; interval=1ms; concurrency=1
2020-09-22T16:28:00.079Z	info	app/vmalert/group.go:235	group "groupGorSingleAlert": received stop signal
2020-09-22T16:28:00.079Z	info	app/vmalert/group.go:225	group "TestGroup" started; interval=1ms; concurrency=1
2020-09-22T16:28:00.079Z	info	app/vmalert/manager.go:84	reading rules configuration file from "config/testdata/dir/rules1-bad.rules"
2020-09-22T16:28:00.079Z	info	app/vmalert/manager.go:84	reading rules configuration file from "config/testdata/dir/rules1-good.rules"
2020-09-22T16:28:00.079Z	info	app/vmalert/group.go:235	group "TestGroup": received stop signal
2020-09-22T16:28:00.079Z	info	app/vmalert/group.go:225	group "duplicatedGroupDiffFiles" started; interval=1ms; concurrency=1
2020-09-22T16:28:00.079Z	info	app/vmalert/manager.go:84	reading rules configuration file from "config/testdata/dir/rules1-bad.rules"
2020-09-22T16:28:00.079Z	info	app/vmalert/group.go:235	group "duplicatedGroupDiffFiles": received stop signal
2020-09-22T16:28:00.079Z	info	app/vmalert/group.go:225	group "TestGroup" started; interval=1ms; concurrency=1
2020-09-22T16:28:00.079Z	info	app/vmalert/manager.go:84	reading rules configuration file from "config/testdata/rules2-good.rules"
2020-09-22T16:28:00.079Z	info	app/vmalert/group.go:225	group "groupGorSingleAlert" started; interval=1ms; concurrency=1
2020-09-22T16:28:00.079Z	info	app/vmalert/group.go:235	group "groupGorSingleAlert": received stop signal
2020-09-22T16:28:00.079Z	info	app/vmalert/group.go:235	group "TestGroup": received stop signal
2020-09-22T16:28:00.079Z	info	app/vmalert/manager.go:84	reading rules configuration file from "config/testdata/rules2-good.rules"
2020-09-22T16:28:00.079Z	info	app/vmalert/group.go:225	group "groupTest" started; interval=1ms; concurrency=1
2020-09-22T16:28:00.079Z	info	app/vmalert/group.go:235	group "groupTest": received stop signal
2020-09-22T16:28:00.079Z	info	app/vmalert/group.go:225	group "TestGroup" started; interval=1ms; concurrency=1
2020-09-22T16:28:00.079Z	info	app/vmalert/group.go:225	group "groupGorSingleAlert" started; interval=1ms; concurrency=1
2020-09-22T16:28:00.079Z	info	app/vmalert/group.go:235	group "groupGorSingleAlert": received stop signal
2020-09-22T16:28:00.080Z	info	app/vmalert/group.go:235	group "TestGroup": received stop signal
2020-09-22T16:28:00.080Z	info	app/vmalert/group.go:225	group "TestGroup" started; interval=2s; concurrency=2
2020-09-22T16:28:00.080Z	info	app/vmalert/group.go:235	group "TestGroup": received stop signal
2020-09-22T16:28:00.080Z	info	app/vmalert/group.go:225	group "groupTest" started; interval=1ms; concurrency=1
2020-09-22T16:28:00.080Z	info	app/vmalert/manager.go:84	reading rules configuration file from "config/testdata/dir/rules0-good.rules"
2020-09-22T16:28:00.080Z	info	app/vmalert/group.go:235	group "groupTest": received stop signal
2020-09-22T16:28:00.080Z	info	app/vmalert/group.go:225	group "duplicatedGroupDiffFiles" started; interval=1ms; concurrency=1
2020-09-22T16:28:00.080Z	info	app/vmalert/group.go:235	group "duplicatedGroupDiffFiles": received stop signal
2020-09-22T16:28:00.080Z	info	app/vmalert/group.go:225	group "TestGroup" started; interval=2s; concurrency=2
2020-09-22T16:28:00.080Z	info	app/vmalert/group.go:235	group "TestGroup": received stop signal
2020-09-22T16:28:00.080Z	info	app/vmalert/group.go:225	group "groupTest" started; interval=1ms; concurrency=1
2020-09-22T16:28:00.080Z	info	app/vmalert/manager.go:84	reading rules configuration file from "config/testdata/rules1-good.rules"
2020-09-22T16:28:00.080Z	info	app/vmalert/group.go:235	group "groupTest": received stop signal
2020-09-22T16:28:00.081Z	info	app/vmalert/manager.go:84	reading rules configuration file from "config/testdata/rules1-good.rules"
2020-09-22T16:28:00.081Z	info	app/vmalert/manager.go:84	reading rules configuration file from "config/testdata/dir/rules1-bad.rules"
2020-09-22T16:28:00.081Z	info	app/vmalert/group.go:225	group "TestGroup" started; interval=2s; concurrency=2
2020-09-22T16:28:00.081Z	info	app/vmalert/manager.go:84	reading rules configuration file from "config/testdata/dir/rules1-good.rules"
2020-09-22T16:28:00.081Z	info	app/vmalert/group.go:235	group "TestGroup": received stop signal
2020-09-22T16:28:00.081Z	info	app/vmalert/group.go:225	group "groupTest" started; interval=1ms; concurrency=1
2020-09-22T16:28:00.081Z	info	app/vmalert/group.go:235	group "groupTest": received stop signal
2020-09-22T16:28:00.081Z	info	app/vmalert/group.go:225	group "TestGroup" started; interval=1ms; concurrency=1
2020-09-22T16:28:00.081Z	info	app/vmalert/manager.go:84	reading rules configuration file from "config/testdata/dir/rules0-bad.rules"
2020-09-22T16:28:00.081Z	info	app/vmalert/group.go:225	group "groupGorSingleAlert" started; interval=1ms; concurrency=1
2020-09-22T16:28:00.081Z	info	app/vmalert/group.go:235	group "groupGorSingleAlert": received stop signal
2020-09-22T16:28:00.081Z	info	app/vmalert/group.go:235	group "TestGroup": received stop signal
2020-09-22T16:28:00.081Z	info	app/vmalert/group.go:225	group "duplicatedGroupDiffFiles" started; interval=1ms; concurrency=1
2020-09-22T16:28:00.081Z	info	app/vmalert/manager.go:84	reading rules configuration file from "config/testdata/rules2-good.rules"
2020-09-22T16:28:00.081Z	info	app/vmalert/group.go:235	group "duplicatedGroupDiffFiles": received stop signal
2020-09-22T16:28:00.081Z	info	app/vmalert/manager.go:84	reading rules configuration file from "config/testdata/rules2-good.rules"
2020-09-22T16:28:00.081Z	info	app/vmalert/group.go:225	group "groupTest" started; interval=1ms; concurrency=1
2020-09-22T16:28:00.081Z	info	app/vmalert/group.go:235	group "groupTest": received stop signal
2020-09-22T16:28:00.081Z	info	app/vmalert/manager.go:84	reading rules configuration file from "config/testdata/dir/rules1-bad.rules"
2020-09-22T16:28:00.081Z	info	app/vmalert/manager.go:84	reading rules configuration file from "config/testdata/rules2-good.rules"
2020-09-22T16:28:00.081Z	info	app/vmalert/group.go:225	group "TestGroup" started; interval=2s; concurrency=2
2020-09-22T16:28:00.081Z	info	app/vmalert/group.go:235	group "TestGroup": received stop signal
2020-09-22T16:28:00.082Z	info	app/vmalert/group.go:225	group "duplicatedGroupDiffFiles" started; interval=1ms; concurrency=1
2020-09-22T16:28:00.082Z	info	app/vmalert/group.go:235	group "duplicatedGroupDiffFiles": received stop signal
2020-09-22T16:28:00.082Z	info	app/vmalert/manager.go:84	reading rules configuration file from "config/testdata/rules2-good.rules"
2020-09-22T16:28:00.082Z	info	app/vmalert/group.go:225	group "groupTest" started; interval=1ms; concurrency=1
2020-09-22T16:28:00.082Z	info	app/vmalert/group.go:235	group "groupTest": received stop signal
2020-09-22T16:28:00.082Z	info	app/vmalert/manager.go:84	reading rules configuration file from "config/testdata/dir/rules0-bad.rules"
2020-09-22T16:28:00.082Z	info	app/vmalert/group.go:225	group "groupGorSingleAlert" started; interval=1ms; concurrency=1
2020-09-22T16:28:00.082Z	info	app/vmalert/group.go:225	group "TestGroup" started; interval=1ms; concurrency=1
2020-09-22T16:28:00.082Z	info	app/vmalert/manager.go:84	reading rules configuration file from "config/testdata/dir/rules0-bad.rules"
2020-09-22T16:28:00.082Z	info	app/vmalert/group.go:235	group "groupGorSingleAlert": received stop signal
2020-09-22T16:28:00.082Z	info	app/vmalert/group.go:235	group "TestGroup": received stop signal
2020-09-22T16:28:00.082Z	info	app/vmalert/group.go:225	group "groupTest" started; interval=1ms; concurrency=1
2020-09-22T16:28:00.082Z	info	app/vmalert/group.go:235	group "groupTest": received stop signal
2020-09-22T16:28:00.082Z	info	app/vmalert/manager.go:84	reading rules configuration file from "config/testdata/rules0-good.rules"
2020-09-22T16:28:00.082Z	info	app/vmalert/manager.go:84	reading rules configuration file from "config/testdata/rules0-good.rules"
2020-09-22T16:28:00.082Z	info	app/vmalert/group.go:225	group "duplicatedGroupDiffFiles" started; interval=1ms; concurrency=1
2020-09-22T16:28:00.082Z	info	app/vmalert/group.go:235	group "duplicatedGroupDiffFiles": received stop signal
2020-09-22T16:28:00.082Z	info	app/vmalert/manager.go:84	reading rules configuration file from "config/testdata/dir/rules1-bad.rules"
2020-09-22T16:28:00.083Z	info	app/vmalert/manager.go:84	reading rules configuration file from "config/testdata/rules2-good.rules"
2020-09-22T16:28:00.083Z	info	app/vmalert/group.go:225	group "groupGorSingleAlert" started; interval=1ms; concurrency=1
2020-09-22T16:28:00.083Z	info	app/vmalert/manager.go:84	reading rules configuration file from "config/testdata/rules2-good.rules"
2020-09-22T16:28:00.083Z	info	app/vmalert/group.go:235	group "groupGorSingleAlert": received stop signal
2020-09-22T16:28:00.083Z	info	app/vmalert/manager.go:84	reading rules configuration file from "config/testdata/rules1-good.rules"
2020-09-22T16:28:00.083Z	info	app/vmalert/group.go:225	group "TestGroup" started; interval=1ms; concurrency=1
2020-09-22T16:28:00.083Z	info	app/vmalert/group.go:235	group "TestGroup": received stop signal
2020-09-22T16:28:00.083Z	info	app/vmalert/manager.go:84	reading rules configuration file from "config/testdata/rules0-good.rules"
2020-09-22T16:28:00.083Z	info	app/vmalert/group.go:225	group "groupTest" started; interval=1ms; concurrency=1
2020-09-22T16:28:00.083Z	info	app/vmalert/group.go:235	group "groupTest": received stop signal
2020-09-22T16:28:00.084Z	info	app/vmalert/group.go:225	group "groupGorSingleAlert" started; interval=1ms; concurrency=1
2020-09-22T16:28:00.084Z	info	app/vmalert/group.go:235	group "groupGorSingleAlert": received stop signal
2020-09-22T16:28:00.084Z	info	app/vmalert/group.go:225	group "TestGroup" started; interval=1ms; concurrency=1
2020-09-22T16:28:00.084Z	info	app/vmalert/manager.go:84	reading rules configuration file from "config/testdata/rules0-good.rules"
2020-09-22T16:28:00.084Z	info	app/vmalert/group.go:235	group "TestGroup": received stop signal
2020-09-22T16:28:00.084Z	info	app/vmalert/group.go:225	group "duplicatedGroupDiffFiles" started; interval=1ms; concurrency=1
2020-09-22T16:28:00.084Z	info	app/vmalert/group.go:235	group "duplicatedGroupDiffFiles": received stop signal
2020-09-22T16:28:00.084Z	info	app/vmalert/manager.go:84	reading rules configuration file from "config/testdata/dir/rules0-good.rules"
2020-09-22T16:28:00.084Z	info	app/vmalert/group.go:225	group "groupGorSingleAlert" started; interval=1ms; concurrency=1
2020-09-22T16:28:00.084Z	info	app/vmalert/manager.go:84	reading rules configuration file from "config/testdata/rules1-good.rules"
2020-09-22T16:28:00.084Z	info	app/vmalert/group.go:225	group "TestGroup" started; interval=1ms; concurrency=1
2020-09-22T16:28:00.084Z	info	app/vmalert/group.go:235	group "groupGorSingleAlert": received stop signal
2020-09-22T16:28:00.085Z	info	app/vmalert/group.go:235	group "TestGroup": received stop signal
2020-09-22T16:28:00.085Z	info	app/vmalert/group.go:225	group "groupTest" started; interval=1ms; concurrency=1
2020-09-22T16:28:00.085Z	info	app/vmalert/group.go:235	group "groupTest": received stop signal
2020-09-22T16:28:00.085Z	info	app/vmalert/group.go:225	group "TestGroup" started; interval=2s; concurrency=2
2020-09-22T16:28:00.085Z	info	app/vmalert/group.go:235	group "TestGroup": received stop signal
2020-09-22T16:28:00.085Z	info	app/vmalert/manager.go:84	reading rules configuration file from "config/testdata/rules2-good.rules"
2020-09-22T16:28:00.085Z	info	app/vmalert/group.go:225	group "groupTest" started; interval=1ms; concurrency=1
2020-09-22T16:28:00.085Z	info	app/vmalert/group.go:235	group "groupTest": received stop signal
2020-09-22T16:28:00.085Z	info	app/vmalert/group.go:225	group "groupGorSingleAlert" started; interval=1ms; concurrency=1
2020-09-22T16:28:00.085Z	info	app/vmalert/group.go:225	group "TestGroup" started; interval=1ms; concurrency=1
2020-09-22T16:28:00.085Z	info	app/vmalert/group.go:235	group "TestGroup": received stop signal
2020-09-22T16:28:00.085Z	info	app/vmalert/manager.go:84	reading rules configuration file from "config/testdata/dir/rules0-good.rules"
2020-09-22T16:28:00.085Z	info	app/vmalert/group.go:235	group "groupGorSingleAlert": received stop signal
2020-09-22T16:28:00.085Z	info	app/vmalert/manager.go:84	reading rules configuration file from "config/testdata/dir/rules1-good.rules"
2020-09-22T16:28:00.085Z	info	app/vmalert/group.go:225	group "groupTest" started; interval=1ms; concurrency=1
2020-09-22T16:28:00.085Z	info	app/vmalert/manager.go:84	reading rules configuration file from "config/testdata/rules2-good.rules"
2020-09-22T16:28:00.085Z	info	app/vmalert/manager.go:84	reading rules configuration file from "config/testdata/dir/rules1-good.rules"
2020-09-22T16:28:00.085Z	info	app/vmalert/group.go:235	group "groupTest": received stop signal
2020-09-22T16:28:00.085Z	info	app/vmalert/manager.go:84	reading rules configuration file from "config/testdata/dir/rules0-bad.rules"
2020-09-22T16:28:00.086Z	info	app/vmalert/group.go:225	group "duplicatedGroupDiffFiles" started; interval=1ms; concurrency=1
2020-09-22T16:28:00.086Z	info	app/vmalert/group.go:235	group "duplicatedGroupDiffFiles": received stop signal
2020-09-22T16:28:00.086Z	info	app/vmalert/manager.go:84	reading rules configuration file from "config/testdata/rules2-good.rules"
2020-09-22T16:28:00.086Z	info	app/vmalert/manager.go:84	reading rules configuration file from "config/testdata/rules1-good.rules"
2020-09-22T16:28:00.086Z	info	app/vmalert/group.go:225	group "TestGroup" started; interval=2s; concurrency=2
2020-09-22T16:28:00.086Z	info	app/vmalert/group.go:235	group "TestGroup": received stop signal
2020-09-22T16:28:00.086Z	info	app/vmalert/group.go:225	group "groupTest" started; interval=1ms; concurrency=1
2020-09-22T16:28:00.086Z	info	app/vmalert/group.go:235	group "groupTest": received stop signal
2020-09-22T16:28:00.086Z	info	app/vmalert/manager.go:84	reading rules configuration file from "config/testdata/rules2-good.rules"
2020-09-22T16:28:00.086Z	info	app/vmalert/manager.go:84	reading rules configuration file from "config/testdata/dir/rules1-good.rules"
2020-09-22T16:28:00.086Z	info	app/vmalert/group.go:225	group "duplicatedGroupDiffFiles" started; interval=1ms; concurrency=1
2020-09-22T16:28:00.086Z	info	app/vmalert/group.go:235	group "duplicatedGroupDiffFiles": received stop signal
2020-09-22T16:28:00.086Z	info	app/vmalert/group.go:225	group "groupTest" started; interval=1ms; concurrency=1
2020-09-22T16:28:00.086Z	info	app/vmalert/manager.go:84	reading rules configuration file from "config/testdata/dir/rules1-good.rules"
2020-09-22T16:28:00.087Z	info	app/vmalert/group.go:235	group "groupTest": received stop signal
2020-09-22T16:28:00.087Z	info	app/vmalert/group.go:225	group "duplicatedGroupDiffFiles" started; interval=1ms; concurrency=1
2020-09-22T16:28:00.087Z	info	app/vmalert/group.go:235	group "duplicatedGroupDiffFiles": received stop signal
2020-09-22T16:28:00.087Z	info	app/vmalert/group.go:225	group "groupTest" started; interval=1ms; concurrency=1
2020-09-22T16:28:00.087Z	info	app/vmalert/group.go:235	group "groupTest": received stop signal
2020-09-22T16:28:00.087Z	info	app/vmalert/group.go:225	group "duplicatedGroupDiffFiles" started; interval=1ms; concurrency=1
2020-09-22T16:28:00.087Z	info	app/vmalert/manager.go:84	reading rules configuration file from "config/testdata/dir/rules0-good.rules"
2020-09-22T16:28:00.087Z	info	app/vmalert/group.go:235	group "duplicatedGroupDiffFiles": received stop signal
2020-09-22T16:28:00.087Z	info	app/vmalert/group.go:225	group "TestGroup" started; interval=2s; concurrency=2
2020-09-22T16:28:00.087Z	info	app/vmalert/manager.go:84	reading rules configuration file from "config/testdata/dir/rules0-bad.rules"
2020-09-22T16:28:00.087Z	info	app/vmalert/group.go:235	group "TestGroup": received stop signal
2020-09-22T16:28:00.087Z	info	app/vmalert/group.go:225	group "groupGorSingleAlert" started; interval=1ms; concurrency=1
2020-09-22T16:28:00.087Z	info	app/vmalert/group.go:225	group "TestGroup" started; interval=1ms; concurrency=1
2020-09-22T16:28:00.087Z	info	app/vmalert/group.go:235	group "groupGorSingleAlert": received stop signal
2020-09-22T16:28:00.087Z	info	app/vmalert/manager.go:84	reading rules configuration file from "config/testdata/dir/rules1-bad.rules"
2020-09-22T16:28:00.087Z	info	app/vmalert/group.go:235	group "TestGroup": received stop signal
2020-09-22T16:28:00.087Z	info	app/vmalert/group.go:225	group "duplicatedGroupDiffFiles" started; interval=1ms; concurrency=1
2020-09-22T16:28:00.087Z	info	app/vmalert/group.go:235	group "duplicatedGroupDiffFiles": received stop signal
2020-09-22T16:28:00.087Z	info	app/vmalert/manager.go:84	reading rules configuration file from "config/testdata/dir/rules1-good.rules"
2020-09-22T16:28:00.087Z	info	app/vmalert/group.go:225	group "TestGroup" started; interval=2s; concurrency=2
2020-09-22T16:28:00.087Z	info	app/vmalert/group.go:235	group "TestGroup": received stop signal
2020-09-22T16:28:00.087Z	info	app/vmalert/group.go:225	group "groupTest" started; interval=1ms; concurrency=1
2020-09-22T16:28:00.087Z	info	app/vmalert/group.go:235	group "groupTest": received stop signal
2020-09-22T16:28:00.088Z	info	app/vmalert/group.go:225	group "TestGroup" started; interval=2s; concurrency=2
2020-09-22T16:28:00.088Z	info	app/vmalert/group.go:235	group "TestGroup": received stop signal
2020-09-22T16:28:00.088Z	info	app/vmalert/group.go:225	group "duplicatedGroupDiffFiles" started; interval=1ms; concurrency=1
2020-09-22T16:28:00.088Z	info	app/vmalert/manager.go:84	reading rules configuration file from "config/testdata/rules2-good.rules"
2020-09-22T16:28:00.088Z	info	app/vmalert/group.go:235	group "duplicatedGroupDiffFiles": received stop signal
2020-09-22T16:28:00.088Z	info	app/vmalert/manager.go:84	reading rules configuration file from "config/testdata/dir/rules0-bad.rules"
2020-09-22T16:28:00.088Z	info	app/vmalert/group.go:225	group "TestGroup" started; interval=2s; concurrency=2
2020-09-22T16:28:00.088Z	info	app/vmalert/group.go:235	group "TestGroup": received stop signal
2020-09-22T16:28:00.088Z	info	app/vmalert/manager.go:84	reading rules configuration file from "config/testdata/rules2-good.rules"
2020-09-22T16:28:00.088Z	info	app/vmalert/group.go:225	group "groupTest" started; interval=1ms; concurrency=1
2020-09-22T16:28:00.088Z	info	app/vmalert/manager.go:84	reading rules configuration file from "config/testdata/dir/rules0-good.rules"
2020-09-22T16:28:00.088Z	info	app/vmalert/group.go:235	group "groupTest": received stop signal
2020-09-22T16:28:00.088Z	info	app/vmalert/manager.go:84	reading rules configuration file from "config/testdata/dir/rules0-bad.rules"
2020-09-22T16:28:00.088Z	info	app/vmalert/group.go:225	group "duplicatedGroupDiffFiles" started; interval=1ms; concurrency=1
2020-09-22T16:28:00.088Z	info	app/vmalert/group.go:235	group "duplicatedGroupDiffFiles": received stop signal
2020-09-22T16:28:00.088Z	info	app/vmalert/group.go:225	group "duplicatedGroupDiffFiles" started; interval=1ms; concurrency=1
2020-09-22T16:28:00.088Z	info	app/vmalert/group.go:235	group "duplicatedGroupDiffFiles": received stop signal
2020-09-22T16:28:00.088Z	info	app/vmalert/manager.go:84	reading rules configuration file from "config/testdata/dir/rules1-bad.rules"
2020-09-22T16:28:00.088Z	info	app/vmalert/group.go:225	group "duplicatedGroupDiffFiles" started; interval=1ms; concurrency=1
2020-09-22T16:28:00.088Z	info	app/vmalert/manager.go:84	reading rules configuration file from "config/testdata/rules2-good.rules"
2020-09-22T16:28:00.088Z	info	app/vmalert/group.go:235	group "duplicatedGroupDiffFiles": received stop signal
2020-09-22T16:28:00.088Z	info	app/vmalert/group.go:225	group "TestGroup" started; interval=2s; concurrency=2
2020-09-22T16:28:00.088Z	info	app/vmalert/group.go:235	group "TestGroup": received stop signal
2020-09-22T16:28:00.089Z	info	app/vmalert/group.go:225	group "duplicatedGroupDiffFiles" started; interval=1ms; concurrency=1
2020-09-22T16:28:00.089Z	info	app/vmalert/group.go:235	group "duplicatedGroupDiffFiles": received stop signal
2020-09-22T16:28:00.089Z	info	app/vmalert/manager.go:84	reading rules configuration file from "config/testdata/dir/rules1-bad.rules"
2020-09-22T16:28:00.089Z	info	app/vmalert/group.go:225	group "groupTest" started; interval=1ms; concurrency=1
2020-09-22T16:28:00.089Z	info	app/vmalert/manager.go:84	reading rules configuration file from "config/testdata/dir/rules1-good.rules"
2020-09-22T16:28:00.089Z	info	app/vmalert/group.go:235	group "groupTest": received stop signal
2020-09-22T16:28:00.089Z	info	app/vmalert/group.go:225	group "TestGroup" started; interval=2s; concurrency=2
2020-09-22T16:28:00.089Z	info	app/vmalert/manager.go:84	reading rules configuration file from "config/testdata/dir/rules1-good.rules"
2020-09-22T16:28:00.089Z	info	app/vmalert/group.go:235	group "TestGroup": received stop signal
2020-09-22T16:28:00.089Z	info	app/vmalert/manager.go:84	reading rules configuration file from "config/testdata/rules0-good.rules"
2020-09-22T16:28:00.089Z	info	app/vmalert/group.go:225	group "duplicatedGroupDiffFiles" started; interval=1ms; concurrency=1
2020-09-22T16:28:00.089Z	info	app/vmalert/manager.go:84	reading rules configuration file from "config/testdata/rules2-good.rules"
2020-09-22T16:28:00.089Z	info	app/vmalert/group.go:235	group "duplicatedGroupDiffFiles": received stop signal
2020-09-22T16:28:00.089Z	info	app/vmalert/manager.go:84	reading rules configuration file from "config/testdata/dir/rules0-good.rules"
2020-09-22T16:28:00.090Z	info	app/vmalert/manager.go:84	reading rules configuration file from "config/testdata/dir/rules1-good.rules"
2020-09-22T16:28:00.090Z	info	app/vmalert/group.go:225	group "groupTest" started; interval=1ms; concurrency=1
2020-09-22T16:28:00.090Z	info	app/vmalert/group.go:235	group "groupTest": received stop signal
2020-09-22T16:28:00.090Z	info	app/vmalert/manager.go:84	reading rules configuration file from "config/testdata/dir/rules1-bad.rules"
2020-09-22T16:28:00.090Z	info	app/vmalert/group.go:225	group "duplicatedGroupDiffFiles" started; interval=1ms; concurrency=1
2020-09-22T16:28:00.090Z	info	app/vmalert/group.go:235	group "duplicatedGroupDiffFiles": received stop signal
2020-09-22T16:28:00.090Z	info	app/vmalert/group.go:225	group "groupTest" started; interval=1ms; concurrency=1
2020-09-22T16:28:00.090Z	info	app/vmalert/group.go:235	group "groupTest": received stop signal
2020-09-22T16:28:00.090Z	info	app/vmalert/manager.go:84	reading rules configuration file from "config/testdata/rules2-good.rules"
2020-09-22T16:28:00.090Z	info	app/vmalert/group.go:225	group "groupGorSingleAlert" started; interval=1ms; concurrency=1
2020-09-22T16:28:00.090Z	info	app/vmalert/manager.go:84	reading rules configuration file from "config/testdata/dir/rules0-bad.rules"
2020-09-22T16:28:00.090Z	info	app/vmalert/group.go:235	group "groupGorSingleAlert": received stop signal
2020-09-22T16:28:00.090Z	info	app/vmalert/group.go:225	group "TestGroup" started; interval=1ms; concurrency=1
2020-09-22T16:28:00.090Z	info	app/vmalert/group.go:235	group "TestGroup": received stop signal
2020-09-22T16:28:00.090Z	info	app/vmalert/group.go:225	group "TestGroup" started; interval=2s; concurrency=2
2020-09-22T16:28:00.090Z	info	app/vmalert/group.go:235	group "TestGroup": received stop signal
2020-09-22T16:28:00.090Z	info	app/vmalert/manager.go:84	reading rules configuration file from "config/testdata/dir/rules1-bad.rules"
2020-09-22T16:28:00.091Z	info	app/vmalert/group.go:225	group "duplicatedGroupDiffFiles" started; interval=1ms; concurrency=1
2020-09-22T16:28:00.091Z	info	app/vmalert/group.go:235	group "duplicatedGroupDiffFiles": received stop signal
2020-09-22T16:28:00.091Z	info	app/vmalert/group.go:225	group "duplicatedGroupDiffFiles" started; interval=1ms; concurrency=1
2020-09-22T16:28:00.091Z	info	app/vmalert/group.go:235	group "duplicatedGroupDiffFiles": received stop signal
2020-09-22T16:28:00.091Z	info	app/vmalert/group.go:225	group "duplicatedGroupDiffFiles" started; interval=1ms; concurrency=1
2020-09-22T16:28:00.091Z	info	app/vmalert/manager.go:84	reading rules configuration file from "config/testdata/dir/rules0-good.rules"
2020-09-22T16:28:00.091Z	info	app/vmalert/group.go:235	group "duplicatedGroupDiffFiles": received stop signal
2020-09-22T16:28:00.092Z	info	app/vmalert/manager.go:84	reading rules configuration file from "config/testdata/rules0-good.rules"
2020-09-22T16:28:00.092Z	info	app/vmalert/manager.go:84	reading rules configuration file from "config/testdata/dir/rules1-bad.rules"
2020-09-22T16:28:00.092Z	info	app/vmalert/group.go:225	group "groupTest" started; interval=1ms; concurrency=1
2020-09-22T16:28:00.092Z	info	app/vmalert/group.go:235	group "groupTest": received stop signal
2020-09-22T16:28:00.092Z	info	app/vmalert/group.go:225	group "groupGorSingleAlert" started; interval=1ms; concurrency=1
2020-09-22T16:28:00.092Z	info	app/vmalert/manager.go:84	reading rules configuration file from "config/testdata/dir/rules1-good.rules"
2020-09-22T16:28:00.092Z	info	app/vmalert/group.go:225	group "TestGroup" started; interval=1ms; concurrency=1
2020-09-22T16:28:00.092Z	info	app/vmalert/manager.go:84	reading rules configuration file from "config/testdata/dir/rules0-good.rules"
2020-09-22T16:28:00.092Z	info	app/vmalert/group.go:235	group "groupGorSingleAlert": received stop signal
2020-09-22T16:28:00.092Z	info	app/vmalert/group.go:235	group "TestGroup": received stop signal
2020-09-22T16:28:00.092Z	info	app/vmalert/manager.go:84	reading rules configuration file from "config/testdata/dir/rules0-bad.rules"
2020-09-22T16:28:00.092Z	info	app/vmalert/group.go:225	group "duplicatedGroupDiffFiles" started; interval=1ms; concurrency=1
2020-09-22T16:28:00.092Z	info	app/vmalert/group.go:235	group "duplicatedGroupDiffFiles": received stop signal
2020-09-22T16:28:00.092Z	info	app/vmalert/manager.go:84	reading rules configuration file from "config/testdata/dir/rules0-good.rules"
2020-09-22T16:28:00.092Z	info	app/vmalert/group.go:225	group "duplicatedGroupDiffFiles" started; interval=1ms; concurrency=1
2020-09-22T16:28:00.092Z	info	app/vmalert/manager.go:84	reading rules configuration file from "config/testdata/rules2-good.rules"
2020-09-22T16:28:00.092Z	info	app/vmalert/group.go:235	group "duplicatedGroupDiffFiles": received stop signal
2020-09-22T16:28:00.092Z	info	app/vmalert/group.go:225	group "groupGorSingleAlert" started; interval=1ms; concurrency=1
2020-09-22T16:28:00.092Z	info	app/vmalert/group.go:235	group "groupGorSingleAlert": received stop signal
2020-09-22T16:28:00.092Z	info	app/vmalert/group.go:225	group "TestGroup" started; interval=1ms; concurrency=1
2020-09-22T16:28:00.093Z	info	app/vmalert/group.go:235	group "TestGroup": received stop signal
2020-09-22T16:28:00.093Z	info	app/vmalert/group.go:225	group "duplicatedGroupDiffFiles" started; interval=1ms; concurrency=1
2020-09-22T16:28:00.093Z	info	app/vmalert/group.go:235	group "duplicatedGroupDiffFiles": received stop signal
2020-09-22T16:28:00.093Z	info	app/vmalert/manager.go:84	reading rules configuration file from "config/testdata/dir/rules0-bad.rules"
2020-09-22T16:28:00.093Z	info	app/vmalert/manager.go:84	reading rules configuration file from "config/testdata/rules2-good.rules"
2020-09-22T16:28:00.093Z	info	app/vmalert/group.go:225	group "duplicatedGroupDiffFiles" started; interval=1ms; concurrency=1
2020-09-22T16:28:00.093Z	info	app/vmalert/group.go:235	group "duplicatedGroupDiffFiles": received stop signal
2020-09-22T16:28:00.093Z	info	app/vmalert/group.go:225	group "duplicatedGroupDiffFiles" started; interval=1ms; concurrency=1
2020-09-22T16:28:00.093Z	info	app/vmalert/group.go:235	group "duplicatedGroupDiffFiles": received stop signal
2020-09-22T16:28:00.093Z	info	app/vmalert/manager.go:84	reading rules configuration file from "config/testdata/rules0-good.rules"
2020-09-22T16:28:00.093Z	info	app/vmalert/group.go:225	group "groupTest" started; interval=1ms; concurrency=1
2020-09-22T16:28:00.093Z	info	app/vmalert/manager.go:84	reading rules configuration file from "config/testdata/dir/rules1-good.rules"
2020-09-22T16:28:00.093Z	info	app/vmalert/group.go:235	group "groupTest": received stop signal
2020-09-22T16:28:00.093Z	info	app/vmalert/manager.go:84	reading rules configuration file from "config/testdata/dir/rules0-good.rules"
2020-09-22T16:28:00.093Z	info	app/vmalert/manager.go:84	reading rules configuration file from "config/testdata/rules2-good.rules"
2020-09-22T16:28:00.093Z	info	app/vmalert/group.go:225	group "TestGroup" started; interval=2s; concurrency=2
2020-09-22T16:28:00.093Z	info	app/vmalert/group.go:235	group "TestGroup": received stop signal
2020-09-22T16:28:00.093Z	info	app/vmalert/manager.go:84	reading rules configuration file from "config/testdata/dir/rules0-bad.rules"
2020-09-22T16:28:00.094Z	info	app/vmalert/group.go:225	group "TestGroup" started; interval=1ms; concurrency=1
2020-09-22T16:28:00.094Z	info	app/vmalert/group.go:225	group "groupGorSingleAlert" started; interval=1ms; concurrency=1
2020-09-22T16:28:00.094Z	info	app/vmalert/manager.go:84	reading rules configuration file from "config/testdata/rules0-good.rules"
2020-09-22T16:28:00.094Z	info	app/vmalert/group.go:235	group "groupGorSingleAlert": received stop signal
2020-09-22T16:28:00.094Z	info	app/vmalert/group.go:235	group "TestGroup": received stop signal
2020-09-22T16:28:00.094Z	info	app/vmalert/group.go:225	group "groupTest" started; interval=1ms; concurrency=1
2020-09-22T16:28:00.094Z	info	app/vmalert/manager.go:84	reading rules configuration file from "config/testdata/dir/rules0-good.rules"
2020-09-22T16:28:00.094Z	info	app/vmalert/group.go:235	group "groupTest": received stop signal
2020-09-22T16:28:00.094Z	info	app/vmalert/manager.go:84	reading rules configuration file from "config/testdata/dir/rules0-bad.rules"
2020-09-22T16:28:00.094Z	info	app/vmalert/group.go:225	group "TestGroup" started; interval=2s; concurrency=2
2020-09-22T16:28:00.094Z	info	app/vmalert/group.go:235	group "TestGroup": received stop signal
2020-09-22T16:28:00.094Z	info	app/vmalert/group.go:225	group "groupTest" started; interval=1ms; concurrency=1
2020-09-22T16:28:00.094Z	info	app/vmalert/manager.go:84	reading rules configuration file from "config/testdata/dir/rules1-bad.rules"
2020-09-22T16:28:00.094Z	info	app/vmalert/group.go:235	group "groupTest": received stop signal
2020-09-22T16:28:00.094Z	info	app/vmalert/group.go:225	group "TestGroup" started; interval=2s; concurrency=2
2020-09-22T16:28:00.094Z	info	app/vmalert/group.go:235	group "TestGroup": received stop signal
2020-09-22T16:28:00.094Z	info	app/vmalert/manager.go:84	reading rules configuration file from "config/testdata/dir/rules1-good.rules"
2020-09-22T16:28:00.095Z	info	app/vmalert/group.go:225	group "duplicatedGroupDiffFiles" started; interval=1ms; concurrency=1
2020-09-22T16:28:00.095Z	info	app/vmalert/manager.go:84	reading rules configuration file from "config/testdata/dir/rules1-bad.rules"
2020-09-22T16:28:00.095Z	info	app/vmalert/manager.go:84	reading rules configuration file from "config/testdata/dir/rules1-bad.rules"
2020-09-22T16:28:00.095Z	info	app/vmalert/group.go:235	group "duplicatedGroupDiffFiles": received stop signal
2020-09-22T16:28:00.095Z	info	app/vmalert/group.go:225	group "duplicatedGroupDiffFiles" started; interval=1ms; concurrency=1
2020-09-22T16:28:00.095Z	info	app/vmalert/group.go:235	group "duplicatedGroupDiffFiles": received stop signal
2020-09-22T16:28:00.095Z	info	app/vmalert/manager.go:84	reading rules configuration file from "config/testdata/dir/rules1-bad.rules"
2020-09-22T16:28:00.095Z	info	app/vmalert/group.go:225	group "groupTest" started; interval=1ms; concurrency=1
2020-09-22T16:28:00.096Z	info	app/vmalert/manager.go:84	reading rules configuration file from "config/testdata/rules0-good.rules"
2020-09-22T16:28:00.096Z	info	app/vmalert/group.go:235	group "groupTest": received stop signal
2020-09-22T16:28:00.096Z	info	app/vmalert/manager.go:84	reading rules configuration file from "config/testdata/rules1-good.rules"
2020-09-22T16:28:00.096Z	info	app/vmalert/group.go:225	group "duplicatedGroupDiffFiles" started; interval=1ms; concurrency=1
2020-09-22T16:28:00.096Z	info	app/vmalert/manager.go:84	reading rules configuration file from "config/testdata/rules1-good.rules"
2020-09-22T16:28:00.096Z	info	app/vmalert/manager.go:84	reading rules configuration file from "config/testdata/rules1-good.rules"
2020-09-22T16:28:00.096Z	info	app/vmalert/group.go:235	group "duplicatedGroupDiffFiles": received stop signal
2020-09-22T16:28:00.096Z	info	app/vmalert/group.go:225	group "TestGroup" started; interval=2s; concurrency=2
2020-09-22T16:28:00.096Z	info	app/vmalert/group.go:235	group "TestGroup": received stop signal
2020-09-22T16:28:00.096Z	info	app/vmalert/manager.go:84	reading rules configuration file from "config/testdata/rules2-good.rules"
2020-09-22T16:28:00.096Z	info	app/vmalert/group.go:225	group "duplicatedGroupDiffFiles" started; interval=1ms; concurrency=1
2020-09-22T16:28:00.096Z	info	app/vmalert/group.go:235	group "duplicatedGroupDiffFiles": received stop signal
2020-09-22T16:28:00.096Z	info	app/vmalert/manager.go:84	reading rules configuration file from "config/testdata/rules2-good.rules"
2020-09-22T16:28:00.097Z	info	app/vmalert/group.go:225	group "groupTest" started; interval=1ms; concurrency=1
2020-09-22T16:28:00.097Z	info	app/vmalert/group.go:235	group "groupTest": received stop signal
2020-09-22T16:28:00.097Z	info	app/vmalert/group.go:225	group "TestGroup" started; interval=2s; concurrency=2
2020-09-22T16:28:00.097Z	info	app/vmalert/group.go:235	group "TestGroup": received stop signal
2020-09-22T16:28:00.097Z	info	app/vmalert/manager.go:84	reading rules configuration file from "config/testdata/dir/rules1-bad.rules"
2020-09-22T16:28:00.097Z	info	app/vmalert/manager.go:84	reading rules configuration file from "config/testdata/rules2-good.rules"
2020-09-22T16:28:00.097Z	info	app/vmalert/group.go:225	group "TestGroup" started; interval=1ms; concurrency=1
2020-09-22T16:28:00.097Z	info	app/vmalert/group.go:225	group "groupGorSingleAlert" started; interval=1ms; concurrency=1
2020-09-22T16:28:00.097Z	info	app/vmalert/group.go:235	group "groupGorSingleAlert": received stop signal
2020-09-22T16:28:00.097Z	info	app/vmalert/group.go:235	group "TestGroup": received stop signal
2020-09-22T16:28:00.097Z	info	app/vmalert/manager.go:84	reading rules configuration file from "config/testdata/dir/rules0-good.rules"
2020-09-22T16:28:00.096Z	info	app/vmalert/manager.go:84	reading rules configuration file from "config/testdata/rules2-good.rules"
2020-09-22T16:28:00.097Z	info	app/vmalert/manager.go:84	reading rules configuration file from "config/testdata/rules0-good.rules"
2020-09-22T16:28:00.097Z	info	app/vmalert/group.go:225	group "TestGroup" started; interval=2s; concurrency=2
2020-09-22T16:28:00.097Z	info	app/vmalert/group.go:235	group "TestGroup": received stop signal
2020-09-22T16:28:00.097Z	info	app/vmalert/group.go:225	group "groupTest" started; interval=1ms; concurrency=1
2020-09-22T16:28:00.097Z	info	app/vmalert/manager.go:84	reading rules configuration file from "config/testdata/rules2-good.rules"
2020-09-22T16:28:00.097Z	info	app/vmalert/group.go:235	group "groupTest": received stop signal
2020-09-22T16:28:00.098Z	info	app/vmalert/group.go:225	group "duplicatedGroupDiffFiles" started; interval=1ms; concurrency=1
2020-09-22T16:28:00.098Z	info	app/vmalert/group.go:235	group "duplicatedGroupDiffFiles": received stop signal
2020-09-22T16:28:00.098Z	info	app/vmalert/manager.go:84	reading rules configuration file from "config/testdata/rules2-good.rules"
2020-09-22T16:28:00.098Z	info	app/vmalert/manager.go:84	reading rules configuration file from "config/testdata/dir/rules1-good.rules"
2020-09-22T16:28:00.098Z	info	app/vmalert/group.go:225	group "duplicatedGroupDiffFiles" started; interval=1ms; concurrency=1
2020-09-22T16:28:00.098Z	info	app/vmalert/manager.go:84	reading rules configuration file from "config/testdata/dir/rules0-good.rules"
2020-09-22T16:28:00.098Z	info	app/vmalert/group.go:235	group "duplicatedGroupDiffFiles": received stop signal
2020-09-22T16:28:00.099Z	info	app/vmalert/group.go:225	group "groupTest" started; interval=1ms; concurrency=1
2020-09-22T16:28:00.099Z	info	app/vmalert/manager.go:84	reading rules configuration file from "config/testdata/rules0-good.rules"
2020-09-22T16:28:00.099Z	info	app/vmalert/group.go:235	group "groupTest": received stop signal
2020-09-22T16:28:00.099Z	info	app/vmalert/group.go:225	group "duplicatedGroupDiffFiles" started; interval=1ms; concurrency=1
2020-09-22T16:28:00.099Z	info	app/vmalert/group.go:235	group "duplicatedGroupDiffFiles": received stop signal
2020-09-22T16:28:00.099Z	info	app/vmalert/manager.go:84	reading rules configuration file from "config/testdata/rules0-good.rules"
2020-09-22T16:28:00.099Z	info	app/vmalert/group.go:225	group "duplicatedGroupDiffFiles" started; interval=1ms; concurrency=1
2020-09-22T16:28:00.099Z	info	app/vmalert/group.go:235	group "duplicatedGroupDiffFiles": received stop signal
2020-09-22T16:28:00.099Z	info	app/vmalert/manager.go:84	reading rules configuration file from "config/testdata/rules0-good.rules"
2020-09-22T16:28:00.099Z	info	app/vmalert/manager.go:84	reading rules configuration file from "config/testdata/rules1-good.rules"
2020-09-22T16:28:00.099Z	info	app/vmalert/group.go:225	group "duplicatedGroupDiffFiles" started; interval=1ms; concurrency=1
2020-09-22T16:28:00.099Z	info	app/vmalert/group.go:235	group "duplicatedGroupDiffFiles": received stop signal
2020-09-22T16:28:00.099Z	info	app/vmalert/group.go:225	group "groupTest" started; interval=1ms; concurrency=1
2020-09-22T16:28:00.099Z	info	app/vmalert/manager.go:84	reading rules configuration file from "config/testdata/dir/rules1-bad.rules"
2020-09-22T16:28:00.099Z	info	app/vmalert/group.go:235	group "groupTest": received stop signal
2020-09-22T16:28:00.099Z	info	app/vmalert/group.go:225	group "groupGorSingleAlert" started; interval=1ms; concurrency=1
2020-09-22T16:28:00.099Z	info	app/vmalert/manager.go:84	reading rules configuration file from "config/testdata/rules1-good.rules"
2020-09-22T16:28:00.099Z	info	app/vmalert/group.go:225	group "TestGroup" started; interval=1ms; concurrency=1
2020-09-22T16:28:00.099Z	info	app/vmalert/group.go:235	group "groupGorSingleAlert": received stop signal
2020-09-22T16:28:00.100Z	info	app/vmalert/group.go:235	group "TestGroup": received stop signal
2020-09-22T16:28:00.100Z	info	app/vmalert/group.go:225	group "duplicatedGroupDiffFiles" started; interval=1ms; concurrency=1
2020-09-22T16:28:00.100Z	info	app/vmalert/group.go:235	group "duplicatedGroupDiffFiles": received stop signal
2020-09-22T16:28:00.100Z	info	app/vmalert/group.go:225	group "duplicatedGroupDiffFiles" started; interval=1ms; concurrency=1
2020-09-22T16:28:00.100Z	info	app/vmalert/group.go:235	group "duplicatedGroupDiffFiles": received stop signal
2020-09-22T16:28:00.100Z	info	app/vmalert/manager.go:84	reading rules configuration file from "config/testdata/dir/rules1-bad.rules"
2020-09-22T16:28:00.100Z	info	app/vmalert/manager.go:84	reading rules configuration file from "config/testdata/rules0-good.rules"
2020-09-22T16:28:00.100Z	info	app/vmalert/group.go:225	group "duplicatedGroupDiffFiles" started; interval=1ms; concurrency=1
2020-09-22T16:28:00.101Z	info	app/vmalert/group.go:235	group "duplicatedGroupDiffFiles": received stop signal
2020-09-22T16:28:00.101Z	info	app/vmalert/manager.go:84	reading rules configuration file from "config/testdata/rules0-good.rules"
2020-09-22T16:28:00.101Z	info	app/vmalert/group.go:225	group "TestGroup" started; interval=1ms; concurrency=1
2020-09-22T16:28:00.101Z	info	app/vmalert/group.go:225	group "groupGorSingleAlert" started; interval=1ms; concurrency=1
2020-09-22T16:28:00.101Z	info	app/vmalert/manager.go:84	reading rules configuration file from "config/testdata/dir/rules1-good.rules"
2020-09-22T16:28:00.101Z	info	app/vmalert/group.go:235	group "groupGorSingleAlert": received stop signal
2020-09-22T16:28:00.101Z	info	app/vmalert/group.go:235	group "TestGroup": received stop signal
2020-09-22T16:28:00.101Z	info	app/vmalert/group.go:225	group "duplicatedGroupDiffFiles" started; interval=1ms; concurrency=1
2020-09-22T16:28:00.101Z	info	app/vmalert/manager.go:84	reading rules configuration file from "config/testdata/dir/rules1-bad.rules"
2020-09-22T16:28:00.101Z	info	app/vmalert/group.go:235	group "duplicatedGroupDiffFiles": received stop signal
2020-09-22T16:28:00.101Z	info	app/vmalert/manager.go:84	reading rules configuration file from "config/testdata/dir/rules1-bad.rules"
2020-09-22T16:28:00.101Z	info	app/vmalert/group.go:225	group "TestGroup" started; interval=2s; concurrency=2
2020-09-22T16:28:00.102Z	info	app/vmalert/group.go:235	group "TestGroup": received stop signal
2020-09-22T16:28:00.102Z	info	app/vmalert/group.go:225	group "groupTest" started; interval=1ms; concurrency=1
2020-09-22T16:28:00.102Z	info	app/vmalert/manager.go:84	reading rules configuration file from "config/testdata/dir/rules0-good.rules"
2020-09-22T16:28:00.102Z	info	app/vmalert/group.go:235	group "groupTest": received stop signal
2020-09-22T16:28:00.102Z	info	app/vmalert/group.go:225	group "TestGroup" started; interval=2s; concurrency=2
2020-09-22T16:28:00.103Z	info	app/vmalert/manager.go:84	reading rules configuration file from "config/testdata/rules2-good.rules"
2020-09-22T16:28:00.103Z	info	app/vmalert/group.go:235	group "TestGroup": received stop signal
2020-09-22T16:28:00.103Z	info	app/vmalert/group.go:225	group "groupGorSingleAlert" started; interval=1ms; concurrency=1
2020-09-22T16:28:00.103Z	info	app/vmalert/manager.go:84	reading rules configuration file from "config/testdata/dir/rules0-good.rules"
2020-09-22T16:28:00.103Z	info	app/vmalert/group.go:225	group "TestGroup" started; interval=1ms; concurrency=1
2020-09-22T16:28:00.103Z	info	app/vmalert/group.go:235	group "groupGorSingleAlert": received stop signal
2020-09-22T16:28:00.103Z	info	app/vmalert/group.go:235	group "TestGroup": received stop signal
2020-09-22T16:28:00.103Z	info	app/vmalert/group.go:225	group "TestGroup" started; interval=2s; concurrency=2
2020-09-22T16:28:00.103Z	info	app/vmalert/manager.go:84	reading rules configuration file from "config/testdata/dir/rules0-bad.rules"
2020-09-22T16:28:00.103Z	info	app/vmalert/group.go:235	group "TestGroup": received stop signal
2020-09-22T16:28:00.104Z	info	app/vmalert/group.go:225	group "groupGorSingleAlert" started; interval=1ms; concurrency=1
2020-09-22T16:28:00.104Z	info	app/vmalert/manager.go:84	reading rules configuration file from "config/testdata/dir/rules1-good.rules"
2020-09-22T16:28:00.104Z	info	app/vmalert/group.go:225	group "TestGroup" started; interval=1ms; concurrency=1
2020-09-22T16:28:00.104Z	info	app/vmalert/group.go:235	group "TestGroup": received stop signal
2020-09-22T16:28:00.104Z	info	app/vmalert/group.go:235	group "groupGorSingleAlert": received stop signal
2020-09-22T16:28:00.104Z	info	app/vmalert/group.go:225	group "groupTest" started; interval=1ms; concurrency=1
2020-09-22T16:28:00.104Z	info	app/vmalert/group.go:235	group "groupTest": received stop signal
2020-09-22T16:28:00.104Z	info	app/vmalert/group.go:225	group "groupGorSingleAlert" started; interval=1ms; concurrency=1
2020-09-22T16:28:00.104Z	info	app/vmalert/group.go:235	group "groupGorSingleAlert": received stop signal
2020-09-22T16:28:00.104Z	info	app/vmalert/manager.go:84	reading rules configuration file from "config/testdata/dir/rules1-good.rules"
2020-09-22T16:28:00.104Z	info	app/vmalert/group.go:225	group "TestGroup" started; interval=1ms; concurrency=1
2020-09-22T16:28:00.104Z	info	app/vmalert/group.go:235	group "TestGroup": received stop signal
2020-09-22T16:28:00.104Z	info	app/vmalert/group.go:225	group "duplicatedGroupDiffFiles" started; interval=1ms; concurrency=1
2020-09-22T16:28:00.104Z	info	app/vmalert/group.go:235	group "duplicatedGroupDiffFiles": received stop signal
2020-09-22T16:28:00.104Z	info	app/vmalert/group.go:225	group "TestGroup" started; interval=2s; concurrency=2
2020-09-22T16:28:00.104Z	info	app/vmalert/group.go:235	group "TestGroup": received stop signal
2020-09-22T16:28:00.104Z	info	app/vmalert/manager.go:84	reading rules configuration file from "config/testdata/dir/rules0-bad.rules"
2020-09-22T16:28:00.104Z	info	app/vmalert/group.go:225	group "duplicatedGroupDiffFiles" started; interval=1ms; concurrency=1
2020-09-22T16:28:00.104Z	info	app/vmalert/group.go:235	group "duplicatedGroupDiffFiles": received stop signal
2020-09-22T16:28:00.104Z	info	app/vmalert/group.go:225	group "TestGroup" started; interval=2s; concurrency=2
2020-09-22T16:28:00.104Z	info	app/vmalert/manager.go:84	reading rules configuration file from "config/testdata/rules2-good.rules"
2020-09-22T16:28:00.104Z	info	app/vmalert/group.go:235	group "TestGroup": received stop signal
2020-09-22T16:28:00.104Z	info	app/vmalert/group.go:225	group "duplicatedGroupDiffFiles" started; interval=1ms; concurrency=1
2020-09-22T16:28:00.104Z	info	app/vmalert/group.go:235	group "duplicatedGroupDiffFiles": received stop signal
2020-09-22T16:28:00.104Z	info	app/vmalert/group.go:225	group "TestGroup" started; interval=2s; concurrency=2
2020-09-22T16:28:00.104Z	info	app/vmalert/group.go:235	group "TestGroup": received stop signal
2020-09-22T16:28:00.104Z	info	app/vmalert/manager.go:84	reading rules configuration file from "config/testdata/dir/rules1-good.rules"
2020-09-22T16:28:00.104Z	info	app/vmalert/group.go:225	group "duplicatedGroupDiffFiles" started; interval=1ms; concurrency=1
2020-09-22T16:28:00.104Z	info	app/vmalert/group.go:235	group "duplicatedGroupDiffFiles": received stop signal
2020-09-22T16:28:00.104Z	info	app/vmalert/group.go:225	group "groupGorSingleAlert" started; interval=1ms; concurrency=1
2020-09-22T16:28:00.104Z	info	app/vmalert/group.go:235	group "groupGorSingleAlert": received stop signal
2020-09-22T16:28:00.104Z	info	app/vmalert/group.go:225	group "TestGroup" started; interval=1ms; concurrency=1
2020-09-22T16:28:00.104Z	info	app/vmalert/group.go:235	group "TestGroup": received stop signal
2020-09-22T16:28:00.104Z	info	app/vmalert/group.go:225	group "duplicatedGroupDiffFiles" started; interval=1ms; concurrency=1
2020-09-22T16:28:00.104Z	info	app/vmalert/group.go:235	group "duplicatedGroupDiffFiles": received stop signal
2020-09-22T16:28:00.105Z	info	app/vmalert/group.go:225	group "TestGroup" started; interval=2s; concurrency=2
2020-09-22T16:28:00.105Z	info	app/vmalert/group.go:235	group "TestGroup": received stop signal
2020-09-22T16:28:00.105Z	info	app/vmalert/group.go:225	group "groupTest" started; interval=1ms; concurrency=1
2020-09-22T16:28:00.105Z	info	app/vmalert/group.go:235	group "groupTest": received stop signal
2020-09-22T16:28:00.105Z	info	app/vmalert/manager.go:84	reading rules configuration file from "config/testdata/dir/rules1-good.rules"
2020-09-22T16:28:00.105Z	info	app/vmalert/group.go:225	group "TestGroup" started; interval=1ms; concurrency=1
2020-09-22T16:28:00.105Z	info	app/vmalert/group.go:235	group "TestGroup": received stop signal
2020-09-22T16:28:00.105Z	info	app/vmalert/manager.go:84	reading rules configuration file from "config/testdata/rules1-good.rules"
2020-09-22T16:28:00.105Z	info	app/vmalert/group.go:225	group "groupGorSingleAlert" started; interval=1ms; concurrency=1
2020-09-22T16:28:00.105Z	info	app/vmalert/group.go:235	group "groupGorSingleAlert": received stop signal
2020-09-22T16:28:00.105Z	info	app/vmalert/manager.go:84	reading rules configuration file from "config/testdata/rules2-good.rules"
2020-09-22T16:28:00.105Z	info	app/vmalert/group.go:225	group "groupTest" started; interval=1ms; concurrency=1
2020-09-22T16:28:00.105Z	info	app/vmalert/group.go:235	group "groupTest": received stop signal
2020-09-22T16:28:00.105Z	info	app/vmalert/group.go:225	group "duplicatedGroupDiffFiles" started; interval=1ms; concurrency=1
2020-09-22T16:28:00.105Z	info	app/vmalert/manager.go:84	reading rules configuration file from "config/testdata/dir/rules0-good.rules"
2020-09-22T16:28:00.106Z	info	app/vmalert/group.go:235	group "duplicatedGroupDiffFiles": received stop signal
2020-09-22T16:28:00.106Z	info	app/vmalert/group.go:225	group "duplicatedGroupDiffFiles" started; interval=1ms; concurrency=1
2020-09-22T16:28:00.106Z	info	app/vmalert/group.go:235	group "duplicatedGroupDiffFiles": received stop signal
2020-09-22T16:28:00.106Z	info	app/vmalert/manager.go:84	reading rules configuration file from "config/testdata/dir/rules0-bad.rules"
2020-09-22T16:28:00.106Z	info	app/vmalert/group.go:225	group "groupGorSingleAlert" started; interval=1ms; concurrency=1
2020-09-22T16:28:00.106Z	info	app/vmalert/group.go:235	group "groupGorSingleAlert": received stop signal
2020-09-22T16:28:00.106Z	info	app/vmalert/group.go:225	group "TestGroup" started; interval=1ms; concurrency=1
2020-09-22T16:28:00.106Z	info	app/vmalert/group.go:235	group "TestGroup": received stop signal
2020-09-22T16:28:00.106Z	info	app/vmalert/group.go:225	group "TestGroup" started; interval=2s; concurrency=2
2020-09-22T16:28:00.106Z	info	app/vmalert/group.go:235	group "TestGroup": received stop signal
2020-09-22T16:28:00.106Z	info	app/vmalert/group.go:225	group "duplicatedGroupDiffFiles" started; interval=1ms; concurrency=1
2020-09-22T16:28:00.106Z	info	app/vmalert/group.go:235	group "duplicatedGroupDiffFiles": received stop signal
2020-09-22T16:28:00.106Z	info	app/vmalert/manager.go:84	reading rules configuration file from "config/testdata/dir/rules1-bad.rules"
2020-09-22T16:28:00.106Z	info	app/vmalert/group.go:225	group "duplicatedGroupDiffFiles" started; interval=1ms; concurrency=1
2020-09-22T16:28:00.106Z	info	app/vmalert/manager.go:84	reading rules configuration file from "config/testdata/dir/rules0-good.rules"
2020-09-22T16:28:00.106Z	info	app/vmalert/group.go:235	group "duplicatedGroupDiffFiles": received stop signal
2020-09-22T16:28:00.106Z	info	app/vmalert/group.go:225	group "groupTest" started; interval=1ms; concurrency=1
2020-09-22T16:28:00.106Z	info	app/vmalert/group.go:235	group "groupTest": received stop signal
2020-09-22T16:28:00.106Z	info	app/vmalert/manager.go:84	reading rules configuration file from "config/testdata/rules1-good.rules"
2020-09-22T16:28:00.106Z	info	app/vmalert/group.go:225	group "TestGroup" started; interval=1ms; concurrency=1
2020-09-22T16:28:00.106Z	info	app/vmalert/group.go:235	group "TestGroup": received stop signal
2020-09-22T16:28:00.106Z	info	app/vmalert/group.go:225	group "groupGorSingleAlert" started; interval=1ms; concurrency=1
2020-09-22T16:28:00.106Z	info	app/vmalert/group.go:235	group "groupGorSingleAlert": received stop signal
2020-09-22T16:28:00.106Z	info	app/vmalert/group.go:225	group "TestGroup" started; interval=2s; concurrency=2
2020-09-22T16:28:00.106Z	info	app/vmalert/manager.go:84	reading rules configuration file from "config/testdata/dir/rules0-good.rules"
2020-09-22T16:28:00.106Z	info	app/vmalert/group.go:235	group "TestGroup": received stop signal
2020-09-22T16:28:00.107Z	info	app/vmalert/group.go:225	group "duplicatedGroupDiffFiles" started; interval=1ms; concurrency=1
2020-09-22T16:28:00.107Z	info	app/vmalert/group.go:235	group "duplicatedGroupDiffFiles": received stop signal
2020-09-22T16:28:00.107Z	info	app/vmalert/manager.go:84	reading rules configuration file from "config/testdata/rules1-good.rules"
2020-09-22T16:28:00.107Z	info	app/vmalert/group.go:225	group "duplicatedGroupDiffFiles" started; interval=1ms; concurrency=1
2020-09-22T16:28:00.107Z	info	app/vmalert/group.go:235	group "duplicatedGroupDiffFiles": received stop signal
2020-09-22T16:28:00.107Z	info	app/vmalert/manager.go:84	reading rules configuration file from "config/testdata/dir/rules0-bad.rules"
2020-09-22T16:28:00.107Z	info	app/vmalert/group.go:225	group "duplicatedGroupDiffFiles" started; interval=1ms; concurrency=1
2020-09-22T16:28:00.107Z	info	app/vmalert/group.go:235	group "duplicatedGroupDiffFiles": received stop signal
2020-09-22T16:28:00.107Z	info	app/vmalert/manager.go:84	reading rules configuration file from "config/testdata/rules1-good.rules"
2020-09-22T16:28:00.107Z	info	app/vmalert/manager.go:84	reading rules configuration file from "config/testdata/rules2-good.rules"
2020-09-22T16:28:00.107Z	info	app/vmalert/group.go:225	group "duplicatedGroupDiffFiles" started; interval=1ms; concurrency=1
2020-09-22T16:28:00.107Z	info	app/vmalert/group.go:235	group "duplicatedGroupDiffFiles": received stop signal
2020-09-22T16:28:00.107Z	info	app/vmalert/group.go:225	group "TestGroup" started; interval=2s; concurrency=2
2020-09-22T16:28:00.107Z	info	app/vmalert/group.go:235	group "TestGroup": received stop signal
2020-09-22T16:28:00.107Z	info	app/vmalert/group.go:225	group "duplicatedGroupDiffFiles" started; interval=1ms; concurrency=1
2020-09-22T16:28:00.107Z	info	app/vmalert/group.go:235	group "duplicatedGroupDiffFiles": received stop signal
2020-09-22T16:28:00.107Z	info	app/vmalert/manager.go:84	reading rules configuration file from "config/testdata/dir/rules1-good.rules"
2020-09-22T16:28:00.107Z	info	app/vmalert/group.go:225	group "groupTest" started; interval=1ms; concurrency=1
2020-09-22T16:28:00.107Z	info	app/vmalert/manager.go:84	reading rules configuration file from "config/testdata/dir/rules0-good.rules"
2020-09-22T16:28:00.107Z	info	app/vmalert/group.go:235	group "groupTest": received stop signal
2020-09-22T16:28:00.108Z	info	app/vmalert/group.go:225	group "duplicatedGroupDiffFiles" started; interval=1ms; concurrency=1
2020-09-22T16:28:00.108Z	info	app/vmalert/group.go:235	group "duplicatedGroupDiffFiles": received stop signal
2020-09-22T16:28:00.108Z	info	app/vmalert/manager.go:84	reading rules configuration file from "config/testdata/rules0-good.rules"
2020-09-22T16:28:00.108Z	info	app/vmalert/group.go:225	group "duplicatedGroupDiffFiles" started; interval=1ms; concurrency=1
2020-09-22T16:28:00.108Z	info	app/vmalert/group.go:235	group "duplicatedGroupDiffFiles": received stop signal
2020-09-22T16:28:00.108Z	info	app/vmalert/group.go:225	group "duplicatedGroupDiffFiles" started; interval=1ms; concurrency=1
2020-09-22T16:28:00.108Z	info	app/vmalert/manager.go:84	reading rules configuration file from "config/testdata/dir/rules0-good.rules"
2020-09-22T16:28:00.108Z	info	app/vmalert/group.go:235	group "duplicatedGroupDiffFiles": received stop signal
2020-09-22T16:28:00.108Z	info	app/vmalert/group.go:225	group "groupGorSingleAlert" started; interval=1ms; concurrency=1
2020-09-22T16:28:00.108Z	info	app/vmalert/group.go:235	group "groupGorSingleAlert": received stop signal
2020-09-22T16:28:00.108Z	info	app/vmalert/group.go:225	group "TestGroup" started; interval=1ms; concurrency=1
2020-09-22T16:28:00.108Z	info	app/vmalert/group.go:235	group "TestGroup": received stop signal
2020-09-22T16:28:00.109Z	info	app/vmalert/group.go:225	group "groupTest" started; interval=1ms; concurrency=1
2020-09-22T16:28:00.109Z	info	app/vmalert/group.go:235	group "groupTest": received stop signal
2020-09-22T16:28:00.109Z	info	app/vmalert/group.go:225	group "groupGorSingleAlert" started; interval=1ms; concurrency=1
2020-09-22T16:28:00.109Z	info	app/vmalert/group.go:235	group "groupGorSingleAlert": received stop signal
2020-09-22T16:28:00.109Z	info	app/vmalert/group.go:225	group "TestGroup" started; interval=1ms; concurrency=1
2020-09-22T16:28:00.109Z	info	app/vmalert/group.go:235	group "TestGroup": received stop signal
2020-09-22T16:28:00.109Z	info	app/vmalert/manager.go:84	reading rules configuration file from "config/testdata/dir/rules0-bad.rules"
2020-09-22T16:28:00.109Z	info	app/vmalert/group.go:225	group "TestGroup" started; interval=2s; concurrency=2
2020-09-22T16:28:00.109Z	info	app/vmalert/group.go:235	group "TestGroup": received stop signal
2020-09-22T16:28:00.109Z	info	app/vmalert/manager.go:84	reading rules configuration file from "config/testdata/dir/rules0-good.rules"
2020-09-22T16:28:00.109Z	info	app/vmalert/group.go:225	group "groupTest" started; interval=1ms; concurrency=1
2020-09-22T16:28:00.109Z	info	app/vmalert/group.go:235	group "groupTest": received stop signal
2020-09-22T16:28:00.109Z	info	app/vmalert/group.go:225	group "TestGroup" started; interval=2s; concurrency=2
2020-09-22T16:28:00.109Z	info	app/vmalert/group.go:235	group "TestGroup": received stop signal
2020-09-22T16:28:00.109Z	info	app/vmalert/manager.go:84	reading rules configuration file from "config/testdata/rules1-good.rules"
2020-09-22T16:28:00.109Z	info	app/vmalert/manager.go:84	reading rules configuration file from "config/testdata/dir/rules0-good.rules"
2020-09-22T16:28:00.109Z	info	app/vmalert/group.go:225	group "duplicatedGroupDiffFiles" started; interval=1ms; concurrency=1
2020-09-22T16:28:00.109Z	info	app/vmalert/group.go:235	group "duplicatedGroupDiffFiles": received stop signal
2020-09-22T16:28:00.109Z	info	app/vmalert/group.go:225	group "TestGroup" started; interval=2s; concurrency=2
2020-09-22T16:28:00.110Z	info	app/vmalert/group.go:235	group "TestGroup": received stop signal
2020-09-22T16:28:00.110Z	info	app/vmalert/group.go:225	group "duplicatedGroupDiffFiles" started; interval=1ms; concurrency=1
2020-09-22T16:28:00.110Z	info	app/vmalert/group.go:235	group "duplicatedGroupDiffFiles": received stop signal
2020-09-22T16:28:00.110Z	info	app/vmalert/manager.go:84	reading rules configuration file from "config/testdata/rules1-good.rules"
2020-09-22T16:28:00.110Z	info	app/vmalert/group.go:225	group "groupGorSingleAlert" started; interval=1ms; concurrency=1
2020-09-22T16:28:00.110Z	info	app/vmalert/group.go:235	group "groupGorSingleAlert": received stop signal
2020-09-22T16:28:00.110Z	info	app/vmalert/manager.go:84	reading rules configuration file from "config/testdata/rules1-good.rules"
2020-09-22T16:28:00.110Z	info	app/vmalert/manager.go:84	reading rules configuration file from "config/testdata/dir/rules1-good.rules"
2020-09-22T16:28:00.110Z	info	app/vmalert/group.go:225	group "TestGroup" started; interval=1ms; concurrency=1
2020-09-22T16:28:00.110Z	info	app/vmalert/group.go:235	group "TestGroup": received stop signal
2020-09-22T16:28:00.110Z	info	app/vmalert/group.go:225	group "duplicatedGroupDiffFiles" started; interval=1ms; concurrency=1
2020-09-22T16:28:00.110Z	info	app/vmalert/manager.go:84	reading rules configuration file from "config/testdata/rules2-good.rules"
2020-09-22T16:28:00.110Z	info	app/vmalert/group.go:235	group "duplicatedGroupDiffFiles": received stop signal
2020-09-22T16:28:00.110Z	info	app/vmalert/group.go:225	group "groupGorSingleAlert" started; interval=1ms; concurrency=1
2020-09-22T16:28:00.110Z	info	app/vmalert/group.go:225	group "TestGroup" started; interval=1ms; concurrency=1
2020-09-22T16:28:00.110Z	info	app/vmalert/group.go:235	group "groupGorSingleAlert": received stop signal
2020-09-22T16:28:00.110Z	info	app/vmalert/group.go:235	group "TestGroup": received stop signal
2020-09-22T16:28:00.110Z	info	app/vmalert/group.go:225	group "TestGroup" started; interval=2s; concurrency=2
2020-09-22T16:28:00.110Z	info	app/vmalert/group.go:235	group "TestGroup": received stop signal
2020-09-22T16:28:00.110Z	info	app/vmalert/group.go:225	group "groupTest" started; interval=1ms; concurrency=1
2020-09-22T16:28:00.110Z	info	app/vmalert/group.go:235	group "groupTest": received stop signal
2020-09-22T16:28:00.110Z	info	app/vmalert/manager.go:84	reading rules configuration file from "config/testdata/dir/rules1-good.rules"
2020-09-22T16:28:00.110Z	info	app/vmalert/group.go:225	group "TestGroup" started; interval=1ms; concurrency=1
2020-09-22T16:28:00.110Z	info	app/vmalert/group.go:225	group "groupGorSingleAlert" started; interval=1ms; concurrency=1
2020-09-22T16:28:00.110Z	info	app/vmalert/group.go:235	group "groupGorSingleAlert": received stop signal
2020-09-22T16:28:00.110Z	info	app/vmalert/group.go:235	group "TestGroup": received stop signal
2020-09-22T16:28:00.110Z	info	app/vmalert/group.go:225	group "groupTest" started; interval=1ms; concurrency=1
2020-09-22T16:28:00.111Z	info	app/vmalert/group.go:235	group "groupTest": received stop signal
2020-09-22T16:28:00.111Z	info	app/vmalert/group.go:225	group "duplicatedGroupDiffFiles" started; interval=1ms; concurrency=1
2020-09-22T16:28:00.111Z	info	app/vmalert/group.go:235	group "duplicatedGroupDiffFiles": received stop signal
2020-09-22T16:28:00.111Z	info	app/vmalert/group.go:225	group "groupGorSingleAlert" started; interval=1ms; concurrency=1
2020-09-22T16:28:00.111Z	info	app/vmalert/group.go:235	group "groupGorSingleAlert": received stop signal
2020-09-22T16:28:00.111Z	info	app/vmalert/group.go:225	group "TestGroup" started; interval=1ms; concurrency=1
2020-09-22T16:28:00.111Z	info	app/vmalert/group.go:235	group "TestGroup": received stop signal
2020-09-22T16:28:00.111Z	info	app/vmalert/group.go:225	group "groupTest" started; interval=1ms; concurrency=1
2020-09-22T16:28:00.111Z	info	app/vmalert/group.go:235	group "groupTest": received stop signal
2020-09-22T16:28:00.111Z	info	app/vmalert/manager.go:84	reading rules configuration file from "config/testdata/rules0-good.rules"
2020-09-22T16:28:00.111Z	info	app/vmalert/group.go:225	group "duplicatedGroupDiffFiles" started; interval=1ms; concurrency=1
2020-09-22T16:28:00.111Z	info	app/vmalert/group.go:235	group "duplicatedGroupDiffFiles": received stop signal
2020-09-22T16:28:00.111Z	info	app/vmalert/group.go:225	group "groupTest" started; interval=1ms; concurrency=1
2020-09-22T16:28:00.111Z	info	app/vmalert/group.go:235	group "groupTest": received stop signal
2020-09-22T16:28:00.111Z	info	app/vmalert/manager.go:84	reading rules configuration file from "config/testdata/dir/rules0-good.rules"
2020-09-22T16:28:00.111Z	info	app/vmalert/manager.go:84	reading rules configuration file from "config/testdata/rules2-good.rules"
2020-09-22T16:28:00.111Z	info	app/vmalert/group.go:225	group "duplicatedGroupDiffFiles" started; interval=1ms; concurrency=1
2020-09-22T16:28:00.111Z	info	app/vmalert/group.go:235	group "duplicatedGroupDiffFiles": received stop signal
2020-09-22T16:28:00.111Z	info	app/vmalert/group.go:225	group "TestGroup" started; interval=1ms; concurrency=1
2020-09-22T16:28:00.111Z	info	app/vmalert/group.go:225	group "groupGorSingleAlert" started; interval=1ms; concurrency=1
2020-09-22T16:28:00.111Z	info	app/vmalert/group.go:235	group "TestGroup": received stop signal
2020-09-22T16:28:00.111Z	info	app/vmalert/group.go:235	group "groupGorSingleAlert": received stop signal
2020-09-22T16:28:00.111Z	info	app/vmalert/group.go:225	group "duplicatedGroupDiffFiles" started; interval=1ms; concurrency=1
2020-09-22T16:28:00.111Z	info	app/vmalert/group.go:235	group "duplicatedGroupDiffFiles": received stop signal
2020-09-22T16:28:00.111Z	info	app/vmalert/manager.go:84	reading rules configuration file from "config/testdata/dir/rules1-good.rules"
2020-09-22T16:28:00.112Z	info	app/vmalert/group.go:225	group "groupTest" started; interval=1ms; concurrency=1
2020-09-22T16:28:00.112Z	info	app/vmalert/group.go:235	group "groupTest": received stop signal
2020-09-22T16:28:00.112Z	info	app/vmalert/manager.go:84	reading rules configuration file from "config/testdata/rules1-good.rules"
2020-09-22T16:28:00.112Z	info	app/vmalert/group.go:225	group "duplicatedGroupDiffFiles" started; interval=1ms; concurrency=1
2020-09-22T16:28:00.112Z	info	app/vmalert/group.go:235	group "duplicatedGroupDiffFiles": received stop signal
2020-09-22T16:28:00.112Z	info	app/vmalert/manager.go:84	reading rules configuration file from "config/testdata/dir/rules1-good.rules"
2020-09-22T16:28:00.112Z	info	app/vmalert/group.go:225	group "TestGroup" started; interval=2s; concurrency=2
2020-09-22T16:28:00.112Z	info	app/vmalert/group.go:235	group "TestGroup": received stop signal
2020-09-22T16:28:00.112Z	info	app/vmalert/group.go:225	group "TestGroup" started; interval=1ms; concurrency=1
2020-09-22T16:28:00.112Z	info	app/vmalert/group.go:225	group "groupGorSingleAlert" started; interval=1ms; concurrency=1
2020-09-22T16:28:00.112Z	info	app/vmalert/manager.go:84	reading rules configuration file from "config/testdata/dir/rules1-bad.rules"
2020-09-22T16:28:00.112Z	info	app/vmalert/group.go:235	group "groupGorSingleAlert": received stop signal
2020-09-22T16:28:00.112Z	info	app/vmalert/group.go:235	group "TestGroup": received stop signal
2020-09-22T16:28:00.112Z	info	app/vmalert/manager.go:84	reading rules configuration file from "config/testdata/dir/rules1-bad.rules"
2020-09-22T16:28:00.112Z	info	app/vmalert/group.go:225	group "TestGroup" started; interval=2s; concurrency=2
2020-09-22T16:28:00.112Z	info	app/vmalert/group.go:235	group "TestGroup": received stop signal
2020-09-22T16:28:00.112Z	info	app/vmalert/group.go:225	group "groupTest" started; interval=1ms; concurrency=1
2020-09-22T16:28:00.112Z	info	app/vmalert/group.go:235	group "groupTest": received stop signal
2020-09-22T16:28:00.112Z	info	app/vmalert/manager.go:84	reading rules configuration file from "config/testdata/rules1-good.rules"
2020-09-22T16:28:00.112Z	info	app/vmalert/group.go:225	group "duplicatedGroupDiffFiles" started; interval=1ms; concurrency=1
2020-09-22T16:28:00.112Z	info	app/vmalert/group.go:235	group "duplicatedGroupDiffFiles": received stop signal
2020-09-22T16:28:00.113Z	info	app/vmalert/manager.go:84	reading rules configuration file from "config/testdata/dir/rules1-bad.rules"
2020-09-22T16:28:00.113Z	info	app/vmalert/group.go:225	group "groupGorSingleAlert" started; interval=1ms; concurrency=1
2020-09-22T16:28:00.113Z	info	app/vmalert/group.go:225	group "TestGroup" started; interval=1ms; concurrency=1
2020-09-22T16:28:00.113Z	info	app/vmalert/group.go:235	group "groupGorSingleAlert": received stop signal
2020-09-22T16:28:00.113Z	info	app/vmalert/group.go:235	group "TestGroup": received stop signal
2020-09-22T16:28:00.113Z	info	app/vmalert/group.go:225	group "duplicatedGroupDiffFiles" started; interval=1ms; concurrency=1
2020-09-22T16:28:00.113Z	info	app/vmalert/group.go:235	group "duplicatedGroupDiffFiles": received stop signal
2020-09-22T16:28:00.113Z	info	app/vmalert/group.go:225	group "groupTest" started; interval=1ms; concurrency=1
2020-09-22T16:28:00.113Z	info	app/vmalert/group.go:235	group "groupTest": received stop signal
2020-09-22T16:28:00.113Z	info	app/vmalert/group.go:225	group "duplicatedGroupDiffFiles" started; interval=1ms; concurrency=1
2020-09-22T16:28:00.113Z	info	app/vmalert/group.go:235	group "duplicatedGroupDiffFiles": received stop signal
2020-09-22T16:28:00.113Z	info	app/vmalert/manager.go:84	reading rules configuration file from "config/testdata/dir/rules0-bad.rules"
2020-09-22T16:28:00.113Z	info	app/vmalert/group.go:225	group "duplicatedGroupDiffFiles" started; interval=1ms; concurrency=1
2020-09-22T16:28:00.113Z	info	app/vmalert/group.go:235	group "duplicatedGroupDiffFiles": received stop signal
2020-09-22T16:28:00.113Z	info	app/vmalert/manager.go:84	reading rules configuration file from "config/testdata/dir/rules1-good.rules"
2020-09-22T16:28:00.113Z	info	app/vmalert/group.go:225	group "groupGorSingleAlert" started; interval=1ms; concurrency=1
2020-09-22T16:28:00.113Z	info	app/vmalert/group.go:235	group "groupGorSingleAlert": received stop signal
2020-09-22T16:28:00.113Z	info	app/vmalert/group.go:225	group "TestGroup" started; interval=1ms; concurrency=1
2020-09-22T16:28:00.113Z	info	app/vmalert/group.go:235	group "TestGroup": received stop signal
2020-09-22T16:28:00.113Z	info	app/vmalert/group.go:225	group "TestGroup" started; interval=2s; concurrency=2
2020-09-22T16:28:00.113Z	info	app/vmalert/group.go:235	group "TestGroup": received stop signal
2020-09-22T16:28:00.113Z	info	app/vmalert/manager.go:84	reading rules configuration file from "config/testdata/dir/rules1-bad.rules"
2020-09-22T16:28:00.113Z	info	app/vmalert/group.go:225	group "TestGroup" started; interval=1ms; concurrency=1
2020-09-22T16:28:00.113Z	info	app/vmalert/group.go:235	group "TestGroup": received stop signal
2020-09-22T16:28:00.113Z	info	app/vmalert/group.go:225	group "groupGorSingleAlert" started; interval=1ms; concurrency=1
2020-09-22T16:28:00.113Z	info	app/vmalert/group.go:235	group "groupGorSingleAlert": received stop signal
2020-09-22T16:28:00.113Z	info	app/vmalert/group.go:225	group "duplicatedGroupDiffFiles" started; interval=1ms; concurrency=1
2020-09-22T16:28:00.113Z	info	app/vmalert/group.go:235	group "duplicatedGroupDiffFiles": received stop signal
2020-09-22T16:28:00.113Z	info	app/vmalert/group.go:225	group "groupTest" started; interval=1ms; concurrency=1
2020-09-22T16:28:00.113Z	info	app/vmalert/group.go:235	group "groupTest": received stop signal
2020-09-22T16:28:00.114Z	info	app/vmalert/group.go:225	group "duplicatedGroupDiffFiles" started; interval=1ms; concurrency=1
2020-09-22T16:28:00.114Z	info	app/vmalert/group.go:235	group "duplicatedGroupDiffFiles": received stop signal
2020-09-22T16:28:00.114Z	info	app/vmalert/group.go:225	group "groupTest" started; interval=1ms; concurrency=1
2020-09-22T16:28:00.114Z	info	app/vmalert/group.go:235	group "groupTest": received stop signal
2020-09-22T16:28:00.114Z	info	app/vmalert/manager.go:84	reading rules configuration file from "config/testdata/dir/rules0-bad.rules"
2020-09-22T16:28:00.114Z	info	app/vmalert/manager.go:84	reading rules configuration file from "config/testdata/dir/rules1-good.rules"
2020-09-22T16:28:00.114Z	info	app/vmalert/manager.go:84	reading rules configuration file from "config/testdata/dir/rules1-bad.rules"
2020-09-22T16:28:00.114Z	info	app/vmalert/manager.go:84	reading rules configuration file from "config/testdata/dir/rules1-good.rules"
2020-09-22T16:28:00.114Z	info	app/vmalert/group.go:225	group "TestGroup" started; interval=2s; concurrency=2
2020-09-22T16:28:00.114Z	info	app/vmalert/manager.go:84	reading rules configuration file from "config/testdata/dir/rules1-good.rules"
2020-09-22T16:28:00.114Z	info	app/vmalert/group.go:235	group "TestGroup": received stop signal
2020-09-22T16:28:00.114Z	info	app/vmalert/manager.go:84	reading rules configuration file from "config/testdata/dir/rules1-good.rules"
2020-09-22T16:28:00.114Z	info	app/vmalert/manager.go:84	reading rules configuration file from "config/testdata/rules0-good.rules"
2020-09-22T16:28:00.114Z	info	app/vmalert/manager.go:84	reading rules configuration file from "config/testdata/rules2-good.rules"
2020-09-22T16:28:00.114Z	info	app/vmalert/group.go:225	group "duplicatedGroupDiffFiles" started; interval=1ms; concurrency=1
2020-09-22T16:28:00.115Z	info	app/vmalert/group.go:235	group "duplicatedGroupDiffFiles": received stop signal
2020-09-22T16:28:00.115Z	info	app/vmalert/group.go:225	group "duplicatedGroupDiffFiles" started; interval=1ms; concurrency=1
2020-09-22T16:28:00.115Z	info	app/vmalert/group.go:235	group "duplicatedGroupDiffFiles": received stop signal
2020-09-22T16:28:00.115Z	info	app/vmalert/group.go:225	group "groupTest" started; interval=1ms; concurrency=1
2020-09-22T16:28:00.115Z	info	app/vmalert/group.go:235	group "groupTest": received stop signal
2020-09-22T16:28:00.115Z	info	app/vmalert/group.go:225	group "duplicatedGroupDiffFiles" started; interval=1ms; concurrency=1
2020-09-22T16:28:00.115Z	info	app/vmalert/group.go:235	group "duplicatedGroupDiffFiles": received stop signal
2020-09-22T16:28:00.115Z	info	app/vmalert/group.go:225	group "TestGroup" started; interval=1ms; concurrency=1
2020-09-22T16:28:00.115Z	info	app/vmalert/manager.go:84	reading rules configuration file from "config/testdata/rules0-good.rules"
2020-09-22T16:28:00.115Z	info	app/vmalert/group.go:225	group "groupGorSingleAlert" started; interval=1ms; concurrency=1
2020-09-22T16:28:00.115Z	info	app/vmalert/group.go:235	group "groupGorSingleAlert": received stop signal
2020-09-22T16:28:00.115Z	info	app/vmalert/group.go:235	group "TestGroup": received stop signal
2020-09-22T16:28:00.115Z	info	app/vmalert/group.go:225	group "groupTest" started; interval=1ms; concurrency=1
2020-09-22T16:28:00.115Z	info	app/vmalert/group.go:235	group "groupTest": received stop signal
2020-09-22T16:28:00.115Z	info	app/vmalert/manager.go:84	reading rules configuration file from "config/testdata/rules2-good.rules"
2020-09-22T16:28:00.115Z	info	app/vmalert/group.go:225	group "TestGroup" started; interval=2s; concurrency=2
2020-09-22T16:28:00.115Z	info	app/vmalert/group.go:235	group "TestGroup": received stop signal
2020-09-22T16:28:00.115Z	info	app/vmalert/group.go:225	group "duplicatedGroupDiffFiles" started; interval=1ms; concurrency=1
2020-09-22T16:28:00.115Z	info	app/vmalert/manager.go:84	reading rules configuration file from "config/testdata/dir/rules0-bad.rules"
2020-09-22T16:28:00.115Z	info	app/vmalert/group.go:235	group "duplicatedGroupDiffFiles": received stop signal
2020-09-22T16:28:00.116Z	info	app/vmalert/group.go:225	group "duplicatedGroupDiffFiles" started; interval=1ms; concurrency=1
2020-09-22T16:28:00.116Z	info	app/vmalert/group.go:235	group "duplicatedGroupDiffFiles": received stop signal
2020-09-22T16:28:00.116Z	info	app/vmalert/group.go:225	group "groupGorSingleAlert" started; interval=1ms; concurrency=1
2020-09-22T16:28:00.116Z	info	app/vmalert/group.go:225	group "TestGroup" started; interval=1ms; concurrency=1
2020-09-22T16:28:00.116Z	info	app/vmalert/group.go:235	group "groupGorSingleAlert": received stop signal
2020-09-22T16:28:00.116Z	info	app/vmalert/group.go:235	group "TestGroup": received stop signal
2020-09-22T16:28:00.116Z	info	app/vmalert/manager.go:84	reading rules configuration file from "config/testdata/rules2-good.rules"
2020-09-22T16:28:00.116Z	info	app/vmalert/group.go:225	group "groupTest" started; interval=1ms; concurrency=1
2020-09-22T16:28:00.116Z	info	app/vmalert/group.go:235	group "groupTest": received stop signal
2020-09-22T16:28:00.116Z	info	app/vmalert/group.go:225	group "duplicatedGroupDiffFiles" started; interval=1ms; concurrency=1
2020-09-22T16:28:00.116Z	info	app/vmalert/group.go:235	group "duplicatedGroupDiffFiles": received stop signal
2020-09-22T16:28:00.116Z	info	app/vmalert/group.go:225	group "groupTest" started; interval=1ms; concurrency=1
2020-09-22T16:28:00.116Z	info	app/vmalert/group.go:235	group "groupTest": received stop signal
2020-09-22T16:28:00.116Z	info	app/vmalert/group.go:225	group "duplicatedGroupDiffFiles" started; interval=1ms; concurrency=1
2020-09-22T16:28:00.116Z	info	app/vmalert/group.go:235	group "duplicatedGroupDiffFiles": received stop signal
2020-09-22T16:28:00.116Z	info	app/vmalert/manager.go:84	reading rules configuration file from "config/testdata/dir/rules0-good.rules"
2020-09-22T16:28:00.116Z	info	app/vmalert/manager.go:84	reading rules configuration file from "config/testdata/dir/rules0-good.rules"
2020-09-22T16:28:00.116Z	info	app/vmalert/group.go:225	group "duplicatedGroupDiffFiles" started; interval=1ms; concurrency=1
2020-09-22T16:28:00.116Z	info	app/vmalert/group.go:235	group "duplicatedGroupDiffFiles": received stop signal
2020-09-22T16:28:00.116Z	info	app/vmalert/group.go:225	group "groupTest" started; interval=1ms; concurrency=1
2020-09-22T16:28:00.116Z	info	app/vmalert/manager.go:84	reading rules configuration file from "config/testdata/dir/rules1-good.rules"
2020-09-22T16:28:00.116Z	info	app/vmalert/group.go:235	group "groupTest": received stop signal
2020-09-22T16:28:00.116Z	info	app/vmalert/manager.go:84	reading rules configuration file from "config/testdata/rules2-good.rules"
2020-09-22T16:28:00.116Z	info	app/vmalert/group.go:225	group "duplicatedGroupDiffFiles" started; interval=1ms; concurrency=1
2020-09-22T16:28:00.116Z	info	app/vmalert/manager.go:84	reading rules configuration file from "config/testdata/dir/rules0-good.rules"
2020-09-22T16:28:00.116Z	info	app/vmalert/group.go:235	group "duplicatedGroupDiffFiles": received stop signal
2020-09-22T16:28:00.116Z	info	app/vmalert/group.go:225	group "groupTest" started; interval=1ms; concurrency=1
2020-09-22T16:28:00.116Z	info	app/vmalert/group.go:235	group "groupTest": received stop signal
2020-09-22T16:28:00.116Z	info	app/vmalert/manager.go:84	reading rules configuration file from "config/testdata/rules2-good.rules"
2020-09-22T16:28:00.116Z	info	app/vmalert/group.go:225	group "TestGroup" started; interval=2s; concurrency=2
2020-09-22T16:28:00.117Z	info	app/vmalert/group.go:235	group "TestGroup": received stop signal
2020-09-22T16:28:00.118Z	info	app/vmalert/group.go:225	group "duplicatedGroupDiffFiles" started; interval=1ms; concurrency=1
2020-09-22T16:28:00.118Z	info	app/vmalert/manager.go:84	reading rules configuration file from "config/testdata/dir/rules1-good.rules"
2020-09-22T16:28:00.118Z	info	app/vmalert/group.go:235	group "duplicatedGroupDiffFiles": received stop signal
2020-09-22T16:28:00.118Z	info	app/vmalert/manager.go:84	reading rules configuration file from "config/testdata/dir/rules1-good.rules"
2020-09-22T16:28:00.118Z	info	app/vmalert/group.go:225	group "duplicatedGroupDiffFiles" started; interval=1ms; concurrency=1
2020-09-22T16:28:00.118Z	info	app/vmalert/group.go:235	group "duplicatedGroupDiffFiles": received stop signal
2020-09-22T16:28:00.118Z	info	app/vmalert/group.go:225	group "duplicatedGroupDiffFiles" started; interval=1ms; concurrency=1
2020-09-22T16:28:00.118Z	info	app/vmalert/group.go:235	group "duplicatedGroupDiffFiles": received stop signal
2020-09-22T16:28:00.118Z	info	app/vmalert/group.go:225	group "TestGroup" started; interval=1ms; concurrency=1
2020-09-22T16:28:00.118Z	info	app/vmalert/group.go:225	group "groupGorSingleAlert" started; interval=1ms; concurrency=1
2020-09-22T16:28:00.118Z	info	app/vmalert/group.go:235	group "groupGorSingleAlert": received stop signal
2020-09-22T16:28:00.118Z	info	app/vmalert/group.go:235	group "TestGroup": received stop signal
2020-09-22T16:28:00.118Z	info	app/vmalert/manager.go:84	reading rules configuration file from "config/testdata/dir/rules0-good.rules"
2020-09-22T16:28:00.118Z	info	app/vmalert/manager.go:84	reading rules configuration file from "config/testdata/dir/rules0-bad.rules"
2020-09-22T16:28:00.118Z	info	app/vmalert/group.go:225	group "TestGroup" started; interval=2s; concurrency=2
2020-09-22T16:28:00.118Z	info	app/vmalert/group.go:235	group "TestGroup": received stop signal
2020-09-22T16:28:00.118Z	info	app/vmalert/group.go:225	group "duplicatedGroupDiffFiles" started; interval=1ms; concurrency=1
2020-09-22T16:28:00.118Z	info	app/vmalert/group.go:235	group "duplicatedGroupDiffFiles": received stop signal
2020-09-22T16:28:00.118Z	info	app/vmalert/group.go:225	group "duplicatedGroupDiffFiles" started; interval=1ms; concurrency=1
2020-09-22T16:28:00.118Z	info	app/vmalert/manager.go:84	reading rules configuration file from "config/testdata/dir/rules0-bad.rules"
2020-09-22T16:28:00.118Z	info	app/vmalert/group.go:235	group "duplicatedGroupDiffFiles": received stop signal
2020-09-22T16:28:00.118Z	info	app/vmalert/group.go:225	group "TestGroup" started; interval=1ms; concurrency=1
2020-09-22T16:28:00.118Z	info	app/vmalert/group.go:225	group "groupGorSingleAlert" started; interval=1ms; concurrency=1
2020-09-22T16:28:00.119Z	info	app/vmalert/group.go:235	group "groupGorSingleAlert": received stop signal
2020-09-22T16:28:00.119Z	info	app/vmalert/group.go:235	group "TestGroup": received stop signal
2020-09-22T16:28:00.119Z	info	app/vmalert/group.go:225	group "duplicatedGroupDiffFiles" started; interval=1ms; concurrency=1
2020-09-22T16:28:00.119Z	info	app/vmalert/group.go:235	group "duplicatedGroupDiffFiles": received stop signal
2020-09-22T16:28:00.119Z	info	app/vmalert/group.go:225	group "TestGroup" started; interval=2s; concurrency=2
2020-09-22T16:28:00.119Z	info	app/vmalert/group.go:235	group "TestGroup": received stop signal
2020-09-22T16:28:00.119Z	info	app/vmalert/manager.go:84	reading rules configuration file from "config/testdata/dir/rules0-bad.rules"
2020-09-22T16:28:00.119Z	info	app/vmalert/manager.go:84	reading rules configuration file from "config/testdata/rules0-good.rules"
2020-09-22T16:28:00.119Z	info	app/vmalert/group.go:225	group "duplicatedGroupDiffFiles" started; interval=1ms; concurrency=1
2020-09-22T16:28:00.119Z	info	app/vmalert/group.go:235	group "duplicatedGroupDiffFiles": received stop signal
2020-09-22T16:28:00.118Z	info	app/vmalert/manager.go:84	reading rules configuration file from "config/testdata/dir/rules1-bad.rules"
2020-09-22T16:28:00.119Z	info	app/vmalert/group.go:225	group "duplicatedGroupDiffFiles" started; interval=1ms; concurrency=1
2020-09-22T16:28:00.119Z	info	app/vmalert/manager.go:84	reading rules configuration file from "config/testdata/dir/rules1-good.rules"
2020-09-22T16:28:00.119Z	info	app/vmalert/manager.go:84	reading rules configuration file from "config/testdata/dir/rules0-good.rules"
2020-09-22T16:28:00.119Z	info	app/vmalert/group.go:235	group "duplicatedGroupDiffFiles": received stop signal
2020-09-22T16:28:00.119Z	info	app/vmalert/manager.go:84	reading rules configuration file from "config/testdata/rules0-good.rules"
2020-09-22T16:28:00.119Z	info	app/vmalert/group.go:225	group "groupGorSingleAlert" started; interval=1ms; concurrency=1
2020-09-22T16:28:00.119Z	info	app/vmalert/group.go:225	group "TestGroup" started; interval=1ms; concurrency=1
2020-09-22T16:28:00.119Z	info	app/vmalert/manager.go:84	reading rules configuration file from "config/testdata/rules1-good.rules"
2020-09-22T16:28:00.119Z	info	app/vmalert/manager.go:84	reading rules configuration file from "config/testdata/rules2-good.rules"
2020-09-22T16:28:00.119Z	info	app/vmalert/group.go:235	group "groupGorSingleAlert": received stop signal
2020-09-22T16:28:00.119Z	info	app/vmalert/group.go:235	group "TestGroup": received stop signal
2020-09-22T16:28:00.120Z	info	app/vmalert/group.go:225	group "duplicatedGroupDiffFiles" started; interval=1ms; concurrency=1
2020-09-22T16:28:00.120Z	info	app/vmalert/group.go:235	group "duplicatedGroupDiffFiles": received stop signal
2020-09-22T16:28:00.120Z	info	app/vmalert/group.go:225	group "duplicatedGroupDiffFiles" started; interval=1ms; concurrency=1
2020-09-22T16:28:00.120Z	info	app/vmalert/group.go:235	group "duplicatedGroupDiffFiles": received stop signal
2020-09-22T16:28:00.120Z	info	app/vmalert/manager.go:84	reading rules configuration file from "config/testdata/dir/rules0-bad.rules"
2020-09-22T16:28:00.120Z	info	app/vmalert/manager.go:84	reading rules configuration file from "config/testdata/rules1-good.rules"
2020-09-22T16:28:00.120Z	info	app/vmalert/manager.go:84	reading rules configuration file from "config/testdata/dir/rules1-good.rules"
2020-09-22T16:28:00.120Z	info	app/vmalert/group.go:225	group "TestGroup" started; interval=2s; concurrency=2
2020-09-22T16:28:00.120Z	info	app/vmalert/group.go:235	group "TestGroup": received stop signal
2020-09-22T16:28:00.120Z	info	app/vmalert/group.go:225	group "groupTest" started; interval=1ms; concurrency=1
2020-09-22T16:28:00.120Z	info	app/vmalert/group.go:235	group "groupTest": received stop signal
2020-09-22T16:28:00.120Z	info	app/vmalert/group.go:225	group "groupGorSingleAlert" started; interval=1ms; concurrency=1
2020-09-22T16:28:00.121Z	info	app/vmalert/group.go:235	group "groupGorSingleAlert": received stop signal
2020-09-22T16:28:00.121Z	info	app/vmalert/manager.go:84	reading rules configuration file from "config/testdata/rules2-good.rules"
2020-09-22T16:28:00.120Z	info	app/vmalert/group.go:225	group "TestGroup" started; interval=1ms; concurrency=1
2020-09-22T16:28:00.121Z	info	app/vmalert/group.go:235	group "TestGroup": received stop signal
2020-09-22T16:28:00.121Z	info	app/vmalert/group.go:225	group "duplicatedGroupDiffFiles" started; interval=1ms; concurrency=1
2020-09-22T16:28:00.121Z	info	app/vmalert/group.go:235	group "duplicatedGroupDiffFiles": received stop signal
2020-09-22T16:28:00.122Z	info	app/vmalert/group.go:225	group "TestGroup" started; interval=2s; concurrency=2
2020-09-22T16:28:00.122Z	info	app/vmalert/group.go:235	group "TestGroup": received stop signal
2020-09-22T16:28:00.122Z	info	app/vmalert/group.go:225	group "duplicatedGroupDiffFiles" started; interval=1ms; concurrency=1
2020-09-22T16:28:00.122Z	info	app/vmalert/group.go:235	group "duplicatedGroupDiffFiles": received stop signal
2020-09-22T16:28:00.122Z	info	app/vmalert/manager.go:84	reading rules configuration file from "config/testdata/dir/rules1-good.rules"
2020-09-22T16:28:00.122Z	info	app/vmalert/manager.go:84	reading rules configuration file from "config/testdata/rules0-good.rules"
2020-09-22T16:28:00.122Z	info	app/vmalert/group.go:225	group "duplicatedGroupDiffFiles" started; interval=1ms; concurrency=1
2020-09-22T16:28:00.122Z	info	app/vmalert/group.go:235	group "duplicatedGroupDiffFiles": received stop signal
2020-09-22T16:28:00.122Z	info	app/vmalert/group.go:225	group "groupGorSingleAlert" started; interval=1ms; concurrency=1
2020-09-22T16:28:00.122Z	info	app/vmalert/group.go:225	group "TestGroup" started; interval=1ms; concurrency=1
2020-09-22T16:28:00.122Z	info	app/vmalert/group.go:235	group "groupGorSingleAlert": received stop signal
2020-09-22T16:28:00.122Z	info	app/vmalert/group.go:235	group "TestGroup": received stop signal
2020-09-22T16:28:00.122Z	info	app/vmalert/manager.go:84	reading rules configuration file from "config/testdata/rules2-good.rules"
2020-09-22T16:28:00.122Z	info	app/vmalert/group.go:225	group "groupTest" started; interval=1ms; concurrency=1
2020-09-22T16:28:00.122Z	info	app/vmalert/group.go:235	group "groupTest": received stop signal
2020-09-22T16:28:00.122Z	info	app/vmalert/group.go:225	group "TestGroup" started; interval=2s; concurrency=2
2020-09-22T16:28:00.122Z	info	app/vmalert/group.go:235	group "TestGroup": received stop signal
2020-09-22T16:28:00.122Z	info	app/vmalert/group.go:225	group "groupTest" started; interval=1ms; concurrency=1
2020-09-22T16:28:00.122Z	info	app/vmalert/group.go:235	group "groupTest": received stop signal
2020-09-22T16:28:00.122Z	info	app/vmalert/group.go:225	group "groupGorSingleAlert" started; interval=1ms; concurrency=1
2020-09-22T16:28:00.122Z	info	app/vmalert/group.go:235	group "groupGorSingleAlert": received stop signal
2020-09-22T16:28:00.122Z	info	app/vmalert/group.go:225	group "TestGroup" started; interval=1ms; concurrency=1
2020-09-22T16:28:00.122Z	info	app/vmalert/manager.go:84	reading rules configuration file from "config/testdata/rules1-good.rules"
2020-09-22T16:28:00.122Z	info	app/vmalert/group.go:235	group "TestGroup": received stop signal
2020-09-22T16:28:00.122Z	info	app/vmalert/group.go:225	group "duplicatedGroupDiffFiles" started; interval=1ms; concurrency=1
2020-09-22T16:28:00.122Z	info	app/vmalert/group.go:235	group "duplicatedGroupDiffFiles": received stop signal
2020-09-22T16:28:00.122Z	info	app/vmalert/manager.go:84	reading rules configuration file from "config/testdata/dir/rules1-bad.rules"
2020-09-22T16:28:00.122Z	info	app/vmalert/group.go:225	group "duplicatedGroupDiffFiles" started; interval=1ms; concurrency=1
2020-09-22T16:28:00.122Z	info	app/vmalert/group.go:235	group "duplicatedGroupDiffFiles": received stop signal
2020-09-22T16:28:00.122Z	info	app/vmalert/group.go:225	group "duplicatedGroupDiffFiles" started; interval=1ms; concurrency=1
2020-09-22T16:28:00.122Z	info	app/vmalert/group.go:235	group "duplicatedGroupDiffFiles": received stop signal
2020-09-22T16:28:00.122Z	info	app/vmalert/group.go:225	group "duplicatedGroupDiffFiles" started; interval=1ms; concurrency=1
2020-09-22T16:28:00.122Z	info	app/vmalert/group.go:235	group "duplicatedGroupDiffFiles": received stop signal
2020-09-22T16:28:00.122Z	info	app/vmalert/manager.go:84	reading rules configuration file from "config/testdata/dir/rules0-bad.rules"
2020-09-22T16:28:00.122Z	info	app/vmalert/group.go:225	group "groupTest" started; interval=1ms; concurrency=1
2020-09-22T16:28:00.122Z	info	app/vmalert/group.go:235	group "groupTest": received stop signal
2020-09-22T16:28:00.122Z	info	app/vmalert/manager.go:84	reading rules configuration file from "config/testdata/dir/rules1-bad.rules"
2020-09-22T16:28:00.122Z	info	app/vmalert/group.go:225	group "duplicatedGroupDiffFiles" started; interval=1ms; concurrency=1
2020-09-22T16:28:00.122Z	info	app/vmalert/group.go:235	group "duplicatedGroupDiffFiles": received stop signal
2020-09-22T16:28:00.122Z	info	app/vmalert/group.go:225	group "groupGorSingleAlert" started; interval=1ms; concurrency=1
2020-09-22T16:28:00.122Z	info	app/vmalert/group.go:235	group "groupGorSingleAlert": received stop signal
2020-09-22T16:28:00.122Z	info	app/vmalert/manager.go:84	reading rules configuration file from "config/testdata/rules1-good.rules"
2020-09-22T16:28:00.122Z	info	app/vmalert/group.go:225	group "TestGroup" started; interval=1ms; concurrency=1
2020-09-22T16:28:00.122Z	info	app/vmalert/group.go:235	group "TestGroup": received stop signal
2020-09-22T16:28:00.122Z	info	app/vmalert/group.go:225	group "duplicatedGroupDiffFiles" started; interval=1ms; concurrency=1
2020-09-22T16:28:00.122Z	info	app/vmalert/group.go:235	group "duplicatedGroupDiffFiles": received stop signal
2020-09-22T16:28:00.122Z	info	app/vmalert/manager.go:84	reading rules configuration file from "config/testdata/rules1-good.rules"
2020-09-22T16:28:00.123Z	info	app/vmalert/group.go:225	group "duplicatedGroupDiffFiles" started; interval=1ms; concurrency=1
2020-09-22T16:28:00.123Z	info	app/vmalert/manager.go:84	reading rules configuration file from "config/testdata/rules0-good.rules"
2020-09-22T16:28:00.123Z	info	app/vmalert/group.go:235	group "duplicatedGroupDiffFiles": received stop signal
2020-09-22T16:28:00.123Z	info	app/vmalert/manager.go:84	reading rules configuration file from "config/testdata/dir/rules0-good.rules"
2020-09-22T16:28:00.123Z	info	app/vmalert/group.go:225	group "TestGroup" started; interval=2s; concurrency=2
2020-09-22T16:28:00.123Z	info	app/vmalert/group.go:235	group "TestGroup": received stop signal
2020-09-22T16:28:00.123Z	info	app/vmalert/group.go:225	group "TestGroup" started; interval=1ms; concurrency=1
2020-09-22T16:28:00.123Z	info	app/vmalert/group.go:225	group "groupGorSingleAlert" started; interval=1ms; concurrency=1
2020-09-22T16:28:00.123Z	info	app/vmalert/group.go:235	group "TestGroup": received stop signal
2020-09-22T16:28:00.123Z	info	app/vmalert/group.go:235	group "groupGorSingleAlert": received stop signal
2020-09-22T16:28:00.123Z	info	app/vmalert/group.go:225	group "groupTest" started; interval=1ms; concurrency=1
2020-09-22T16:28:00.123Z	info	app/vmalert/group.go:235	group "groupTest": received stop signal
2020-09-22T16:28:00.123Z	info	app/vmalert/manager.go:84	reading rules configuration file from "config/testdata/dir/rules0-good.rules"
2020-09-22T16:28:00.124Z	info	app/vmalert/group.go:225	group "duplicatedGroupDiffFiles" started; interval=1ms; concurrency=1
2020-09-22T16:28:00.124Z	info	app/vmalert/group.go:235	group "duplicatedGroupDiffFiles": received stop signal
2020-09-22T16:28:00.124Z	info	app/vmalert/manager.go:84	reading rules configuration file from "config/testdata/dir/rules0-good.rules"
2020-09-22T16:28:00.124Z	info	app/vmalert/manager.go:84	reading rules configuration file from "config/testdata/dir/rules0-bad.rules"
2020-09-22T16:28:00.124Z	info	app/vmalert/group.go:225	group "groupTest" started; interval=1ms; concurrency=1
2020-09-22T16:28:00.124Z	info	app/vmalert/group.go:235	group "groupTest": received stop signal
2020-09-22T16:28:00.124Z	info	app/vmalert/group.go:225	group "TestGroup" started; interval=2s; concurrency=2
2020-09-22T16:28:00.124Z	info	app/vmalert/manager.go:84	reading rules configuration file from "config/testdata/dir/rules1-bad.rules"
2020-09-22T16:28:00.124Z	info	app/vmalert/group.go:235	group "TestGroup": received stop signal
2020-09-22T16:28:00.124Z	info	app/vmalert/manager.go:84	reading rules configuration file from "config/testdata/rules1-good.rules"
2020-09-22T16:28:00.124Z	info	app/vmalert/group.go:225	group "duplicatedGroupDiffFiles" started; interval=1ms; concurrency=1
2020-09-22T16:28:00.124Z	info	app/vmalert/group.go:235	group "duplicatedGroupDiffFiles": received stop signal
2020-09-22T16:28:00.124Z	info	app/vmalert/group.go:225	group "groupTest" started; interval=1ms; concurrency=1
2020-09-22T16:28:00.124Z	info	app/vmalert/group.go:235	group "groupTest": received stop signal
2020-09-22T16:28:00.124Z	info	app/vmalert/group.go:225	group "TestGroup" started; interval=2s; concurrency=2
2020-09-22T16:28:00.124Z	info	app/vmalert/group.go:235	group "TestGroup": received stop signal
2020-09-22T16:28:00.124Z	info	app/vmalert/group.go:225	group "groupGorSingleAlert" started; interval=1ms; concurrency=1
2020-09-22T16:28:00.124Z	info	app/vmalert/group.go:235	group "groupGorSingleAlert": received stop signal
2020-09-22T16:28:00.124Z	info	app/vmalert/group.go:225	group "TestGroup" started; interval=1ms; concurrency=1
2020-09-22T16:28:00.124Z	info	app/vmalert/group.go:235	group "TestGroup": received stop signal
2020-09-22T16:28:00.124Z	info	app/vmalert/group.go:225	group "TestGroup" started; interval=2s; concurrency=2
2020-09-22T16:28:00.124Z	info	app/vmalert/manager.go:84	reading rules configuration file from "config/testdata/dir/rules0-bad.rules"
2020-09-22T16:28:00.124Z	info	app/vmalert/manager.go:84	reading rules configuration file from "config/testdata/dir/rules1-bad.rules"
2020-09-22T16:28:00.124Z	info	app/vmalert/group.go:235	group "TestGroup": received stop signal
2020-09-22T16:28:00.124Z	info	app/vmalert/manager.go:84	reading rules configuration file from "config/testdata/dir/rules1-bad.rules"
2020-09-22T16:28:00.124Z	info	app/vmalert/group.go:225	group "groupTest" started; interval=1ms; concurrency=1
2020-09-22T16:28:00.125Z	info	app/vmalert/group.go:235	group "groupTest": received stop signal
2020-09-22T16:28:00.125Z	info	app/vmalert/group.go:225	group "duplicatedGroupDiffFiles" started; interval=1ms; concurrency=1
2020-09-22T16:28:00.125Z	info	app/vmalert/group.go:235	group "duplicatedGroupDiffFiles": received stop signal
2020-09-22T16:28:00.125Z	info	app/vmalert/group.go:225	group "groupGorSingleAlert" started; interval=1ms; concurrency=1
2020-09-22T16:28:00.125Z	info	app/vmalert/group.go:225	group "TestGroup" started; interval=1ms; concurrency=1
2020-09-22T16:28:00.125Z	info	app/vmalert/group.go:235	group "groupGorSingleAlert": received stop signal
2020-09-22T16:28:00.125Z	info	app/vmalert/group.go:235	group "TestGroup": received stop signal
2020-09-22T16:28:00.125Z	info	app/vmalert/group.go:225	group "TestGroup" started; interval=2s; concurrency=2
2020-09-22T16:28:00.125Z	info	app/vmalert/manager.go:84	reading rules configuration file from "config/testdata/rules0-good.rules"
2020-09-22T16:28:00.125Z	info	app/vmalert/group.go:235	group "TestGroup": received stop signal
2020-09-22T16:28:00.125Z	info	app/vmalert/manager.go:84	reading rules configuration file from "config/testdata/rules0-good.rules"
2020-09-22T16:28:00.125Z	info	app/vmalert/group.go:225	group "groupGorSingleAlert" started; interval=1ms; concurrency=1
2020-09-22T16:28:00.125Z	info	app/vmalert/group.go:235	group "groupGorSingleAlert": received stop signal
2020-09-22T16:28:00.125Z	info	app/vmalert/group.go:225	group "TestGroup" started; interval=1ms; concurrency=1
2020-09-22T16:28:00.125Z	info	app/vmalert/group.go:235	group "TestGroup": received stop signal
2020-09-22T16:28:00.125Z	info	app/vmalert/group.go:225	group "duplicatedGroupDiffFiles" started; interval=1ms; concurrency=1
2020-09-22T16:28:00.125Z	info	app/vmalert/group.go:235	group "duplicatedGroupDiffFiles": received stop signal
2020-09-22T16:28:00.126Z	info	app/vmalert/group.go:225	group "TestGroup" started; interval=2s; concurrency=2
2020-09-22T16:28:00.126Z	info	app/vmalert/group.go:235	group "TestGroup": received stop signal
2020-09-22T16:28:00.126Z	info	app/vmalert/group.go:225	group "TestGroup" started; interval=1ms; concurrency=1
2020-09-22T16:28:00.126Z	info	app/vmalert/manager.go:84	reading rules configuration file from "config/testdata/dir/rules1-good.rules"
2020-09-22T16:28:00.126Z	info	app/vmalert/group.go:225	group "groupGorSingleAlert" started; interval=1ms; concurrency=1
2020-09-22T16:28:00.126Z	info	app/vmalert/group.go:235	group "TestGroup": received stop signal
2020-09-22T16:28:00.126Z	info	app/vmalert/group.go:235	group "groupGorSingleAlert": received stop signal
2020-09-22T16:28:00.126Z	info	app/vmalert/manager.go:84	reading rules configuration file from "config/testdata/dir/rules1-good.rules"
2020-09-22T16:28:00.126Z	info	app/vmalert/group.go:225	group "duplicatedGroupDiffFiles" started; interval=1ms; concurrency=1
2020-09-22T16:28:00.126Z	info	app/vmalert/group.go:235	group "duplicatedGroupDiffFiles": received stop signal
2020-09-22T16:28:00.126Z	info	app/vmalert/group.go:225	group "TestGroup" started; interval=2s; concurrency=2
2020-09-22T16:28:00.126Z	info	app/vmalert/group.go:235	group "TestGroup": received stop signal
2020-09-22T16:28:00.126Z	info	app/vmalert/manager.go:84	reading rules configuration file from "config/testdata/rules2-good.rules"
2020-09-22T16:28:00.126Z	info	app/vmalert/group.go:225	group "groupTest" started; interval=1ms; concurrency=1
2020-09-22T16:28:00.126Z	info	app/vmalert/group.go:235	group "groupTest": received stop signal
2020-09-22T16:28:00.126Z	info	app/vmalert/group.go:225	group "duplicatedGroupDiffFiles" started; interval=1ms; concurrency=1
2020-09-22T16:28:00.126Z	info	app/vmalert/group.go:235	group "duplicatedGroupDiffFiles": received stop signal
2020-09-22T16:28:00.126Z	info	app/vmalert/group.go:225	group "TestGroup" started; interval=2s; concurrency=2
2020-09-22T16:28:00.126Z	info	app/vmalert/group.go:235	group "TestGroup": received stop signal
2020-09-22T16:28:00.126Z	info	app/vmalert/group.go:225	group "duplicatedGroupDiffFiles" started; interval=1ms; concurrency=1
2020-09-22T16:28:00.126Z	info	app/vmalert/group.go:235	group "duplicatedGroupDiffFiles": received stop signal
2020-09-22T16:28:00.126Z	info	app/vmalert/manager.go:84	reading rules configuration file from "config/testdata/rules1-good.rules"
2020-09-22T16:28:00.126Z	info	app/vmalert/manager.go:84	reading rules configuration file from "config/testdata/dir/rules0-bad.rules"
2020-09-22T16:28:00.126Z	info	app/vmalert/group.go:225	group "TestGroup" started; interval=2s; concurrency=2
2020-09-22T16:28:00.126Z	info	app/vmalert/group.go:235	group "TestGroup": received stop signal
2020-09-22T16:28:00.126Z	info	app/vmalert/group.go:225	group "duplicatedGroupDiffFiles" started; interval=1ms; concurrency=1
2020-09-22T16:28:00.126Z	info	app/vmalert/manager.go:84	reading rules configuration file from "config/testdata/dir/rules0-good.rules"
2020-09-22T16:28:00.126Z	info	app/vmalert/group.go:235	group "duplicatedGroupDiffFiles": received stop signal
2020-09-22T16:28:00.126Z	info	app/vmalert/group.go:225	group "duplicatedGroupDiffFiles" started; interval=1ms; concurrency=1
2020-09-22T16:28:00.126Z	info	app/vmalert/group.go:235	group "duplicatedGroupDiffFiles": received stop signal
2020-09-22T16:28:00.126Z	info	app/vmalert/group.go:225	group "TestGroup" started; interval=2s; concurrency=2
2020-09-22T16:28:00.126Z	info	app/vmalert/group.go:235	group "TestGroup": received stop signal
2020-09-22T16:28:00.126Z	info	app/vmalert/group.go:225	group "duplicatedGroupDiffFiles" started; interval=1ms; concurrency=1
2020-09-22T16:28:00.126Z	info	app/vmalert/group.go:235	group "duplicatedGroupDiffFiles": received stop signal
2020-09-22T16:28:00.126Z	info	app/vmalert/group.go:225	group "duplicatedGroupDiffFiles" started; interval=1ms; concurrency=1
2020-09-22T16:28:00.127Z	info	app/vmalert/group.go:235	group "duplicatedGroupDiffFiles": received stop signal
2020-09-22T16:28:00.126Z	info	app/vmalert/manager.go:84	reading rules configuration file from "config/testdata/dir/rules0-good.rules"
2020-09-22T16:28:00.127Z	info	app/vmalert/manager.go:84	reading rules configuration file from "config/testdata/rules2-good.rules"
2020-09-22T16:28:00.127Z	info	app/vmalert/group.go:225	group "TestGroup" started; interval=2s; concurrency=2
2020-09-22T16:28:00.127Z	info	app/vmalert/group.go:235	group "TestGroup": received stop signal
2020-09-22T16:28:00.127Z	info	app/vmalert/manager.go:84	reading rules configuration file from "config/testdata/dir/rules1-good.rules"
2020-09-22T16:28:00.127Z	info	app/vmalert/manager.go:84	reading rules configuration file from "config/testdata/dir/rules1-good.rules"
2020-09-22T16:28:00.127Z	info	app/vmalert/group.go:225	group "duplicatedGroupDiffFiles" started; interval=1ms; concurrency=1
2020-09-22T16:28:00.127Z	info	app/vmalert/group.go:235	group "duplicatedGroupDiffFiles": received stop signal
2020-09-22T16:28:00.127Z	info	app/vmalert/group.go:225	group "TestGroup" started; interval=2s; concurrency=2
2020-09-22T16:28:00.127Z	info	app/vmalert/group.go:235	group "TestGroup": received stop signal
2020-09-22T16:28:00.127Z	info	app/vmalert/group.go:225	group "TestGroup" started; interval=1ms; concurrency=1
2020-09-22T16:28:00.127Z	info	app/vmalert/group.go:225	group "groupGorSingleAlert" started; interval=1ms; concurrency=1
2020-09-22T16:28:00.127Z	info	app/vmalert/manager.go:84	reading rules configuration file from "config/testdata/rules2-good.rules"
2020-09-22T16:28:00.127Z	info	app/vmalert/group.go:235	group "groupGorSingleAlert": received stop signal
2020-09-22T16:28:00.127Z	info	app/vmalert/group.go:235	group "TestGroup": received stop signal
2020-09-22T16:28:00.127Z	info	app/vmalert/group.go:225	group "duplicatedGroupDiffFiles" started; interval=1ms; concurrency=1
2020-09-22T16:28:00.127Z	info	app/vmalert/group.go:235	group "duplicatedGroupDiffFiles": received stop signal
2020-09-22T16:28:00.127Z	info	app/vmalert/manager.go:84	reading rules configuration file from "config/testdata/dir/rules1-bad.rules"
2020-09-22T16:28:00.127Z	info	app/vmalert/manager.go:84	reading rules configuration file from "config/testdata/rules2-good.rules"
2020-09-22T16:28:00.127Z	info	app/vmalert/group.go:225	group "TestGroup" started; interval=2s; concurrency=2
2020-09-22T16:28:00.127Z	info	app/vmalert/group.go:235	group "TestGroup": received stop signal
2020-09-22T16:28:00.127Z	info	app/vmalert/manager.go:84	reading rules configuration file from "config/testdata/rules2-good.rules"
2020-09-22T16:28:00.127Z	info	app/vmalert/group.go:225	group "duplicatedGroupDiffFiles" started; interval=1ms; concurrency=1
2020-09-22T16:28:00.128Z	info	app/vmalert/group.go:235	group "duplicatedGroupDiffFiles": received stop signal
2020-09-22T16:28:00.128Z	info	app/vmalert/group.go:225	group "TestGroup" started; interval=2s; concurrency=2
2020-09-22T16:28:00.128Z	info	app/vmalert/group.go:235	group "TestGroup": received stop signal
2020-09-22T16:28:00.128Z	info	app/vmalert/group.go:225	group "duplicatedGroupDiffFiles" started; interval=1ms; concurrency=1
2020-09-22T16:28:00.128Z	info	app/vmalert/manager.go:84	reading rules configuration file from "config/testdata/rules2-good.rules"
2020-09-22T16:28:00.128Z	info	app/vmalert/group.go:235	group "duplicatedGroupDiffFiles": received stop signal
2020-09-22T16:28:00.128Z	info	app/vmalert/group.go:225	group "duplicatedGroupDiffFiles" started; interval=1ms; concurrency=1
2020-09-22T16:28:00.128Z	info	app/vmalert/manager.go:84	reading rules configuration file from "config/testdata/rules1-good.rules"
2020-09-22T16:28:00.128Z	info	app/vmalert/group.go:235	group "duplicatedGroupDiffFiles": received stop signal
2020-09-22T16:28:00.128Z	info	app/vmalert/group.go:225	group "duplicatedGroupDiffFiles" started; interval=1ms; concurrency=1
2020-09-22T16:28:00.128Z	info	app/vmalert/group.go:235	group "duplicatedGroupDiffFiles": received stop signal
2020-09-22T16:28:00.128Z	info	app/vmalert/group.go:225	group "duplicatedGroupDiffFiles" started; interval=1ms; concurrency=1
2020-09-22T16:28:00.128Z	info	app/vmalert/group.go:235	group "duplicatedGroupDiffFiles": received stop signal
2020-09-22T16:28:00.128Z	info	app/vmalert/manager.go:84	reading rules configuration file from "config/testdata/dir/rules1-bad.rules"
2020-09-22T16:28:00.128Z	info	app/vmalert/group.go:225	group "groupGorSingleAlert" started; interval=1ms; concurrency=1
2020-09-22T16:28:00.128Z	info	app/vmalert/group.go:235	group "groupGorSingleAlert": received stop signal
2020-09-22T16:28:00.128Z	info	app/vmalert/group.go:225	group "TestGroup" started; interval=1ms; concurrency=1
2020-09-22T16:28:00.129Z	info	app/vmalert/group.go:235	group "TestGroup": received stop signal
2020-09-22T16:28:00.129Z	info	app/vmalert/group.go:225	group "duplicatedGroupDiffFiles" started; interval=1ms; concurrency=1
2020-09-22T16:28:00.129Z	info	app/vmalert/group.go:235	group "duplicatedGroupDiffFiles": received stop signal
2020-09-22T16:28:00.129Z	info	app/vmalert/group.go:225	group "TestGroup" started; interval=2s; concurrency=2
2020-09-22T16:28:00.129Z	info	app/vmalert/group.go:235	group "TestGroup": received stop signal
2020-09-22T16:28:00.129Z	info	app/vmalert/group.go:225	group "groupGorSingleAlert" started; interval=1ms; concurrency=1
2020-09-22T16:28:00.129Z	info	app/vmalert/group.go:235	group "groupGorSingleAlert": received stop signal
2020-09-22T16:28:00.129Z	info	app/vmalert/group.go:225	group "TestGroup" started; interval=1ms; concurrency=1
2020-09-22T16:28:00.129Z	info	app/vmalert/group.go:235	group "TestGroup": received stop signal
2020-09-22T16:28:00.129Z	info	app/vmalert/manager.go:84	reading rules configuration file from "config/testdata/rules2-good.rules"
2020-09-22T16:28:00.129Z	info	app/vmalert/group.go:225	group "duplicatedGroupDiffFiles" started; interval=1ms; concurrency=1
2020-09-22T16:28:00.129Z	info	app/vmalert/group.go:235	group "duplicatedGroupDiffFiles": received stop signal
2020-09-22T16:28:00.129Z	info	app/vmalert/manager.go:84	reading rules configuration file from "config/testdata/rules1-good.rules"
2020-09-22T16:28:00.129Z	info	app/vmalert/group.go:225	group "TestGroup" started; interval=2s; concurrency=2
2020-09-22T16:28:00.129Z	info	app/vmalert/group.go:235	group "TestGroup": received stop signal
2020-09-22T16:28:00.130Z	info	app/vmalert/group.go:225	group "duplicatedGroupDiffFiles" started; interval=1ms; concurrency=1
2020-09-22T16:28:00.130Z	info	app/vmalert/group.go:235	group "duplicatedGroupDiffFiles": received stop signal
2020-09-22T16:28:00.130Z	info	app/vmalert/manager.go:84	reading rules configuration file from "config/testdata/rules2-good.rules"
2020-09-22T16:28:00.130Z	info	app/vmalert/manager.go:84	reading rules configuration file from "config/testdata/dir/rules0-good.rules"
2020-09-22T16:28:00.130Z	info	app/vmalert/group.go:225	group "groupTest" started; interval=1ms; concurrency=1
2020-09-22T16:28:00.130Z	info	app/vmalert/group.go:235	group "groupTest": received stop signal
2020-09-22T16:28:00.130Z	info	app/vmalert/group.go:225	group "groupGorSingleAlert" started; interval=1ms; concurrency=1
2020-09-22T16:28:00.130Z	info	app/vmalert/group.go:225	group "TestGroup" started; interval=1ms; concurrency=1
2020-09-22T16:28:00.130Z	info	app/vmalert/group.go:235	group "groupGorSingleAlert": received stop signal
2020-09-22T16:28:00.130Z	info	app/vmalert/group.go:235	group "TestGroup": received stop signal
2020-09-22T16:28:00.130Z	info	app/vmalert/group.go:225	group "duplicatedGroupDiffFiles" started; interval=1ms; concurrency=1
2020-09-22T16:28:00.130Z	info	app/vmalert/group.go:235	group "duplicatedGroupDiffFiles": received stop signal
2020-09-22T16:28:00.130Z	info	app/vmalert/group.go:225	group "TestGroup" started; interval=2s; concurrency=2
2020-09-22T16:28:00.130Z	info	app/vmalert/manager.go:84	reading rules configuration file from "config/testdata/rules2-good.rules"
2020-09-22T16:28:00.130Z	info	app/vmalert/manager.go:84	reading rules configuration file from "config/testdata/dir/rules1-bad.rules"
2020-09-22T16:28:00.130Z	info	app/vmalert/group.go:235	group "TestGroup": received stop signal
2020-09-22T16:28:00.130Z	info	app/vmalert/group.go:225	group "duplicatedGroupDiffFiles" started; interval=1ms; concurrency=1
2020-09-22T16:28:00.130Z	info	app/vmalert/group.go:235	group "duplicatedGroupDiffFiles": received stop signal
2020-09-22T16:28:00.130Z	info	app/vmalert/group.go:225	group "TestGroup" started; interval=2s; concurrency=2
2020-09-22T16:28:00.130Z	info	app/vmalert/group.go:235	group "TestGroup": received stop signal
2020-09-22T16:28:00.130Z	info	app/vmalert/manager.go:84	reading rules configuration file from "config/testdata/dir/rules0-good.rules"
2020-09-22T16:28:00.130Z	info	app/vmalert/group.go:225	group "groupGorSingleAlert" started; interval=1ms; concurrency=1
2020-09-22T16:28:00.130Z	info	app/vmalert/group.go:235	group "groupGorSingleAlert": received stop signal
2020-09-22T16:28:00.130Z	info	app/vmalert/manager.go:84	reading rules configuration file from "config/testdata/rules2-good.rules"
2020-09-22T16:28:00.130Z	info	app/vmalert/group.go:225	group "TestGroup" started; interval=1ms; concurrency=1
2020-09-22T16:28:00.131Z	info	app/vmalert/group.go:235	group "TestGroup": received stop signal
2020-09-22T16:28:00.131Z	info	app/vmalert/manager.go:84	reading rules configuration file from "config/testdata/dir/rules1-good.rules"
2020-09-22T16:28:00.131Z	info	app/vmalert/group.go:225	group "TestGroup" started; interval=2s; concurrency=2
2020-09-22T16:28:00.131Z	info	app/vmalert/group.go:235	group "TestGroup": received stop signal
2020-09-22T16:28:00.131Z	info	app/vmalert/group.go:225	group "groupTest" started; interval=1ms; concurrency=1
2020-09-22T16:28:00.131Z	info	app/vmalert/manager.go:84	reading rules configuration file from "config/testdata/dir/rules1-bad.rules"
2020-09-22T16:28:00.131Z	info	app/vmalert/group.go:235	group "groupTest": received stop signal
2020-09-22T16:28:00.131Z	info	app/vmalert/group.go:225	group "TestGroup" started; interval=2s; concurrency=2
2020-09-22T16:28:00.131Z	info	app/vmalert/group.go:235	group "TestGroup": received stop signal
2020-09-22T16:28:00.131Z	info	app/vmalert/group.go:225	group "groupTest" started; interval=1ms; concurrency=1
2020-09-22T16:28:00.131Z	info	app/vmalert/group.go:235	group "groupTest": received stop signal
2020-09-22T16:28:00.131Z	info	app/vmalert/manager.go:84	reading rules configuration file from "config/testdata/rules2-good.rules"
2020-09-22T16:28:00.131Z	info	app/vmalert/group.go:225	group "duplicatedGroupDiffFiles" started; interval=1ms; concurrency=1
2020-09-22T16:28:00.131Z	info	app/vmalert/group.go:235	group "duplicatedGroupDiffFiles": received stop signal
2020-09-22T16:28:00.131Z	info	app/vmalert/manager.go:84	reading rules configuration file from "config/testdata/dir/rules0-bad.rules"
2020-09-22T16:28:00.131Z	info	app/vmalert/group.go:225	group "TestGroup" started; interval=2s; concurrency=2
2020-09-22T16:28:00.132Z	info	app/vmalert/group.go:235	group "TestGroup": received stop signal
2020-09-22T16:28:00.132Z	info	app/vmalert/group.go:225	group "groupGorSingleAlert" started; interval=1ms; concurrency=1
2020-09-22T16:28:00.132Z	info	app/vmalert/manager.go:84	reading rules configuration file from "config/testdata/rules0-good.rules"
2020-09-22T16:28:00.132Z	info	app/vmalert/manager.go:84	reading rules configuration file from "config/testdata/rules2-good.rules"
2020-09-22T16:28:00.132Z	info	app/vmalert/group.go:235	group "groupGorSingleAlert": received stop signal
2020-09-22T16:28:00.132Z	info	app/vmalert/group.go:225	group "TestGroup" started; interval=1ms; concurrency=1
2020-09-22T16:28:00.132Z	info	app/vmalert/group.go:235	group "TestGroup": received stop signal
2020-09-22T16:28:00.132Z	info	app/vmalert/manager.go:84	reading rules configuration file from "config/testdata/dir/rules1-bad.rules"
2020-09-22T16:28:00.132Z	info	app/vmalert/group.go:225	group "duplicatedGroupDiffFiles" started; interval=1ms; concurrency=1
2020-09-22T16:28:00.132Z	info	app/vmalert/group.go:235	group "duplicatedGroupDiffFiles": received stop signal
2020-09-22T16:28:00.132Z	info	app/vmalert/group.go:225	group "groupGorSingleAlert" started; interval=1ms; concurrency=1
2020-09-22T16:28:00.132Z	info	app/vmalert/group.go:235	group "groupGorSingleAlert": received stop signal
2020-09-22T16:28:00.132Z	info	app/vmalert/group.go:225	group "TestGroup" started; interval=1ms; concurrency=1
2020-09-22T16:28:00.132Z	info	app/vmalert/group.go:235	group "TestGroup": received stop signal
2020-09-22T16:28:00.132Z	info	app/vmalert/group.go:225	group "TestGroup" started; interval=2s; concurrency=2
2020-09-22T16:28:00.132Z	info	app/vmalert/group.go:235	group "TestGroup": received stop signal
2020-09-22T16:28:00.132Z	info	app/vmalert/group.go:225	group "groupGorSingleAlert" started; interval=1ms; concurrency=1
2020-09-22T16:28:00.132Z	info	app/vmalert/group.go:235	group "groupGorSingleAlert": received stop signal
2020-09-22T16:28:00.132Z	info	app/vmalert/group.go:225	group "TestGroup" started; interval=1ms; concurrency=1
2020-09-22T16:28:00.132Z	info	app/vmalert/group.go:235	group "TestGroup": received stop signal
2020-09-22T16:28:00.132Z	info	app/vmalert/manager.go:84	reading rules configuration file from "config/testdata/dir/rules1-good.rules"
2020-09-22T16:28:00.132Z	info	app/vmalert/manager.go:84	reading rules configuration file from "config/testdata/dir/rules0-good.rules"
2020-09-22T16:28:00.132Z	info	app/vmalert/manager.go:84	reading rules configuration file from "config/testdata/rules2-good.rules"
2020-09-22T16:28:00.132Z	info	app/vmalert/group.go:225	group "duplicatedGroupDiffFiles" started; interval=1ms; concurrency=1
2020-09-22T16:28:00.132Z	info	app/vmalert/group.go:235	group "duplicatedGroupDiffFiles": received stop signal
2020-09-22T16:28:00.132Z	info	app/vmalert/group.go:225	group "duplicatedGroupDiffFiles" started; interval=1ms; concurrency=1
2020-09-22T16:28:00.132Z	info	app/vmalert/group.go:235	group "duplicatedGroupDiffFiles": received stop signal
2020-09-22T16:28:00.132Z	info	app/vmalert/group.go:225	group "TestGroup" started; interval=2s; concurrency=2
2020-09-22T16:28:00.132Z	info	app/vmalert/group.go:235	group "TestGroup": received stop signal
2020-09-22T16:28:00.133Z	info	app/vmalert/group.go:225	group "duplicatedGroupDiffFiles" started; interval=1ms; concurrency=1
2020-09-22T16:28:00.133Z	info	app/vmalert/group.go:235	group "duplicatedGroupDiffFiles": received stop signal
2020-09-22T16:28:00.133Z	info	app/vmalert/group.go:225	group "groupTest" started; interval=1ms; concurrency=1
2020-09-22T16:28:00.133Z	info	app/vmalert/group.go:235	group "groupTest": received stop signal
2020-09-22T16:28:00.133Z	info	app/vmalert/manager.go:84	reading rules configuration file from "config/testdata/rules2-good.rules"
2020-09-22T16:28:00.133Z	info	app/vmalert/group.go:225	group "TestGroup" started; interval=2s; concurrency=2
2020-09-22T16:28:00.133Z	info	app/vmalert/group.go:235	group "TestGroup": received stop signal
2020-09-22T16:28:00.133Z	info	app/vmalert/group.go:225	group "duplicatedGroupDiffFiles" started; interval=1ms; concurrency=1
2020-09-22T16:28:00.133Z	info	app/vmalert/group.go:235	group "duplicatedGroupDiffFiles": received stop signal
2020-09-22T16:28:00.133Z	info	app/vmalert/manager.go:84	reading rules configuration file from "config/testdata/dir/rules1-good.rules"
2020-09-22T16:28:00.133Z	info	app/vmalert/group.go:225	group "groupTest" started; interval=1ms; concurrency=1
2020-09-22T16:28:00.133Z	info	app/vmalert/group.go:235	group "groupTest": received stop signal
2020-09-22T16:28:00.133Z	info	app/vmalert/group.go:225	group "duplicatedGroupDiffFiles" started; interval=1ms; concurrency=1
2020-09-22T16:28:00.133Z	info	app/vmalert/group.go:235	group "duplicatedGroupDiffFiles": received stop signal
2020-09-22T16:28:00.133Z	info	app/vmalert/group.go:225	group "TestGroup" started; interval=2s; concurrency=2
2020-09-22T16:28:00.133Z	info	app/vmalert/group.go:235	group "TestGroup": received stop signal
2020-09-22T16:28:00.133Z	info	app/vmalert/group.go:225	group "groupTest" started; interval=1ms; concurrency=1
2020-09-22T16:28:00.133Z	info	app/vmalert/manager.go:84	reading rules configuration file from "config/testdata/rules2-good.rules"
2020-09-22T16:28:00.133Z	info	app/vmalert/group.go:235	group "groupTest": received stop signal
2020-09-22T16:28:00.133Z	info	app/vmalert/group.go:225	group "duplicatedGroupDiffFiles" started; interval=1ms; concurrency=1
2020-09-22T16:28:00.133Z	info	app/vmalert/group.go:235	group "duplicatedGroupDiffFiles": received stop signal
2020-09-22T16:28:00.133Z	info	app/vmalert/group.go:225	group "duplicatedGroupDiffFiles" started; interval=1ms; concurrency=1
2020-09-22T16:28:00.133Z	info	app/vmalert/group.go:235	group "duplicatedGroupDiffFiles": received stop signal
2020-09-22T16:28:00.134Z	info	app/vmalert/group.go:225	group "TestGroup" started; interval=2s; concurrency=2
2020-09-22T16:28:00.134Z	info	app/vmalert/group.go:235	group "TestGroup": received stop signal
2020-09-22T16:28:00.134Z	info	app/vmalert/group.go:225	group "duplicatedGroupDiffFiles" started; interval=1ms; concurrency=1
2020-09-22T16:28:00.134Z	info	app/vmalert/group.go:235	group "duplicatedGroupDiffFiles": received stop signal
2020-09-22T16:28:00.134Z	info	app/vmalert/manager.go:84	reading rules configuration file from "config/testdata/rules2-good.rules"
2020-09-22T16:28:00.134Z	info	app/vmalert/group.go:225	group "groupGorSingleAlert" started; interval=1ms; concurrency=1
2020-09-22T16:28:00.134Z	info	app/vmalert/group.go:235	group "groupGorSingleAlert": received stop signal
2020-09-22T16:28:00.134Z	info	app/vmalert/group.go:225	group "TestGroup" started; interval=1ms; concurrency=1
2020-09-22T16:28:00.134Z	info	app/vmalert/group.go:235	group "TestGroup": received stop signal
2020-09-22T16:28:00.134Z	info	app/vmalert/group.go:225	group "duplicatedGroupDiffFiles" started; interval=1ms; concurrency=1
2020-09-22T16:28:00.134Z	info	app/vmalert/group.go:235	group "duplicatedGroupDiffFiles": received stop signal
2020-09-22T16:28:00.134Z	info	app/vmalert/manager.go:84	reading rules configuration file from "config/testdata/rules1-good.rules"
2020-09-22T16:28:00.134Z	info	app/vmalert/manager.go:84	reading rules configuration file from "config/testdata/dir/rules1-good.rules"
2020-09-22T16:28:00.134Z	info	app/vmalert/group.go:225	group "groupTest" started; interval=1ms; concurrency=1
2020-09-22T16:28:00.134Z	info	app/vmalert/group.go:235	group "groupTest": received stop signal
2020-09-22T16:28:00.134Z	info	app/vmalert/manager.go:84	reading rules configuration file from "config/testdata/dir/rules0-good.rules"
2020-09-22T16:28:00.134Z	info	app/vmalert/group.go:225	group "duplicatedGroupDiffFiles" started; interval=1ms; concurrency=1
2020-09-22T16:28:00.134Z	info	app/vmalert/group.go:235	group "duplicatedGroupDiffFiles": received stop signal
2020-09-22T16:28:00.134Z	info	app/vmalert/group.go:225	group "TestGroup" started; interval=2s; concurrency=2
2020-09-22T16:28:00.134Z	info	app/vmalert/group.go:235	group "TestGroup": received stop signal
2020-09-22T16:28:00.134Z	info	app/vmalert/group.go:225	group "duplicatedGroupDiffFiles" started; interval=1ms; concurrency=1
2020-09-22T16:28:00.134Z	info	app/vmalert/group.go:235	group "duplicatedGroupDiffFiles": received stop signal
2020-09-22T16:28:00.134Z	info	app/vmalert/group.go:225	group "groupGorSingleAlert" started; interval=1ms; concurrency=1
2020-09-22T16:28:00.134Z	info	app/vmalert/group.go:225	group "TestGroup" started; interval=1ms; concurrency=1
2020-09-22T16:28:00.135Z	info	app/vmalert/group.go:235	group "groupGorSingleAlert": received stop signal
2020-09-22T16:28:00.135Z	info	app/vmalert/group.go:235	group "TestGroup": received stop signal
2020-09-22T16:28:00.135Z	info	app/vmalert/group.go:225	group "duplicatedGroupDiffFiles" started; interval=1ms; concurrency=1
2020-09-22T16:28:00.135Z	info	app/vmalert/group.go:235	group "duplicatedGroupDiffFiles": received stop signal
2020-09-22T16:28:00.135Z	info	app/vmalert/group.go:225	group "groupTest" started; interval=1ms; concurrency=1
2020-09-22T16:28:00.135Z	info	app/vmalert/group.go:235	group "groupTest": received stop signal
2020-09-22T16:28:00.135Z	info	app/vmalert/manager.go:84	reading rules configuration file from "config/testdata/dir/rules0-bad.rules"
2020-09-22T16:28:00.135Z	info	app/vmalert/group.go:225	group "TestGroup" started; interval=2s; concurrency=2
2020-09-22T16:28:00.135Z	info	app/vmalert/group.go:235	group "TestGroup": received stop signal
2020-09-22T16:28:00.135Z	info	app/vmalert/group.go:225	group "duplicatedGroupDiffFiles" started; interval=1ms; concurrency=1
2020-09-22T16:28:00.135Z	info	app/vmalert/group.go:235	group "duplicatedGroupDiffFiles": received stop signal
2020-09-22T16:28:00.135Z	info	app/vmalert/manager.go:84	reading rules configuration file from "config/testdata/rules0-good.rules"
2020-09-22T16:28:00.135Z	info	app/vmalert/group.go:225	group "TestGroup" started; interval=2s; concurrency=2
2020-09-22T16:28:00.135Z	info	app/vmalert/group.go:235	group "TestGroup": received stop signal
2020-09-22T16:28:00.135Z	info	app/vmalert/manager.go:84	reading rules configuration file from "config/testdata/rules2-good.rules"
2020-09-22T16:28:00.135Z	info	app/vmalert/group.go:225	group "TestGroup" started; interval=1ms; concurrency=1
2020-09-22T16:28:00.135Z	info	app/vmalert/group.go:225	group "groupGorSingleAlert" started; interval=1ms; concurrency=1
2020-09-22T16:28:00.135Z	info	app/vmalert/group.go:235	group "groupGorSingleAlert": received stop signal
2020-09-22T16:28:00.135Z	info	app/vmalert/group.go:235	group "TestGroup": received stop signal
2020-09-22T16:28:00.135Z	info	app/vmalert/group.go:225	group "TestGroup" started; interval=2s; concurrency=2
2020-09-22T16:28:00.135Z	info	app/vmalert/group.go:235	group "TestGroup": received stop signal
2020-09-22T16:28:00.135Z	info	app/vmalert/group.go:225	group "duplicatedGroupDiffFiles" started; interval=1ms; concurrency=1
2020-09-22T16:28:00.135Z	info	app/vmalert/group.go:235	group "duplicatedGroupDiffFiles": received stop signal
2020-09-22T16:28:00.135Z	info	app/vmalert/group.go:225	group "duplicatedGroupDiffFiles" started; interval=1ms; concurrency=1
2020-09-22T16:28:00.135Z	info	app/vmalert/group.go:235	group "duplicatedGroupDiffFiles": received stop signal
2020-09-22T16:28:00.135Z	info	app/vmalert/group.go:225	group "TestGroup" started; interval=2s; concurrency=2
2020-09-22T16:28:00.135Z	info	app/vmalert/group.go:235	group "TestGroup": received stop signal
2020-09-22T16:28:00.135Z	info	app/vmalert/group.go:225	group "duplicatedGroupDiffFiles" started; interval=1ms; concurrency=1
2020-09-22T16:28:00.135Z	info	app/vmalert/group.go:235	group "duplicatedGroupDiffFiles": received stop signal
2020-09-22T16:28:00.135Z	info	app/vmalert/manager.go:84	reading rules configuration file from "config/testdata/dir/rules1-bad.rules"
2020-09-22T16:28:00.135Z	info	app/vmalert/manager.go:84	reading rules configuration file from "config/testdata/rules2-good.rules"
2020-09-22T16:28:00.135Z	info	app/vmalert/group.go:225	group "TestGroup" started; interval=2s; concurrency=2
2020-09-22T16:28:00.135Z	info	app/vmalert/manager.go:84	reading rules configuration file from "config/testdata/dir/rules1-bad.rules"
2020-09-22T16:28:00.135Z	info	app/vmalert/group.go:235	group "TestGroup": received stop signal
2020-09-22T16:28:00.135Z	info	app/vmalert/group.go:225	group "duplicatedGroupDiffFiles" started; interval=1ms; concurrency=1
2020-09-22T16:28:00.135Z	info	app/vmalert/group.go:235	group "duplicatedGroupDiffFiles": received stop signal
2020-09-22T16:28:00.135Z	info	app/vmalert/manager.go:84	reading rules configuration file from "config/testdata/dir/rules0-good.rules"
2020-09-22T16:28:00.135Z	info	app/vmalert/group.go:225	group "duplicatedGroupDiffFiles" started; interval=1ms; concurrency=1
2020-09-22T16:28:00.135Z	info	app/vmalert/manager.go:84	reading rules configuration file from "config/testdata/dir/rules1-good.rules"
2020-09-22T16:28:00.135Z	info	app/vmalert/group.go:235	group "duplicatedGroupDiffFiles": received stop signal
2020-09-22T16:28:00.135Z	info	app/vmalert/group.go:225	group "duplicatedGroupDiffFiles" started; interval=1ms; concurrency=1
2020-09-22T16:28:00.136Z	info	app/vmalert/group.go:235	group "duplicatedGroupDiffFiles": received stop signal
2020-09-22T16:28:00.136Z	info	app/vmalert/group.go:225	group "groupGorSingleAlert" started; interval=1ms; concurrency=1
2020-09-22T16:28:00.136Z	info	app/vmalert/group.go:225	group "TestGroup" started; interval=1ms; concurrency=1
2020-09-22T16:28:00.136Z	info	app/vmalert/group.go:235	group "TestGroup": received stop signal
2020-09-22T16:28:00.136Z	info	app/vmalert/group.go:235	group "groupGorSingleAlert": received stop signal
2020-09-22T16:28:00.136Z	info	app/vmalert/group.go:225	group "groupTest" started; interval=1ms; concurrency=1
2020-09-22T16:28:00.136Z	info	app/vmalert/group.go:235	group "groupTest": received stop signal
2020-09-22T16:28:00.136Z	info	app/vmalert/group.go:225	group "duplicatedGroupDiffFiles" started; interval=1ms; concurrency=1
2020-09-22T16:28:00.136Z	info	app/vmalert/group.go:235	group "duplicatedGroupDiffFiles": received stop signal
2020-09-22T16:28:00.136Z	info	app/vmalert/manager.go:84	reading rules configuration file from "config/testdata/rules0-good.rules"
2020-09-22T16:28:00.136Z	info	app/vmalert/group.go:225	group "TestGroup" started; interval=1ms; concurrency=1
2020-09-22T16:28:00.136Z	info	app/vmalert/group.go:225	group "groupGorSingleAlert" started; interval=1ms; concurrency=1
2020-09-22T16:28:00.136Z	info	app/vmalert/group.go:235	group "groupGorSingleAlert": received stop signal
2020-09-22T16:28:00.136Z	info	app/vmalert/group.go:235	group "TestGroup": received stop signal
2020-09-22T16:28:00.136Z	info	app/vmalert/group.go:225	group "duplicatedGroupDiffFiles" started; interval=1ms; concurrency=1
2020-09-22T16:28:00.137Z	info	app/vmalert/group.go:235	group "duplicatedGroupDiffFiles": received stop signal
2020-09-22T16:28:00.137Z	info	app/vmalert/group.go:225	group "TestGroup" started; interval=2s; concurrency=2
2020-09-22T16:28:00.137Z	info	app/vmalert/group.go:235	group "TestGroup": received stop signal
2020-09-22T16:28:00.137Z	info	app/vmalert/group.go:225	group "duplicatedGroupDiffFiles" started; interval=1ms; concurrency=1
2020-09-22T16:28:00.137Z	info	app/vmalert/group.go:235	group "duplicatedGroupDiffFiles": received stop signal
2020-09-22T16:28:00.137Z	info	app/vmalert/group.go:225	group "TestGroup" started; interval=2s; concurrency=2
2020-09-22T16:28:00.137Z	info	app/vmalert/group.go:235	group "TestGroup": received stop signal
2020-09-22T16:28:00.137Z	info	app/vmalert/group.go:225	group "TestGroup" started; interval=1ms; concurrency=1
2020-09-22T16:28:00.137Z	info	app/vmalert/group.go:235	group "TestGroup": received stop signal
2020-09-22T16:28:00.137Z	info	app/vmalert/group.go:225	group "groupGorSingleAlert" started; interval=1ms; concurrency=1
2020-09-22T16:28:00.137Z	info	app/vmalert/group.go:235	group "groupGorSingleAlert": received stop signal
2020-09-22T16:28:00.137Z	info	app/vmalert/group.go:225	group "groupTest" started; interval=1ms; concurrency=1
2020-09-22T16:28:00.137Z	info	app/vmalert/group.go:235	group "groupTest": received stop signal
2020-09-22T16:28:00.137Z	info	app/vmalert/group.go:225	group "TestGroup" started; interval=2s; concurrency=2
2020-09-22T16:28:00.137Z	info	app/vmalert/group.go:235	group "TestGroup": received stop signal
2020-09-22T16:28:00.137Z	info	app/vmalert/group.go:225	group "groupTest" started; interval=1ms; concurrency=1
2020-09-22T16:28:00.137Z	info	app/vmalert/group.go:235	group "groupTest": received stop signal
2020-09-22T16:28:00.137Z	info	app/vmalert/manager.go:84	reading rules configuration file from "config/testdata/dir/rules1-bad.rules"
2020-09-22T16:28:00.137Z	info	app/vmalert/group.go:225	group "duplicatedGroupDiffFiles" started; interval=1ms; concurrency=1
2020-09-22T16:28:00.137Z	info	app/vmalert/group.go:235	group "duplicatedGroupDiffFiles": received stop signal
2020-09-22T16:28:00.137Z	info	app/vmalert/group.go:225	group "groupGorSingleAlert" started; interval=1ms; concurrency=1
2020-09-22T16:28:00.137Z	info	app/vmalert/group.go:235	group "groupGorSingleAlert": received stop signal
2020-09-22T16:28:00.137Z	info	app/vmalert/group.go:225	group "TestGroup" started; interval=1ms; concurrency=1
2020-09-22T16:28:00.138Z	info	app/vmalert/group.go:235	group "TestGroup": received stop signal
2020-09-22T16:28:00.138Z	info	app/vmalert/group.go:225	group "groupTest" started; interval=1ms; concurrency=1
2020-09-22T16:28:00.138Z	info	app/vmalert/group.go:235	group "groupTest": received stop signal
2020-09-22T16:28:00.138Z	info	app/vmalert/group.go:225	group "duplicatedGroupDiffFiles" started; interval=1ms; concurrency=1
2020-09-22T16:28:00.138Z	info	app/vmalert/group.go:235	group "duplicatedGroupDiffFiles": received stop signal
2020-09-22T16:28:00.138Z	info	app/vmalert/manager.go:84	reading rules configuration file from "config/testdata/rules0-good.rules"
2020-09-22T16:28:00.138Z	info	app/vmalert/group.go:225	group "groupGorSingleAlert" started; interval=1ms; concurrency=1
2020-09-22T16:28:00.138Z	info	app/vmalert/group.go:235	group "groupGorSingleAlert": received stop signal
2020-09-22T16:28:00.138Z	info	app/vmalert/manager.go:84	reading rules configuration file from "config/testdata/dir/rules1-good.rules"
2020-09-22T16:28:00.138Z	info	app/vmalert/group.go:225	group "TestGroup" started; interval=1ms; concurrency=1
2020-09-22T16:28:00.138Z	info	app/vmalert/group.go:235	group "TestGroup": received stop signal
2020-09-22T16:28:00.138Z	info	app/vmalert/group.go:225	group "duplicatedGroupDiffFiles" started; interval=1ms; concurrency=1
2020-09-22T16:28:00.138Z	info	app/vmalert/group.go:235	group "duplicatedGroupDiffFiles": received stop signal
2020-09-22T16:28:00.138Z	info	app/vmalert/group.go:225	group "groupTest" started; interval=1ms; concurrency=1
2020-09-22T16:28:00.138Z	info	app/vmalert/manager.go:84	reading rules configuration file from "config/testdata/rules2-good.rules"
2020-09-22T16:28:00.138Z	info	app/vmalert/group.go:235	group "groupTest": received stop signal
2020-09-22T16:28:00.138Z	info	app/vmalert/manager.go:84	reading rules configuration file from "config/testdata/dir/rules0-bad.rules"
2020-09-22T16:28:00.138Z	info	app/vmalert/group.go:225	group "duplicatedGroupDiffFiles" started; interval=1ms; concurrency=1
2020-09-22T16:28:00.138Z	info	app/vmalert/group.go:235	group "duplicatedGroupDiffFiles": received stop signal
2020-09-22T16:28:00.138Z	info	app/vmalert/group.go:225	group "duplicatedGroupDiffFiles" started; interval=1ms; concurrency=1
2020-09-22T16:28:00.138Z	info	app/vmalert/group.go:235	group "duplicatedGroupDiffFiles": received stop signal
2020-09-22T16:28:00.138Z	info	app/vmalert/group.go:225	group "duplicatedGroupDiffFiles" started; interval=1ms; concurrency=1
2020-09-22T16:28:00.138Z	info	app/vmalert/group.go:235	group "duplicatedGroupDiffFiles": received stop signal
2020-09-22T16:28:00.138Z	info	app/vmalert/group.go:225	group "TestGroup" started; interval=2s; concurrency=2
2020-09-22T16:28:00.138Z	info	app/vmalert/manager.go:84	reading rules configuration file from "config/testdata/dir/rules1-good.rules"
2020-09-22T16:28:00.138Z	info	app/vmalert/group.go:235	group "TestGroup": received stop signal
2020-09-22T16:28:00.139Z	info	app/vmalert/manager.go:84	reading rules configuration file from "config/testdata/dir/rules1-good.rules"
2020-09-22T16:28:00.139Z	info	app/vmalert/group.go:225	group "groupTest" started; interval=1ms; concurrency=1
2020-09-22T16:28:00.139Z	info	app/vmalert/group.go:235	group "groupTest": received stop signal
2020-09-22T16:28:00.139Z	info	app/vmalert/group.go:225	group "TestGroup" started; interval=2s; concurrency=2
2020-09-22T16:28:00.139Z	info	app/vmalert/group.go:235	group "TestGroup": received stop signal
2020-09-22T16:28:00.139Z	info	app/vmalert/group.go:225	group "groupTest" started; interval=1ms; concurrency=1
2020-09-22T16:28:00.139Z	info	app/vmalert/group.go:235	group "groupTest": received stop signal
2020-09-22T16:28:00.139Z	info	app/vmalert/manager.go:84	reading rules configuration file from "config/testdata/dir/rules1-bad.rules"
2020-09-22T16:28:00.139Z	info	app/vmalert/group.go:225	group "TestGroup" started; interval=2s; concurrency=2
2020-09-22T16:28:00.139Z	info	app/vmalert/manager.go:84	reading rules configuration file from "config/testdata/rules0-good.rules"
2020-09-22T16:28:00.139Z	info	app/vmalert/group.go:235	group "TestGroup": received stop signal
2020-09-22T16:28:00.140Z	info	app/vmalert/group.go:225	group "duplicatedGroupDiffFiles" started; interval=1ms; concurrency=1
2020-09-22T16:28:00.140Z	info	app/vmalert/manager.go:84	reading rules configuration file from "config/testdata/dir/rules1-good.rules"
2020-09-22T16:28:00.140Z	info	app/vmalert/group.go:235	group "duplicatedGroupDiffFiles": received stop signal
2020-09-22T16:28:00.140Z	info	app/vmalert/group.go:225	group "TestGroup" started; interval=2s; concurrency=2
2020-09-22T16:28:00.140Z	info	app/vmalert/group.go:235	group "TestGroup": received stop signal
2020-09-22T16:28:00.140Z	info	app/vmalert/group.go:225	group "duplicatedGroupDiffFiles" started; interval=1ms; concurrency=1
2020-09-22T16:28:00.140Z	info	app/vmalert/group.go:235	group "duplicatedGroupDiffFiles": received stop signal
2020-09-22T16:28:00.140Z	info	app/vmalert/manager.go:84	reading rules configuration file from "config/testdata/rules0-good.rules"
2020-09-22T16:28:00.140Z	info	app/vmalert/group.go:225	group "duplicatedGroupDiffFiles" started; interval=1ms; concurrency=1
2020-09-22T16:28:00.140Z	info	app/vmalert/group.go:235	group "duplicatedGroupDiffFiles": received stop signal
2020-09-22T16:28:00.140Z	info	app/vmalert/manager.go:84	reading rules configuration file from "config/testdata/dir/rules1-good.rules"
2020-09-22T16:28:00.140Z	info	app/vmalert/manager.go:84	reading rules configuration file from "config/testdata/rules2-good.rules"
2020-09-22T16:28:00.140Z	info	app/vmalert/group.go:225	group "TestGroup" started; interval=2s; concurrency=2
2020-09-22T16:28:00.140Z	info	app/vmalert/group.go:235	group "TestGroup": received stop signal
2020-09-22T16:28:00.140Z	info	app/vmalert/group.go:225	group "duplicatedGroupDiffFiles" started; interval=1ms; concurrency=1
2020-09-22T16:28:00.140Z	info	app/vmalert/group.go:235	group "duplicatedGroupDiffFiles": received stop signal
2020-09-22T16:28:00.140Z	info	app/vmalert/group.go:225	group "duplicatedGroupDiffFiles" started; interval=1ms; concurrency=1
2020-09-22T16:28:00.140Z	info	app/vmalert/group.go:235	group "duplicatedGroupDiffFiles": received stop signal
2020-09-22T16:28:00.140Z	info	app/vmalert/group.go:225	group "groupGorSingleAlert" started; interval=1ms; concurrency=1
2020-09-22T16:28:00.140Z	info	app/vmalert/group.go:225	group "TestGroup" started; interval=1ms; concurrency=1
2020-09-22T16:28:00.140Z	info	app/vmalert/group.go:235	group "groupGorSingleAlert": received stop signal
2020-09-22T16:28:00.140Z	info	app/vmalert/group.go:235	group "TestGroup": received stop signal
2020-09-22T16:28:00.140Z	info	app/vmalert/group.go:225	group "TestGroup" started; interval=2s; concurrency=2
2020-09-22T16:28:00.140Z	info	app/vmalert/group.go:235	group "TestGroup": received stop signal
2020-09-22T16:28:00.140Z	info	app/vmalert/group.go:225	group "duplicatedGroupDiffFiles" started; interval=1ms; concurrency=1
2020-09-22T16:28:00.140Z	info	app/vmalert/group.go:235	group "duplicatedGroupDiffFiles": received stop signal
2020-09-22T16:28:00.140Z	info	app/vmalert/group.go:225	group "TestGroup" started; interval=2s; concurrency=2
2020-09-22T16:28:00.140Z	info	app/vmalert/manager.go:84	reading rules configuration file from "config/testdata/dir/rules0-bad.rules"
2020-09-22T16:28:00.140Z	info	app/vmalert/group.go:235	group "TestGroup": received stop signal
2020-09-22T16:28:00.140Z	info	app/vmalert/group.go:225	group "duplicatedGroupDiffFiles" started; interval=1ms; concurrency=1
2020-09-22T16:28:00.140Z	info	app/vmalert/group.go:235	group "duplicatedGroupDiffFiles": received stop signal
2020-09-22T16:28:00.140Z	info	app/vmalert/group.go:225	group "groupTest" started; interval=1ms; concurrency=1
2020-09-22T16:28:00.140Z	info	app/vmalert/group.go:235	group "groupTest": received stop signal
2020-09-22T16:28:00.140Z	info	app/vmalert/group.go:225	group "duplicatedGroupDiffFiles" started; interval=1ms; concurrency=1
2020-09-22T16:28:00.140Z	info	app/vmalert/group.go:235	group "duplicatedGroupDiffFiles": received stop signal
2020-09-22T16:28:00.140Z	info	app/vmalert/manager.go:84	reading rules configuration file from "config/testdata/rules1-good.rules"
2020-09-22T16:28:00.140Z	info	app/vmalert/group.go:225	group "TestGroup" started; interval=2s; concurrency=2
2020-09-22T16:28:00.140Z	info	app/vmalert/group.go:235	group "TestGroup": received stop signal
2020-09-22T16:28:00.140Z	info	app/vmalert/group.go:225	group "duplicatedGroupDiffFiles" started; interval=1ms; concurrency=1
2020-09-22T16:28:00.140Z	info	app/vmalert/group.go:235	group "duplicatedGroupDiffFiles": received stop signal
2020-09-22T16:28:00.141Z	info	app/vmalert/group.go:225	group "TestGroup" started; interval=2s; concurrency=2
2020-09-22T16:28:00.141Z	info	app/vmalert/group.go:235	group "TestGroup": received stop signal
2020-09-22T16:28:00.141Z	info	app/vmalert/group.go:225	group "duplicatedGroupDiffFiles" started; interval=1ms; concurrency=1
2020-09-22T16:28:00.141Z	info	app/vmalert/group.go:235	group "duplicatedGroupDiffFiles": received stop signal
2020-09-22T16:28:00.141Z	info	app/vmalert/group.go:225	group "groupGorSingleAlert" started; interval=1ms; concurrency=1
2020-09-22T16:28:00.141Z	info	app/vmalert/group.go:225	group "TestGroup" started; interval=1ms; concurrency=1
2020-09-22T16:28:00.141Z	info	app/vmalert/group.go:235	group "groupGorSingleAlert": received stop signal
2020-09-22T16:28:00.141Z	info	app/vmalert/group.go:235	group "TestGroup": received stop signal
2020-09-22T16:28:00.141Z	info	app/vmalert/group.go:225	group "TestGroup" started; interval=2s; concurrency=2
2020-09-22T16:28:00.141Z	info	app/vmalert/group.go:235	group "TestGroup": received stop signal
2020-09-22T16:28:00.141Z	info	app/vmalert/group.go:225	group "groupGorSingleAlert" started; interval=1ms; concurrency=1
2020-09-22T16:28:00.141Z	info	app/vmalert/group.go:235	group "groupGorSingleAlert": received stop signal
2020-09-22T16:28:00.141Z	info	app/vmalert/group.go:225	group "TestGroup" started; interval=1ms; concurrency=1
2020-09-22T16:28:00.141Z	info	app/vmalert/group.go:235	group "TestGroup": received stop signal
2020-09-22T16:28:00.141Z	info	app/vmalert/group.go:225	group "duplicatedGroupDiffFiles" started; interval=1ms; concurrency=1
2020-09-22T16:28:00.141Z	info	app/vmalert/group.go:235	group "duplicatedGroupDiffFiles": received stop signal
2020-09-22T16:28:00.141Z	info	app/vmalert/group.go:225	group "groupGorSingleAlert" started; interval=1ms; concurrency=1
2020-09-22T16:28:00.141Z	info	app/vmalert/group.go:225	group "TestGroup" started; interval=1ms; concurrency=1
2020-09-22T16:28:00.141Z	info	app/vmalert/group.go:235	group "groupGorSingleAlert": received stop signal
2020-09-22T16:28:00.141Z	info	app/vmalert/group.go:235	group "TestGroup": received stop signal
2020-09-22T16:28:00.141Z	info	app/vmalert/group.go:225	group "duplicatedGroupDiffFiles" started; interval=1ms; concurrency=1
2020-09-22T16:28:00.141Z	info	app/vmalert/group.go:235	group "duplicatedGroupDiffFiles": received stop signal
2020-09-22T16:28:00.141Z	info	app/vmalert/group.go:225	group "TestGroup" started; interval=2s; concurrency=2
2020-09-22T16:28:00.141Z	info	app/vmalert/group.go:235	group "TestGroup": received stop signal
2020-09-22T16:28:00.142Z	info	app/vmalert/group.go:225	group "duplicatedGroupDiffFiles" started; interval=1ms; concurrency=1
2020-09-22T16:28:00.142Z	info	app/vmalert/group.go:235	group "duplicatedGroupDiffFiles": received stop signal
2020-09-22T16:28:00.142Z	info	app/vmalert/group.go:225	group "TestGroup" started; interval=1ms; concurrency=1
2020-09-22T16:28:00.142Z	info	app/vmalert/group.go:225	group "groupGorSingleAlert" started; interval=1ms; concurrency=1
2020-09-22T16:28:00.142Z	info	app/vmalert/group.go:235	group "groupGorSingleAlert": received stop signal
2020-09-22T16:28:00.142Z	info	app/vmalert/group.go:235	group "TestGroup": received stop signal
2020-09-22T16:28:00.142Z	info	app/vmalert/group.go:225	group "duplicatedGroupDiffFiles" started; interval=1ms; concurrency=1
2020-09-22T16:28:00.142Z	info	app/vmalert/group.go:235	group "duplicatedGroupDiffFiles": received stop signal
2020-09-22T16:28:00.142Z	info	app/vmalert/group.go:225	group "groupGorSingleAlert" started; interval=1ms; concurrency=1
2020-09-22T16:28:00.142Z	info	app/vmalert/group.go:235	group "groupGorSingleAlert": received stop signal
2020-09-22T16:28:00.142Z	info	app/vmalert/group.go:225	group "TestGroup" started; interval=1ms; concurrency=1
2020-09-22T16:28:00.142Z	info	app/vmalert/group.go:235	group "TestGroup": received stop signal
2020-09-22T16:28:00.142Z	info	app/vmalert/group.go:225	group "groupTest" started; interval=1ms; concurrency=1
2020-09-22T16:28:00.142Z	info	app/vmalert/group.go:235	group "groupTest": received stop signal
2020-09-22T16:28:00.142Z	info	app/vmalert/group.go:225	group "TestGroup" started; interval=2s; concurrency=2
2020-09-22T16:28:00.142Z	info	app/vmalert/manager.go:84	reading rules configuration file from "config/testdata/rules0-good.rules"
2020-09-22T16:28:00.143Z	info	app/vmalert/manager.go:84	reading rules configuration file from "config/testdata/dir/rules1-good.rules"
2020-09-22T16:28:00.143Z	info	app/vmalert/group.go:225	group "groupGorSingleAlert" started; interval=30s; concurrency=1
2020-09-22T16:28:00.143Z	info	app/vmalert/group.go:225	group "TestGroup" started; interval=30s; concurrency=1
2020-09-22T16:28:00.143Z	info	app/vmalert/group.go:235	group "groupGorSingleAlert": received stop signal
2020-09-22T16:28:00.143Z	info	app/vmalert/group.go:235	group "TestGroup": received stop signal
2020-09-22T16:28:00.143Z	info	app/vmalert/group.go:225	group "duplicatedGroupDiffFiles" started; interval=30s; concurrency=1
2020-09-22T16:28:00.143Z	info	app/vmalert/group.go:232	group "duplicatedGroupDiffFiles": context cancelled
2020-09-22T16:28:00.143Z	info	app/vmalert/manager.go:84	reading rules configuration file from "config/testdata/dir/rules1-good.rules"
2020-09-22T16:28:00.144Z	info	app/vmalert/manager.go:84	reading rules configuration file from "config/testdata/rules0-good.rules"
2020-09-22T16:28:00.144Z	info	app/vmalert/group.go:225	group "duplicatedGroupDiffFiles" started; interval=30s; concurrency=1
2020-09-22T16:28:00.144Z	info	app/vmalert/group.go:235	group "duplicatedGroupDiffFiles": received stop signal
2020-09-22T16:28:00.144Z	info	app/vmalert/group.go:225	group "groupGorSingleAlert" started; interval=30s; concurrency=1
2020-09-22T16:28:00.144Z	info	app/vmalert/group.go:225	group "TestGroup" started; interval=30s; concurrency=1
2020-09-22T16:28:00.144Z	info	app/vmalert/group.go:232	group "groupGorSingleAlert": context cancelled
2020-09-22T16:28:00.144Z	info	app/vmalert/group.go:232	group "TestGroup": context cancelled
2020-09-22T16:28:00.144Z	info	app/vmalert/manager.go:84	reading rules configuration file from "config/testdata/rules0-good.rules"
2020-09-22T16:28:00.145Z	info	app/vmalert/manager.go:84	reading rules configuration file from "config/testdata/dir/rules2-bad.rules"
2020-09-22T16:28:00.145Z	info	app/vmalert/group.go:225	group "groupGorSingleAlert" started; interval=30s; concurrency=1
2020-09-22T16:28:00.145Z	info	app/vmalert/group.go:225	group "TestGroup" started; interval=30s; concurrency=1
2020-09-22T16:28:00.145Z	info	app/vmalert/group.go:232	group "groupGorSingleAlert": context cancelled
2020-09-22T16:28:00.145Z	info	app/vmalert/group.go:232	group "TestGroup": context cancelled
2020-09-22T16:28:00.145Z	info	app/vmalert/manager.go:84	reading rules configuration file from "config/testdata/empty/*"
2020-09-22T16:28:00.145Z	warn	app/vmalert/config/config.go:191	no groups found in config/testdata/empty/*
2020-09-22T16:28:00.145Z	info	app/vmalert/manager.go:84	reading rules configuration file from "config/testdata/rules0-good.rules"
2020-09-22T16:28:00.146Z	info	app/vmalert/group.go:225	group "groupGorSingleAlert" started; interval=30s; concurrency=1
2020-09-22T16:28:00.146Z	info	app/vmalert/group.go:225	group "TestGroup" started; interval=30s; concurrency=1
2020-09-22T16:28:00.146Z	info	app/vmalert/group.go:232	group "groupGorSingleAlert": context cancelled
2020-09-22T16:28:00.146Z	info	app/vmalert/group.go:232	group "TestGroup": context cancelled
2020-09-22T16:28:00.147Z	warn	app/vmalert/web.go:67	remoteAddr: "127.0.0.1:63573"; error in "/api/v1/0/1/status": can't find alert with id '\x01' in group "group"
2020-09-22T16:28:00.148Z	warn	app/vmalert/web.go:67	remoteAddr: "127.0.0.1:63574"; error in "/api/v1/1/0/status": can't find group with id '\x01'
FAIL
FAIL	command-line-arguments	1.620s
FAIL
